
Current date and time: Thu May 11 02:05:18 UTC 2023
Current memory usage:
MemTotal:        7797868 kB
MemFree:         2935228 kB
MemAvailable:    5901048 kB
Buffers:          128776 kB
Cached:          2953140 kB
SwapCached:           36 kB
Active:           544492 kB
Inactive:        3740724 kB
Active(anon):      10184 kB
Inactive(anon):  1188392 kB
Active(file):     534308 kB
Inactive(file):  2552332 kB
Unevictable:           0 kB
Mlocked:               0 kB
SwapTotal:       2097152 kB
SwapFree:        2094056 kB
Dirty:            587748 kB
Writeback:             0 kB
AnonPages:       1135252 kB
Mapped:           433828 kB
Shmem:              4424 kB
KReclaimable:     178644 kB
Slab:             275272 kB
SReclaimable:     178644 kB
SUnreclaim:        96628 kB
KernelStack:       16576 kB
PageTables:        13332 kB
NFS_Unstable:          0 kB
Bounce:                0 kB
WritebackTmp:          0 kB
CommitLimit:     5996084 kB
Committed_AS:    5620716 kB
VmallocTotal:   34359738367 kB
VmallocUsed:       38592 kB
VmallocChunk:          0 kB
Percpu:             8576 kB
AnonHugePages:    415744 kB
ShmemHugePages:        0 kB
ShmemPmdMapped:        0 kB
FileHugePages:         0 kB
FilePmdMapped:         0 kB
HugePages_Total:       0
HugePages_Free:        0
HugePages_Rsvd:        0
HugePages_Surp:        0
Hugepagesize:       2048 kB
Hugetlb:               0 kB
DirectMap4k:       54272 kB
DirectMap2M:     5894144 kB
DirectMap1G:    10485760 kB

Current date and time: Thu May 11 02:06:22 UTC 2023
Current memory usage:
MemTotal:        7797868 kB
MemFree:          128252 kB
MemAvailable:    5856192 kB
Buffers:           19452 kB
Cached:          5775668 kB
SwapCached:         1648 kB
Active:           571040 kB
Inactive:        6454924 kB
Active(anon):      10288 kB
Inactive(anon):  1224712 kB
Active(file):     560752 kB
Inactive(file):  5230212 kB
Unevictable:           0 kB
Mlocked:               0 kB
SwapTotal:       2097152 kB
SwapFree:        2091484 kB
Dirty:            441940 kB
Writeback:             0 kB
AnonPages:       1154628 kB
Mapped:           356876 kB
Shmem:              4416 kB
KReclaimable:     236440 kB
Slab:             338296 kB
SReclaimable:     236440 kB
SUnreclaim:       101856 kB
KernelStack:       16608 kB
PageTables:        13320 kB
NFS_Unstable:          0 kB
Bounce:                0 kB
WritebackTmp:          0 kB
CommitLimit:     5996084 kB
Committed_AS:    5648000 kB
VmallocTotal:   34359738367 kB
VmallocUsed:       38576 kB
VmallocChunk:          0 kB
Percpu:             8576 kB
AnonHugePages:    423936 kB
ShmemHugePages:        0 kB
ShmemPmdMapped:        0 kB
FileHugePages:         0 kB
FilePmdMapped:         0 kB
HugePages_Total:       0
HugePages_Free:        0
HugePages_Rsvd:        0
HugePages_Surp:        0
Hugepagesize:       2048 kB
Hugetlb:               0 kB
DirectMap4k:       54272 kB
DirectMap2M:     5894144 kB
DirectMap1G:    10485760 kB

Current date and time: Thu May 11 02:07:20 UTC 2023
Current memory usage:
MemTotal:        7797868 kB
MemFree:          736792 kB
MemAvailable:    5817632 kB
Buffers:           15840 kB
Cached:          5163744 kB
SwapCached:        20860 kB
Active:           450104 kB
Inactive:        5998604 kB
Active(anon):      38896 kB
Inactive(anon):  1234264 kB
Active(file):     411208 kB
Inactive(file):  4764340 kB
Unevictable:           0 kB
Mlocked:               0 kB
SwapTotal:       2097152 kB
SwapFree:        2060072 kB
Dirty:            525576 kB
Writeback:             0 kB
AnonPages:       1166216 kB
Mapped:           342340 kB
Shmem:              4256 kB
KReclaimable:     204756 kB
Slab:             303220 kB
SReclaimable:     204756 kB
SUnreclaim:        98464 kB
KernelStack:       16656 kB
PageTables:        13416 kB
NFS_Unstable:          0 kB
Bounce:                0 kB
WritebackTmp:          0 kB
CommitLimit:     5996084 kB
Committed_AS:    5692592 kB
VmallocTotal:   34359738367 kB
VmallocUsed:       38720 kB
VmallocChunk:          0 kB
Percpu:             8576 kB
AnonHugePages:    430080 kB
ShmemHugePages:        0 kB
ShmemPmdMapped:        0 kB
FileHugePages:         0 kB
FilePmdMapped:         0 kB
HugePages_Total:       0
HugePages_Free:        0
HugePages_Rsvd:        0
HugePages_Surp:        0
Hugepagesize:       2048 kB
Hugetlb:               0 kB
DirectMap4k:       54272 kB
DirectMap2M:     5894144 kB
DirectMap1G:    10485760 kB

Current date and time: Thu May 11 02:08:19 UTC 2023
Current memory usage:
MemTotal:        7797868 kB
MemFree:         4333556 kB
MemAvailable:    5831600 kB
Buffers:           13328 kB
Cached:          1625576 kB
SwapCached:        10720 kB
Active:           369488 kB
Inactive:        2536848 kB
Active(anon):      55072 kB
Inactive(anon):  1216280 kB
Active(file):     314416 kB
Inactive(file):  1320568 kB
Unevictable:           0 kB
Mlocked:               0 kB
SwapTotal:       2097152 kB
SwapFree:        2030196 kB
Dirty:               140 kB
Writeback:             0 kB
AnonPages:       1170352 kB
Mapped:           276160 kB
Shmem:              3920 kB
KReclaimable:     156100 kB
Slab:             251788 kB
SReclaimable:     156100 kB
SUnreclaim:        95688 kB
KernelStack:       16672 kB
PageTables:        13464 kB
NFS_Unstable:          0 kB
Bounce:                0 kB
WritebackTmp:          0 kB
CommitLimit:     5996084 kB
Committed_AS:    5718052 kB
VmallocTotal:   34359738367 kB
VmallocUsed:       38672 kB
VmallocChunk:          0 kB
Percpu:             8576 kB
AnonHugePages:    415744 kB
ShmemHugePages:        0 kB
ShmemPmdMapped:        0 kB
FileHugePages:         0 kB
FilePmdMapped:         0 kB
HugePages_Total:       0
HugePages_Free:        0
HugePages_Rsvd:        0
HugePages_Surp:        0
Hugepagesize:       2048 kB
Hugetlb:               0 kB
DirectMap4k:       54272 kB
DirectMap2M:     5894144 kB
DirectMap1G:    10485760 kB

Current date and time: Thu May 11 02:09:21 UTC 2023
Current memory usage:
MemTotal:        7797868 kB
MemFree:         3535724 kB
MemAvailable:    5771872 kB
Buffers:           38672 kB
Cached:          2312028 kB
SwapCached:        10756 kB
Active:           426732 kB
Inactive:        3233484 kB
Active(anon):      55112 kB
Inactive(anon):  1258360 kB
Active(file):     371620 kB
Inactive(file):  1975124 kB
Unevictable:           0 kB
Mlocked:               0 kB
SwapTotal:       2097152 kB
SwapFree:        2030196 kB
Dirty:                 0 kB
Writeback:             0 kB
AnonPages:       1212200 kB
Mapped:           283220 kB
Shmem:              3924 kB
KReclaimable:     188868 kB
Slab:             284680 kB
SReclaimable:     188868 kB
SUnreclaim:        95812 kB
KernelStack:       16672 kB
PageTables:        13536 kB
NFS_Unstable:          0 kB
Bounce:                0 kB
WritebackTmp:          0 kB
CommitLimit:     5996084 kB
Committed_AS:    5753644 kB
VmallocTotal:   34359738367 kB
VmallocUsed:       38704 kB
VmallocChunk:          0 kB
Percpu:             8576 kB
AnonHugePages:    460800 kB
ShmemHugePages:        0 kB
ShmemPmdMapped:        0 kB
FileHugePages:         0 kB
FilePmdMapped:         0 kB
HugePages_Total:       0
HugePages_Free:        0
HugePages_Rsvd:        0
HugePages_Surp:        0
Hugepagesize:       2048 kB
Hugetlb:               0 kB
DirectMap4k:       54272 kB
DirectMap2M:     5894144 kB
DirectMap1G:    10485760 kB

Current date and time: Thu May 11 02:10:20 UTC 2023
Current memory usage:
MemTotal:        7797868 kB
MemFree:         3517512 kB
MemAvailable:    5756488 kB
Buffers:           38712 kB
Cached:          2314788 kB
SwapCached:        10756 kB
Active:           429156 kB
Inactive:        3245144 kB
Active(anon):      55116 kB
Inactive(anon):  1269612 kB
Active(file):     374040 kB
Inactive(file):  1975532 kB
Unevictable:           0 kB
Mlocked:               0 kB
SwapTotal:       2097152 kB
SwapFree:        2030196 kB
Dirty:                 0 kB
Writeback:             0 kB
AnonPages:       1222084 kB
Mapped:           284576 kB
Shmem:              3928 kB
KReclaimable:     188868 kB
Slab:             284680 kB
SReclaimable:     188868 kB
SUnreclaim:        95812 kB
KernelStack:       16576 kB
PageTables:        13524 kB
NFS_Unstable:          0 kB
Bounce:                0 kB
WritebackTmp:          0 kB
CommitLimit:     5996084 kB
Committed_AS:    5753648 kB
VmallocTotal:   34359738367 kB
VmallocUsed:       38624 kB
VmallocChunk:          0 kB
Percpu:             8576 kB
AnonHugePages:    468992 kB
ShmemHugePages:        0 kB
ShmemPmdMapped:        0 kB
FileHugePages:         0 kB
FilePmdMapped:         0 kB
HugePages_Total:       0
HugePages_Free:        0
HugePages_Rsvd:        0
HugePages_Surp:        0
Hugepagesize:       2048 kB
Hugetlb:               0 kB
DirectMap4k:       54272 kB
DirectMap2M:     5894144 kB
DirectMap1G:    10485760 kB

Current date and time: Thu May 11 02:11:20 UTC 2023
Current memory usage:
MemTotal:        7797868 kB
MemFree:         3493228 kB
MemAvailable:    5740800 kB
Buffers:           38720 kB
Cached:          2323380 kB
SwapCached:        10756 kB
Active:           429684 kB
Inactive:        3268164 kB
Active(anon):      55120 kB
Inactive(anon):  1284560 kB
Active(file):     374564 kB
Inactive(file):  1983604 kB
Unevictable:           0 kB
Mlocked:               0 kB
SwapTotal:       2097152 kB
SwapFree:        2030196 kB
Dirty:                 0 kB
Writeback:             0 kB
AnonPages:       1230004 kB
Mapped:           289200 kB
Shmem:              3932 kB
KReclaimable:     188868 kB
Slab:             284660 kB
SReclaimable:     188868 kB
SUnreclaim:        95792 kB
KernelStack:       16592 kB
PageTables:        13528 kB
NFS_Unstable:          0 kB
Bounce:                0 kB
WritebackTmp:          0 kB
CommitLimit:     5996084 kB
Committed_AS:    5753652 kB
VmallocTotal:   34359738367 kB
VmallocUsed:       38640 kB
VmallocChunk:          0 kB
Percpu:             8576 kB
AnonHugePages:    477184 kB
ShmemHugePages:        0 kB
ShmemPmdMapped:        0 kB
FileHugePages:         0 kB
FilePmdMapped:         0 kB
HugePages_Total:       0
HugePages_Free:        0
HugePages_Rsvd:        0
HugePages_Surp:        0
Hugepagesize:       2048 kB
Hugetlb:               0 kB
DirectMap4k:       54272 kB
DirectMap2M:     5894144 kB
DirectMap1G:    10485760 kB

Current date and time: Thu May 11 02:12:21 UTC 2023
Current memory usage:
MemTotal:        7797868 kB
MemFree:         3481924 kB
MemAvailable:    5730000 kB
Buffers:           38728 kB
Cached:          2323880 kB
SwapCached:        10756 kB
Active:           429708 kB
Inactive:        3283772 kB
Active(anon):      55124 kB
Inactive(anon):  1299684 kB
Active(file):     374584 kB
Inactive(file):  1984088 kB
Unevictable:           0 kB
Mlocked:               0 kB
SwapTotal:       2097152 kB
SwapFree:        2030196 kB
Dirty:                 0 kB
Writeback:             0 kB
AnonPages:       1237520 kB
Mapped:           289084 kB
Shmem:              3936 kB
KReclaimable:     188868 kB
Slab:             284656 kB
SReclaimable:     188868 kB
SUnreclaim:        95788 kB
KernelStack:       16592 kB
PageTables:        13528 kB
NFS_Unstable:          0 kB
Bounce:                0 kB
WritebackTmp:          0 kB
CommitLimit:     5996084 kB
Committed_AS:    5753656 kB
VmallocTotal:   34359738367 kB
VmallocUsed:       38608 kB
VmallocChunk:          0 kB
Percpu:             8576 kB
AnonHugePages:    479232 kB
ShmemHugePages:        0 kB
ShmemPmdMapped:        0 kB
FileHugePages:         0 kB
FilePmdMapped:         0 kB
HugePages_Total:       0
HugePages_Free:        0
HugePages_Rsvd:        0
HugePages_Surp:        0
Hugepagesize:       2048 kB
Hugetlb:               0 kB
DirectMap4k:       54272 kB
DirectMap2M:     5894144 kB
DirectMap1G:    10485760 kB

Current date and time: Thu May 11 02:13:22 UTC 2023
Current memory usage:
MemTotal:        7797868 kB
MemFree:         3474416 kB
MemAvailable:    5722568 kB
Buffers:           38736 kB
Cached:          2324000 kB
SwapCached:        10756 kB
Active:           429708 kB
Inactive:        3289680 kB
Active(anon):      55128 kB
Inactive(anon):  1305512 kB
Active(file):     374580 kB
Inactive(file):  1984168 kB
Unevictable:           0 kB
Mlocked:               0 kB
SwapTotal:       2097152 kB
SwapFree:        2030196 kB
Dirty:                 0 kB
Writeback:             0 kB
AnonPages:       1243148 kB
Mapped:           289092 kB
Shmem:              3940 kB
KReclaimable:     188868 kB
Slab:             284644 kB
SReclaimable:     188868 kB
SUnreclaim:        95776 kB
KernelStack:       16608 kB
PageTables:        13540 kB
NFS_Unstable:          0 kB
Bounce:                0 kB
WritebackTmp:          0 kB
CommitLimit:     5996084 kB
Committed_AS:    5753660 kB
VmallocTotal:   34359738367 kB
VmallocUsed:       38640 kB
VmallocChunk:          0 kB
Percpu:             8576 kB
AnonHugePages:    485376 kB
ShmemHugePages:        0 kB
ShmemPmdMapped:        0 kB
FileHugePages:         0 kB
FilePmdMapped:         0 kB
HugePages_Total:       0
HugePages_Free:        0
HugePages_Rsvd:        0
HugePages_Surp:        0
Hugepagesize:       2048 kB
Hugetlb:               0 kB
DirectMap4k:       54272 kB
DirectMap2M:     5894144 kB
DirectMap1G:    10485760 kB

Current date and time: Thu May 11 02:14:22 UTC 2023
Current memory usage:
MemTotal:        7797868 kB
MemFree:         3460808 kB
MemAvailable:    5709680 kB
Buffers:           38744 kB
Cached:          2324668 kB
SwapCached:        10756 kB
Active:           429792 kB
Inactive:        3295932 kB
Active(anon):      55132 kB
Inactive(anon):  1311124 kB
Active(file):     374660 kB
Inactive(file):  1984808 kB
Unevictable:           0 kB
Mlocked:               0 kB
SwapTotal:       2097152 kB
SwapFree:        2030196 kB
Dirty:                 0 kB
Writeback:             0 kB
AnonPages:       1231668 kB
Mapped:           289608 kB
Shmem:              3944 kB
KReclaimable:     188868 kB
Slab:             284660 kB
SReclaimable:     188868 kB
SUnreclaim:        95792 kB
KernelStack:       16608 kB
PageTables:        13532 kB
NFS_Unstable:          0 kB
Bounce:                0 kB
WritebackTmp:          0 kB
CommitLimit:     5996084 kB
Committed_AS:    5753664 kB
VmallocTotal:   34359738367 kB
VmallocUsed:       38624 kB
VmallocChunk:          0 kB
Percpu:             8576 kB
AnonHugePages:    462848 kB
ShmemHugePages:        0 kB
ShmemPmdMapped:        0 kB
FileHugePages:         0 kB
FilePmdMapped:         0 kB
HugePages_Total:       0
HugePages_Free:        0
HugePages_Rsvd:        0
HugePages_Surp:        0
Hugepagesize:       2048 kB
Hugetlb:               0 kB
DirectMap4k:       54272 kB
DirectMap2M:     5894144 kB
DirectMap1G:    10485760 kB

Current date and time: Thu May 11 02:15:22 UTC 2023
Current memory usage:
MemTotal:        7797868 kB
MemFree:         3455128 kB
MemAvailable:    5704152 kB
Buffers:           38752 kB
Cached:          2324800 kB
SwapCached:        10756 kB
Active:           429600 kB
Inactive:        3300588 kB
Active(anon):      54928 kB
Inactive(anon):  1315656 kB
Active(file):     374672 kB
Inactive(file):  1984932 kB
Unevictable:           0 kB
Mlocked:               0 kB
SwapTotal:       2097152 kB
SwapFree:        2030196 kB
Dirty:                 0 kB
Writeback:             0 kB
AnonPages:       1235720 kB
Mapped:           289404 kB
Shmem:              3948 kB
KReclaimable:     188884 kB
Slab:             284676 kB
SReclaimable:     188884 kB
SUnreclaim:        95792 kB
KernelStack:       16608 kB
PageTables:        13536 kB
NFS_Unstable:          0 kB
Bounce:                0 kB
WritebackTmp:          0 kB
CommitLimit:     5996084 kB
Committed_AS:    5753668 kB
VmallocTotal:   34359738367 kB
VmallocUsed:       38656 kB
VmallocChunk:          0 kB
Percpu:             8576 kB
AnonHugePages:    481280 kB
ShmemHugePages:        0 kB
ShmemPmdMapped:        0 kB
FileHugePages:         0 kB
FilePmdMapped:         0 kB
HugePages_Total:       0
HugePages_Free:        0
HugePages_Rsvd:        0
HugePages_Surp:        0
Hugepagesize:       2048 kB
Hugetlb:               0 kB
DirectMap4k:       54272 kB
DirectMap2M:     5894144 kB
DirectMap1G:    10485760 kB

Current date and time: Thu May 11 02:16:21 UTC 2023
Current memory usage:
MemTotal:        7797868 kB
MemFree:         3441824 kB
MemAvailable:    5690984 kB
Buffers:           38760 kB
Cached:          2324932 kB
SwapCached:        10756 kB
Active:           429720 kB
Inactive:        3313196 kB
Active(anon):      54936 kB
Inactive(anon):  1328240 kB
Active(file):     374784 kB
Inactive(file):  1984956 kB
Unevictable:           0 kB
Mlocked:               0 kB
SwapTotal:       2097152 kB
SwapFree:        2030196 kB
Dirty:                 0 kB
Writeback:             0 kB
AnonPages:       1247680 kB
Mapped:           289788 kB
Shmem:              3952 kB
KReclaimable:     188884 kB
Slab:             284684 kB
SReclaimable:     188884 kB
SUnreclaim:        95800 kB
KernelStack:       16608 kB
PageTables:        13528 kB
NFS_Unstable:          0 kB
Bounce:                0 kB
WritebackTmp:          0 kB
CommitLimit:     5996084 kB
Committed_AS:    5753672 kB
VmallocTotal:   34359738367 kB
VmallocUsed:       38656 kB
VmallocChunk:          0 kB
Percpu:             8576 kB
AnonHugePages:    495616 kB
ShmemHugePages:        0 kB
ShmemPmdMapped:        0 kB
FileHugePages:         0 kB
FilePmdMapped:         0 kB
HugePages_Total:       0
HugePages_Free:        0
HugePages_Rsvd:        0
HugePages_Surp:        0
Hugepagesize:       2048 kB
Hugetlb:               0 kB
DirectMap4k:       54272 kB
DirectMap2M:     5894144 kB
DirectMap1G:    10485760 kB

Current date and time: Thu May 11 02:17:20 UTC 2023
Current memory usage:
MemTotal:        7797868 kB
MemFree:         3434156 kB
MemAvailable:    5683368 kB
Buffers:           38776 kB
Cached:          2324972 kB
SwapCached:        10756 kB
Active:           429752 kB
Inactive:        3325552 kB
Active(anon):      54936 kB
Inactive(anon):  1340576 kB
Active(file):     374816 kB
Inactive(file):  1984976 kB
Unevictable:           0 kB
Mlocked:               0 kB
SwapTotal:       2097152 kB
SwapFree:        2030196 kB
Dirty:                 0 kB
Writeback:             0 kB
AnonPages:       1259760 kB
Mapped:           289684 kB
Shmem:              3956 kB
KReclaimable:     188884 kB
Slab:             284680 kB
SReclaimable:     188884 kB
SUnreclaim:        95796 kB
KernelStack:       16640 kB
PageTables:        13536 kB
NFS_Unstable:          0 kB
Bounce:                0 kB
WritebackTmp:          0 kB
CommitLimit:     5996084 kB
Committed_AS:    5753828 kB
VmallocTotal:   34359738367 kB
VmallocUsed:       38640 kB
VmallocChunk:          0 kB
Percpu:             8576 kB
AnonHugePages:    507904 kB
ShmemHugePages:        0 kB
ShmemPmdMapped:        0 kB
FileHugePages:         0 kB
FilePmdMapped:         0 kB
HugePages_Total:       0
HugePages_Free:        0
HugePages_Rsvd:        0
HugePages_Surp:        0
Hugepagesize:       2048 kB
Hugetlb:               0 kB
DirectMap4k:       54272 kB
DirectMap2M:     5894144 kB
DirectMap1G:    10485760 kB

Current date and time: Thu May 11 02:18:21 UTC 2023
Current memory usage:
MemTotal:        7797868 kB
MemFree:         3418960 kB
MemAvailable:    5668300 kB
Buffers:           38784 kB
Cached:          2325104 kB
SwapCached:        10756 kB
Active:           429764 kB
Inactive:        3337908 kB
Active(anon):      54940 kB
Inactive(anon):  1352812 kB
Active(file):     374824 kB
Inactive(file):  1985096 kB
Unevictable:           0 kB
Mlocked:               0 kB
SwapTotal:       2097152 kB
SwapFree:        2030196 kB
Dirty:                 0 kB
Writeback:             0 kB
AnonPages:       1271740 kB
Mapped:           289680 kB
Shmem:              3960 kB
KReclaimable:     188884 kB
Slab:             284680 kB
SReclaimable:     188884 kB
SUnreclaim:        95796 kB
KernelStack:       16656 kB
PageTables:        13536 kB
NFS_Unstable:          0 kB
Bounce:                0 kB
WritebackTmp:          0 kB
CommitLimit:     5996084 kB
Committed_AS:    5753832 kB
VmallocTotal:   34359738367 kB
VmallocUsed:       38672 kB
VmallocChunk:          0 kB
Percpu:             8576 kB
AnonHugePages:    520192 kB
ShmemHugePages:        0 kB
ShmemPmdMapped:        0 kB
FileHugePages:         0 kB
FilePmdMapped:         0 kB
HugePages_Total:       0
HugePages_Free:        0
HugePages_Rsvd:        0
HugePages_Surp:        0
Hugepagesize:       2048 kB
Hugetlb:               0 kB
DirectMap4k:       54272 kB
DirectMap2M:     5894144 kB
DirectMap1G:    10485760 kB

Current date and time: Thu May 11 02:19:21 UTC 2023
Current memory usage:
MemTotal:        7797868 kB
MemFree:         3410476 kB
MemAvailable:    5659948 kB
Buffers:           38792 kB
Cached:          2325224 kB
SwapCached:        10756 kB
Active:           429764 kB
Inactive:        3345632 kB
Active(anon):      54932 kB
Inactive(anon):  1360412 kB
Active(file):     374832 kB
Inactive(file):  1985220 kB
Unevictable:           0 kB
Mlocked:               0 kB
SwapTotal:       2097152 kB
SwapFree:        2030196 kB
Dirty:                 0 kB
Writeback:             0 kB
AnonPages:       1279192 kB
Mapped:           289768 kB
Shmem:              3964 kB
KReclaimable:     188884 kB
Slab:             284672 kB
SReclaimable:     188884 kB
SUnreclaim:        95788 kB
KernelStack:       16672 kB
PageTables:        13536 kB
NFS_Unstable:          0 kB
Bounce:                0 kB
WritebackTmp:          0 kB
CommitLimit:     5996084 kB
Committed_AS:    5753836 kB
VmallocTotal:   34359738367 kB
VmallocUsed:       38704 kB
VmallocChunk:          0 kB
Percpu:             8576 kB
AnonHugePages:    528384 kB
ShmemHugePages:        0 kB
ShmemPmdMapped:        0 kB
FileHugePages:         0 kB
FilePmdMapped:         0 kB
HugePages_Total:       0
HugePages_Free:        0
HugePages_Rsvd:        0
HugePages_Surp:        0
Hugepagesize:       2048 kB
Hugetlb:               0 kB
DirectMap4k:       54272 kB
DirectMap2M:     5894144 kB
DirectMap1G:    10485760 kB

Current date and time: Thu May 11 02:20:20 UTC 2023
Current memory usage:
MemTotal:        7797868 kB
MemFree:         3403288 kB
MemAvailable:    5653260 kB
Buffers:           38800 kB
Cached:          2325720 kB
SwapCached:        10756 kB
Active:           429776 kB
Inactive:        3359324 kB
Active(anon):      54936 kB
Inactive(anon):  1373612 kB
Active(file):     374840 kB
Inactive(file):  1985712 kB
Unevictable:           0 kB
Mlocked:               0 kB
SwapTotal:       2097152 kB
SwapFree:        2030196 kB
Dirty:                 0 kB
Writeback:             0 kB
AnonPages:       1292212 kB
Mapped:           289800 kB
Shmem:              3968 kB
KReclaimable:     188884 kB
Slab:             284720 kB
SReclaimable:     188884 kB
SUnreclaim:        95836 kB
KernelStack:       16672 kB
PageTables:        13532 kB
NFS_Unstable:          0 kB
Bounce:                0 kB
WritebackTmp:          0 kB
CommitLimit:     5996084 kB
Committed_AS:    5753840 kB
VmallocTotal:   34359738367 kB
VmallocUsed:       38704 kB
VmallocChunk:          0 kB
Percpu:             8576 kB
AnonHugePages:    542720 kB
ShmemHugePages:        0 kB
ShmemPmdMapped:        0 kB
FileHugePages:         0 kB
FilePmdMapped:         0 kB
HugePages_Total:       0
HugePages_Free:        0
HugePages_Rsvd:        0
HugePages_Surp:        0
Hugepagesize:       2048 kB
Hugetlb:               0 kB
DirectMap4k:       54272 kB
DirectMap2M:     5894144 kB
DirectMap1G:    10485760 kB

Current date and time: Thu May 11 02:21:20 UTC 2023
Current memory usage:
MemTotal:        7797868 kB
MemFree:         3396240 kB
MemAvailable:    5646220 kB
Buffers:           38808 kB
Cached:          2325724 kB
SwapCached:        10756 kB
Active:           429788 kB
Inactive:        3365240 kB
Active(anon):      54940 kB
Inactive(anon):  1379528 kB
Active(file):     374848 kB
Inactive(file):  1985712 kB
Unevictable:           0 kB
Mlocked:               0 kB
SwapTotal:       2097152 kB
SwapFree:        2030196 kB
Dirty:                 0 kB
Writeback:             0 kB
AnonPages:       1298168 kB
Mapped:           290100 kB
Shmem:              3972 kB
KReclaimable:     188884 kB
Slab:             284708 kB
SReclaimable:     188884 kB
SUnreclaim:        95824 kB
KernelStack:       16672 kB
PageTables:        13536 kB
NFS_Unstable:          0 kB
Bounce:                0 kB
WritebackTmp:          0 kB
CommitLimit:     5996084 kB
Committed_AS:    5753844 kB
VmallocTotal:   34359738367 kB
VmallocUsed:       38704 kB
VmallocChunk:          0 kB
Percpu:             8576 kB
AnonHugePages:    548864 kB
ShmemHugePages:        0 kB
ShmemPmdMapped:        0 kB
FileHugePages:         0 kB
FilePmdMapped:         0 kB
HugePages_Total:       0
HugePages_Free:        0
HugePages_Rsvd:        0
HugePages_Surp:        0
Hugepagesize:       2048 kB
Hugetlb:               0 kB
DirectMap4k:       54272 kB
DirectMap2M:     5894144 kB
DirectMap1G:    10485760 kB

Current date and time: Thu May 11 02:22:20 UTC 2023
Current memory usage:
MemTotal:        7797868 kB
MemFree:         3386780 kB
MemAvailable:    5637364 kB
Buffers:           38816 kB
Cached:          2326324 kB
SwapCached:        10756 kB
Active:           429800 kB
Inactive:        3374444 kB
Active(anon):      54944 kB
Inactive(anon):  1388136 kB
Active(file):     374856 kB
Inactive(file):  1986308 kB
Unevictable:           0 kB
Mlocked:               0 kB
SwapTotal:       2097152 kB
SwapFree:        2030196 kB
Dirty:                 0 kB
Writeback:             0 kB
AnonPages:       1306380 kB
Mapped:           290120 kB
Shmem:              3976 kB
KReclaimable:     188884 kB
Slab:             284716 kB
SReclaimable:     188884 kB
SUnreclaim:        95832 kB
KernelStack:       16672 kB
PageTables:        13536 kB
NFS_Unstable:          0 kB
Bounce:                0 kB
WritebackTmp:          0 kB
CommitLimit:     5996084 kB
Committed_AS:    5753848 kB
VmallocTotal:   34359738367 kB
VmallocUsed:       38640 kB
VmallocChunk:          0 kB
Percpu:             8576 kB
AnonHugePages:    557056 kB
ShmemHugePages:        0 kB
ShmemPmdMapped:        0 kB
FileHugePages:         0 kB
FilePmdMapped:         0 kB
HugePages_Total:       0
HugePages_Free:        0
HugePages_Rsvd:        0
HugePages_Surp:        0
Hugepagesize:       2048 kB
Hugetlb:               0 kB
DirectMap4k:       54272 kB
DirectMap2M:     5894144 kB
DirectMap1G:    10485760 kB

Current date and time: Thu May 11 02:23:21 UTC 2023
Current memory usage:
MemTotal:        7797868 kB
MemFree:         3384936 kB
MemAvailable:    5635528 kB
Buffers:           38824 kB
Cached:          2326324 kB
SwapCached:        10756 kB
Active:           429812 kB
Inactive:        3381404 kB
Active(anon):      54948 kB
Inactive(anon):  1395096 kB
Active(file):     374864 kB
Inactive(file):  1986308 kB
Unevictable:           0 kB
Mlocked:               0 kB
SwapTotal:       2097152 kB
SwapFree:        2030196 kB
Dirty:                 0 kB
Writeback:             0 kB
AnonPages:       1313372 kB
Mapped:           290144 kB
Shmem:              3976 kB
KReclaimable:     188884 kB
Slab:             284716 kB
SReclaimable:     188884 kB
SUnreclaim:        95832 kB
KernelStack:       16672 kB
PageTables:        13536 kB
NFS_Unstable:          0 kB
Bounce:                0 kB
WritebackTmp:          0 kB
CommitLimit:     5996084 kB
Committed_AS:    5753848 kB
VmallocTotal:   34359738367 kB
VmallocUsed:       38656 kB
VmallocChunk:          0 kB
Percpu:             8576 kB
AnonHugePages:    565248 kB
ShmemHugePages:        0 kB
ShmemPmdMapped:        0 kB
FileHugePages:         0 kB
FilePmdMapped:         0 kB
HugePages_Total:       0
HugePages_Free:        0
HugePages_Rsvd:        0
HugePages_Surp:        0
Hugepagesize:       2048 kB
Hugetlb:               0 kB
DirectMap4k:       54272 kB
DirectMap2M:     5894144 kB
DirectMap1G:    10485760 kB

Current date and time: Thu May 11 02:24:20 UTC 2023
Current memory usage:
MemTotal:        7797868 kB
MemFree:         3375456 kB
MemAvailable:    5626052 kB
Buffers:           38840 kB
Cached:          2326332 kB
SwapCached:        10756 kB
Active:           429844 kB
Inactive:        3392844 kB
Active(anon):      54952 kB
Inactive(anon):  1406544 kB
Active(file):     374892 kB
Inactive(file):  1986300 kB
Unevictable:           0 kB
Mlocked:               0 kB
SwapTotal:       2097152 kB
SwapFree:        2030196 kB
Dirty:                 0 kB
Writeback:             0 kB
AnonPages:       1324332 kB
Mapped:           290196 kB
Shmem:              3980 kB
KReclaimable:     188868 kB
Slab:             284720 kB
SReclaimable:     188868 kB
SUnreclaim:        95852 kB
KernelStack:       16656 kB
PageTables:        13536 kB
NFS_Unstable:          0 kB
Bounce:                0 kB
WritebackTmp:          0 kB
CommitLimit:     5996084 kB
Committed_AS:    5753852 kB
VmallocTotal:   34359738367 kB
VmallocUsed:       38672 kB
VmallocChunk:          0 kB
Percpu:             8576 kB
AnonHugePages:    577536 kB
ShmemHugePages:        0 kB
ShmemPmdMapped:        0 kB
FileHugePages:         0 kB
FilePmdMapped:         0 kB
HugePages_Total:       0
HugePages_Free:        0
HugePages_Rsvd:        0
HugePages_Surp:        0
Hugepagesize:       2048 kB
Hugetlb:               0 kB
DirectMap4k:       54272 kB
DirectMap2M:     5894144 kB
DirectMap1G:    10485760 kB

Current date and time: Thu May 11 02:25:23 UTC 2023
Current memory usage:
MemTotal:        7797868 kB
MemFree:         3362144 kB
MemAvailable:    5613384 kB
Buffers:           38848 kB
Cached:          2326972 kB
SwapCached:        10756 kB
Active:           430008 kB
Inactive:        3401064 kB
Active(anon):      54956 kB
Inactive(anon):  1414280 kB
Active(file):     375052 kB
Inactive(file):  1986784 kB
Unevictable:           0 kB
Mlocked:               0 kB
SwapTotal:       2097152 kB
SwapFree:        2030196 kB
Dirty:                 0 kB
Writeback:             0 kB
AnonPages:       1331728 kB
Mapped:           290136 kB
Shmem:              3984 kB
KReclaimable:     188868 kB
Slab:             284708 kB
SReclaimable:     188868 kB
SUnreclaim:        95840 kB
KernelStack:       16688 kB
PageTables:        13528 kB
NFS_Unstable:          0 kB
Bounce:                0 kB
WritebackTmp:          0 kB
CommitLimit:     5996084 kB
Committed_AS:    5753856 kB
VmallocTotal:   34359738367 kB
VmallocUsed:       38720 kB
VmallocChunk:          0 kB
Percpu:             8576 kB
AnonHugePages:    585728 kB
ShmemHugePages:        0 kB
ShmemPmdMapped:        0 kB
FileHugePages:         0 kB
FilePmdMapped:         0 kB
HugePages_Total:       0
HugePages_Free:        0
HugePages_Rsvd:        0
HugePages_Surp:        0
Hugepagesize:       2048 kB
Hugetlb:               0 kB
DirectMap4k:       54272 kB
DirectMap2M:     5894144 kB
DirectMap1G:    10485760 kB

Current date and time: Thu May 11 02:26:21 UTC 2023
Current memory usage:
MemTotal:        7797868 kB
MemFree:         3349472 kB
MemAvailable:    5600720 kB
Buffers:           38856 kB
Cached:          2326976 kB
SwapCached:        10756 kB
Active:           430020 kB
Inactive:        3414988 kB
Active(anon):      54960 kB
Inactive(anon):  1428204 kB
Active(file):     375060 kB
Inactive(file):  1986784 kB
Unevictable:           0 kB
Mlocked:               0 kB
SwapTotal:       2097152 kB
SwapFree:        2030196 kB
Dirty:                 0 kB
Writeback:             0 kB
AnonPages:       1345644 kB
Mapped:           290296 kB
Shmem:              3988 kB
KReclaimable:     188868 kB
Slab:             284708 kB
SReclaimable:     188868 kB
SUnreclaim:        95840 kB
KernelStack:       16704 kB
PageTables:        13540 kB
NFS_Unstable:          0 kB
Bounce:                0 kB
WritebackTmp:          0 kB
CommitLimit:     5996084 kB
Committed_AS:    5753860 kB
VmallocTotal:   34359738367 kB
VmallocUsed:       38672 kB
VmallocChunk:          0 kB
Percpu:             8576 kB
AnonHugePages:    600064 kB
ShmemHugePages:        0 kB
ShmemPmdMapped:        0 kB
FileHugePages:         0 kB
FilePmdMapped:         0 kB
HugePages_Total:       0
HugePages_Free:        0
HugePages_Rsvd:        0
HugePages_Surp:        0
Hugepagesize:       2048 kB
Hugetlb:               0 kB
DirectMap4k:       54272 kB
DirectMap2M:     5894144 kB
DirectMap1G:    10485760 kB

Current date and time: Thu May 11 02:27:20 UTC 2023
Current memory usage:
MemTotal:        7797868 kB
MemFree:         3335088 kB
MemAvailable:    5586344 kB
Buffers:           38864 kB
Cached:          2326980 kB
SwapCached:        10756 kB
Active:           430032 kB
Inactive:        3428228 kB
Active(anon):      54964 kB
Inactive(anon):  1441444 kB
Active(file):     375068 kB
Inactive(file):  1986784 kB
Unevictable:           0 kB
Mlocked:               0 kB
SwapTotal:       2097152 kB
SwapFree:        2030196 kB
Dirty:                 0 kB
Writeback:             0 kB
AnonPages:       1358584 kB
Mapped:           290400 kB
Shmem:              3992 kB
KReclaimable:     188868 kB
Slab:             284712 kB
SReclaimable:     188868 kB
SUnreclaim:        95844 kB
KernelStack:       16704 kB
PageTables:        13532 kB
NFS_Unstable:          0 kB
Bounce:                0 kB
WritebackTmp:          0 kB
CommitLimit:     5996084 kB
Committed_AS:    5753864 kB
VmallocTotal:   34359738367 kB
VmallocUsed:       38704 kB
VmallocChunk:          0 kB
Percpu:             8576 kB
AnonHugePages:    614400 kB
ShmemHugePages:        0 kB
ShmemPmdMapped:        0 kB
FileHugePages:         0 kB
FilePmdMapped:         0 kB
HugePages_Total:       0
HugePages_Free:        0
HugePages_Rsvd:        0
HugePages_Surp:        0
Hugepagesize:       2048 kB
Hugetlb:               0 kB
DirectMap4k:       54272 kB
DirectMap2M:     5894144 kB
DirectMap1G:    10485760 kB

Current date and time: Thu May 11 02:28:21 UTC 2023
Current memory usage:
MemTotal:        7797868 kB
MemFree:         3323776 kB
MemAvailable:    5575188 kB
Buffers:           38872 kB
Cached:          2327116 kB
SwapCached:        10756 kB
Active:           430056 kB
Inactive:        3438200 kB
Active(anon):      54972 kB
Inactive(anon):  1451292 kB
Active(file):     375084 kB
Inactive(file):  1986908 kB
Unevictable:           0 kB
Mlocked:               0 kB
SwapTotal:       2097152 kB
SwapFree:        2030196 kB
Dirty:                 0 kB
Writeback:             0 kB
AnonPages:       1368356 kB
Mapped:           290448 kB
Shmem:              3996 kB
KReclaimable:     188884 kB
Slab:             284744 kB
SReclaimable:     188884 kB
SUnreclaim:        95860 kB
KernelStack:       16736 kB
PageTables:        13592 kB
NFS_Unstable:          0 kB
Bounce:                0 kB
WritebackTmp:          0 kB
CommitLimit:     5996084 kB
Committed_AS:    5753868 kB
VmallocTotal:   34359738367 kB
VmallocUsed:       38752 kB
VmallocChunk:          0 kB
Percpu:             8576 kB
AnonHugePages:    624640 kB
ShmemHugePages:        0 kB
ShmemPmdMapped:        0 kB
FileHugePages:         0 kB
FilePmdMapped:         0 kB
HugePages_Total:       0
HugePages_Free:        0
HugePages_Rsvd:        0
HugePages_Surp:        0
Hugepagesize:       2048 kB
Hugetlb:               0 kB
DirectMap4k:       54272 kB
DirectMap2M:     5894144 kB
DirectMap1G:    10485760 kB

Current date and time: Thu May 11 02:29:20 UTC 2023
Current memory usage:
MemTotal:        7797868 kB
MemFree:         3311552 kB
MemAvailable:    5562972 kB
Buffers:           38880 kB
Cached:          2327120 kB
SwapCached:        10756 kB
Active:           430064 kB
Inactive:        3448204 kB
Active(anon):      54972 kB
Inactive(anon):  1461296 kB
Active(file):     375092 kB
Inactive(file):  1986908 kB
Unevictable:           0 kB
Mlocked:               0 kB
SwapTotal:       2097152 kB
SwapFree:        2030196 kB
Dirty:                 0 kB
Writeback:             0 kB
AnonPages:       1378084 kB
Mapped:           290440 kB
Shmem:              4000 kB
KReclaimable:     188884 kB
Slab:             284760 kB
SReclaimable:     188884 kB
SUnreclaim:        95876 kB
KernelStack:       16704 kB
PageTables:        13532 kB
NFS_Unstable:          0 kB
Bounce:                0 kB
WritebackTmp:          0 kB
CommitLimit:     5996084 kB
Committed_AS:    5753872 kB
VmallocTotal:   34359738367 kB
VmallocUsed:       38704 kB
VmallocChunk:          0 kB
Percpu:             8576 kB
AnonHugePages:    634880 kB
ShmemHugePages:        0 kB
ShmemPmdMapped:        0 kB
FileHugePages:         0 kB
FilePmdMapped:         0 kB
HugePages_Total:       0
HugePages_Free:        0
HugePages_Rsvd:        0
HugePages_Surp:        0
Hugepagesize:       2048 kB
Hugetlb:               0 kB
DirectMap4k:       54272 kB
DirectMap2M:     5894144 kB
DirectMap1G:    10485760 kB

Current date and time: Thu May 11 02:30:08 UTC 2023
Current memory usage:
MemTotal:        7797868 kB
MemFree:         3303024 kB
MemAvailable:    5554580 kB
Buffers:           38888 kB
Cached:          2327220 kB
SwapCached:        10756 kB
Active:           430076 kB
Inactive:        3456916 kB
Active(anon):      54976 kB
Inactive(anon):  1469912 kB
Active(file):     375100 kB
Inactive(file):  1987004 kB
Unevictable:           0 kB
Mlocked:               0 kB
SwapTotal:       2097152 kB
SwapFree:        2030196 kB
Dirty:                 0 kB
Writeback:             0 kB
AnonPages:       1386624 kB
Mapped:           290484 kB
Shmem:              4004 kB
KReclaimable:     188916 kB
Slab:             284756 kB
SReclaimable:     188916 kB
SUnreclaim:        95840 kB
KernelStack:       16704 kB
PageTables:        13916 kB
NFS_Unstable:          0 kB
Bounce:                0 kB
WritebackTmp:          0 kB
CommitLimit:     5996084 kB
Committed_AS:    5753876 kB
VmallocTotal:   34359738367 kB
VmallocUsed:       38720 kB
VmallocChunk:          0 kB
Percpu:             8576 kB
AnonHugePages:    645120 kB
ShmemHugePages:        0 kB
ShmemPmdMapped:        0 kB
FileHugePages:         0 kB
FilePmdMapped:         0 kB
HugePages_Total:       0
HugePages_Free:        0
HugePages_Rsvd:        0
HugePages_Surp:        0
Hugepagesize:       2048 kB
Hugetlb:               0 kB
DirectMap4k:       54272 kB
DirectMap2M:     5894144 kB
DirectMap1G:    10485760 kB

Current date and time: Thu May 11 02:31:09 UTC 2023
Current memory usage:
MemTotal:        7797868 kB
MemFree:         3299316 kB
MemAvailable:    5550880 kB
Buffers:           38896 kB
Cached:          2327224 kB
SwapCached:        10756 kB
Active:           430088 kB
Inactive:        3461064 kB
Active(anon):      54980 kB
Inactive(anon):  1474060 kB
Active(file):     375108 kB
Inactive(file):  1987004 kB
Unevictable:           0 kB
Mlocked:               0 kB
SwapTotal:       2097152 kB
SwapFree:        2030196 kB
Dirty:                 0 kB
Writeback:             0 kB
AnonPages:       1390964 kB
Mapped:           290168 kB
Shmem:              4008 kB
KReclaimable:     188916 kB
Slab:             284768 kB
SReclaimable:     188916 kB
SUnreclaim:        95852 kB
KernelStack:       16720 kB
PageTables:        13728 kB
NFS_Unstable:          0 kB
Bounce:                0 kB
WritebackTmp:          0 kB
CommitLimit:     5996084 kB
Committed_AS:    5753880 kB
VmallocTotal:   34359738367 kB
VmallocUsed:       38720 kB
VmallocChunk:          0 kB
Percpu:             8576 kB
AnonHugePages:    649216 kB
ShmemHugePages:        0 kB
ShmemPmdMapped:        0 kB
FileHugePages:         0 kB
FilePmdMapped:         0 kB
HugePages_Total:       0
HugePages_Free:        0
HugePages_Rsvd:        0
HugePages_Surp:        0
Hugepagesize:       2048 kB
Hugetlb:               0 kB
DirectMap4k:       54272 kB
DirectMap2M:     5894144 kB
DirectMap1G:    10485760 kB

Current date and time: Thu May 11 02:32:08 UTC 2023
Current memory usage:
MemTotal:        7797868 kB
MemFree:         3282508 kB
MemAvailable:    5534108 kB
Buffers:           38912 kB
Cached:          2327232 kB
SwapCached:        10756 kB
Active:           430108 kB
Inactive:        3479588 kB
Active(anon):      54984 kB
Inactive(anon):  1492580 kB
Active(file):     375124 kB
Inactive(file):  1987008 kB
Unevictable:           0 kB
Mlocked:               0 kB
SwapTotal:       2097152 kB
SwapFree:        2030196 kB
Dirty:                 0 kB
Writeback:             0 kB
AnonPages:       1409224 kB
Mapped:           290248 kB
Shmem:              4012 kB
KReclaimable:     188932 kB
Slab:             284792 kB
SReclaimable:     188932 kB
SUnreclaim:        95860 kB
KernelStack:       16720 kB
PageTables:        13928 kB
NFS_Unstable:          0 kB
Bounce:                0 kB
WritebackTmp:          0 kB
CommitLimit:     5996084 kB
Committed_AS:    5753884 kB
VmallocTotal:   34359738367 kB
VmallocUsed:       38784 kB
VmallocChunk:          0 kB
Percpu:             8576 kB
AnonHugePages:    667648 kB
ShmemHugePages:        0 kB
ShmemPmdMapped:        0 kB
FileHugePages:         0 kB
FilePmdMapped:         0 kB
HugePages_Total:       0
HugePages_Free:        0
HugePages_Rsvd:        0
HugePages_Surp:        0
Hugepagesize:       2048 kB
Hugetlb:               0 kB
DirectMap4k:       54272 kB
DirectMap2M:     5894144 kB
DirectMap1G:    10485760 kB

Current date and time: Thu May 11 02:33:08 UTC 2023
Current memory usage:
MemTotal:        7797868 kB
MemFree:         3286144 kB
MemAvailable:    5538256 kB
Buffers:           38920 kB
Cached:          2327740 kB
SwapCached:        10756 kB
Active:           430120 kB
Inactive:        3479952 kB
Active(anon):      54988 kB
Inactive(anon):  1492440 kB
Active(file):     375132 kB
Inactive(file):  1987512 kB
Unevictable:           0 kB
Mlocked:               0 kB
SwapTotal:       2097152 kB
SwapFree:        2030196 kB
Dirty:                 0 kB
Writeback:             0 kB
AnonPages:       1408952 kB
Mapped:           290208 kB
Shmem:              4016 kB
KReclaimable:     188932 kB
Slab:             284812 kB
SReclaimable:     188932 kB
SUnreclaim:        95880 kB
KernelStack:       16720 kB
PageTables:        13532 kB
NFS_Unstable:          0 kB
Bounce:                0 kB
WritebackTmp:          0 kB
CommitLimit:     5996084 kB
Committed_AS:    5753888 kB
VmallocTotal:   34359738367 kB
VmallocUsed:       38784 kB
VmallocChunk:          0 kB
Percpu:             8576 kB
AnonHugePages:    669696 kB
ShmemHugePages:        0 kB
ShmemPmdMapped:        0 kB
FileHugePages:         0 kB
FilePmdMapped:         0 kB
HugePages_Total:       0
HugePages_Free:        0
HugePages_Rsvd:        0
HugePages_Surp:        0
Hugepagesize:       2048 kB
Hugetlb:               0 kB
DirectMap4k:       54272 kB
DirectMap2M:     5894144 kB
DirectMap1G:    10485760 kB

Current date and time: Thu May 11 02:34:08 UTC 2023
Current memory usage:
MemTotal:        7797868 kB
MemFree:         3275456 kB
MemAvailable:    5527580 kB
Buffers:           38928 kB
Cached:          2327768 kB
SwapCached:        10756 kB
Active:           430168 kB
Inactive:        3486824 kB
Active(anon):      54996 kB
Inactive(anon):  1499324 kB
Active(file):     375172 kB
Inactive(file):  1987500 kB
Unevictable:           0 kB
Mlocked:               0 kB
SwapTotal:       2097152 kB
SwapFree:        2030196 kB
Dirty:                 0 kB
Writeback:             0 kB
AnonPages:       1415760 kB
Mapped:           290240 kB
Shmem:              4024 kB
KReclaimable:     188916 kB
Slab:             284796 kB
SReclaimable:     188916 kB
SUnreclaim:        95880 kB
KernelStack:       16720 kB
PageTables:        13528 kB
NFS_Unstable:          0 kB
Bounce:                0 kB
WritebackTmp:          0 kB
CommitLimit:     5996084 kB
Committed_AS:    5753896 kB
VmallocTotal:   34359738367 kB
VmallocUsed:       38768 kB
VmallocChunk:          0 kB
Percpu:             8576 kB
AnonHugePages:    677888 kB
ShmemHugePages:        0 kB
ShmemPmdMapped:        0 kB
FileHugePages:         0 kB
FilePmdMapped:         0 kB
HugePages_Total:       0
HugePages_Free:        0
HugePages_Rsvd:        0
HugePages_Surp:        0
Hugepagesize:       2048 kB
Hugetlb:               0 kB
DirectMap4k:       54272 kB
DirectMap2M:     5894144 kB
DirectMap1G:    10485760 kB

Current date and time: Thu May 11 02:35:08 UTC 2023
Current memory usage:
MemTotal:        7797868 kB
MemFree:         3266880 kB
MemAvailable:    5519096 kB
Buffers:           38936 kB
Cached:          2327856 kB
SwapCached:        10756 kB
Active:           430180 kB
Inactive:        3494712 kB
Active(anon):      55000 kB
Inactive(anon):  1507128 kB
Active(file):     375180 kB
Inactive(file):  1987584 kB
Unevictable:           0 kB
Mlocked:               0 kB
SwapTotal:       2097152 kB
SwapFree:        2030196 kB
Dirty:                 0 kB
Writeback:             0 kB
AnonPages:       1423544 kB
Mapped:           290556 kB
Shmem:              4028 kB
KReclaimable:     188916 kB
Slab:             284808 kB
SReclaimable:     188916 kB
SUnreclaim:        95892 kB
KernelStack:       16720 kB
PageTables:        13532 kB
NFS_Unstable:          0 kB
Bounce:                0 kB
WritebackTmp:          0 kB
CommitLimit:     5996084 kB
Committed_AS:    5753900 kB
VmallocTotal:   34359738367 kB
VmallocUsed:       38752 kB
VmallocChunk:          0 kB
Percpu:             8576 kB
AnonHugePages:    688128 kB
ShmemHugePages:        0 kB
ShmemPmdMapped:        0 kB
FileHugePages:         0 kB
FilePmdMapped:         0 kB
HugePages_Total:       0
HugePages_Free:        0
HugePages_Rsvd:        0
HugePages_Surp:        0
Hugepagesize:       2048 kB
Hugetlb:               0 kB
DirectMap4k:       54272 kB
DirectMap2M:     5894144 kB
DirectMap1G:    10485760 kB

Current date and time: Thu May 11 02:36:09 UTC 2023
Current memory usage:
MemTotal:        7797868 kB
MemFree:         3263240 kB
MemAvailable:    5515464 kB
Buffers:           38944 kB
Cached:          2327860 kB
SwapCached:        10756 kB
Active:           430192 kB
Inactive:        3498756 kB
Active(anon):      55004 kB
Inactive(anon):  1511172 kB
Active(file):     375188 kB
Inactive(file):  1987584 kB
Unevictable:           0 kB
Mlocked:               0 kB
SwapTotal:       2097152 kB
SwapFree:        2030196 kB
Dirty:                 0 kB
Writeback:             0 kB
AnonPages:       1427564 kB
Mapped:           290252 kB
Shmem:              4032 kB
KReclaimable:     188916 kB
Slab:             284796 kB
SReclaimable:     188916 kB
SUnreclaim:        95880 kB
KernelStack:       16720 kB
PageTables:        13536 kB
NFS_Unstable:          0 kB
Bounce:                0 kB
WritebackTmp:          0 kB
CommitLimit:     5996084 kB
Committed_AS:    5753904 kB
VmallocTotal:   34359738367 kB
VmallocUsed:       38720 kB
VmallocChunk:          0 kB
Percpu:             8576 kB
AnonHugePages:    694272 kB
ShmemHugePages:        0 kB
ShmemPmdMapped:        0 kB
FileHugePages:         0 kB
FilePmdMapped:         0 kB
HugePages_Total:       0
HugePages_Free:        0
HugePages_Rsvd:        0
HugePages_Surp:        0
Hugepagesize:       2048 kB
Hugetlb:               0 kB
DirectMap4k:       54272 kB
DirectMap2M:     5894144 kB
DirectMap1G:    10485760 kB

Current date and time: Thu May 11 02:37:08 UTC 2023
Current memory usage:
MemTotal:        7797868 kB
MemFree:         3247628 kB
MemAvailable:    5499844 kB
Buffers:           38952 kB
Cached:          2327864 kB
SwapCached:        10756 kB
Active:           430204 kB
Inactive:        3512000 kB
Active(anon):      55008 kB
Inactive(anon):  1524416 kB
Active(file):     375196 kB
Inactive(file):  1987584 kB
Unevictable:           0 kB
Mlocked:               0 kB
SwapTotal:       2097152 kB
SwapFree:        2030196 kB
Dirty:                 0 kB
Writeback:             0 kB
AnonPages:       1440864 kB
Mapped:           290568 kB
Shmem:              4036 kB
KReclaimable:     188900 kB
Slab:             284780 kB
SReclaimable:     188900 kB
SUnreclaim:        95880 kB
KernelStack:       16736 kB
PageTables:        13528 kB
NFS_Unstable:          0 kB
Bounce:                0 kB
WritebackTmp:          0 kB
CommitLimit:     5996084 kB
Committed_AS:    5753908 kB
VmallocTotal:   34359738367 kB
VmallocUsed:       38768 kB
VmallocChunk:          0 kB
Percpu:             8576 kB
AnonHugePages:    708608 kB
ShmemHugePages:        0 kB
ShmemPmdMapped:        0 kB
FileHugePages:         0 kB
FilePmdMapped:         0 kB
HugePages_Total:       0
HugePages_Free:        0
HugePages_Rsvd:        0
HugePages_Surp:        0
Hugepagesize:       2048 kB
Hugetlb:               0 kB
DirectMap4k:       54272 kB
DirectMap2M:     5894144 kB
DirectMap1G:    10485760 kB

Current date and time: Thu May 11 02:38:24 UTC 2023
Current memory usage:
MemTotal:        7797868 kB
MemFree:         3244004 kB
MemAvailable:    5496348 kB
Buffers:           38960 kB
Cached:          2328004 kB
SwapCached:        10756 kB
Active:           419828 kB
Inactive:        3534100 kB
Active(anon):      44572 kB
Inactive(anon):  1546432 kB
Active(file):     375256 kB
Inactive(file):  1987668 kB
Unevictable:           0 kB
Mlocked:               0 kB
SwapTotal:       2097152 kB
SwapFree:        2030196 kB
Dirty:                 0 kB
Writeback:             0 kB
AnonPages:       1455980 kB
Mapped:           290628 kB
Shmem:              4040 kB
KReclaimable:     188884 kB
Slab:             284784 kB
SReclaimable:     188884 kB
SUnreclaim:        95900 kB
KernelStack:       16752 kB
PageTables:        13532 kB
NFS_Unstable:          0 kB
Bounce:                0 kB
WritebackTmp:          0 kB
CommitLimit:     5996084 kB
Committed_AS:    5754168 kB
VmallocTotal:   34359738367 kB
VmallocUsed:       38768 kB
VmallocChunk:          0 kB
Percpu:             8576 kB
AnonHugePages:    747520 kB
ShmemHugePages:        0 kB
ShmemPmdMapped:        0 kB
FileHugePages:         0 kB
FilePmdMapped:         0 kB
HugePages_Total:       0
HugePages_Free:        0
HugePages_Rsvd:        0
HugePages_Surp:        0
Hugepagesize:       2048 kB
Hugetlb:               0 kB
DirectMap4k:       54272 kB
DirectMap2M:     5894144 kB
DirectMap1G:    10485760 kB

Current date and time: Thu May 11 02:39:25 UTC 2023
Current memory usage:
MemTotal:        7797868 kB
MemFree:         3237380 kB
MemAvailable:    5489732 kB
Buffers:           38968 kB
Cached:          2328008 kB
SwapCached:        10768 kB
Active:           411516 kB
Inactive:        3541120 kB
Active(anon):      36252 kB
Inactive(anon):  1553452 kB
Active(file):     375264 kB
Inactive(file):  1987668 kB
Unevictable:           0 kB
Mlocked:               0 kB
SwapTotal:       2097152 kB
SwapFree:        2030196 kB
Dirty:                 0 kB
Writeback:             0 kB
AnonPages:       1456340 kB
Mapped:           290416 kB
Shmem:              4044 kB
KReclaimable:     188884 kB
Slab:             284792 kB
SReclaimable:     188884 kB
SUnreclaim:        95908 kB
KernelStack:       16752 kB
PageTables:        13540 kB
NFS_Unstable:          0 kB
Bounce:                0 kB
WritebackTmp:          0 kB
CommitLimit:     5996084 kB
Committed_AS:    5754172 kB
VmallocTotal:   34359738367 kB
VmallocUsed:       38752 kB
VmallocChunk:          0 kB
Percpu:             8576 kB
AnonHugePages:    776192 kB
ShmemHugePages:        0 kB
ShmemPmdMapped:        0 kB
FileHugePages:         0 kB
FilePmdMapped:         0 kB
HugePages_Total:       0
HugePages_Free:        0
HugePages_Rsvd:        0
HugePages_Surp:        0
Hugepagesize:       2048 kB
Hugetlb:               0 kB
DirectMap4k:       54272 kB
DirectMap2M:     5894144 kB
DirectMap1G:    10485760 kB

Current date and time: Thu May 11 02:40:23 UTC 2023
Current memory usage:
MemTotal:        7797868 kB
MemFree:         3238072 kB
MemAvailable:    5490444 kB
Buffers:           38984 kB
Cached:          2328016 kB
SwapCached:        10768 kB
Active:           409488 kB
Inactive:        3543440 kB
Active(anon):      34208 kB
Inactive(anon):  1555768 kB
Active(file):     375280 kB
Inactive(file):  1987672 kB
Unevictable:           0 kB
Mlocked:               0 kB
SwapTotal:       2097152 kB
SwapFree:        2030196 kB
Dirty:                 0 kB
Writeback:             0 kB
AnonPages:       1458300 kB
Mapped:           290400 kB
Shmem:              4048 kB
KReclaimable:     188884 kB
Slab:             284776 kB
SReclaimable:     188884 kB
SUnreclaim:        95892 kB
KernelStack:       16752 kB
PageTables:        13536 kB
NFS_Unstable:          0 kB
Bounce:                0 kB
WritebackTmp:          0 kB
CommitLimit:     5996084 kB
Committed_AS:    5754176 kB
VmallocTotal:   34359738367 kB
VmallocUsed:       38784 kB
VmallocChunk:          0 kB
Percpu:             8576 kB
AnonHugePages:    780288 kB
ShmemHugePages:        0 kB
ShmemPmdMapped:        0 kB
FileHugePages:         0 kB
FilePmdMapped:         0 kB
HugePages_Total:       0
HugePages_Free:        0
HugePages_Rsvd:        0
HugePages_Surp:        0
Hugepagesize:       2048 kB
Hugetlb:               0 kB
DirectMap4k:       54272 kB
DirectMap2M:     5894144 kB
DirectMap1G:    10485760 kB

Current date and time: Thu May 11 02:41:24 UTC 2023
Current memory usage:
MemTotal:        7797868 kB
MemFree:         3236404 kB
MemAvailable:    5488928 kB
Buffers:           38992 kB
Cached:          2328164 kB
SwapCached:        10768 kB
Active:           409500 kB
Inactive:        3546096 kB
Active(anon):      34212 kB
Inactive(anon):  1558280 kB
Active(file):     375288 kB
Inactive(file):  1987816 kB
Unevictable:           0 kB
Mlocked:               0 kB
SwapTotal:       2097152 kB
SwapFree:        2030196 kB
Dirty:                 0 kB
Writeback:             0 kB
AnonPages:       1460828 kB
Mapped:           290748 kB
Shmem:              4052 kB
KReclaimable:     188884 kB
Slab:             284804 kB
SReclaimable:     188884 kB
SUnreclaim:        95920 kB
KernelStack:       16752 kB
PageTables:        13532 kB
NFS_Unstable:          0 kB
Bounce:                0 kB
WritebackTmp:          0 kB
CommitLimit:     5996084 kB
Committed_AS:    5754180 kB
VmallocTotal:   34359738367 kB
VmallocUsed:       38800 kB
VmallocChunk:          0 kB
Percpu:             8576 kB
AnonHugePages:    804864 kB
ShmemHugePages:        0 kB
ShmemPmdMapped:        0 kB
FileHugePages:         0 kB
FilePmdMapped:         0 kB
HugePages_Total:       0
HugePages_Free:        0
HugePages_Rsvd:        0
HugePages_Surp:        0
Hugepagesize:       2048 kB
Hugetlb:               0 kB
DirectMap4k:       54272 kB
DirectMap2M:     5894144 kB
DirectMap1G:    10485760 kB

Current date and time: Thu May 11 02:42:25 UTC 2023
Current memory usage:
MemTotal:        7797868 kB
MemFree:         3234648 kB
MemAvailable:    5487180 kB
Buffers:           39000 kB
Cached:          2328168 kB
SwapCached:        10768 kB
Active:           409512 kB
Inactive:        3545672 kB
Active(anon):      34216 kB
Inactive(anon):  1557856 kB
Active(file):     375296 kB
Inactive(file):  1987816 kB
Unevictable:           0 kB
Mlocked:               0 kB
SwapTotal:       2097152 kB
SwapFree:        2030196 kB
Dirty:                 0 kB
Writeback:             0 kB
AnonPages:       1460172 kB
Mapped:           290484 kB
Shmem:              4056 kB
KReclaimable:     188884 kB
Slab:             284816 kB
SReclaimable:     188884 kB
SUnreclaim:        95932 kB
KernelStack:       16752 kB
PageTables:        13540 kB
NFS_Unstable:          0 kB
Bounce:                0 kB
WritebackTmp:          0 kB
CommitLimit:     5996084 kB
Committed_AS:    5754184 kB
VmallocTotal:   34359738367 kB
VmallocUsed:       38800 kB
VmallocChunk:          0 kB
Percpu:             8576 kB
AnonHugePages:    804864 kB
ShmemHugePages:        0 kB
ShmemPmdMapped:        0 kB
FileHugePages:         0 kB
FilePmdMapped:         0 kB
HugePages_Total:       0
HugePages_Free:        0
HugePages_Rsvd:        0
HugePages_Surp:        0
Hugepagesize:       2048 kB
Hugetlb:               0 kB
DirectMap4k:       54272 kB
DirectMap2M:     5894144 kB
DirectMap1G:    10485760 kB

Current date and time: Thu May 11 02:43:23 UTC 2023
Current memory usage:
MemTotal:        7797868 kB
MemFree:         3223348 kB
MemAvailable:    5475860 kB
Buffers:           39008 kB
Cached:          2328172 kB
SwapCached:        10768 kB
Active:           409496 kB
Inactive:        3559728 kB
Active(anon):      34220 kB
Inactive(anon):  1571912 kB
Active(file):     375276 kB
Inactive(file):  1987816 kB
Unevictable:           0 kB
Mlocked:               0 kB
SwapTotal:       2097152 kB
SwapFree:        2030196 kB
Dirty:                 0 kB
Writeback:             0 kB
AnonPages:       1474448 kB
Mapped:           290456 kB
Shmem:              4060 kB
KReclaimable:     188884 kB
Slab:             284796 kB
SReclaimable:     188884 kB
SUnreclaim:        95912 kB
KernelStack:       16752 kB
PageTables:        13540 kB
NFS_Unstable:          0 kB
Bounce:                0 kB
WritebackTmp:          0 kB
CommitLimit:     5996084 kB
Committed_AS:    5754188 kB
VmallocTotal:   34359738367 kB
VmallocUsed:       38736 kB
VmallocChunk:          0 kB
Percpu:             8576 kB
AnonHugePages:    843776 kB
ShmemHugePages:        0 kB
ShmemPmdMapped:        0 kB
FileHugePages:         0 kB
FilePmdMapped:         0 kB
HugePages_Total:       0
HugePages_Free:        0
HugePages_Rsvd:        0
HugePages_Surp:        0
Hugepagesize:       2048 kB
Hugetlb:               0 kB
DirectMap4k:       54272 kB
DirectMap2M:     5894144 kB
DirectMap1G:    10485760 kB

Current date and time: Thu May 11 02:44:23 UTC 2023
Current memory usage:
MemTotal:        7797868 kB
MemFree:         3223996 kB
MemAvailable:    5476680 kB
Buffers:           39016 kB
Cached:          2328312 kB
SwapCached:        10768 kB
Active:           409536 kB
Inactive:        3560356 kB
Active(anon):      34224 kB
Inactive(anon):  1572404 kB
Active(file):     375312 kB
Inactive(file):  1987952 kB
Unevictable:           0 kB
Mlocked:               0 kB
SwapTotal:       2097152 kB
SwapFree:        2030196 kB
Dirty:                 0 kB
Writeback:             0 kB
AnonPages:       1474604 kB
Mapped:           290456 kB
Shmem:              4064 kB
KReclaimable:     188884 kB
Slab:             284816 kB
SReclaimable:     188884 kB
SUnreclaim:        95932 kB
KernelStack:       16752 kB
PageTables:        13532 kB
NFS_Unstable:          0 kB
Bounce:                0 kB
WritebackTmp:          0 kB
CommitLimit:     5996084 kB
Committed_AS:    5754192 kB
VmallocTotal:   34359738367 kB
VmallocUsed:       38752 kB
VmallocChunk:          0 kB
Percpu:             8576 kB
AnonHugePages:    892928 kB
ShmemHugePages:        0 kB
ShmemPmdMapped:        0 kB
FileHugePages:         0 kB
FilePmdMapped:         0 kB
HugePages_Total:       0
HugePages_Free:        0
HugePages_Rsvd:        0
HugePages_Surp:        0
Hugepagesize:       2048 kB
Hugetlb:               0 kB
DirectMap4k:       54272 kB
DirectMap2M:     5894144 kB
DirectMap1G:    10485760 kB

Current date and time: Thu May 11 02:45:24 UTC 2023
Current memory usage:
MemTotal:        7797868 kB
MemFree:         3223864 kB
MemAvailable:    5476556 kB
Buffers:           39024 kB
Cached:          2328316 kB
SwapCached:        10768 kB
Active:           409548 kB
Inactive:        3560724 kB
Active(anon):      34228 kB
Inactive(anon):  1572772 kB
Active(file):     375320 kB
Inactive(file):  1987952 kB
Unevictable:           0 kB
Mlocked:               0 kB
SwapTotal:       2097152 kB
SwapFree:        2030196 kB
Dirty:                 0 kB
Writeback:             0 kB
AnonPages:       1474864 kB
Mapped:           290760 kB
Shmem:              4068 kB
KReclaimable:     188884 kB
Slab:             284824 kB
SReclaimable:     188884 kB
SUnreclaim:        95940 kB
KernelStack:       16768 kB
PageTables:        13536 kB
NFS_Unstable:          0 kB
Bounce:                0 kB
WritebackTmp:          0 kB
CommitLimit:     5996084 kB
Committed_AS:    5754196 kB
VmallocTotal:   34359738367 kB
VmallocUsed:       38752 kB
VmallocChunk:          0 kB
Percpu:             8576 kB
AnonHugePages:    923648 kB
ShmemHugePages:        0 kB
ShmemPmdMapped:        0 kB
FileHugePages:         0 kB
FilePmdMapped:         0 kB
HugePages_Total:       0
HugePages_Free:        0
HugePages_Rsvd:        0
HugePages_Surp:        0
Hugepagesize:       2048 kB
Hugetlb:               0 kB
DirectMap4k:       54272 kB
DirectMap2M:     5894144 kB
DirectMap1G:    10485760 kB

Current date and time: Thu May 11 02:46:23 UTC 2023
Current memory usage:
MemTotal:        7797868 kB
MemFree:         3233216 kB
MemAvailable:    5485916 kB
Buffers:           39032 kB
Cached:          2328320 kB
SwapCached:        10768 kB
Active:           407508 kB
Inactive:        3553100 kB
Active(anon):      32180 kB
Inactive(anon):  1565148 kB
Active(file):     375328 kB
Inactive(file):  1987952 kB
Unevictable:           0 kB
Mlocked:               0 kB
SwapTotal:       2097152 kB
SwapFree:        2030196 kB
Dirty:                 0 kB
Writeback:             0 kB
AnonPages:       1475320 kB
Mapped:           290480 kB
Shmem:              4072 kB
KReclaimable:     188884 kB
Slab:             284816 kB
SReclaimable:     188884 kB
SUnreclaim:        95932 kB
KernelStack:       16768 kB
PageTables:        13532 kB
NFS_Unstable:          0 kB
Bounce:                0 kB
WritebackTmp:          0 kB
CommitLimit:     5996084 kB
Committed_AS:    5754200 kB
VmallocTotal:   34359738367 kB
VmallocUsed:       38768 kB
VmallocChunk:          0 kB
Percpu:             8576 kB
AnonHugePages:    954368 kB
ShmemHugePages:        0 kB
ShmemPmdMapped:        0 kB
FileHugePages:         0 kB
FilePmdMapped:         0 kB
HugePages_Total:       0
HugePages_Free:        0
HugePages_Rsvd:        0
HugePages_Surp:        0
Hugepagesize:       2048 kB
Hugetlb:               0 kB
DirectMap4k:       54272 kB
DirectMap2M:     5894144 kB
DirectMap1G:    10485760 kB

Current date and time: Thu May 11 02:47:25 UTC 2023
Current memory usage:
MemTotal:        7797868 kB
MemFree:         3231108 kB
MemAvailable:    5483956 kB
Buffers:           39048 kB
Cached:          2328456 kB
SwapCached:        10768 kB
Active:           407528 kB
Inactive:        3556296 kB
Active(anon):      32184 kB
Inactive(anon):  1568212 kB
Active(file):     375344 kB
Inactive(file):  1988084 kB
Unevictable:           0 kB
Mlocked:               0 kB
SwapTotal:       2097152 kB
SwapFree:        2030196 kB
Dirty:                 0 kB
Writeback:             0 kB
AnonPages:       1475228 kB
Mapped:           290568 kB
Shmem:              4076 kB
KReclaimable:     188884 kB
Slab:             284840 kB
SReclaimable:     188884 kB
SUnreclaim:        95956 kB
KernelStack:       16768 kB
PageTables:        13532 kB
NFS_Unstable:          0 kB
Bounce:                0 kB
WritebackTmp:          0 kB
CommitLimit:     5996084 kB
Committed_AS:    5754204 kB
VmallocTotal:   34359738367 kB
VmallocUsed:       38784 kB
VmallocChunk:          0 kB
Percpu:             8576 kB
AnonHugePages:    952320 kB
ShmemHugePages:        0 kB
ShmemPmdMapped:        0 kB
FileHugePages:         0 kB
FilePmdMapped:         0 kB
HugePages_Total:       0
HugePages_Free:        0
HugePages_Rsvd:        0
HugePages_Surp:        0
Hugepagesize:       2048 kB
Hugetlb:               0 kB
DirectMap4k:       54272 kB
DirectMap2M:     5894144 kB
DirectMap1G:    10485760 kB

Current date and time: Thu May 11 02:48:22 UTC 2023
Current memory usage:
MemTotal:        7797868 kB
MemFree:         3233844 kB
MemAvailable:    5486700 kB
Buffers:           39056 kB
Cached:          2328460 kB
SwapCached:        10768 kB
Active:           407544 kB
Inactive:        3555912 kB
Active(anon):      32192 kB
Inactive(anon):  1567828 kB
Active(file):     375352 kB
Inactive(file):  1988084 kB
Unevictable:           0 kB
Mlocked:               0 kB
SwapTotal:       2097152 kB
SwapFree:        2030196 kB
Dirty:                 0 kB
Writeback:             0 kB
AnonPages:       1474764 kB
Mapped:           290616 kB
Shmem:              4080 kB
KReclaimable:     188884 kB
Slab:             284852 kB
SReclaimable:     188884 kB
SUnreclaim:        95968 kB
KernelStack:       16768 kB
PageTables:        13536 kB
NFS_Unstable:          0 kB
Bounce:                0 kB
WritebackTmp:          0 kB
CommitLimit:     5996084 kB
Committed_AS:    5754208 kB
VmallocTotal:   34359738367 kB
VmallocUsed:       38784 kB
VmallocChunk:          0 kB
Percpu:             8576 kB
AnonHugePages:    952320 kB
ShmemHugePages:        0 kB
ShmemPmdMapped:        0 kB
FileHugePages:         0 kB
FilePmdMapped:         0 kB
HugePages_Total:       0
HugePages_Free:        0
HugePages_Rsvd:        0
HugePages_Surp:        0
Hugepagesize:       2048 kB
Hugetlb:               0 kB
DirectMap4k:       54272 kB
DirectMap2M:     5894144 kB
DirectMap1G:    10485760 kB

Current date and time: Thu May 11 02:49:22 UTC 2023
Current memory usage:
MemTotal:        7797868 kB
MemFree:         3227488 kB
MemAvailable:    5481144 kB
Buffers:           39064 kB
Cached:          2329256 kB
SwapCached:        10768 kB
Active:           407552 kB
Inactive:        3556676 kB
Active(anon):      32192 kB
Inactive(anon):  1567800 kB
Active(file):     375360 kB
Inactive(file):  1988876 kB
Unevictable:           0 kB
Mlocked:               0 kB
SwapTotal:       2097152 kB
SwapFree:        2030196 kB
Dirty:                 0 kB
Writeback:             0 kB
AnonPages:       1474916 kB
Mapped:           290696 kB
Shmem:              4084 kB
KReclaimable:     188884 kB
Slab:             284852 kB
SReclaimable:     188884 kB
SUnreclaim:        95968 kB
KernelStack:       16784 kB
PageTables:        13532 kB
NFS_Unstable:          0 kB
Bounce:                0 kB
WritebackTmp:          0 kB
CommitLimit:     5996084 kB
Committed_AS:    5754212 kB
VmallocTotal:   34359738367 kB
VmallocUsed:       38816 kB
VmallocChunk:          0 kB
Percpu:             8576 kB
AnonHugePages:    952320 kB
ShmemHugePages:        0 kB
ShmemPmdMapped:        0 kB
FileHugePages:         0 kB
FilePmdMapped:         0 kB
HugePages_Total:       0
HugePages_Free:        0
HugePages_Rsvd:        0
HugePages_Surp:        0
Hugepagesize:       2048 kB
Hugetlb:               0 kB
DirectMap4k:       54272 kB
DirectMap2M:     5894144 kB
DirectMap1G:    10485760 kB

Current date and time: Thu May 11 02:50:21 UTC 2023
Current memory usage:
MemTotal:        7797868 kB
MemFree:         3231160 kB
MemAvailable:    5484824 kB
Buffers:           39072 kB
Cached:          2329260 kB
SwapCached:        10768 kB
Active:           407564 kB
Inactive:        3556668 kB
Active(anon):      32196 kB
Inactive(anon):  1567792 kB
Active(file):     375368 kB
Inactive(file):  1988876 kB
Unevictable:           0 kB
Mlocked:               0 kB
SwapTotal:       2097152 kB
SwapFree:        2030196 kB
Dirty:                 0 kB
Writeback:             0 kB
AnonPages:       1474684 kB
Mapped:           290716 kB
Shmem:              4088 kB
KReclaimable:     188884 kB
Slab:             284844 kB
SReclaimable:     188884 kB
SUnreclaim:        95960 kB
KernelStack:       16784 kB
PageTables:        13540 kB
NFS_Unstable:          0 kB
Bounce:                0 kB
WritebackTmp:          0 kB
CommitLimit:     5996084 kB
Committed_AS:    5754216 kB
VmallocTotal:   34359738367 kB
VmallocUsed:       38848 kB
VmallocChunk:          0 kB
Percpu:             8576 kB
AnonHugePages:    952320 kB
ShmemHugePages:        0 kB
ShmemPmdMapped:        0 kB
FileHugePages:         0 kB
FilePmdMapped:         0 kB
HugePages_Total:       0
HugePages_Free:        0
HugePages_Rsvd:        0
HugePages_Surp:        0
Hugepagesize:       2048 kB
Hugetlb:               0 kB
DirectMap4k:       54272 kB
DirectMap2M:     5894144 kB
DirectMap1G:    10485760 kB

Current date and time: Thu May 11 02:51:21 UTC 2023
Current memory usage:
MemTotal:        7797868 kB
MemFree:         3227920 kB
MemAvailable:    5481592 kB
Buffers:           39080 kB
Cached:          2329260 kB
SwapCached:        10768 kB
Active:           407576 kB
Inactive:        3556752 kB
Active(anon):      32200 kB
Inactive(anon):  1567876 kB
Active(file):     375376 kB
Inactive(file):  1988876 kB
Unevictable:           0 kB
Mlocked:               0 kB
SwapTotal:       2097152 kB
SwapFree:        2030196 kB
Dirty:                 0 kB
Writeback:             0 kB
AnonPages:       1474736 kB
Mapped:           291020 kB
Shmem:              4088 kB
KReclaimable:     188884 kB
Slab:             284840 kB
SReclaimable:     188884 kB
SUnreclaim:        95956 kB
KernelStack:       16800 kB
PageTables:        13536 kB
NFS_Unstable:          0 kB
Bounce:                0 kB
WritebackTmp:          0 kB
CommitLimit:     5996084 kB
Committed_AS:    5754216 kB
VmallocTotal:   34359738367 kB
VmallocUsed:       38832 kB
VmallocChunk:          0 kB
Percpu:             8576 kB
AnonHugePages:    952320 kB
ShmemHugePages:        0 kB
ShmemPmdMapped:        0 kB
FileHugePages:         0 kB
FilePmdMapped:         0 kB
HugePages_Total:       0
HugePages_Free:        0
HugePages_Rsvd:        0
HugePages_Surp:        0
Hugepagesize:       2048 kB
Hugetlb:               0 kB
DirectMap4k:       54272 kB
DirectMap2M:     5894144 kB
DirectMap1G:    10485760 kB

Current date and time: Thu May 11 02:52:23 UTC 2023
Current memory usage:
MemTotal:        7797868 kB
MemFree:         3233364 kB
MemAvailable:    5487044 kB
Buffers:           39088 kB
Cached:          2329264 kB
SwapCached:        10768 kB
Active:           407588 kB
Inactive:        3556560 kB
Active(anon):      32204 kB
Inactive(anon):  1567684 kB
Active(file):     375384 kB
Inactive(file):  1988876 kB
Unevictable:           0 kB
Mlocked:               0 kB
SwapTotal:       2097152 kB
SwapFree:        2030196 kB
Dirty:                 0 kB
Writeback:             0 kB
AnonPages:       1474600 kB
Mapped:           290796 kB
Shmem:              4092 kB
KReclaimable:     188884 kB
Slab:             284840 kB
SReclaimable:     188884 kB
SUnreclaim:        95956 kB
KernelStack:       16816 kB
PageTables:        13532 kB
NFS_Unstable:          0 kB
Bounce:                0 kB
WritebackTmp:          0 kB
CommitLimit:     5996084 kB
Committed_AS:    5754220 kB
VmallocTotal:   34359738367 kB
VmallocUsed:       38848 kB
VmallocChunk:          0 kB
Percpu:             8576 kB
AnonHugePages:    952320 kB
ShmemHugePages:        0 kB
ShmemPmdMapped:        0 kB
FileHugePages:         0 kB
FilePmdMapped:         0 kB
HugePages_Total:       0
HugePages_Free:        0
HugePages_Rsvd:        0
HugePages_Surp:        0
Hugepagesize:       2048 kB
Hugetlb:               0 kB
DirectMap4k:       54272 kB
DirectMap2M:     5894144 kB
DirectMap1G:    10485760 kB

Current date and time: Thu May 11 02:53:22 UTC 2023
Current memory usage:
MemTotal:        7797868 kB
MemFree:         3236084 kB
MemAvailable:    5489776 kB
Buffers:           39096 kB
Cached:          2329272 kB
SwapCached:        10768 kB
Active:           407600 kB
Inactive:        3556596 kB
Active(anon):      32208 kB
Inactive(anon):  1567716 kB
Active(file):     375392 kB
Inactive(file):  1988880 kB
Unevictable:           0 kB
Mlocked:               0 kB
SwapTotal:       2097152 kB
SwapFree:        2030196 kB
Dirty:                 0 kB
Writeback:             0 kB
AnonPages:       1474860 kB
Mapped:           291024 kB
Shmem:              4096 kB
KReclaimable:     188884 kB
Slab:             284848 kB
SReclaimable:     188884 kB
SUnreclaim:        95964 kB
KernelStack:       16816 kB
PageTables:        13540 kB
NFS_Unstable:          0 kB
Bounce:                0 kB
WritebackTmp:          0 kB
CommitLimit:     5996084 kB
Committed_AS:    5754224 kB
VmallocTotal:   34359738367 kB
VmallocUsed:       38848 kB
VmallocChunk:          0 kB
Percpu:             8576 kB
AnonHugePages:    952320 kB
ShmemHugePages:        0 kB
ShmemPmdMapped:        0 kB
FileHugePages:         0 kB
FilePmdMapped:         0 kB
HugePages_Total:       0
HugePages_Free:        0
HugePages_Rsvd:        0
HugePages_Surp:        0
Hugepagesize:       2048 kB
Hugetlb:               0 kB
DirectMap4k:       54272 kB
DirectMap2M:     5894144 kB
DirectMap1G:    10485760 kB

Current date and time: Thu May 11 02:54:22 UTC 2023
Current memory usage:
MemTotal:        7797868 kB
MemFree:         3231080 kB
MemAvailable:    5484780 kB
Buffers:           39104 kB
Cached:          2329276 kB
SwapCached:        10768 kB
Active:           407612 kB
Inactive:        3556676 kB
Active(anon):      32212 kB
Inactive(anon):  1567796 kB
Active(file):     375400 kB
Inactive(file):  1988880 kB
Unevictable:           0 kB
Mlocked:               0 kB
SwapTotal:       2097152 kB
SwapFree:        2030196 kB
Dirty:                 0 kB
Writeback:             0 kB
AnonPages:       1474632 kB
Mapped:           290784 kB
Shmem:              4100 kB
KReclaimable:     188884 kB
Slab:             284852 kB
SReclaimable:     188884 kB
SUnreclaim:        95968 kB
KernelStack:       16800 kB
PageTables:        13536 kB
NFS_Unstable:          0 kB
Bounce:                0 kB
WritebackTmp:          0 kB
CommitLimit:     5996084 kB
Committed_AS:    5754228 kB
VmallocTotal:   34359738367 kB
VmallocUsed:       38848 kB
VmallocChunk:          0 kB
Percpu:             8576 kB
AnonHugePages:    952320 kB
ShmemHugePages:        0 kB
ShmemPmdMapped:        0 kB
FileHugePages:         0 kB
FilePmdMapped:         0 kB
HugePages_Total:       0
HugePages_Free:        0
HugePages_Rsvd:        0
HugePages_Surp:        0
Hugepagesize:       2048 kB
Hugetlb:               0 kB
DirectMap4k:       54272 kB
DirectMap2M:     5894144 kB
DirectMap1G:    10485760 kB

Current date and time: Thu May 11 02:55:21 UTC 2023
Current memory usage:
MemTotal:        7797868 kB
MemFree:         3231584 kB
MemAvailable:    5485304 kB
Buffers:           39120 kB
Cached:          2329284 kB
SwapCached:        10768 kB
Active:           407632 kB
Inactive:        3556984 kB
Active(anon):      32216 kB
Inactive(anon):  1568100 kB
Active(file):     375416 kB
Inactive(file):  1988884 kB
Unevictable:           0 kB
Mlocked:               0 kB
SwapTotal:       2097152 kB
SwapFree:        2030196 kB
Dirty:                 0 kB
Writeback:             0 kB
AnonPages:       1474936 kB
Mapped:           290812 kB
Shmem:              4104 kB
KReclaimable:     188884 kB
Slab:             284868 kB
SReclaimable:     188884 kB
SUnreclaim:        95984 kB
KernelStack:       16800 kB
PageTables:        13532 kB
NFS_Unstable:          0 kB
Bounce:                0 kB
WritebackTmp:          0 kB
CommitLimit:     5996084 kB
Committed_AS:    5754232 kB
VmallocTotal:   34359738367 kB
VmallocUsed:       38864 kB
VmallocChunk:          0 kB
Percpu:             8576 kB
AnonHugePages:    952320 kB
ShmemHugePages:        0 kB
ShmemPmdMapped:        0 kB
FileHugePages:         0 kB
FilePmdMapped:         0 kB
HugePages_Total:       0
HugePages_Free:        0
HugePages_Rsvd:        0
HugePages_Surp:        0
Hugepagesize:       2048 kB
Hugetlb:               0 kB
DirectMap4k:       54272 kB
DirectMap2M:     5894144 kB
DirectMap1G:    10485760 kB

Current date and time: Thu May 11 02:56:23 UTC 2023
Current memory usage:
MemTotal:        7797868 kB
MemFree:         3229932 kB
MemAvailable:    5483756 kB
Buffers:           39128 kB
Cached:          2329384 kB
SwapCached:        10768 kB
Active:           407740 kB
Inactive:        3556828 kB
Active(anon):      32220 kB
Inactive(anon):  1567944 kB
Active(file):     375520 kB
Inactive(file):  1988884 kB
Unevictable:           0 kB
Mlocked:               0 kB
SwapTotal:       2097152 kB
SwapFree:        2030196 kB
Dirty:                 0 kB
Writeback:             0 kB
AnonPages:       1474704 kB
Mapped:           291064 kB
Shmem:              4108 kB
KReclaimable:     188884 kB
Slab:             284876 kB
SReclaimable:     188884 kB
SUnreclaim:        95992 kB
KernelStack:       16800 kB
PageTables:        13528 kB
NFS_Unstable:          0 kB
Bounce:                0 kB
WritebackTmp:          0 kB
CommitLimit:     5996084 kB
Committed_AS:    5754236 kB
VmallocTotal:   34359738367 kB
VmallocUsed:       38832 kB
VmallocChunk:          0 kB
Percpu:             8576 kB
AnonHugePages:    952320 kB
ShmemHugePages:        0 kB
ShmemPmdMapped:        0 kB
FileHugePages:         0 kB
FilePmdMapped:         0 kB
HugePages_Total:       0
HugePages_Free:        0
HugePages_Rsvd:        0
HugePages_Surp:        0
Hugepagesize:       2048 kB
Hugetlb:               0 kB
DirectMap4k:       54272 kB
DirectMap2M:     5894144 kB
DirectMap1G:    10485760 kB

Current date and time: Thu May 11 02:57:22 UTC 2023
Current memory usage:
MemTotal:        7797868 kB
MemFree:         3231188 kB
MemAvailable:    5485020 kB
Buffers:           39136 kB
Cached:          2329388 kB
SwapCached:        10768 kB
Active:           407752 kB
Inactive:        3556716 kB
Active(anon):      32224 kB
Inactive(anon):  1567832 kB
Active(file):     375528 kB
Inactive(file):  1988884 kB
Unevictable:           0 kB
Mlocked:               0 kB
SwapTotal:       2097152 kB
SwapFree:        2030196 kB
Dirty:                 0 kB
Writeback:             0 kB
AnonPages:       1474700 kB
Mapped:           290860 kB
Shmem:              4112 kB
KReclaimable:     188884 kB
Slab:             284876 kB
SReclaimable:     188884 kB
SUnreclaim:        95992 kB
KernelStack:       16800 kB
PageTables:        13536 kB
NFS_Unstable:          0 kB
Bounce:                0 kB
WritebackTmp:          0 kB
CommitLimit:     5996084 kB
Committed_AS:    5754240 kB
VmallocTotal:   34359738367 kB
VmallocUsed:       38832 kB
VmallocChunk:          0 kB
Percpu:             8576 kB
AnonHugePages:    952320 kB
ShmemHugePages:        0 kB
ShmemPmdMapped:        0 kB
FileHugePages:         0 kB
FilePmdMapped:         0 kB
HugePages_Total:       0
HugePages_Free:        0
HugePages_Rsvd:        0
HugePages_Surp:        0
Hugepagesize:       2048 kB
Hugetlb:               0 kB
DirectMap4k:       54272 kB
DirectMap2M:     5894144 kB
DirectMap1G:    10485760 kB

Current date and time: Thu May 11 02:58:21 UTC 2023
Current memory usage:
MemTotal:        7797868 kB
MemFree:         3231852 kB
MemAvailable:    5485692 kB
Buffers:           39144 kB
Cached:          2329392 kB
SwapCached:        10768 kB
Active:           407764 kB
Inactive:        3556664 kB
Active(anon):      32228 kB
Inactive(anon):  1567780 kB
Active(file):     375536 kB
Inactive(file):  1988884 kB
Unevictable:           0 kB
Mlocked:               0 kB
SwapTotal:       2097152 kB
SwapFree:        2030196 kB
Dirty:                 0 kB
Writeback:             0 kB
AnonPages:       1474536 kB
Mapped:           290864 kB
Shmem:              4116 kB
KReclaimable:     188884 kB
Slab:             284876 kB
SReclaimable:     188884 kB
SUnreclaim:        95992 kB
KernelStack:       16800 kB
PageTables:        13536 kB
NFS_Unstable:          0 kB
Bounce:                0 kB
WritebackTmp:          0 kB
CommitLimit:     5996084 kB
Committed_AS:    5754244 kB
VmallocTotal:   34359738367 kB
VmallocUsed:       38784 kB
VmallocChunk:          0 kB
Percpu:             8576 kB
AnonHugePages:    952320 kB
ShmemHugePages:        0 kB
ShmemPmdMapped:        0 kB
FileHugePages:         0 kB
FilePmdMapped:         0 kB
HugePages_Total:       0
HugePages_Free:        0
HugePages_Rsvd:        0
HugePages_Surp:        0
Hugepagesize:       2048 kB
Hugetlb:               0 kB
DirectMap4k:       54272 kB
DirectMap2M:     5894144 kB
DirectMap1G:    10485760 kB

Current date and time: Thu May 11 02:59:22 UTC 2023
Current memory usage:
MemTotal:        7797868 kB
MemFree:         3231540 kB
MemAvailable:    5485388 kB
Buffers:           39152 kB
Cached:          2329396 kB
SwapCached:        10768 kB
Active:           407776 kB
Inactive:        3556796 kB
Active(anon):      32232 kB
Inactive(anon):  1567912 kB
Active(file):     375544 kB
Inactive(file):  1988884 kB
Unevictable:           0 kB
Mlocked:               0 kB
SwapTotal:       2097152 kB
SwapFree:        2030196 kB
Dirty:                 0 kB
Writeback:             0 kB
AnonPages:       1474868 kB
Mapped:           291088 kB
Shmem:              4120 kB
KReclaimable:     188884 kB
Slab:             284884 kB
SReclaimable:     188884 kB
SUnreclaim:        96000 kB
KernelStack:       16852 kB
PageTables:        13732 kB
NFS_Unstable:          0 kB
Bounce:                0 kB
WritebackTmp:          0 kB
CommitLimit:     5996084 kB
Committed_AS:    5754248 kB
VmallocTotal:   34359738367 kB
VmallocUsed:       38864 kB
VmallocChunk:          0 kB
Percpu:             8576 kB
AnonHugePages:    952320 kB
ShmemHugePages:        0 kB
ShmemPmdMapped:        0 kB
FileHugePages:         0 kB
FilePmdMapped:         0 kB
HugePages_Total:       0
HugePages_Free:        0
HugePages_Rsvd:        0
HugePages_Surp:        0
Hugepagesize:       2048 kB
Hugetlb:               0 kB
DirectMap4k:       54272 kB
DirectMap2M:     5894144 kB
DirectMap1G:    10485760 kB

Current date and time: Thu May 11 03:00:22 UTC 2023
Current memory usage:
MemTotal:        7797868 kB
MemFree:         3228476 kB
MemAvailable:    5484304 kB
Buffers:           39160 kB
Cached:          2331376 kB
SwapCached:        10788 kB
Active:           407824 kB
Inactive:        3558888 kB
Active(anon):      32264 kB
Inactive(anon):  1568040 kB
Active(file):     375560 kB
Inactive(file):  1990848 kB
Unevictable:           0 kB
Mlocked:               0 kB
SwapTotal:       2097152 kB
SwapFree:        2030196 kB
Dirty:                 0 kB
Writeback:             0 kB
AnonPages:       1474740 kB
Mapped:           291268 kB
Shmem:              4128 kB
KReclaimable:     188884 kB
Slab:             284888 kB
SReclaimable:     188884 kB
SUnreclaim:        96004 kB
KernelStack:       16816 kB
PageTables:        13524 kB
NFS_Unstable:          0 kB
Bounce:                0 kB
WritebackTmp:          0 kB
CommitLimit:     5996084 kB
Committed_AS:    5754256 kB
VmallocTotal:   34359738367 kB
VmallocUsed:       38848 kB
VmallocChunk:          0 kB
Percpu:             8576 kB
AnonHugePages:    952320 kB
ShmemHugePages:        0 kB
ShmemPmdMapped:        0 kB
FileHugePages:         0 kB
FilePmdMapped:         0 kB
HugePages_Total:       0
HugePages_Free:        0
HugePages_Rsvd:        0
HugePages_Surp:        0
Hugepagesize:       2048 kB
Hugetlb:               0 kB
DirectMap4k:       54272 kB
DirectMap2M:     5894144 kB
DirectMap1G:    10485760 kB

Current date and time: Thu May 11 03:01:22 UTC 2023
Current memory usage:
MemTotal:        7797868 kB
MemFree:         3228692 kB
MemAvailable:    5484528 kB
Buffers:           39168 kB
Cached:          2331380 kB
SwapCached:        10788 kB
Active:           407836 kB
Inactive:        3558744 kB
Active(anon):      32268 kB
Inactive(anon):  1567896 kB
Active(file):     375568 kB
Inactive(file):  1990848 kB
Unevictable:           0 kB
Mlocked:               0 kB
SwapTotal:       2097152 kB
SwapFree:        2030196 kB
Dirty:                 0 kB
Writeback:             0 kB
AnonPages:       1474764 kB
Mapped:           291464 kB
Shmem:              4132 kB
KReclaimable:     188884 kB
Slab:             284904 kB
SReclaimable:     188884 kB
SUnreclaim:        96020 kB
KernelStack:       16832 kB
PageTables:        13540 kB
NFS_Unstable:          0 kB
Bounce:                0 kB
WritebackTmp:          0 kB
CommitLimit:     5996084 kB
Committed_AS:    5754260 kB
VmallocTotal:   34359738367 kB
VmallocUsed:       38864 kB
VmallocChunk:          0 kB
Percpu:             8576 kB
AnonHugePages:    952320 kB
ShmemHugePages:        0 kB
ShmemPmdMapped:        0 kB
FileHugePages:         0 kB
FilePmdMapped:         0 kB
HugePages_Total:       0
HugePages_Free:        0
HugePages_Rsvd:        0
HugePages_Surp:        0
Hugepagesize:       2048 kB
Hugetlb:               0 kB
DirectMap4k:       54272 kB
DirectMap2M:     5894144 kB
DirectMap1G:    10485760 kB

Current date and time: Thu May 11 03:02:21 UTC 2023
Current memory usage:
MemTotal:        7797868 kB
MemFree:         3227076 kB
MemAvailable:    5482932 kB
Buffers:           39184 kB
Cached:          2331388 kB
SwapCached:        10788 kB
Active:           407856 kB
Inactive:        3559316 kB
Active(anon):      32272 kB
Inactive(anon):  1568464 kB
Active(file):     375584 kB
Inactive(file):  1990852 kB
Unevictable:           0 kB
Mlocked:               0 kB
SwapTotal:       2097152 kB
SwapFree:        2030196 kB
Dirty:                 0 kB
Writeback:             0 kB
AnonPages:       1475212 kB
Mapped:           291464 kB
Shmem:              4136 kB
KReclaimable:     188884 kB
Slab:             284940 kB
SReclaimable:     188884 kB
SUnreclaim:        96056 kB
KernelStack:       16848 kB
PageTables:        13460 kB
NFS_Unstable:          0 kB
Bounce:                0 kB
WritebackTmp:          0 kB
CommitLimit:     5996084 kB
Committed_AS:    5754264 kB
VmallocTotal:   34359738367 kB
VmallocUsed:       38816 kB
VmallocChunk:          0 kB
Percpu:             8576 kB
AnonHugePages:    952320 kB
ShmemHugePages:        0 kB
ShmemPmdMapped:        0 kB
FileHugePages:         0 kB
FilePmdMapped:         0 kB
HugePages_Total:       0
HugePages_Free:        0
HugePages_Rsvd:        0
HugePages_Surp:        0
Hugepagesize:       2048 kB
Hugetlb:               0 kB
DirectMap4k:       54272 kB
DirectMap2M:     5894144 kB
DirectMap1G:    10485760 kB

Current date and time: Thu May 11 03:03:21 UTC 2023
Current memory usage:
MemTotal:        7797868 kB
MemFree:         3228156 kB
MemAvailable:    5484096 kB
Buffers:           39192 kB
Cached:          2331468 kB
SwapCached:        10788 kB
Active:           407872 kB
Inactive:        3559812 kB
Active(anon):      32276 kB
Inactive(anon):  1568888 kB
Active(file):     375596 kB
Inactive(file):  1990924 kB
Unevictable:           0 kB
Mlocked:               0 kB
SwapTotal:       2097152 kB
SwapFree:        2030196 kB
Dirty:                 0 kB
Writeback:             0 kB
AnonPages:       1475504 kB
Mapped:           291612 kB
Shmem:              4140 kB
KReclaimable:     188884 kB
Slab:             284920 kB
SReclaimable:     188884 kB
SUnreclaim:        96036 kB
KernelStack:       16832 kB
PageTables:        13536 kB
NFS_Unstable:          0 kB
Bounce:                0 kB
WritebackTmp:          0 kB
CommitLimit:     5996084 kB
Committed_AS:    5754268 kB
VmallocTotal:   34359738367 kB
VmallocUsed:       38848 kB
VmallocChunk:          0 kB
Percpu:             8576 kB
AnonHugePages:    952320 kB
ShmemHugePages:        0 kB
ShmemPmdMapped:        0 kB
FileHugePages:         0 kB
FilePmdMapped:         0 kB
HugePages_Total:       0
HugePages_Free:        0
HugePages_Rsvd:        0
HugePages_Surp:        0
Hugepagesize:       2048 kB
Hugetlb:               0 kB
DirectMap4k:       54272 kB
DirectMap2M:     5894144 kB
DirectMap1G:    10485760 kB

Current date and time: Thu May 11 03:04:22 UTC 2023
Current memory usage:
MemTotal:        7797868 kB
MemFree:         3224096 kB
MemAvailable:    5480064 kB
Buffers:           39200 kB
Cached:          2331508 kB
SwapCached:        10788 kB
Active:           407884 kB
Inactive:        3558888 kB
Active(anon):      32280 kB
Inactive(anon):  1567928 kB
Active(file):     375604 kB
Inactive(file):  1990960 kB
Unevictable:           0 kB
Mlocked:               0 kB
SwapTotal:       2097152 kB
SwapFree:        2030196 kB
Dirty:                 0 kB
Writeback:             0 kB
AnonPages:       1474424 kB
Mapped:           291604 kB
Shmem:              4144 kB
KReclaimable:     188868 kB
Slab:             284880 kB
SReclaimable:     188868 kB
SUnreclaim:        96012 kB
KernelStack:       16832 kB
PageTables:        13536 kB
NFS_Unstable:          0 kB
Bounce:                0 kB
WritebackTmp:          0 kB
CommitLimit:     5996084 kB
Committed_AS:    5754272 kB
VmallocTotal:   34359738367 kB
VmallocUsed:       38800 kB
VmallocChunk:          0 kB
Percpu:             8576 kB
AnonHugePages:    952320 kB
ShmemHugePages:        0 kB
ShmemPmdMapped:        0 kB
FileHugePages:         0 kB
FilePmdMapped:         0 kB
HugePages_Total:       0
HugePages_Free:        0
HugePages_Rsvd:        0
HugePages_Surp:        0
Hugepagesize:       2048 kB
Hugetlb:               0 kB
DirectMap4k:       54272 kB
DirectMap2M:     5894144 kB
DirectMap1G:    10485760 kB

Current date and time: Thu May 11 03:05:22 UTC 2023
Current memory usage:
MemTotal:        7797868 kB
MemFree:         3225040 kB
MemAvailable:    5481032 kB
Buffers:           39208 kB
Cached:          2331512 kB
SwapCached:        10788 kB
Active:           407896 kB
Inactive:        3559476 kB
Active(anon):      32284 kB
Inactive(anon):  1568516 kB
Active(file):     375612 kB
Inactive(file):  1990960 kB
Unevictable:           0 kB
Mlocked:               0 kB
SwapTotal:       2097152 kB
SwapFree:        2030196 kB
Dirty:                 0 kB
Writeback:             0 kB
AnonPages:       1475004 kB
Mapped:           291620 kB
Shmem:              4148 kB
KReclaimable:     188884 kB
Slab:             284928 kB
SReclaimable:     188884 kB
SUnreclaim:        96044 kB
KernelStack:       16816 kB
PageTables:        13536 kB
NFS_Unstable:          0 kB
Bounce:                0 kB
WritebackTmp:          0 kB
CommitLimit:     5996084 kB
Committed_AS:    5754276 kB
VmallocTotal:   34359738367 kB
VmallocUsed:       38848 kB
VmallocChunk:          0 kB
Percpu:             8576 kB
AnonHugePages:    952320 kB
ShmemHugePages:        0 kB
ShmemPmdMapped:        0 kB
FileHugePages:         0 kB
FilePmdMapped:         0 kB
HugePages_Total:       0
HugePages_Free:        0
HugePages_Rsvd:        0
HugePages_Surp:        0
Hugepagesize:       2048 kB
Hugetlb:               0 kB
DirectMap4k:       54272 kB
DirectMap2M:     5894144 kB
DirectMap1G:    10485760 kB

Current date and time: Thu May 11 03:06:22 UTC 2023
Current memory usage:
MemTotal:        7797868 kB
MemFree:         3225204 kB
MemAvailable:    5481204 kB
Buffers:           39216 kB
Cached:          2331516 kB
SwapCached:        10788 kB
Active:           407908 kB
Inactive:        3559256 kB
Active(anon):      32288 kB
Inactive(anon):  1568296 kB
Active(file):     375620 kB
Inactive(file):  1990960 kB
Unevictable:           0 kB
Mlocked:               0 kB
SwapTotal:       2097152 kB
SwapFree:        2030196 kB
Dirty:                 0 kB
Writeback:             0 kB
AnonPages:       1474776 kB
Mapped:           291544 kB
Shmem:              4152 kB
KReclaimable:     188884 kB
Slab:             284916 kB
SReclaimable:     188884 kB
SUnreclaim:        96032 kB
KernelStack:       16816 kB
PageTables:        13528 kB
NFS_Unstable:          0 kB
Bounce:                0 kB
WritebackTmp:          0 kB
CommitLimit:     5996084 kB
Committed_AS:    5754280 kB
VmallocTotal:   34359738367 kB
VmallocUsed:       38816 kB
VmallocChunk:          0 kB
Percpu:             8576 kB
AnonHugePages:    952320 kB
ShmemHugePages:        0 kB
ShmemPmdMapped:        0 kB
FileHugePages:         0 kB
FilePmdMapped:         0 kB
HugePages_Total:       0
HugePages_Free:        0
HugePages_Rsvd:        0
HugePages_Surp:        0
Hugepagesize:       2048 kB
Hugetlb:               0 kB
DirectMap4k:       54272 kB
DirectMap2M:     5894144 kB
DirectMap1G:    10485760 kB

Current date and time: Thu May 11 03:07:22 UTC 2023
Current memory usage:
MemTotal:        7797868 kB
MemFree:         3228980 kB
MemAvailable:    5485704 kB
Buffers:           39224 kB
Cached:          2332236 kB
SwapCached:        10788 kB
Active:           407924 kB
Inactive:        3560324 kB
Active(anon):      32292 kB
Inactive(anon):  1568652 kB
Active(file):     375632 kB
Inactive(file):  1991672 kB
Unevictable:           0 kB
Mlocked:               0 kB
SwapTotal:       2097152 kB
SwapFree:        2030196 kB
Dirty:                 0 kB
Writeback:             0 kB
AnonPages:       1475172 kB
Mapped:           291472 kB
Shmem:              4156 kB
KReclaimable:     188884 kB
Slab:             284904 kB
SReclaimable:     188884 kB
SUnreclaim:        96020 kB
KernelStack:       16832 kB
PageTables:        13536 kB
NFS_Unstable:          0 kB
Bounce:                0 kB
WritebackTmp:          0 kB
CommitLimit:     5996084 kB
Committed_AS:    5754284 kB
VmallocTotal:   34359738367 kB
VmallocUsed:       38864 kB
VmallocChunk:          0 kB
Percpu:             8576 kB
AnonHugePages:    952320 kB
ShmemHugePages:        0 kB
ShmemPmdMapped:        0 kB
FileHugePages:         0 kB
FilePmdMapped:         0 kB
HugePages_Total:       0
HugePages_Free:        0
HugePages_Rsvd:        0
HugePages_Surp:        0
Hugepagesize:       2048 kB
Hugetlb:               0 kB
DirectMap4k:       54272 kB
DirectMap2M:     5894144 kB
DirectMap1G:    10485760 kB

Current date and time: Thu May 11 03:08:21 UTC 2023
Current memory usage:
MemTotal:        7797868 kB
MemFree:         3225084 kB
MemAvailable:    5481816 kB
Buffers:           39232 kB
Cached:          2332240 kB
SwapCached:        10788 kB
Active:           407936 kB
Inactive:        3559532 kB
Active(anon):      32296 kB
Inactive(anon):  1567860 kB
Active(file):     375640 kB
Inactive(file):  1991672 kB
Unevictable:           0 kB
Mlocked:               0 kB
SwapTotal:       2097152 kB
SwapFree:        2030196 kB
Dirty:                 0 kB
Writeback:             0 kB
AnonPages:       1474568 kB
Mapped:           291484 kB
Shmem:              4160 kB
KReclaimable:     188884 kB
Slab:             284928 kB
SReclaimable:     188884 kB
SUnreclaim:        96044 kB
KernelStack:       16832 kB
PageTables:        13536 kB
NFS_Unstable:          0 kB
Bounce:                0 kB
WritebackTmp:          0 kB
CommitLimit:     5996084 kB
Committed_AS:    5754288 kB
VmallocTotal:   34359738367 kB
VmallocUsed:       38848 kB
VmallocChunk:          0 kB
Percpu:             8576 kB
AnonHugePages:    952320 kB
ShmemHugePages:        0 kB
ShmemPmdMapped:        0 kB
FileHugePages:         0 kB
FilePmdMapped:         0 kB
HugePages_Total:       0
HugePages_Free:        0
HugePages_Rsvd:        0
HugePages_Surp:        0
Hugepagesize:       2048 kB
Hugetlb:               0 kB
DirectMap4k:       54272 kB
DirectMap2M:     5894144 kB
DirectMap1G:    10485760 kB

Current date and time: Thu May 11 03:09:21 UTC 2023
Current memory usage:
MemTotal:        7797868 kB
MemFree:         3223832 kB
MemAvailable:    5480572 kB
Buffers:           39240 kB
Cached:          2332244 kB
SwapCached:        10788 kB
Active:           407948 kB
Inactive:        3559468 kB
Active(anon):      32300 kB
Inactive(anon):  1567796 kB
Active(file):     375648 kB
Inactive(file):  1991672 kB
Unevictable:           0 kB
Mlocked:               0 kB
SwapTotal:       2097152 kB
SwapFree:        2030196 kB
Dirty:                 0 kB
Writeback:             0 kB
AnonPages:       1474364 kB
Mapped:           291776 kB
Shmem:              4164 kB
KReclaimable:     188884 kB
Slab:             284944 kB
SReclaimable:     188884 kB
SUnreclaim:        96060 kB
KernelStack:       16832 kB
PageTables:        13528 kB
NFS_Unstable:          0 kB
Bounce:                0 kB
WritebackTmp:          0 kB
CommitLimit:     5996084 kB
Committed_AS:    5754292 kB
VmallocTotal:   34359738367 kB
VmallocUsed:       38880 kB
VmallocChunk:          0 kB
Percpu:             8576 kB
AnonHugePages:    952320 kB
ShmemHugePages:        0 kB
ShmemPmdMapped:        0 kB
FileHugePages:         0 kB
FilePmdMapped:         0 kB
HugePages_Total:       0
HugePages_Free:        0
HugePages_Rsvd:        0
HugePages_Surp:        0
Hugepagesize:       2048 kB
Hugetlb:               0 kB
DirectMap4k:       54272 kB
DirectMap2M:     5894144 kB
DirectMap1G:    10485760 kB

Current date and time: Thu May 11 03:10:21 UTC 2023
Current memory usage:
MemTotal:        7797868 kB
MemFree:         3226464 kB
MemAvailable:    5483224 kB
Buffers:           39256 kB
Cached:          2332252 kB
SwapCached:        10788 kB
Active:           407968 kB
Inactive:        3559560 kB
Active(anon):      32304 kB
Inactive(anon):  1567884 kB
Active(file):     375664 kB
Inactive(file):  1991676 kB
Unevictable:           0 kB
Mlocked:               0 kB
SwapTotal:       2097152 kB
SwapFree:        2030196 kB
Dirty:                 0 kB
Writeback:             0 kB
AnonPages:       1474408 kB
Mapped:           291564 kB
Shmem:              4168 kB
KReclaimable:     188884 kB
Slab:             284928 kB
SReclaimable:     188884 kB
SUnreclaim:        96044 kB
KernelStack:       16832 kB
PageTables:        13544 kB
NFS_Unstable:          0 kB
Bounce:                0 kB
WritebackTmp:          0 kB
CommitLimit:     5996084 kB
Committed_AS:    5754296 kB
VmallocTotal:   34359738367 kB
VmallocUsed:       38832 kB
VmallocChunk:          0 kB
Percpu:             8576 kB
AnonHugePages:    952320 kB
ShmemHugePages:        0 kB
ShmemPmdMapped:        0 kB
FileHugePages:         0 kB
FilePmdMapped:         0 kB
HugePages_Total:       0
HugePages_Free:        0
HugePages_Rsvd:        0
HugePages_Surp:        0
Hugepagesize:       2048 kB
Hugetlb:               0 kB
DirectMap4k:       54272 kB
DirectMap2M:     5894144 kB
DirectMap1G:    10485760 kB

Current date and time: Thu May 11 03:11:22 UTC 2023
Current memory usage:
MemTotal:        7797868 kB
MemFree:         3223468 kB
MemAvailable:    5480236 kB
Buffers:           39264 kB
Cached:          2332256 kB
SwapCached:        10788 kB
Active:           407980 kB
Inactive:        3559632 kB
Active(anon):      32308 kB
Inactive(anon):  1567956 kB
Active(file):     375672 kB
Inactive(file):  1991676 kB
Unevictable:           0 kB
Mlocked:               0 kB
SwapTotal:       2097152 kB
SwapFree:        2030196 kB
Dirty:                 0 kB
Writeback:             0 kB
AnonPages:       1474384 kB
Mapped:           291812 kB
Shmem:              4172 kB
KReclaimable:     188884 kB
Slab:             284956 kB
SReclaimable:     188884 kB
SUnreclaim:        96072 kB
KernelStack:       16816 kB
PageTables:        13508 kB
NFS_Unstable:          0 kB
Bounce:                0 kB
WritebackTmp:          0 kB
CommitLimit:     5996084 kB
Committed_AS:    5754300 kB
VmallocTotal:   34359738367 kB
VmallocUsed:       38880 kB
VmallocChunk:          0 kB
Percpu:             8576 kB
AnonHugePages:    952320 kB
ShmemHugePages:        0 kB
ShmemPmdMapped:        0 kB
FileHugePages:         0 kB
FilePmdMapped:         0 kB
HugePages_Total:       0
HugePages_Free:        0
HugePages_Rsvd:        0
HugePages_Surp:        0
Hugepagesize:       2048 kB
Hugetlb:               0 kB
DirectMap4k:       54272 kB
DirectMap2M:     5894144 kB
DirectMap1G:    10485760 kB

Current date and time: Thu May 11 03:12:21 UTC 2023
Current memory usage:
MemTotal:        7797868 kB
MemFree:         3231780 kB
MemAvailable:    5488556 kB
Buffers:           39272 kB
Cached:          2332260 kB
SwapCached:        10788 kB
Active:           407992 kB
Inactive:        3559716 kB
Active(anon):      32312 kB
Inactive(anon):  1568040 kB
Active(file):     375680 kB
Inactive(file):  1991676 kB
Unevictable:           0 kB
Mlocked:               0 kB
SwapTotal:       2097152 kB
SwapFree:        2030196 kB
Dirty:                 0 kB
Writeback:             0 kB
AnonPages:       1474484 kB
Mapped:           291712 kB
Shmem:              4176 kB
KReclaimable:     188884 kB
Slab:             284952 kB
SReclaimable:     188884 kB
SUnreclaim:        96068 kB
KernelStack:       16816 kB
PageTables:        13536 kB
NFS_Unstable:          0 kB
Bounce:                0 kB
WritebackTmp:          0 kB
CommitLimit:     5996084 kB
Committed_AS:    5754304 kB
VmallocTotal:   34359738367 kB
VmallocUsed:       38848 kB
VmallocChunk:          0 kB
Percpu:             8576 kB
AnonHugePages:    952320 kB
ShmemHugePages:        0 kB
ShmemPmdMapped:        0 kB
FileHugePages:         0 kB
FilePmdMapped:         0 kB
HugePages_Total:       0
HugePages_Free:        0
HugePages_Rsvd:        0
HugePages_Surp:        0
Hugepagesize:       2048 kB
Hugetlb:               0 kB
DirectMap4k:       54272 kB
DirectMap2M:     5894144 kB
DirectMap1G:    10485760 kB

Current date and time: Thu May 11 03:13:22 UTC 2023
Current memory usage:
MemTotal:        7797868 kB
MemFree:         3228500 kB
MemAvailable:    5485284 kB
Buffers:           39280 kB
Cached:          2332264 kB
SwapCached:        10788 kB
Active:           408004 kB
Inactive:        3560028 kB
