
Current date and time: Wed May 10 16:32:08 UTC 2023
Current memory usage:
MemTotal:        7797868 kB
MemFree:         2534124 kB
MemAvailable:    5437784 kB
Buffers:           41988 kB
Cached:          2978888 kB
SwapCached:         1760 kB
Active:           539960 kB
Inactive:        4110332 kB
Active(anon):      19580 kB
Inactive(anon):  1614008 kB
Active(file):     520380 kB
Inactive(file):  2496324 kB
Unevictable:           0 kB
Mlocked:               0 kB
SwapTotal:       2097152 kB
SwapFree:        2081440 kB
Dirty:                 0 kB
Writeback:             0 kB
AnonPages:       1491480 kB
Mapped:           356668 kB
Shmem:              4272 kB
KReclaimable:     186420 kB
Slab:             282604 kB
SReclaimable:     186420 kB
SUnreclaim:        96184 kB
KernelStack:       16688 kB
PageTables:        13476 kB
NFS_Unstable:          0 kB
Bounce:                0 kB
WritebackTmp:          0 kB
CommitLimit:     5996084 kB
Committed_AS:    5713352 kB
VmallocTotal:   34359738367 kB
VmallocUsed:       38704 kB
VmallocChunk:          0 kB
Percpu:             8576 kB
AnonHugePages:    849920 kB
ShmemHugePages:        0 kB
ShmemPmdMapped:        0 kB
FileHugePages:         0 kB
FilePmdMapped:         0 kB
HugePages_Total:       0
HugePages_Free:        0
HugePages_Rsvd:        0
HugePages_Surp:        0
Hugepagesize:       2048 kB
Hugetlb:               0 kB
DirectMap4k:       68608 kB
DirectMap2M:     6928384 kB
DirectMap1G:     9437184 kB

Current date and time: Wed May 10 16:33:09 UTC 2023
Current memory usage:
MemTotal:        7797868 kB
MemFree:         2534040 kB
MemAvailable:    5437692 kB
Buffers:           41996 kB
Cached:          2978892 kB
SwapCached:         1760 kB
Active:           539980 kB
Inactive:        4110588 kB
Active(anon):      19588 kB
Inactive(anon):  1614268 kB
Active(file):     520392 kB
Inactive(file):  2496320 kB
Unevictable:           0 kB
Mlocked:               0 kB
SwapTotal:       2097152 kB
SwapFree:        2081440 kB
Dirty:                 0 kB
Writeback:             0 kB
AnonPages:       1491632 kB
Mapped:           356688 kB
Shmem:              4276 kB
KReclaimable:     186404 kB
Slab:             282584 kB
SReclaimable:     186404 kB
SUnreclaim:        96180 kB
KernelStack:       16688 kB
PageTables:        13492 kB
NFS_Unstable:          0 kB
Bounce:                0 kB
WritebackTmp:          0 kB
CommitLimit:     5996084 kB
Committed_AS:    5713356 kB
VmallocTotal:   34359738367 kB
VmallocUsed:       38688 kB
VmallocChunk:          0 kB
Percpu:             8576 kB
AnonHugePages:    849920 kB
ShmemHugePages:        0 kB
ShmemPmdMapped:        0 kB
FileHugePages:         0 kB
FilePmdMapped:         0 kB
HugePages_Total:       0
HugePages_Free:        0
HugePages_Rsvd:        0
HugePages_Surp:        0
Hugepagesize:       2048 kB
Hugetlb:               0 kB
DirectMap4k:       68608 kB
DirectMap2M:     6928384 kB
DirectMap1G:     9437184 kB

Current date and time: Wed May 10 16:34:08 UTC 2023
Current memory usage:
MemTotal:        7797868 kB
MemFree:         2534644 kB
MemAvailable:    5438304 kB
Buffers:           42004 kB
Cached:          2978896 kB
SwapCached:         1760 kB
Active:           539988 kB
Inactive:        4110684 kB
Active(anon):      19588 kB
Inactive(anon):  1614364 kB
Active(file):     520400 kB
Inactive(file):  2496320 kB
Unevictable:           0 kB
Mlocked:               0 kB
SwapTotal:       2097152 kB
SwapFree:        2081440 kB
Dirty:                 0 kB
Writeback:             0 kB
AnonPages:       1491588 kB
Mapped:           356740 kB
Shmem:              4280 kB
KReclaimable:     186404 kB
Slab:             282576 kB
SReclaimable:     186404 kB
SUnreclaim:        96172 kB
KernelStack:       16688 kB
PageTables:        13476 kB
NFS_Unstable:          0 kB
Bounce:                0 kB
WritebackTmp:          0 kB
CommitLimit:     5996084 kB
Committed_AS:    5713360 kB
VmallocTotal:   34359738367 kB
VmallocUsed:       38688 kB
VmallocChunk:          0 kB
Percpu:             8576 kB
AnonHugePages:    849920 kB
ShmemHugePages:        0 kB
ShmemPmdMapped:        0 kB
FileHugePages:         0 kB
FilePmdMapped:         0 kB
HugePages_Total:       0
HugePages_Free:        0
HugePages_Rsvd:        0
HugePages_Surp:        0
Hugepagesize:       2048 kB
Hugetlb:               0 kB
DirectMap4k:       68608 kB
DirectMap2M:     6928384 kB
DirectMap1G:     9437184 kB

Current date and time: Wed May 10 16:35:08 UTC 2023
Current memory usage:
MemTotal:        7797868 kB
MemFree:         2534484 kB
MemAvailable:    5438136 kB
Buffers:           42012 kB
Cached:          2978900 kB
SwapCached:         1760 kB
Active:           540008 kB
Inactive:        4110672 kB
Active(anon):      19592 kB
Inactive(anon):  1614360 kB
Active(file):     520416 kB
Inactive(file):  2496312 kB
Unevictable:           0 kB
Mlocked:               0 kB
SwapTotal:       2097152 kB
SwapFree:        2081440 kB
Dirty:                 0 kB
Writeback:             0 kB
AnonPages:       1491516 kB
Mapped:           356732 kB
Shmem:              4284 kB
KReclaimable:     186388 kB
Slab:             282604 kB
SReclaimable:     186388 kB
SUnreclaim:        96216 kB
KernelStack:       16688 kB
PageTables:        13480 kB
NFS_Unstable:          0 kB
Bounce:                0 kB
WritebackTmp:          0 kB
CommitLimit:     5996084 kB
Committed_AS:    5713364 kB
VmallocTotal:   34359738367 kB
VmallocUsed:       38720 kB
VmallocChunk:          0 kB
Percpu:             8576 kB
AnonHugePages:    849920 kB
ShmemHugePages:        0 kB
ShmemPmdMapped:        0 kB
FileHugePages:         0 kB
FilePmdMapped:         0 kB
HugePages_Total:       0
HugePages_Free:        0
HugePages_Rsvd:        0
HugePages_Surp:        0
Hugepagesize:       2048 kB
Hugetlb:               0 kB
DirectMap4k:       68608 kB
DirectMap2M:     6928384 kB
DirectMap1G:     9437184 kB

Current date and time: Wed May 10 16:36:08 UTC 2023
Current memory usage:
MemTotal:        7797868 kB
MemFree:         2533864 kB
MemAvailable:    5437556 kB
Buffers:           42020 kB
Cached:          2978904 kB
SwapCached:         1760 kB
Active:           540020 kB
Inactive:        4110756 kB
Active(anon):      19596 kB
Inactive(anon):  1614444 kB
Active(file):     520424 kB
Inactive(file):  2496312 kB
Unevictable:           0 kB
Mlocked:               0 kB
SwapTotal:       2097152 kB
SwapFree:        2081440 kB
Dirty:                 0 kB
Writeback:             0 kB
AnonPages:       1491548 kB
Mapped:           356724 kB
Shmem:              4288 kB
KReclaimable:     186420 kB
Slab:             282624 kB
SReclaimable:     186420 kB
SUnreclaim:        96204 kB
KernelStack:       16688 kB
PageTables:        13484 kB
NFS_Unstable:          0 kB
Bounce:                0 kB
WritebackTmp:          0 kB
CommitLimit:     5996084 kB
Committed_AS:    5713368 kB
VmallocTotal:   34359738367 kB
VmallocUsed:       38704 kB
VmallocChunk:          0 kB
Percpu:             8576 kB
AnonHugePages:    849920 kB
ShmemHugePages:        0 kB
ShmemPmdMapped:        0 kB
FileHugePages:         0 kB
FilePmdMapped:         0 kB
HugePages_Total:       0
HugePages_Free:        0
HugePages_Rsvd:        0
HugePages_Surp:        0
Hugepagesize:       2048 kB
Hugetlb:               0 kB
DirectMap4k:       68608 kB
DirectMap2M:     6928384 kB
DirectMap1G:     9437184 kB

Current date and time: Wed May 10 16:37:08 UTC 2023
Current memory usage:
MemTotal:        7797868 kB
MemFree:         2504476 kB
MemAvailable:    5408140 kB
Buffers:           42036 kB
Cached:          2978908 kB
SwapCached:         1760 kB
Active:           540064 kB
Inactive:        4139436 kB
Active(anon):      19600 kB
Inactive(anon):  1643144 kB
Active(file):     520464 kB
Inactive(file):  2496292 kB
Unevictable:           0 kB
Mlocked:               0 kB
SwapTotal:       2097152 kB
SwapFree:        2081440 kB
Dirty:                 0 kB
Writeback:             0 kB
AnonPages:       1520124 kB
Mapped:           356664 kB
Shmem:              4288 kB
KReclaimable:     186372 kB
Slab:             282620 kB
SReclaimable:     186372 kB
SUnreclaim:        96248 kB
KernelStack:       16704 kB
PageTables:        13604 kB
NFS_Unstable:          0 kB
Bounce:                0 kB
WritebackTmp:          0 kB
CommitLimit:     5996084 kB
Committed_AS:    5748516 kB
VmallocTotal:   34359738367 kB
VmallocUsed:       38736 kB
VmallocChunk:          0 kB
Percpu:             8576 kB
AnonHugePages:    866304 kB
ShmemHugePages:        0 kB
ShmemPmdMapped:        0 kB
FileHugePages:         0 kB
FilePmdMapped:         0 kB
HugePages_Total:       0
HugePages_Free:        0
HugePages_Rsvd:        0
HugePages_Surp:        0
Hugepagesize:       2048 kB
Hugetlb:               0 kB
DirectMap4k:       68608 kB
DirectMap2M:     6928384 kB
DirectMap1G:     9437184 kB

Current date and time: Wed May 10 16:38:08 UTC 2023
Current memory usage:
MemTotal:        7797868 kB
MemFree:         2482468 kB
MemAvailable:    5386140 kB
Buffers:           42044 kB
Cached:          2978912 kB
SwapCached:         1760 kB
Active:           540100 kB
Inactive:        4162468 kB
Active(anon):      19604 kB
Inactive(anon):  1666200 kB
Active(file):     520496 kB
Inactive(file):  2496268 kB
Unevictable:           0 kB
Mlocked:               0 kB
SwapTotal:       2097152 kB
SwapFree:        2081440 kB
Dirty:                 0 kB
Writeback:             0 kB
AnonPages:       1543276 kB
Mapped:           356680 kB
Shmem:              4292 kB
KReclaimable:     186372 kB
Slab:             282520 kB
SReclaimable:     186372 kB
SUnreclaim:        96148 kB
KernelStack:       16672 kB
PageTables:        13872 kB
NFS_Unstable:          0 kB
Bounce:                0 kB
WritebackTmp:          0 kB
CommitLimit:     5996084 kB
Committed_AS:    5775472 kB
VmallocTotal:   34359738367 kB
VmallocUsed:       38720 kB
VmallocChunk:          0 kB
Percpu:             8576 kB
AnonHugePages:    878592 kB
ShmemHugePages:        0 kB
ShmemPmdMapped:        0 kB
FileHugePages:         0 kB
FilePmdMapped:         0 kB
HugePages_Total:       0
HugePages_Free:        0
HugePages_Rsvd:        0
HugePages_Surp:        0
Hugepagesize:       2048 kB
Hugetlb:               0 kB
DirectMap4k:       68608 kB
DirectMap2M:     6928384 kB
DirectMap1G:     9437184 kB

Current date and time: Wed May 10 16:39:08 UTC 2023
Current memory usage:
MemTotal:        7797868 kB
MemFree:         2482564 kB
MemAvailable:    5386276 kB
Buffers:           42052 kB
Cached:          2978916 kB
SwapCached:         1760 kB
Active:           540112 kB
Inactive:        4162072 kB
Active(anon):      19608 kB
Inactive(anon):  1665804 kB
Active(file):     520504 kB
Inactive(file):  2496268 kB
Unevictable:           0 kB
Mlocked:               0 kB
SwapTotal:       2097152 kB
SwapFree:        2081440 kB
Dirty:                 0 kB
Writeback:             0 kB
AnonPages:       1543056 kB
Mapped:           356660 kB
Shmem:              4296 kB
KReclaimable:     186404 kB
Slab:             282588 kB
SReclaimable:     186404 kB
SUnreclaim:        96184 kB
KernelStack:       16688 kB
PageTables:        13632 kB
NFS_Unstable:          0 kB
Bounce:                0 kB
WritebackTmp:          0 kB
CommitLimit:     5996084 kB
Committed_AS:    5775476 kB
VmallocTotal:   34359738367 kB
VmallocUsed:       38736 kB
VmallocChunk:          0 kB
Percpu:             8576 kB
AnonHugePages:    878592 kB
ShmemHugePages:        0 kB
ShmemPmdMapped:        0 kB
FileHugePages:         0 kB
FilePmdMapped:         0 kB
HugePages_Total:       0
HugePages_Free:        0
HugePages_Rsvd:        0
HugePages_Surp:        0
Hugepagesize:       2048 kB
Hugetlb:               0 kB
DirectMap4k:       68608 kB
DirectMap2M:     6928384 kB
DirectMap1G:     9437184 kB

Current date and time: Wed May 10 16:40:08 UTC 2023
Current memory usage:
MemTotal:        7797868 kB
MemFree:         2471808 kB
MemAvailable:    5375528 kB
Buffers:           42060 kB
Cached:          2978920 kB
SwapCached:         1760 kB
Active:           540124 kB
Inactive:        4174756 kB
Active(anon):      19612 kB
Inactive(anon):  1678488 kB
Active(file):     520512 kB
Inactive(file):  2496268 kB
Unevictable:           0 kB
Mlocked:               0 kB
SwapTotal:       2097152 kB
SwapFree:        2081440 kB
Dirty:                 0 kB
Writeback:             0 kB
AnonPages:       1555348 kB
Mapped:           356676 kB
Shmem:              4300 kB
KReclaimable:     186404 kB
Slab:             282488 kB
SReclaimable:     186404 kB
SUnreclaim:        96084 kB
KernelStack:       16656 kB
PageTables:        13728 kB
NFS_Unstable:          0 kB
Bounce:                0 kB
WritebackTmp:          0 kB
CommitLimit:     5996084 kB
Committed_AS:    5775480 kB
VmallocTotal:   34359738367 kB
VmallocUsed:       38720 kB
VmallocChunk:          0 kB
Percpu:             8576 kB
AnonHugePages:    892928 kB
ShmemHugePages:        0 kB
ShmemPmdMapped:        0 kB
FileHugePages:         0 kB
FilePmdMapped:         0 kB
HugePages_Total:       0
HugePages_Free:        0
HugePages_Rsvd:        0
HugePages_Surp:        0
Hugepagesize:       2048 kB
Hugetlb:               0 kB
DirectMap4k:       68608 kB
DirectMap2M:     6928384 kB
DirectMap1G:     9437184 kB

Current date and time: Wed May 10 16:41:08 UTC 2023
Current memory usage:
MemTotal:        7797868 kB
MemFree:         2468784 kB
MemAvailable:    5372496 kB
Buffers:           42068 kB
Cached:          2978924 kB
SwapCached:         1760 kB
Active:           540148 kB
Inactive:        4180600 kB
Active(anon):      19616 kB
Inactive(anon):  1684344 kB
Active(file):     520532 kB
Inactive(file):  2496256 kB
Unevictable:           0 kB
Mlocked:               0 kB
SwapTotal:       2097152 kB
SwapFree:        2081440 kB
Dirty:                 0 kB
Writeback:             0 kB
AnonPages:       1567420 kB
Mapped:           356692 kB
Shmem:              4304 kB
KReclaimable:     186388 kB
Slab:             282584 kB
SReclaimable:     186388 kB
SUnreclaim:        96196 kB
KernelStack:       16704 kB
PageTables:        14012 kB
NFS_Unstable:          0 kB
Bounce:                0 kB
WritebackTmp:          0 kB
CommitLimit:     5996084 kB
Committed_AS:    5775484 kB
VmallocTotal:   34359738367 kB
VmallocUsed:       38736 kB
VmallocChunk:          0 kB
Percpu:             8576 kB
AnonHugePages:    905216 kB
ShmemHugePages:        0 kB
ShmemPmdMapped:        0 kB
FileHugePages:         0 kB
FilePmdMapped:         0 kB
HugePages_Total:       0
HugePages_Free:        0
HugePages_Rsvd:        0
HugePages_Surp:        0
Hugepagesize:       2048 kB
Hugetlb:               0 kB
DirectMap4k:       68608 kB
DirectMap2M:     6928384 kB
DirectMap1G:     9437184 kB

Current date and time: Wed May 10 16:42:08 UTC 2023
Current memory usage:
MemTotal:        7797868 kB
MemFree:         2472004 kB
MemAvailable:    5375772 kB
Buffers:           42076 kB
Cached:          2978928 kB
SwapCached:         1760 kB
Active:           540160 kB
Inactive:        4178672 kB
Active(anon):      19620 kB
Inactive(anon):  1682416 kB
Active(file):     520540 kB
Inactive(file):  2496256 kB
Unevictable:           0 kB
Mlocked:               0 kB
SwapTotal:       2097152 kB
SwapFree:        2081440 kB
Dirty:                 0 kB
Writeback:             0 kB
AnonPages:       1572888 kB
Mapped:           356656 kB
Shmem:              4308 kB
KReclaimable:     186436 kB
Slab:             282716 kB
SReclaimable:     186436 kB
SUnreclaim:        96280 kB
KernelStack:       16736 kB
PageTables:        13868 kB
NFS_Unstable:          0 kB
Bounce:                0 kB
WritebackTmp:          0 kB
CommitLimit:     5996084 kB
Committed_AS:    5775488 kB
VmallocTotal:   34359738367 kB
VmallocUsed:       38752 kB
VmallocChunk:          0 kB
Percpu:             8576 kB
AnonHugePages:    956416 kB
ShmemHugePages:        0 kB
ShmemPmdMapped:        0 kB
FileHugePages:         0 kB
FilePmdMapped:         0 kB
HugePages_Total:       0
HugePages_Free:        0
HugePages_Rsvd:        0
HugePages_Surp:        0
Hugepagesize:       2048 kB
Hugetlb:               0 kB
DirectMap4k:       68608 kB
DirectMap2M:     6928384 kB
DirectMap1G:     9437184 kB

Current date and time: Wed May 10 16:43:08 UTC 2023
Current memory usage:
MemTotal:        7797868 kB
MemFree:         2473252 kB
MemAvailable:    5377092 kB
Buffers:           42084 kB
Cached:          2979012 kB
SwapCached:         1760 kB
Active:           540172 kB
Inactive:        4172796 kB
Active(anon):      19624 kB
Inactive(anon):  1676460 kB
Active(file):     520548 kB
Inactive(file):  2496336 kB
Unevictable:           0 kB
Mlocked:               0 kB
SwapTotal:       2097152 kB
SwapFree:        2081440 kB
Dirty:                 0 kB
Writeback:             0 kB
AnonPages:       1566724 kB
Mapped:           356752 kB
Shmem:              4312 kB
KReclaimable:     186420 kB
Slab:             282624 kB
SReclaimable:     186420 kB
SUnreclaim:        96204 kB
KernelStack:       16704 kB
PageTables:        13596 kB
NFS_Unstable:          0 kB
Bounce:                0 kB
WritebackTmp:          0 kB
CommitLimit:     5996084 kB
Committed_AS:    5767296 kB
VmallocTotal:   34359738367 kB
VmallocUsed:       38720 kB
VmallocChunk:          0 kB
Percpu:             8576 kB
AnonHugePages:    964608 kB
ShmemHugePages:        0 kB
ShmemPmdMapped:        0 kB
FileHugePages:         0 kB
FilePmdMapped:         0 kB
HugePages_Total:       0
HugePages_Free:        0
HugePages_Rsvd:        0
HugePages_Surp:        0
Hugepagesize:       2048 kB
Hugetlb:               0 kB
DirectMap4k:       68608 kB
DirectMap2M:     6928384 kB
DirectMap1G:     9437184 kB

Current date and time: Wed May 10 16:44:08 UTC 2023
Current memory usage:
MemTotal:        7797868 kB
MemFree:         2475784 kB
MemAvailable:    5379600 kB
Buffers:           42092 kB
Cached:          2979016 kB
SwapCached:         1760 kB
Active:           540184 kB
Inactive:        4174052 kB
Active(anon):      19628 kB
Inactive(anon):  1677716 kB
Active(file):     520556 kB
Inactive(file):  2496336 kB
Unevictable:           0 kB
Mlocked:               0 kB
SwapTotal:       2097152 kB
SwapFree:        2081440 kB
Dirty:                 0 kB
Writeback:             0 kB
AnonPages:       1569996 kB
Mapped:           356692 kB
Shmem:              4316 kB
KReclaimable:     186388 kB
Slab:             282620 kB
SReclaimable:     186388 kB
SUnreclaim:        96232 kB
KernelStack:       16704 kB
PageTables:        13600 kB
NFS_Unstable:          0 kB
Bounce:                0 kB
WritebackTmp:          0 kB
CommitLimit:     5996084 kB
Committed_AS:    5767300 kB
VmallocTotal:   34359738367 kB
VmallocUsed:       38720 kB
VmallocChunk:          0 kB
Percpu:             8576 kB
AnonHugePages:    970752 kB
ShmemHugePages:        0 kB
ShmemPmdMapped:        0 kB
FileHugePages:         0 kB
FilePmdMapped:         0 kB
HugePages_Total:       0
HugePages_Free:        0
HugePages_Rsvd:        0
HugePages_Surp:        0
Hugepagesize:       2048 kB
Hugetlb:               0 kB
DirectMap4k:       68608 kB
DirectMap2M:     6928384 kB
DirectMap1G:     9437184 kB

Current date and time: Wed May 10 16:45:08 UTC 2023
Current memory usage:
MemTotal:        7797868 kB
MemFree:         2475864 kB
MemAvailable:    5380208 kB
Buffers:           42108 kB
Cached:          2979516 kB
SwapCached:         1760 kB
Active:           540612 kB
Inactive:        4175584 kB
Active(anon):      19632 kB
Inactive(anon):  1679160 kB
Active(file):     520980 kB
Inactive(file):  2496424 kB
Unevictable:           0 kB
Mlocked:               0 kB
SwapTotal:       2097152 kB
SwapFree:        2081440 kB
Dirty:                 0 kB
Writeback:             0 kB
AnonPages:       1571392 kB
Mapped:           356856 kB
Shmem:              4320 kB
KReclaimable:     186404 kB
Slab:             282636 kB
SReclaimable:     186404 kB
SUnreclaim:        96232 kB
KernelStack:       16720 kB
PageTables:        13608 kB
NFS_Unstable:          0 kB
Bounce:                0 kB
WritebackTmp:          0 kB
CommitLimit:     5996084 kB
Committed_AS:    5767304 kB
VmallocTotal:   34359738367 kB
VmallocUsed:       38752 kB
VmallocChunk:          0 kB
Percpu:             8576 kB
AnonHugePages:    972800 kB
ShmemHugePages:        0 kB
ShmemPmdMapped:        0 kB
FileHugePages:         0 kB
FilePmdMapped:         0 kB
HugePages_Total:       0
HugePages_Free:        0
HugePages_Rsvd:        0
HugePages_Surp:        0
Hugepagesize:       2048 kB
Hugetlb:               0 kB
DirectMap4k:       68608 kB
DirectMap2M:     6928384 kB
DirectMap1G:     9437184 kB

Current date and time: Wed May 10 16:46:09 UTC 2023
Current memory usage:
MemTotal:        7797868 kB
MemFree:         2468828 kB
MemAvailable:    5373144 kB
Buffers:           42116 kB
Cached:          2979520 kB
SwapCached:         1760 kB
Active:           540592 kB
Inactive:        4178008 kB
Active(anon):      19636 kB
Inactive(anon):  1681588 kB
Active(file):     520956 kB
Inactive(file):  2496420 kB
Unevictable:           0 kB
Mlocked:               0 kB
SwapTotal:       2097152 kB
SwapFree:        2081440 kB
Dirty:                 0 kB
Writeback:             0 kB
AnonPages:       1574000 kB
Mapped:           356912 kB
Shmem:              4324 kB
KReclaimable:     186404 kB
Slab:             282636 kB
SReclaimable:     186404 kB
SUnreclaim:        96232 kB
KernelStack:       16704 kB
PageTables:        13588 kB
NFS_Unstable:          0 kB
Bounce:                0 kB
WritebackTmp:          0 kB
CommitLimit:     5996084 kB
Committed_AS:    5767308 kB
VmallocTotal:   34359738367 kB
VmallocUsed:       38704 kB
VmallocChunk:          0 kB
Percpu:             8576 kB
AnonHugePages:    978944 kB
ShmemHugePages:        0 kB
ShmemPmdMapped:        0 kB
FileHugePages:         0 kB
FilePmdMapped:         0 kB
HugePages_Total:       0
HugePages_Free:        0
HugePages_Rsvd:        0
HugePages_Surp:        0
Hugepagesize:       2048 kB
Hugetlb:               0 kB
DirectMap4k:       68608 kB
DirectMap2M:     6928384 kB
DirectMap1G:     9437184 kB

Current date and time: Wed May 10 16:47:09 UTC 2023
Current memory usage:
MemTotal:        7797868 kB
MemFree:         2458316 kB
MemAvailable:    5362692 kB
Buffers:           42124 kB
Cached:          2979524 kB
SwapCached:         1760 kB
Active:           540640 kB
Inactive:        4191024 kB
Active(anon):      19640 kB
Inactive(anon):  1694604 kB
Active(file):     521000 kB
Inactive(file):  2496420 kB
Unevictable:           0 kB
Mlocked:               0 kB
SwapTotal:       2097152 kB
SwapFree:        2081440 kB
Dirty:                 0 kB
Writeback:             0 kB
AnonPages:       1587052 kB
Mapped:           356816 kB
Shmem:              4328 kB
KReclaimable:     186420 kB
Slab:             282752 kB
SReclaimable:     186420 kB
SUnreclaim:        96332 kB
KernelStack:       16736 kB
PageTables:        13852 kB
NFS_Unstable:          0 kB
Bounce:                0 kB
WritebackTmp:          0 kB
CommitLimit:     5996084 kB
Committed_AS:    5767312 kB
VmallocTotal:   34359738367 kB
VmallocUsed:       38736 kB
VmallocChunk:          0 kB
Percpu:             8576 kB
AnonHugePages:   1032192 kB
ShmemHugePages:        0 kB
ShmemPmdMapped:        0 kB
FileHugePages:         0 kB
FilePmdMapped:         0 kB
HugePages_Total:       0
HugePages_Free:        0
HugePages_Rsvd:        0
HugePages_Surp:        0
Hugepagesize:       2048 kB
Hugetlb:               0 kB
DirectMap4k:       68608 kB
DirectMap2M:     6928384 kB
DirectMap1G:     9437184 kB

Current date and time: Wed May 10 16:48:08 UTC 2023
Current memory usage:
MemTotal:        7797868 kB
MemFree:         2457324 kB
MemAvailable:    5361708 kB
Buffers:           42132 kB
Cached:          2979528 kB
SwapCached:         1760 kB
Active:           540652 kB
Inactive:        4190988 kB
Active(anon):      19644 kB
Inactive(anon):  1694568 kB
Active(file):     521008 kB
Inactive(file):  2496420 kB
Unevictable:           0 kB
Mlocked:               0 kB
SwapTotal:       2097152 kB
SwapFree:        2081440 kB
Dirty:                 0 kB
Writeback:             0 kB
AnonPages:       1587124 kB
Mapped:           356828 kB
Shmem:              4332 kB
KReclaimable:     186420 kB
Slab:             282556 kB
SReclaimable:     186420 kB
SUnreclaim:        96136 kB
KernelStack:       16672 kB
PageTables:        13708 kB
NFS_Unstable:          0 kB
Bounce:                0 kB
WritebackTmp:          0 kB
CommitLimit:     5996084 kB
Committed_AS:    5767316 kB
VmallocTotal:   34359738367 kB
VmallocUsed:       38784 kB
VmallocChunk:          0 kB
Percpu:             8576 kB
AnonHugePages:   1075200 kB
ShmemHugePages:        0 kB
ShmemPmdMapped:        0 kB
FileHugePages:         0 kB
FilePmdMapped:         0 kB
HugePages_Total:       0
HugePages_Free:        0
HugePages_Rsvd:        0
HugePages_Surp:        0
Hugepagesize:       2048 kB
Hugetlb:               0 kB
DirectMap4k:       68608 kB
DirectMap2M:     6928384 kB
DirectMap1G:     9437184 kB

Current date and time: Wed May 10 16:49:08 UTC 2023
Current memory usage:
MemTotal:        7797868 kB
MemFree:         2460040 kB
MemAvailable:    5364416 kB
Buffers:           42140 kB
Cached:          2979532 kB
SwapCached:         1760 kB
Active:           540664 kB
Inactive:        4187464 kB
Active(anon):      19648 kB
Inactive(anon):  1691044 kB
Active(file):     521016 kB
Inactive(file):  2496420 kB
Unevictable:           0 kB
Mlocked:               0 kB
SwapTotal:       2097152 kB
SwapFree:        2081440 kB
Dirty:                 0 kB
Writeback:             0 kB
AnonPages:       1586992 kB
Mapped:           356820 kB
Shmem:              4336 kB
KReclaimable:     186404 kB
Slab:             282668 kB
SReclaimable:     186404 kB
SUnreclaim:        96264 kB
KernelStack:       16704 kB
PageTables:        13600 kB
NFS_Unstable:          0 kB
Bounce:                0 kB
WritebackTmp:          0 kB
CommitLimit:     5996084 kB
Committed_AS:    5767320 kB
VmallocTotal:   34359738367 kB
VmallocUsed:       38752 kB
VmallocChunk:          0 kB
Percpu:             8576 kB
AnonHugePages:   1103872 kB
ShmemHugePages:        0 kB
ShmemPmdMapped:        0 kB
FileHugePages:         0 kB
FilePmdMapped:         0 kB
HugePages_Total:       0
HugePages_Free:        0
HugePages_Rsvd:        0
HugePages_Surp:        0
Hugepagesize:       2048 kB
Hugetlb:               0 kB
DirectMap4k:       68608 kB
DirectMap2M:     6928384 kB
DirectMap1G:     9437184 kB

Current date and time: Wed May 10 16:50:09 UTC 2023
Current memory usage:
MemTotal:        7797868 kB
MemFree:         2465564 kB
MemAvailable:    5369964 kB
Buffers:           42148 kB
Cached:          2979536 kB
SwapCached:         1760 kB
Active:           540676 kB
Inactive:        4182424 kB
Active(anon):      19652 kB
Inactive(anon):  1686004 kB
Active(file):     521024 kB
Inactive(file):  2496420 kB
Unevictable:           0 kB
Mlocked:               0 kB
SwapTotal:       2097152 kB
SwapFree:        2081440 kB
Dirty:                 0 kB
Writeback:             0 kB
AnonPages:       1586728 kB
Mapped:           356956 kB
Shmem:              4340 kB
KReclaimable:     186420 kB
Slab:             282688 kB
SReclaimable:     186420 kB
SUnreclaim:        96268 kB
KernelStack:       16704 kB
PageTables:        13592 kB
NFS_Unstable:          0 kB
Bounce:                0 kB
WritebackTmp:          0 kB
CommitLimit:     5996084 kB
Committed_AS:    5767324 kB
VmallocTotal:   34359738367 kB
VmallocUsed:       38720 kB
VmallocChunk:          0 kB
Percpu:             8576 kB
AnonHugePages:   1112064 kB
ShmemHugePages:        0 kB
ShmemPmdMapped:        0 kB
FileHugePages:         0 kB
FilePmdMapped:         0 kB
HugePages_Total:       0
HugePages_Free:        0
HugePages_Rsvd:        0
HugePages_Surp:        0
Hugepagesize:       2048 kB
Hugetlb:               0 kB
DirectMap4k:       68608 kB
DirectMap2M:     6928384 kB
DirectMap1G:     9437184 kB

Current date and time: Wed May 10 16:51:09 UTC 2023
Current memory usage:
MemTotal:        7797868 kB
MemFree:         2462132 kB
MemAvailable:    5366524 kB
Buffers:           42156 kB
Cached:          2979540 kB
SwapCached:         1760 kB
Active:           540692 kB
Inactive:        4182452 kB
Active(anon):      19656 kB
Inactive(anon):  1686036 kB
Active(file):     521036 kB
Inactive(file):  2496416 kB
Unevictable:           0 kB
Mlocked:               0 kB
SwapTotal:       2097152 kB
SwapFree:        2081440 kB
Dirty:                 0 kB
Writeback:             0 kB
AnonPages:       1586740 kB
Mapped:           356888 kB
Shmem:              4344 kB
KReclaimable:     186404 kB
Slab:             282580 kB
SReclaimable:     186404 kB
SUnreclaim:        96176 kB
KernelStack:       16672 kB
PageTables:        13712 kB
NFS_Unstable:          0 kB
Bounce:                0 kB
WritebackTmp:          0 kB
CommitLimit:     5996084 kB
Committed_AS:    5767328 kB
VmallocTotal:   34359738367 kB
VmallocUsed:       38736 kB
VmallocChunk:          0 kB
Percpu:             8576 kB
AnonHugePages:   1112064 kB
ShmemHugePages:        0 kB
ShmemPmdMapped:        0 kB
FileHugePages:         0 kB
FilePmdMapped:         0 kB
HugePages_Total:       0
HugePages_Free:        0
HugePages_Rsvd:        0
HugePages_Surp:        0
Hugepagesize:       2048 kB
Hugetlb:               0 kB
DirectMap4k:       68608 kB
DirectMap2M:     6928384 kB
DirectMap1G:     9437184 kB

Current date and time: Wed May 10 16:52:09 UTC 2023
Current memory usage:
MemTotal:        7797868 kB
MemFree:         2465796 kB
MemAvailable:    5370224 kB
Buffers:           42172 kB
Cached:          2979548 kB
SwapCached:         1760 kB
Active:           540716 kB
Inactive:        4184268 kB
Active(anon):      19660 kB
Inactive(anon):  1687852 kB
Active(file):     521056 kB
Inactive(file):  2496416 kB
Unevictable:           0 kB
Mlocked:               0 kB
SwapTotal:       2097152 kB
SwapFree:        2081440 kB
Dirty:                 0 kB
Writeback:             0 kB
AnonPages:       1588568 kB
Mapped:           356900 kB
Shmem:              4348 kB
KReclaimable:     186420 kB
Slab:             282664 kB
SReclaimable:     186420 kB
SUnreclaim:        96244 kB
KernelStack:       16704 kB
PageTables:        13984 kB
NFS_Unstable:          0 kB
Bounce:                0 kB
WritebackTmp:          0 kB
CommitLimit:     5996084 kB
Committed_AS:    5767332 kB
VmallocTotal:   34359738367 kB
VmallocUsed:       38752 kB
VmallocChunk:          0 kB
Percpu:             8576 kB
AnonHugePages:   1122304 kB
ShmemHugePages:        0 kB
ShmemPmdMapped:        0 kB
FileHugePages:         0 kB
FilePmdMapped:         0 kB
HugePages_Total:       0
HugePages_Free:        0
HugePages_Rsvd:        0
HugePages_Surp:        0
Hugepagesize:       2048 kB
Hugetlb:               0 kB
DirectMap4k:       68608 kB
DirectMap2M:     6928384 kB
DirectMap1G:     9437184 kB

Current date and time: Wed May 10 16:53:08 UTC 2023
Current memory usage:
MemTotal:        7797868 kB
MemFree:         2464072 kB
MemAvailable:    5368508 kB
Buffers:           42180 kB
Cached:          2979552 kB
SwapCached:         1760 kB
Active:           540740 kB
Inactive:        4184472 kB
Active(anon):      19664 kB
Inactive(anon):  1688068 kB
Active(file):     521076 kB
Inactive(file):  2496404 kB
Unevictable:           0 kB
Mlocked:               0 kB
SwapTotal:       2097152 kB
SwapFree:        2081440 kB
Dirty:                 0 kB
Writeback:             0 kB
AnonPages:       1588732 kB
Mapped:           356964 kB
Shmem:              4352 kB
KReclaimable:     186420 kB
Slab:             282776 kB
SReclaimable:     186420 kB
SUnreclaim:        96356 kB
KernelStack:       16736 kB
PageTables:        13672 kB
NFS_Unstable:          0 kB
Bounce:                0 kB
WritebackTmp:          0 kB
CommitLimit:     5996084 kB
Committed_AS:    5767336 kB
VmallocTotal:   34359738367 kB
VmallocUsed:       38736 kB
VmallocChunk:          0 kB
Percpu:             8576 kB
AnonHugePages:   1122304 kB
ShmemHugePages:        0 kB
ShmemPmdMapped:        0 kB
FileHugePages:         0 kB
FilePmdMapped:         0 kB
HugePages_Total:       0
HugePages_Free:        0
HugePages_Rsvd:        0
HugePages_Surp:        0
Hugepagesize:       2048 kB
Hugetlb:               0 kB
DirectMap4k:       68608 kB
DirectMap2M:     6928384 kB
DirectMap1G:     9437184 kB

Current date and time: Wed May 10 16:54:08 UTC 2023
Current memory usage:
MemTotal:        7797868 kB
MemFree:         2465688 kB
MemAvailable:    5370132 kB
Buffers:           42188 kB
Cached:          2979556 kB
SwapCached:         1760 kB
Active:           540752 kB
Inactive:        4184716 kB
Active(anon):      19668 kB
Inactive(anon):  1688312 kB
Active(file):     521084 kB
Inactive(file):  2496404 kB
Unevictable:           0 kB
Mlocked:               0 kB
SwapTotal:       2097152 kB
SwapFree:        2081440 kB
Dirty:                 0 kB
Writeback:             0 kB
AnonPages:       1588976 kB
Mapped:           356880 kB
Shmem:              4356 kB
KReclaimable:     186420 kB
Slab:             282692 kB
SReclaimable:     186420 kB
SUnreclaim:        96272 kB
KernelStack:       16704 kB
PageTables:        13784 kB
NFS_Unstable:          0 kB
Bounce:                0 kB
WritebackTmp:          0 kB
CommitLimit:     5996084 kB
Committed_AS:    5767340 kB
VmallocTotal:   34359738367 kB
VmallocUsed:       38704 kB
VmallocChunk:          0 kB
Percpu:             8576 kB
AnonHugePages:   1126400 kB
ShmemHugePages:        0 kB
ShmemPmdMapped:        0 kB
FileHugePages:         0 kB
FilePmdMapped:         0 kB
HugePages_Total:       0
HugePages_Free:        0
HugePages_Rsvd:        0
HugePages_Surp:        0
Hugepagesize:       2048 kB
Hugetlb:               0 kB
DirectMap4k:       68608 kB
DirectMap2M:     6928384 kB
DirectMap1G:     9437184 kB

Current date and time: Wed May 10 16:55:10 UTC 2023
Current memory usage:
MemTotal:        7797868 kB
MemFree:         2458176 kB
MemAvailable:    5362628 kB
Buffers:           42196 kB
Cached:          2979560 kB
SwapCached:         1760 kB
Active:           540764 kB
Inactive:        4186552 kB
Active(anon):      19672 kB
Inactive(anon):  1690148 kB
Active(file):     521092 kB
Inactive(file):  2496404 kB
Unevictable:           0 kB
Mlocked:               0 kB
SwapTotal:       2097152 kB
SwapFree:        2081440 kB
Dirty:                 0 kB
Writeback:             0 kB
AnonPages:       1588476 kB
Mapped:           356952 kB
Shmem:              4360 kB
KReclaimable:     186420 kB
Slab:             282688 kB
SReclaimable:     186420 kB
SUnreclaim:        96268 kB
KernelStack:       16704 kB
PageTables:        13600 kB
NFS_Unstable:          0 kB
Bounce:                0 kB
WritebackTmp:          0 kB
CommitLimit:     5996084 kB
Committed_AS:    5767344 kB
VmallocTotal:   34359738367 kB
VmallocUsed:       38752 kB
VmallocChunk:          0 kB
Percpu:             8576 kB
AnonHugePages:   1130496 kB
ShmemHugePages:        0 kB
ShmemPmdMapped:        0 kB
FileHugePages:         0 kB
FilePmdMapped:         0 kB
HugePages_Total:       0
HugePages_Free:        0
HugePages_Rsvd:        0
HugePages_Surp:        0
Hugepagesize:       2048 kB
Hugetlb:               0 kB
DirectMap4k:       68608 kB
DirectMap2M:     6928384 kB
DirectMap1G:     9437184 kB

Current date and time: Wed May 10 16:56:08 UTC 2023
Current memory usage:
MemTotal:        7797868 kB
MemFree:         2455340 kB
MemAvailable:    5359784 kB
Buffers:           42204 kB
Cached:          2979564 kB
SwapCached:         1760 kB
Active:           540776 kB
Inactive:        4186612 kB
Active(anon):      19676 kB
Inactive(anon):  1690208 kB
Active(file):     521100 kB
Inactive(file):  2496404 kB
Unevictable:           0 kB
Mlocked:               0 kB
SwapTotal:       2097152 kB
SwapFree:        2081440 kB
Dirty:                 0 kB
Writeback:             0 kB
AnonPages:       1588808 kB
Mapped:           356952 kB
Shmem:              4364 kB
KReclaimable:     186404 kB
Slab:             282668 kB
SReclaimable:     186404 kB
SUnreclaim:        96264 kB
KernelStack:       16704 kB
PageTables:        13784 kB
NFS_Unstable:          0 kB
Bounce:                0 kB
WritebackTmp:          0 kB
CommitLimit:     5996084 kB
Committed_AS:    5767348 kB
VmallocTotal:   34359738367 kB
VmallocUsed:       38704 kB
VmallocChunk:          0 kB
Percpu:             8576 kB
AnonHugePages:   1130496 kB
ShmemHugePages:        0 kB
ShmemPmdMapped:        0 kB
FileHugePages:         0 kB
FilePmdMapped:         0 kB
HugePages_Total:       0
HugePages_Free:        0
HugePages_Rsvd:        0
HugePages_Surp:        0
Hugepagesize:       2048 kB
Hugetlb:               0 kB
DirectMap4k:       68608 kB
DirectMap2M:     6928384 kB
DirectMap1G:     9437184 kB

Current date and time: Wed May 10 16:57:08 UTC 2023
Current memory usage:
MemTotal:        7797868 kB
MemFree:         2461320 kB
MemAvailable:    5365788 kB
Buffers:           42212 kB
Cached:          2979568 kB
SwapCached:         1760 kB
Active:           540788 kB
Inactive:        4186672 kB
Active(anon):      19680 kB
Inactive(anon):  1690268 kB
Active(file):     521108 kB
Inactive(file):  2496404 kB
Unevictable:           0 kB
Mlocked:               0 kB
SwapTotal:       2097152 kB
SwapFree:        2081440 kB
Dirty:                 0 kB
Writeback:             0 kB
AnonPages:       1588540 kB
Mapped:           356864 kB
Shmem:              4368 kB
KReclaimable:     186420 kB
Slab:             282712 kB
SReclaimable:     186420 kB
SUnreclaim:        96292 kB
KernelStack:       16704 kB
PageTables:        13588 kB
NFS_Unstable:          0 kB
Bounce:                0 kB
WritebackTmp:          0 kB
CommitLimit:     5996084 kB
Committed_AS:    5767352 kB
VmallocTotal:   34359738367 kB
VmallocUsed:       38784 kB
VmallocChunk:          0 kB
Percpu:             8576 kB
AnonHugePages:   1128448 kB
ShmemHugePages:        0 kB
ShmemPmdMapped:        0 kB
FileHugePages:         0 kB
FilePmdMapped:         0 kB
HugePages_Total:       0
HugePages_Free:        0
HugePages_Rsvd:        0
HugePages_Surp:        0
Hugepagesize:       2048 kB
Hugetlb:               0 kB
DirectMap4k:       68608 kB
DirectMap2M:     6928384 kB
DirectMap1G:     9437184 kB

Current date and time: Wed May 10 16:58:09 UTC 2023
Current memory usage:
MemTotal:        7797868 kB
MemFree:         2461112 kB
MemAvailable:    5365588 kB
Buffers:           42220 kB
Cached:          2979572 kB
SwapCached:         1760 kB
Active:           540800 kB
Inactive:        4186660 kB
Active(anon):      19684 kB
Inactive(anon):  1690256 kB
Active(file):     521116 kB
Inactive(file):  2496404 kB
Unevictable:           0 kB
Mlocked:               0 kB
SwapTotal:       2097152 kB
SwapFree:        2081440 kB
Dirty:                 0 kB
Writeback:             0 kB
AnonPages:       1588352 kB
Mapped:           356888 kB
Shmem:              4372 kB
KReclaimable:     186420 kB
Slab:             282612 kB
SReclaimable:     186420 kB
SUnreclaim:        96192 kB
KernelStack:       16672 kB
PageTables:        13712 kB
NFS_Unstable:          0 kB
Bounce:                0 kB
WritebackTmp:          0 kB
CommitLimit:     5996084 kB
Committed_AS:    5767356 kB
VmallocTotal:   34359738367 kB
VmallocUsed:       38704 kB
VmallocChunk:          0 kB
Percpu:             8576 kB
AnonHugePages:   1128448 kB
ShmemHugePages:        0 kB
ShmemPmdMapped:        0 kB
FileHugePages:         0 kB
FilePmdMapped:         0 kB
HugePages_Total:       0
HugePages_Free:        0
HugePages_Rsvd:        0
HugePages_Surp:        0
Hugepagesize:       2048 kB
Hugetlb:               0 kB
DirectMap4k:       68608 kB
DirectMap2M:     6928384 kB
DirectMap1G:     9437184 kB

Current date and time: Wed May 10 16:59:08 UTC 2023
Current memory usage:
MemTotal:        7797868 kB
MemFree:         2461644 kB
MemAvailable:    5366128 kB
Buffers:           42228 kB
Cached:          2979576 kB
SwapCached:         1760 kB
Active:           540812 kB
Inactive:        4186888 kB
Active(anon):      19688 kB
Inactive(anon):  1690484 kB
Active(file):     521124 kB
Inactive(file):  2496404 kB
Unevictable:           0 kB
Mlocked:               0 kB
SwapTotal:       2097152 kB
SwapFree:        2081440 kB
Dirty:                 0 kB
Writeback:             0 kB
AnonPages:       1588592 kB
Mapped:           356904 kB
Shmem:              4376 kB
KReclaimable:     186420 kB
Slab:             282724 kB
SReclaimable:     186420 kB
SUnreclaim:        96304 kB
KernelStack:       16704 kB
PageTables:        13592 kB
NFS_Unstable:          0 kB
Bounce:                0 kB
WritebackTmp:          0 kB
CommitLimit:     5996084 kB
Committed_AS:    5767360 kB
VmallocTotal:   34359738367 kB
VmallocUsed:       38784 kB
VmallocChunk:          0 kB
Percpu:             8576 kB
AnonHugePages:   1128448 kB
ShmemHugePages:        0 kB
ShmemPmdMapped:        0 kB
FileHugePages:         0 kB
FilePmdMapped:         0 kB
HugePages_Total:       0
HugePages_Free:        0
HugePages_Rsvd:        0
HugePages_Surp:        0
Hugepagesize:       2048 kB
Hugetlb:               0 kB
DirectMap4k:       68608 kB
DirectMap2M:     6928384 kB
DirectMap1G:     9437184 kB

Current date and time: Wed May 10 17:00:08 UTC 2023
Current memory usage:
MemTotal:        7797868 kB
MemFree:         2466268 kB
MemAvailable:    5370736 kB
Buffers:           42244 kB
Cached:          2979584 kB
SwapCached:         1760 kB
Active:           540820 kB
Inactive:        4186556 kB
Active(anon):      19688 kB
Inactive(anon):  1690176 kB
Active(file):     521132 kB
Inactive(file):  2496380 kB
Unevictable:           0 kB
Mlocked:               0 kB
SwapTotal:       2097152 kB
SwapFree:        2081440 kB
Dirty:                 0 kB
Writeback:             0 kB
AnonPages:       1588312 kB
Mapped:           356900 kB
Shmem:              4380 kB
KReclaimable:     186420 kB
Slab:             282708 kB
SReclaimable:     186420 kB
SUnreclaim:        96288 kB
KernelStack:       16704 kB
PageTables:        13592 kB
NFS_Unstable:          0 kB
Bounce:                0 kB
WritebackTmp:          0 kB
CommitLimit:     5996084 kB
Committed_AS:    5767364 kB
VmallocTotal:   34359738367 kB
VmallocUsed:       38704 kB
VmallocChunk:          0 kB
Percpu:             8576 kB
AnonHugePages:   1128448 kB
ShmemHugePages:        0 kB
ShmemPmdMapped:        0 kB
FileHugePages:         0 kB
FilePmdMapped:         0 kB
HugePages_Total:       0
HugePages_Free:        0
HugePages_Rsvd:        0
HugePages_Surp:        0
Hugepagesize:       2048 kB
Hugetlb:               0 kB
DirectMap4k:       68608 kB
DirectMap2M:     6928384 kB
DirectMap1G:     9437184 kB

Current date and time: Wed May 10 17:01:08 UTC 2023
Current memory usage:
MemTotal:        7797868 kB
MemFree:         2459348 kB
MemAvailable:    5363824 kB
Buffers:           42252 kB
Cached:          2979588 kB
SwapCached:         1760 kB
Active:           540832 kB
Inactive:        4186820 kB
Active(anon):      19692 kB
Inactive(anon):  1690440 kB
Active(file):     521140 kB
Inactive(file):  2496380 kB
Unevictable:           0 kB
Mlocked:               0 kB
SwapTotal:       2097152 kB
SwapFree:        2081440 kB
Dirty:                 0 kB
Writeback:             0 kB
AnonPages:       1588416 kB
Mapped:           356988 kB
Shmem:              4384 kB
KReclaimable:     186420 kB
Slab:             282716 kB
SReclaimable:     186420 kB
SUnreclaim:        96296 kB
KernelStack:       16704 kB
PageTables:        13592 kB
NFS_Unstable:          0 kB
Bounce:                0 kB
WritebackTmp:          0 kB
CommitLimit:     5996084 kB
Committed_AS:    5767368 kB
VmallocTotal:   34359738367 kB
VmallocUsed:       38736 kB
VmallocChunk:          0 kB
Percpu:             8576 kB
AnonHugePages:   1128448 kB
ShmemHugePages:        0 kB
ShmemPmdMapped:        0 kB
FileHugePages:         0 kB
FilePmdMapped:         0 kB
HugePages_Total:       0
HugePages_Free:        0
HugePages_Rsvd:        0
HugePages_Surp:        0
Hugepagesize:       2048 kB
Hugetlb:               0 kB
DirectMap4k:       68608 kB
DirectMap2M:     6928384 kB
DirectMap1G:     9437184 kB

Current date and time: Wed May 10 17:02:08 UTC 2023
Current memory usage:
MemTotal:        7797868 kB
MemFree:         2461508 kB
MemAvailable:    5366028 kB
Buffers:           42260 kB
Cached:          2979588 kB
SwapCached:         1756 kB
Active:           540880 kB
Inactive:        4186764 kB
Active(anon):      19696 kB
Inactive(anon):  1690384 kB
Active(file):     521184 kB
Inactive(file):  2496380 kB
Unevictable:           0 kB
Mlocked:               0 kB
SwapTotal:       2097152 kB
SwapFree:        2081440 kB
Dirty:                 0 kB
Writeback:             0 kB
AnonPages:       1588300 kB
Mapped:           356904 kB
Shmem:              4384 kB
KReclaimable:     186420 kB
Slab:             282712 kB
SReclaimable:     186420 kB
SUnreclaim:        96292 kB
KernelStack:       16704 kB
PageTables:        13596 kB
NFS_Unstable:          0 kB
Bounce:                0 kB
WritebackTmp:          0 kB
CommitLimit:     5996084 kB
Committed_AS:    5767368 kB
VmallocTotal:   34359738367 kB
VmallocUsed:       38720 kB
VmallocChunk:          0 kB
Percpu:             8576 kB
AnonHugePages:   1128448 kB
ShmemHugePages:        0 kB
ShmemPmdMapped:        0 kB
FileHugePages:         0 kB
FilePmdMapped:         0 kB
HugePages_Total:       0
HugePages_Free:        0
HugePages_Rsvd:        0
HugePages_Surp:        0
Hugepagesize:       2048 kB
Hugetlb:               0 kB
DirectMap4k:       68608 kB
DirectMap2M:     6928384 kB
DirectMap1G:     9437184 kB

Current date and time: Wed May 10 17:03:08 UTC 2023
Current memory usage:
MemTotal:        7797868 kB
MemFree:         2461600 kB
MemAvailable:    5366128 kB
Buffers:           42268 kB
Cached:          2979592 kB
SwapCached:         1756 kB
Active:           540892 kB
Inactive:        4186852 kB
Active(anon):      19700 kB
Inactive(anon):  1690472 kB
Active(file):     521192 kB
Inactive(file):  2496380 kB
Unevictable:           0 kB
Mlocked:               0 kB
SwapTotal:       2097152 kB
SwapFree:        2081440 kB
Dirty:                 0 kB
Writeback:             0 kB
AnonPages:       1588404 kB
Mapped:           356960 kB
Shmem:              4388 kB
KReclaimable:     186420 kB
Slab:             282720 kB
SReclaimable:     186420 kB
SUnreclaim:        96300 kB
KernelStack:       16704 kB
PageTables:        13588 kB
NFS_Unstable:          0 kB
Bounce:                0 kB
WritebackTmp:          0 kB
CommitLimit:     5996084 kB
Committed_AS:    5767372 kB
VmallocTotal:   34359738367 kB
VmallocUsed:       38720 kB
VmallocChunk:          0 kB
Percpu:             8576 kB
AnonHugePages:   1128448 kB
ShmemHugePages:        0 kB
ShmemPmdMapped:        0 kB
FileHugePages:         0 kB
FilePmdMapped:         0 kB
HugePages_Total:       0
HugePages_Free:        0
HugePages_Rsvd:        0
HugePages_Surp:        0
Hugepagesize:       2048 kB
Hugetlb:               0 kB
DirectMap4k:       68608 kB
DirectMap2M:     6928384 kB
DirectMap1G:     9437184 kB

Current date and time: Wed May 10 17:04:08 UTC 2023
Current memory usage:
MemTotal:        7797868 kB
MemFree:         2457988 kB
MemAvailable:    5362524 kB
Buffers:           42276 kB
Cached:          2979596 kB
SwapCached:         1756 kB
Active:           540904 kB
Inactive:        4187128 kB
Active(anon):      19704 kB
Inactive(anon):  1690748 kB
Active(file):     521200 kB
Inactive(file):  2496380 kB
Unevictable:           0 kB
Mlocked:               0 kB
SwapTotal:       2097152 kB
SwapFree:        2081440 kB
Dirty:                 0 kB
Writeback:             0 kB
AnonPages:       1588752 kB
Mapped:           356892 kB
Shmem:              4392 kB
KReclaimable:     186420 kB
Slab:             282724 kB
SReclaimable:     186420 kB
SUnreclaim:        96304 kB
KernelStack:       16704 kB
PageTables:        13984 kB
NFS_Unstable:          0 kB
Bounce:                0 kB
WritebackTmp:          0 kB
CommitLimit:     5996084 kB
Committed_AS:    5767376 kB
VmallocTotal:   34359738367 kB
VmallocUsed:       38720 kB
VmallocChunk:          0 kB
Percpu:             8576 kB
AnonHugePages:   1128448 kB
ShmemHugePages:        0 kB
ShmemPmdMapped:        0 kB
FileHugePages:         0 kB
FilePmdMapped:         0 kB
HugePages_Total:       0
HugePages_Free:        0
HugePages_Rsvd:        0
HugePages_Surp:        0
Hugepagesize:       2048 kB
Hugetlb:               0 kB
DirectMap4k:       68608 kB
DirectMap2M:     6928384 kB
DirectMap1G:     9437184 kB

Current date and time: Wed May 10 17:05:08 UTC 2023
Current memory usage:
MemTotal:        7797868 kB
MemFree:         2460092 kB
MemAvailable:    5364620 kB
Buffers:           42284 kB
Cached:          2979600 kB
SwapCached:         1756 kB
Active:           540916 kB
Inactive:        4187152 kB
Active(anon):      19708 kB
Inactive(anon):  1690772 kB
Active(file):     521208 kB
Inactive(file):  2496380 kB
Unevictable:           0 kB
Mlocked:               0 kB
SwapTotal:       2097152 kB
SwapFree:        2081440 kB
Dirty:                 0 kB
Writeback:             0 kB
AnonPages:       1588756 kB
Mapped:           356936 kB
Shmem:              4396 kB
KReclaimable:     186404 kB
Slab:             282812 kB
SReclaimable:     186404 kB
SUnreclaim:        96408 kB
KernelStack:       16736 kB
PageTables:        13644 kB
NFS_Unstable:          0 kB
Bounce:                0 kB
WritebackTmp:          0 kB
CommitLimit:     5996084 kB
Committed_AS:    5767380 kB
VmallocTotal:   34359738367 kB
VmallocUsed:       38688 kB
VmallocChunk:          0 kB
Percpu:             8576 kB
AnonHugePages:   1128448 kB
ShmemHugePages:        0 kB
ShmemPmdMapped:        0 kB
FileHugePages:         0 kB
FilePmdMapped:         0 kB
HugePages_Total:       0
HugePages_Free:        0
HugePages_Rsvd:        0
HugePages_Surp:        0
Hugepagesize:       2048 kB
Hugetlb:               0 kB
DirectMap4k:       68608 kB
DirectMap2M:     6928384 kB
DirectMap1G:     9437184 kB

Current date and time: Wed May 10 17:06:08 UTC 2023
Current memory usage:
MemTotal:        7797868 kB
MemFree:         2459540 kB
MemAvailable:    5364076 kB
Buffers:           42292 kB
Cached:          2979604 kB
SwapCached:         1756 kB
Active:           540928 kB
Inactive:        4186984 kB
Active(anon):      19712 kB
Inactive(anon):  1690604 kB
Active(file):     521216 kB
Inactive(file):  2496380 kB
Unevictable:           0 kB
Mlocked:               0 kB
SwapTotal:       2097152 kB
SwapFree:        2081440 kB
Dirty:                 0 kB
Writeback:             0 kB
AnonPages:       1588448 kB
Mapped:           356924 kB
Shmem:              4400 kB
KReclaimable:     186404 kB
Slab:             282740 kB
SReclaimable:     186404 kB
SUnreclaim:        96336 kB
KernelStack:       16704 kB
PageTables:        13600 kB
NFS_Unstable:          0 kB
Bounce:                0 kB
WritebackTmp:          0 kB
CommitLimit:     5996084 kB
Committed_AS:    5767384 kB
VmallocTotal:   34359738367 kB
VmallocUsed:       38704 kB
VmallocChunk:          0 kB
Percpu:             8576 kB
AnonHugePages:   1128448 kB
ShmemHugePages:        0 kB
ShmemPmdMapped:        0 kB
FileHugePages:         0 kB
FilePmdMapped:         0 kB
HugePages_Total:       0
HugePages_Free:        0
HugePages_Rsvd:        0
HugePages_Surp:        0
Hugepagesize:       2048 kB
Hugetlb:               0 kB
DirectMap4k:       68608 kB
DirectMap2M:     6928384 kB
DirectMap1G:     9437184 kB

Current date and time: Wed May 10 17:07:08 UTC 2023
Current memory usage:
MemTotal:        7797868 kB
MemFree:         2461656 kB
MemAvailable:    5366212 kB
Buffers:           42308 kB
Cached:          2979612 kB
SwapCached:         1756 kB
Active:           540956 kB
Inactive:        4186816 kB
Active(anon):      19716 kB
Inactive(anon):  1690440 kB
Active(file):     521240 kB
Inactive(file):  2496376 kB
Unevictable:           0 kB
Mlocked:               0 kB
SwapTotal:       2097152 kB
SwapFree:        2081440 kB
Dirty:                 0 kB
Writeback:             0 kB
AnonPages:       1588160 kB
Mapped:           356892 kB
Shmem:              4404 kB
KReclaimable:     186404 kB
Slab:             282780 kB
SReclaimable:     186404 kB
SUnreclaim:        96376 kB
KernelStack:       16736 kB
PageTables:        13536 kB
NFS_Unstable:          0 kB
Bounce:                0 kB
WritebackTmp:          0 kB
CommitLimit:     5996084 kB
Committed_AS:    5767388 kB
VmallocTotal:   34359738367 kB
VmallocUsed:       38736 kB
VmallocChunk:          0 kB
Percpu:             8576 kB
AnonHugePages:   1128448 kB
ShmemHugePages:        0 kB
ShmemPmdMapped:        0 kB
FileHugePages:         0 kB
FilePmdMapped:         0 kB
HugePages_Total:       0
HugePages_Free:        0
HugePages_Rsvd:        0
HugePages_Surp:        0
Hugepagesize:       2048 kB
Hugetlb:               0 kB
DirectMap4k:       68608 kB
DirectMap2M:     6928384 kB
DirectMap1G:     9437184 kB

Current date and time: Wed May 10 17:08:08 UTC 2023
Current memory usage:
MemTotal:        7797868 kB
MemFree:         2453872 kB
MemAvailable:    5358452 kB
Buffers:           42316 kB
Cached:          2979616 kB
SwapCached:         1756 kB
Active:           540968 kB
Inactive:        4187004 kB
Active(anon):      19720 kB
Inactive(anon):  1690628 kB
Active(file):     521248 kB
Inactive(file):  2496376 kB
Unevictable:           0 kB
Mlocked:               0 kB
SwapTotal:       2097152 kB
SwapFree:        2081440 kB
Dirty:                 0 kB
Writeback:             0 kB
AnonPages:       1588388 kB
Mapped:           356900 kB
Shmem:              4408 kB
KReclaimable:     186420 kB
Slab:             282652 kB
SReclaimable:     186420 kB
SUnreclaim:        96232 kB
KernelStack:       16688 kB
PageTables:        13724 kB
NFS_Unstable:          0 kB
Bounce:                0 kB
WritebackTmp:          0 kB
CommitLimit:     5996084 kB
Committed_AS:    5767392 kB
VmallocTotal:   34359738367 kB
VmallocUsed:       38752 kB
VmallocChunk:          0 kB
Percpu:             8576 kB
AnonHugePages:   1128448 kB
ShmemHugePages:        0 kB
ShmemPmdMapped:        0 kB
FileHugePages:         0 kB
FilePmdMapped:         0 kB
HugePages_Total:       0
HugePages_Free:        0
HugePages_Rsvd:        0
HugePages_Surp:        0
Hugepagesize:       2048 kB
Hugetlb:               0 kB
DirectMap4k:       68608 kB
DirectMap2M:     6928384 kB
DirectMap1G:     9437184 kB

Current date and time: Wed May 10 17:09:08 UTC 2023
Current memory usage:
MemTotal:        7797868 kB
MemFree:         2459684 kB
MemAvailable:    5364240 kB
Buffers:           42324 kB
Cached:          2979620 kB
SwapCached:         1756 kB
Active:           540980 kB
Inactive:        4186820 kB
Active(anon):      19724 kB
Inactive(anon):  1690444 kB
Active(file):     521256 kB
Inactive(file):  2496376 kB
Unevictable:           0 kB
Mlocked:               0 kB
SwapTotal:       2097152 kB
SwapFree:        2081440 kB
Dirty:                 0 kB
Writeback:             0 kB
AnonPages:       1588352 kB
Mapped:           356904 kB
Shmem:              4412 kB
KReclaimable:     186388 kB
Slab:             282720 kB
SReclaimable:     186388 kB
SUnreclaim:        96332 kB
KernelStack:       16720 kB
PageTables:        13592 kB
NFS_Unstable:          0 kB
Bounce:                0 kB
WritebackTmp:          0 kB
CommitLimit:     5996084 kB
Committed_AS:    5767396 kB
VmallocTotal:   34359738367 kB
VmallocUsed:       38752 kB
VmallocChunk:          0 kB
Percpu:             8576 kB
AnonHugePages:   1128448 kB
ShmemHugePages:        0 kB
ShmemPmdMapped:        0 kB
FileHugePages:         0 kB
FilePmdMapped:         0 kB
HugePages_Total:       0
HugePages_Free:        0
HugePages_Rsvd:        0
HugePages_Surp:        0
Hugepagesize:       2048 kB
Hugetlb:               0 kB
DirectMap4k:       68608 kB
DirectMap2M:     6928384 kB
DirectMap1G:     9437184 kB

Current date and time: Wed May 10 17:10:08 UTC 2023
Current memory usage:
MemTotal:        7797868 kB
MemFree:         2460780 kB
MemAvailable:    5365376 kB
Buffers:           42332 kB
Cached:          2979624 kB
SwapCached:         1756 kB
Active:           540992 kB
Inactive:        4186948 kB
Active(anon):      19728 kB
Inactive(anon):  1690572 kB
Active(file):     521264 kB
Inactive(file):  2496376 kB
Unevictable:           0 kB
Mlocked:               0 kB
SwapTotal:       2097152 kB
SwapFree:        2081440 kB
Dirty:                 0 kB
Writeback:             0 kB
AnonPages:       1588552 kB
Mapped:           356976 kB
Shmem:              4416 kB
KReclaimable:     186420 kB
Slab:             282792 kB
SReclaimable:     186420 kB
SUnreclaim:        96372 kB
KernelStack:       16752 kB
PageTables:        13728 kB
NFS_Unstable:          0 kB
Bounce:                0 kB
WritebackTmp:          0 kB
CommitLimit:     5996084 kB
Committed_AS:    5767400 kB
VmallocTotal:   34359738367 kB
VmallocUsed:       38816 kB
VmallocChunk:          0 kB
Percpu:             8576 kB
AnonHugePages:   1128448 kB
ShmemHugePages:        0 kB
ShmemPmdMapped:        0 kB
FileHugePages:         0 kB
FilePmdMapped:         0 kB
HugePages_Total:       0
HugePages_Free:        0
HugePages_Rsvd:        0
HugePages_Surp:        0
Hugepagesize:       2048 kB
Hugetlb:               0 kB
DirectMap4k:       68608 kB
DirectMap2M:     6928384 kB
DirectMap1G:     9437184 kB

Current date and time: Wed May 10 17:11:08 UTC 2023
Current memory usage:
MemTotal:        7797868 kB
MemFree:         2462828 kB
MemAvailable:    5367416 kB
Buffers:           42340 kB
Cached:          2979628 kB
SwapCached:         1756 kB
Active:           541004 kB
Inactive:        4187356 kB
Active(anon):      19732 kB
Inactive(anon):  1690980 kB
Active(file):     521272 kB
Inactive(file):  2496376 kB
Unevictable:           0 kB
Mlocked:               0 kB
SwapTotal:       2097152 kB
SwapFree:        2081440 kB
Dirty:                 0 kB
Writeback:             0 kB
AnonPages:       1588816 kB
Mapped:           356916 kB
Shmem:              4420 kB
KReclaimable:     186404 kB
Slab:             282744 kB
SReclaimable:     186404 kB
SUnreclaim:        96340 kB
KernelStack:       16788 kB
PageTables:        13788 kB
NFS_Unstable:          0 kB
Bounce:                0 kB
WritebackTmp:          0 kB
CommitLimit:     5996084 kB
Committed_AS:    5767404 kB
VmallocTotal:   34359738367 kB
VmallocUsed:       38768 kB
VmallocChunk:          0 kB
Percpu:             8576 kB
AnonHugePages:   1128448 kB
ShmemHugePages:        0 kB
ShmemPmdMapped:        0 kB
FileHugePages:         0 kB
FilePmdMapped:         0 kB
HugePages_Total:       0
HugePages_Free:        0
HugePages_Rsvd:        0
HugePages_Surp:        0
Hugepagesize:       2048 kB
Hugetlb:               0 kB
DirectMap4k:       68608 kB
DirectMap2M:     6928384 kB
DirectMap1G:     9437184 kB

Current date and time: Wed May 10 17:12:08 UTC 2023
Current memory usage:
MemTotal:        7797868 kB
MemFree:         2460668 kB
MemAvailable:    5365280 kB
Buffers:           42348 kB
Cached:          2979632 kB
SwapCached:         1756 kB
Active:           541020 kB
Inactive:        4187004 kB
Active(anon):      19736 kB
Inactive(anon):  1690632 kB
Active(file):     521284 kB
Inactive(file):  2496372 kB
Unevictable:           0 kB
Mlocked:               0 kB
SwapTotal:       2097152 kB
SwapFree:        2081440 kB
Dirty:                 0 kB
Writeback:             0 kB
AnonPages:       1588464 kB
Mapped:           356972 kB
Shmem:              4424 kB
KReclaimable:     186420 kB
Slab:             282768 kB
SReclaimable:     186420 kB
SUnreclaim:        96348 kB
KernelStack:       16736 kB
PageTables:        13600 kB
NFS_Unstable:          0 kB
Bounce:                0 kB
WritebackTmp:          0 kB
CommitLimit:     5996084 kB
Committed_AS:    5767408 kB
VmallocTotal:   34359738367 kB
VmallocUsed:       38784 kB
VmallocChunk:          0 kB
Percpu:             8576 kB
AnonHugePages:   1128448 kB
ShmemHugePages:        0 kB
ShmemPmdMapped:        0 kB
FileHugePages:         0 kB
FilePmdMapped:         0 kB
HugePages_Total:       0
HugePages_Free:        0
HugePages_Rsvd:        0
HugePages_Surp:        0
Hugepagesize:       2048 kB
Hugetlb:               0 kB
DirectMap4k:       68608 kB
DirectMap2M:     6928384 kB
DirectMap1G:     9437184 kB

Current date and time: Wed May 10 17:13:08 UTC 2023
Current memory usage:
MemTotal:        7797868 kB
MemFree:         2461840 kB
MemAvailable:    5366484 kB
Buffers:           42380 kB
Cached:          2979636 kB
SwapCached:         1756 kB
Active:           541088 kB
Inactive:        4186940 kB
Active(anon):      19740 kB
Inactive(anon):  1690600 kB
Active(file):     521348 kB
Inactive(file):  2496340 kB
Unevictable:           0 kB
Mlocked:               0 kB
SwapTotal:       2097152 kB
SwapFree:        2081440 kB
Dirty:                 0 kB
Writeback:             0 kB
AnonPages:       1588684 kB
Mapped:           356920 kB
Shmem:              4428 kB
KReclaimable:     186420 kB
Slab:             282768 kB
SReclaimable:     186420 kB
SUnreclaim:        96348 kB
KernelStack:       16736 kB
PageTables:        13788 kB
NFS_Unstable:          0 kB
Bounce:                0 kB
WritebackTmp:          0 kB
CommitLimit:     5996084 kB
Committed_AS:    5767412 kB
VmallocTotal:   34359738367 kB
VmallocUsed:       38800 kB
VmallocChunk:          0 kB
Percpu:             8576 kB
AnonHugePages:   1128448 kB
ShmemHugePages:        0 kB
ShmemPmdMapped:        0 kB
FileHugePages:         0 kB
FilePmdMapped:         0 kB
HugePages_Total:       0
HugePages_Free:        0
HugePages_Rsvd:        0
HugePages_Surp:        0
Hugepagesize:       2048 kB
Hugetlb:               0 kB
DirectMap4k:       68608 kB
DirectMap2M:     6928384 kB
DirectMap1G:     9437184 kB

Current date and time: Wed May 10 17:14:08 UTC 2023
Current memory usage:
MemTotal:        7797868 kB
MemFree:         2463588 kB
MemAvailable:    5368240 kB
Buffers:           42388 kB
Cached:          2979640 kB
SwapCached:         1756 kB
Active:           541100 kB
Inactive:        4187172 kB
Active(anon):      19744 kB
Inactive(anon):  1690832 kB
Active(file):     521356 kB
Inactive(file):  2496340 kB
Unevictable:           0 kB
Mlocked:               0 kB
SwapTotal:       2097152 kB
SwapFree:        2081440 kB
Dirty:                 0 kB
Writeback:             0 kB
AnonPages:       1588616 kB
Mapped:           357008 kB
Shmem:              4432 kB
KReclaimable:     186420 kB
Slab:             282720 kB
SReclaimable:     186420 kB
SUnreclaim:        96300 kB
KernelStack:       16720 kB
PageTables:        13652 kB
NFS_Unstable:          0 kB
Bounce:                0 kB
WritebackTmp:          0 kB
CommitLimit:     5996084 kB
Committed_AS:    5767416 kB
VmallocTotal:   34359738367 kB
VmallocUsed:       38736 kB
VmallocChunk:          0 kB
Percpu:             8576 kB
AnonHugePages:   1128448 kB
ShmemHugePages:        0 kB
ShmemPmdMapped:        0 kB
FileHugePages:         0 kB
FilePmdMapped:         0 kB
HugePages_Total:       0
HugePages_Free:        0
HugePages_Rsvd:        0
HugePages_Surp:        0
Hugepagesize:       2048 kB
Hugetlb:               0 kB
DirectMap4k:       68608 kB
DirectMap2M:     6928384 kB
DirectMap1G:     9437184 kB

Current date and time: Wed May 10 17:15:08 UTC 2023
Current memory usage:
MemTotal:        7797868 kB
MemFree:         2458852 kB
MemAvailable:    5363508 kB
Buffers:           42404 kB
Cached:          2979648 kB
SwapCached:         1756 kB
Active:           541120 kB
Inactive:        4187008 kB
Active(anon):      19748 kB
Inactive(anon):  1690664 kB
Active(file):     521372 kB
Inactive(file):  2496344 kB
Unevictable:           0 kB
Mlocked:               0 kB
SwapTotal:       2097152 kB
SwapFree:        2081440 kB
Dirty:                 0 kB
Writeback:             0 kB
AnonPages:       1588360 kB
Mapped:           357068 kB
Shmem:              4436 kB
KReclaimable:     186404 kB
Slab:             282772 kB
SReclaimable:     186404 kB
SUnreclaim:        96368 kB
KernelStack:       16720 kB
PageTables:        13600 kB
NFS_Unstable:          0 kB
Bounce:                0 kB
WritebackTmp:          0 kB
CommitLimit:     5996084 kB
Committed_AS:    5767420 kB
VmallocTotal:   34359738367 kB
VmallocUsed:       38752 kB
VmallocChunk:          0 kB
Percpu:             8576 kB
AnonHugePages:   1128448 kB
ShmemHugePages:        0 kB
ShmemPmdMapped:        0 kB
FileHugePages:         0 kB
FilePmdMapped:         0 kB
HugePages_Total:       0
HugePages_Free:        0
HugePages_Rsvd:        0
HugePages_Surp:        0
Hugepagesize:       2048 kB
Hugetlb:               0 kB
DirectMap4k:       68608 kB
DirectMap2M:     6928384 kB
DirectMap1G:     9437184 kB

Current date and time: Wed May 10 17:16:08 UTC 2023
Current memory usage:
MemTotal:        7797868 kB
MemFree:         2463408 kB
MemAvailable:    5368036 kB
Buffers:           42412 kB
Cached:          2979652 kB
SwapCached:         1756 kB
Active:           541096 kB
Inactive:        4186820 kB
Active(anon):      19752 kB
Inactive(anon):  1690476 kB
Active(file):     521344 kB
Inactive(file):  2496344 kB
Unevictable:           0 kB
Mlocked:               0 kB
SwapTotal:       2097152 kB
SwapFree:        2081440 kB
Dirty:                 0 kB
Writeback:             0 kB
AnonPages:       1588188 kB
Mapped:           357088 kB
Shmem:              4440 kB
KReclaimable:     186404 kB
Slab:             282812 kB
SReclaimable:     186404 kB
SUnreclaim:        96408 kB
KernelStack:       16736 kB
PageTables:        13724 kB
NFS_Unstable:          0 kB
Bounce:                0 kB
WritebackTmp:          0 kB
CommitLimit:     5996084 kB
Committed_AS:    5767424 kB
VmallocTotal:   34359738367 kB
VmallocUsed:       38752 kB
VmallocChunk:          0 kB
Percpu:             8576 kB
AnonHugePages:   1128448 kB
ShmemHugePages:        0 kB
ShmemPmdMapped:        0 kB
FileHugePages:         0 kB
FilePmdMapped:         0 kB
HugePages_Total:       0
HugePages_Free:        0
HugePages_Rsvd:        0
HugePages_Surp:        0
Hugepagesize:       2048 kB
Hugetlb:               0 kB
DirectMap4k:       68608 kB
DirectMap2M:     6928384 kB
DirectMap1G:     9437184 kB

Current date and time: Wed May 10 17:17:08 UTC 2023
Current memory usage:
MemTotal:        7797868 kB
MemFree:         2458048 kB
MemAvailable:    5362524 kB
Buffers:           42420 kB
Cached:          2979656 kB
SwapCached:         1756 kB
Active:           540948 kB
Inactive:        4186856 kB
Active(anon):      19756 kB
Inactive(anon):  1690512 kB
Active(file):     521192 kB
Inactive(file):  2496344 kB
Unevictable:           0 kB
Mlocked:               0 kB
SwapTotal:       2097152 kB
SwapFree:        2081440 kB
Dirty:                 0 kB
Writeback:             0 kB
AnonPages:       1588228 kB
Mapped:           357008 kB
Shmem:              4444 kB
KReclaimable:     186404 kB
Slab:             282704 kB
SReclaimable:     186404 kB
SUnreclaim:        96300 kB
KernelStack:       16704 kB
PageTables:        13652 kB
NFS_Unstable:          0 kB
Bounce:                0 kB
WritebackTmp:          0 kB
CommitLimit:     5996084 kB
Committed_AS:    5767428 kB
VmallocTotal:   34359738367 kB
VmallocUsed:       38768 kB
VmallocChunk:          0 kB
Percpu:             8576 kB
AnonHugePages:   1128448 kB
ShmemHugePages:        0 kB
ShmemPmdMapped:        0 kB
FileHugePages:         0 kB
FilePmdMapped:         0 kB
HugePages_Total:       0
HugePages_Free:        0
HugePages_Rsvd:        0
HugePages_Surp:        0
Hugepagesize:       2048 kB
Hugetlb:               0 kB
DirectMap4k:       68608 kB
DirectMap2M:     6928384 kB
DirectMap1G:     9437184 kB

Current date and time: Wed May 10 17:18:09 UTC 2023
Current memory usage:
MemTotal:        7797868 kB
MemFree:         2460512 kB
MemAvailable:    5365208 kB
Buffers:           42428 kB
Cached:          2979660 kB
SwapCached:         1756 kB
Active:           541156 kB
Inactive:        4187160 kB
Active(anon):      19760 kB
Inactive(anon):  1690816 kB
Active(file):     521396 kB
Inactive(file):  2496344 kB
Unevictable:           0 kB
Mlocked:               0 kB
SwapTotal:       2097152 kB
SwapFree:        2081440 kB
Dirty:                 0 kB
Writeback:             0 kB
AnonPages:       1588620 kB
Mapped:           357076 kB
Shmem:              4448 kB
KReclaimable:     186420 kB
Slab:             282888 kB
SReclaimable:     186420 kB
SUnreclaim:        96468 kB
KernelStack:       16752 kB
PageTables:        13856 kB
NFS_Unstable:          0 kB
Bounce:                0 kB
WritebackTmp:          0 kB
CommitLimit:     5996084 kB
Committed_AS:    5767432 kB
VmallocTotal:   34359738367 kB
VmallocUsed:       38752 kB
VmallocChunk:          0 kB
Percpu:             8576 kB
AnonHugePages:   1128448 kB
ShmemHugePages:        0 kB
ShmemPmdMapped:        0 kB
FileHugePages:         0 kB
FilePmdMapped:         0 kB
HugePages_Total:       0
HugePages_Free:        0
HugePages_Rsvd:        0
HugePages_Surp:        0
Hugepagesize:       2048 kB
Hugetlb:               0 kB
DirectMap4k:       68608 kB
DirectMap2M:     6928384 kB
DirectMap1G:     9437184 kB

Current date and time: Wed May 10 17:19:08 UTC 2023
Current memory usage:
MemTotal:        7797868 kB
MemFree:         2463724 kB
MemAvailable:    5368412 kB
Buffers:           42436 kB
Cached:          2979664 kB
SwapCached:         1756 kB
Active:           541168 kB
Inactive:        4186928 kB
Active(anon):      19764 kB
Inactive(anon):  1690584 kB
Active(file):     521404 kB
Inactive(file):  2496344 kB
Unevictable:           0 kB
Mlocked:               0 kB
SwapTotal:       2097152 kB
SwapFree:        2081440 kB
Dirty:                 0 kB
Writeback:             0 kB
AnonPages:       1588252 kB
Mapped:           356988 kB
Shmem:              4452 kB
KReclaimable:     186404 kB
Slab:             282776 kB
SReclaimable:     186404 kB
SUnreclaim:        96372 kB
KernelStack:       16720 kB
PageTables:        13596 kB
NFS_Unstable:          0 kB
Bounce:                0 kB
WritebackTmp:          0 kB
CommitLimit:     5996084 kB
Committed_AS:    5767436 kB
VmallocTotal:   34359738367 kB
VmallocUsed:       38752 kB
VmallocChunk:          0 kB
Percpu:             8576 kB
AnonHugePages:   1128448 kB
ShmemHugePages:        0 kB
ShmemPmdMapped:        0 kB
FileHugePages:         0 kB
FilePmdMapped:         0 kB
HugePages_Total:       0
HugePages_Free:        0
HugePages_Rsvd:        0
HugePages_Surp:        0
Hugepagesize:       2048 kB
Hugetlb:               0 kB
DirectMap4k:       68608 kB
DirectMap2M:     6928384 kB
DirectMap1G:     9437184 kB

Current date and time: Wed May 10 17:20:09 UTC 2023
Current memory usage:
MemTotal:        7797868 kB
MemFree:         2459648 kB
MemAvailable:    5364360 kB
Buffers:           42444 kB
Cached:          2979668 kB
SwapCached:         1756 kB
Active:           541180 kB
Inactive:        4186952 kB
Active(anon):      19768 kB
Inactive(anon):  1690608 kB
Active(file):     521412 kB
Inactive(file):  2496344 kB
Unevictable:           0 kB
Mlocked:               0 kB
SwapTotal:       2097152 kB
SwapFree:        2081440 kB
Dirty:                 0 kB
Writeback:             0 kB
AnonPages:       1588392 kB
Mapped:           357068 kB
Shmem:              4456 kB
KReclaimable:     186420 kB
Slab:             282812 kB
SReclaimable:     186420 kB
SUnreclaim:        96392 kB
KernelStack:       16720 kB
PageTables:        13596 kB
NFS_Unstable:          0 kB
Bounce:                0 kB
WritebackTmp:          0 kB
CommitLimit:     5996084 kB
Committed_AS:    5767440 kB
VmallocTotal:   34359738367 kB
VmallocUsed:       38720 kB
VmallocChunk:          0 kB
Percpu:             8576 kB
AnonHugePages:   1128448 kB
ShmemHugePages:        0 kB
ShmemPmdMapped:        0 kB
FileHugePages:         0 kB
FilePmdMapped:         0 kB
HugePages_Total:       0
HugePages_Free:        0
HugePages_Rsvd:        0
HugePages_Surp:        0
Hugepagesize:       2048 kB
Hugetlb:               0 kB
DirectMap4k:       68608 kB
DirectMap2M:     6928384 kB
DirectMap1G:     9437184 kB

Current date and time: Wed May 10 17:21:08 UTC 2023
Current memory usage:
MemTotal:        7797868 kB
MemFree:         2463904 kB
MemAvailable:    5368624 kB
Buffers:           42452 kB
Cached:          2979672 kB
SwapCached:         1756 kB
Active:           541192 kB
Inactive:        4186940 kB
Active(anon):      19772 kB
Inactive(anon):  1690596 kB
Active(file):     521420 kB
Inactive(file):  2496344 kB
Unevictable:           0 kB
Mlocked:               0 kB
SwapTotal:       2097152 kB
SwapFree:        2081440 kB
Dirty:                 0 kB
Writeback:             0 kB
AnonPages:       1588528 kB
Mapped:           356988 kB
Shmem:              4460 kB
KReclaimable:     186420 kB
Slab:             282884 kB
SReclaimable:     186420 kB
SUnreclaim:        96464 kB
KernelStack:       16752 kB
PageTables:        13872 kB
NFS_Unstable:          0 kB
Bounce:                0 kB
WritebackTmp:          0 kB
CommitLimit:     5996084 kB
Committed_AS:    5767444 kB
VmallocTotal:   34359738367 kB
VmallocUsed:       38784 kB
VmallocChunk:          0 kB
Percpu:             8576 kB
AnonHugePages:   1128448 kB
ShmemHugePages:        0 kB
ShmemPmdMapped:        0 kB
FileHugePages:         0 kB
FilePmdMapped:         0 kB
HugePages_Total:       0
HugePages_Free:        0
HugePages_Rsvd:        0
HugePages_Surp:        0
Hugepagesize:       2048 kB
Hugetlb:               0 kB
DirectMap4k:       68608 kB
DirectMap2M:     6928384 kB
DirectMap1G:     9437184 kB

Current date and time: Wed May 10 17:22:09 UTC 2023
Current memory usage:
MemTotal:        7797868 kB
MemFree:         2461224 kB
MemAvailable:    5365968 kB
Buffers:           42460 kB
Cached:          2979676 kB
SwapCached:         1756 kB
Active:           541204 kB
Inactive:        4187260 kB
Active(anon):      19772 kB
Inactive(anon):  1690920 kB
Active(file):     521432 kB
Inactive(file):  2496340 kB
Unevictable:           0 kB
Mlocked:               0 kB
SwapTotal:       2097152 kB
SwapFree:        2081440 kB
Dirty:                 0 kB
Writeback:             0 kB
AnonPages:       1588648 kB
Mapped:           357072 kB
Shmem:              4464 kB
KReclaimable:     186436 kB
Slab:             282840 kB
SReclaimable:     186436 kB
SUnreclaim:        96404 kB
KernelStack:       16720 kB
PageTables:        13596 kB
NFS_Unstable:          0 kB
Bounce:                0 kB
WritebackTmp:          0 kB
CommitLimit:     5996084 kB
Committed_AS:    5767448 kB
VmallocTotal:   34359738367 kB
VmallocUsed:       38752 kB
VmallocChunk:          0 kB
Percpu:             8576 kB
AnonHugePages:   1128448 kB
ShmemHugePages:        0 kB
ShmemPmdMapped:        0 kB
FileHugePages:         0 kB
FilePmdMapped:         0 kB
HugePages_Total:       0
HugePages_Free:        0
HugePages_Rsvd:        0
HugePages_Surp:        0
Hugepagesize:       2048 kB
Hugetlb:               0 kB
DirectMap4k:       68608 kB
DirectMap2M:     6928384 kB
DirectMap1G:     9437184 kB

Current date and time: Wed May 10 17:23:09 UTC 2023
Current memory usage:
MemTotal:        7797868 kB
MemFree:         2460304 kB
MemAvailable:    5365052 kB
Buffers:           42476 kB
Cached:          2979684 kB
SwapCached:         1756 kB
Active:           541224 kB
Inactive:        4187256 kB
Active(anon):      19776 kB
Inactive(anon):  1690912 kB
Active(file):     521448 kB
Inactive(file):  2496344 kB
Unevictable:           0 kB
Mlocked:               0 kB
SwapTotal:       2097152 kB
SwapFree:        2081440 kB
Dirty:                 0 kB
Writeback:             0 kB
AnonPages:       1588632 kB
Mapped:           357060 kB
Shmem:              4468 kB
KReclaimable:     186420 kB
Slab:             282840 kB
SReclaimable:     186420 kB
SUnreclaim:        96420 kB
KernelStack:       16720 kB
PageTables:        13592 kB
NFS_Unstable:          0 kB
Bounce:                0 kB
WritebackTmp:          0 kB
CommitLimit:     5996084 kB
Committed_AS:    5767452 kB
VmallocTotal:   34359738367 kB
VmallocUsed:       38736 kB
VmallocChunk:          0 kB
Percpu:             8576 kB
AnonHugePages:   1128448 kB
ShmemHugePages:        0 kB
ShmemPmdMapped:        0 kB
FileHugePages:         0 kB
FilePmdMapped:         0 kB
HugePages_Total:       0
HugePages_Free:        0
HugePages_Rsvd:        0
HugePages_Surp:        0
Hugepagesize:       2048 kB
Hugetlb:               0 kB
DirectMap4k:       68608 kB
DirectMap2M:     6928384 kB
DirectMap1G:     9437184 kB

Current date and time: Wed May 10 17:24:08 UTC 2023
Current memory usage:
MemTotal:        7797868 kB
MemFree:         2462716 kB
MemAvailable:    5367472 kB
Buffers:           42484 kB
Cached:          2979688 kB
SwapCached:         1756 kB
Active:           541240 kB
Inactive:        4187212 kB
Active(anon):      19784 kB
Inactive(anon):  1690868 kB
Active(file):     521456 kB
Inactive(file):  2496344 kB
Unevictable:           0 kB
Mlocked:               0 kB
SwapTotal:       2097152 kB
SwapFree:        2081440 kB
Dirty:                 0 kB
Writeback:             0 kB
AnonPages:       1588716 kB
Mapped:           357056 kB
Shmem:              4472 kB
KReclaimable:     186420 kB
Slab:             282892 kB
SReclaimable:     186420 kB
SUnreclaim:        96472 kB
KernelStack:       16752 kB
PageTables:        13880 kB
NFS_Unstable:          0 kB
Bounce:                0 kB
WritebackTmp:          0 kB
CommitLimit:     5996084 kB
Committed_AS:    5767456 kB
VmallocTotal:   34359738367 kB
VmallocUsed:       38752 kB
VmallocChunk:          0 kB
Percpu:             8576 kB
AnonHugePages:   1128448 kB
ShmemHugePages:        0 kB
ShmemPmdMapped:        0 kB
FileHugePages:         0 kB
FilePmdMapped:         0 kB
HugePages_Total:       0
HugePages_Free:        0
HugePages_Rsvd:        0
HugePages_Surp:        0
Hugepagesize:       2048 kB
Hugetlb:               0 kB
DirectMap4k:       68608 kB
DirectMap2M:     6928384 kB
DirectMap1G:     9437184 kB

Current date and time: Wed May 10 17:25:08 UTC 2023
Current memory usage:
MemTotal:        7797868 kB
MemFree:         2464328 kB
MemAvailable:    5369108 kB
Buffers:           42492 kB
Cached:          2979692 kB
SwapCached:         1756 kB
Active:           541248 kB
Inactive:        4187084 kB
Active(anon):      19784 kB
Inactive(anon):  1690740 kB
Active(file):     521464 kB
Inactive(file):  2496344 kB
Unevictable:           0 kB
Mlocked:               0 kB
SwapTotal:       2097152 kB
SwapFree:        2081440 kB
Dirty:                 0 kB
Writeback:             0 kB
AnonPages:       1588460 kB
Mapped:           357068 kB
Shmem:              4476 kB
KReclaimable:     186436 kB
Slab:             282840 kB
SReclaimable:     186436 kB
SUnreclaim:        96404 kB
KernelStack:       16720 kB
PageTables:        13596 kB
NFS_Unstable:          0 kB
Bounce:                0 kB
WritebackTmp:          0 kB
CommitLimit:     5996084 kB
Committed_AS:    5767460 kB
VmallocTotal:   34359738367 kB
VmallocUsed:       38752 kB
VmallocChunk:          0 kB
Percpu:             8576 kB
AnonHugePages:   1128448 kB
ShmemHugePages:        0 kB
ShmemPmdMapped:        0 kB
FileHugePages:         0 kB
FilePmdMapped:         0 kB
HugePages_Total:       0
HugePages_Free:        0
HugePages_Rsvd:        0
HugePages_Surp:        0
Hugepagesize:       2048 kB
Hugetlb:               0 kB
DirectMap4k:       68608 kB
DirectMap2M:     6928384 kB
DirectMap1G:     9437184 kB

Current date and time: Wed May 10 17:26:08 UTC 2023
Current memory usage:
MemTotal:        7797868 kB
MemFree:         2462500 kB
MemAvailable:    5368420 kB
Buffers:           42500 kB
Cached:          2980860 kB
SwapCached:         1756 kB
Active:           542132 kB
Inactive:        4187060 kB
Active(anon):      19788 kB
Inactive(anon):  1690424 kB
Active(file):     522344 kB
Inactive(file):  2496636 kB
Unevictable:           0 kB
Mlocked:               0 kB
SwapTotal:       2097152 kB
SwapFree:        2081440 kB
Dirty:                 0 kB
Writeback:             0 kB
AnonPages:       1588328 kB
Mapped:           357252 kB
Shmem:              4480 kB
KReclaimable:     186404 kB
Slab:             282808 kB
SReclaimable:     186404 kB
SUnreclaim:        96404 kB
KernelStack:       16736 kB
PageTables:        13792 kB
NFS_Unstable:          0 kB
Bounce:                0 kB
WritebackTmp:          0 kB
CommitLimit:     5996084 kB
Committed_AS:    5767596 kB
VmallocTotal:   34359738367 kB
VmallocUsed:       38768 kB
VmallocChunk:          0 kB
Percpu:             8576 kB
AnonHugePages:   1130496 kB
ShmemHugePages:        0 kB
ShmemPmdMapped:        0 kB
FileHugePages:         0 kB
FilePmdMapped:         0 kB
HugePages_Total:       0
HugePages_Free:        0
HugePages_Rsvd:        0
HugePages_Surp:        0
Hugepagesize:       2048 kB
Hugetlb:               0 kB
DirectMap4k:       68608 kB
DirectMap2M:     6928384 kB
DirectMap1G:     9437184 kB

Current date and time: Wed May 10 17:27:09 UTC 2023
Current memory usage:
MemTotal:        7797868 kB
MemFree:         2462644 kB
MemAvailable:    5368572 kB
Buffers:           42508 kB
Cached:          2980864 kB
SwapCached:         1756 kB
Active:           542144 kB
Inactive:        4187344 kB
Active(anon):      19792 kB
Inactive(anon):  1690708 kB
Active(file):     522352 kB
Inactive(file):  2496636 kB
Unevictable:           0 kB
Mlocked:               0 kB
SwapTotal:       2097152 kB
SwapFree:        2081440 kB
Dirty:                 0 kB
Writeback:             0 kB
AnonPages:       1588476 kB
Mapped:           357232 kB
Shmem:              4484 kB
KReclaimable:     186404 kB
Slab:             282824 kB
SReclaimable:     186404 kB
SUnreclaim:        96420 kB
KernelStack:       16736 kB
PageTables:        13592 kB
NFS_Unstable:          0 kB
Bounce:                0 kB
WritebackTmp:          0 kB
CommitLimit:     5996084 kB
Committed_AS:    5767600 kB
VmallocTotal:   34359738367 kB
VmallocUsed:       38784 kB
VmallocChunk:          0 kB
Percpu:             8576 kB
AnonHugePages:   1128448 kB
ShmemHugePages:        0 kB
ShmemPmdMapped:        0 kB
FileHugePages:         0 kB
FilePmdMapped:         0 kB
HugePages_Total:       0
HugePages_Free:        0
HugePages_Rsvd:        0
HugePages_Surp:        0
Hugepagesize:       2048 kB
Hugetlb:               0 kB
DirectMap4k:       68608 kB
DirectMap2M:     6928384 kB
DirectMap1G:     9437184 kB

Current date and time: Wed May 10 17:28:08 UTC 2023
Current memory usage:
MemTotal:        7797868 kB
MemFree:         2468428 kB
MemAvailable:    5374848 kB
Buffers:           42516 kB
Cached:          2981332 kB
SwapCached:         1756 kB
Active:           542156 kB
Inactive:        4187552 kB
Active(anon):      19796 kB
Inactive(anon):  1690448 kB
Active(file):     522360 kB
Inactive(file):  2497104 kB
Unevictable:           0 kB
Mlocked:               0 kB
SwapTotal:       2097152 kB
SwapFree:        2081440 kB
Dirty:                 0 kB
Writeback:             0 kB
AnonPages:       1588344 kB
Mapped:           357552 kB
Shmem:              4484 kB
KReclaimable:     186420 kB
Slab:             282856 kB
SReclaimable:     186420 kB
SUnreclaim:        96436 kB
KernelStack:       16752 kB
PageTables:        13592 kB
NFS_Unstable:          0 kB
Bounce:                0 kB
WritebackTmp:          0 kB
CommitLimit:     5996084 kB
Committed_AS:    5767600 kB
VmallocTotal:   34359738367 kB
VmallocUsed:       38784 kB
VmallocChunk:          0 kB
Percpu:             8576 kB
AnonHugePages:   1128448 kB
ShmemHugePages:        0 kB
ShmemPmdMapped:        0 kB
FileHugePages:         0 kB
FilePmdMapped:         0 kB
HugePages_Total:       0
HugePages_Free:        0
HugePages_Rsvd:        0
HugePages_Surp:        0
Hugepagesize:       2048 kB
Hugetlb:               0 kB
DirectMap4k:       68608 kB
DirectMap2M:     6928384 kB
DirectMap1G:     9437184 kB

Current date and time: Wed May 10 17:29:08 UTC 2023
Current memory usage:
MemTotal:        7797868 kB
MemFree:         2459632 kB
MemAvailable:    5366060 kB
Buffers:           42524 kB
Cached:          2981336 kB
SwapCached:         1756 kB
Active:           542168 kB
Inactive:        4188060 kB
Active(anon):      19800 kB
Inactive(anon):  1690956 kB
Active(file):     522368 kB
Inactive(file):  2497104 kB
Unevictable:           0 kB
Mlocked:               0 kB
SwapTotal:       2097152 kB
SwapFree:        2081440 kB
Dirty:                 0 kB
Writeback:             0 kB
AnonPages:       1588784 kB
Mapped:           357596 kB
Shmem:              4488 kB
KReclaimable:     186420 kB
Slab:             282924 kB
SReclaimable:     186420 kB
SUnreclaim:        96504 kB
KernelStack:       16784 kB
PageTables:        13860 kB
NFS_Unstable:          0 kB
Bounce:                0 kB
WritebackTmp:          0 kB
CommitLimit:     5996084 kB
Committed_AS:    5767604 kB
VmallocTotal:   34359738367 kB
VmallocUsed:       38768 kB
VmallocChunk:          0 kB
Percpu:             8576 kB
AnonHugePages:   1128448 kB
ShmemHugePages:        0 kB
ShmemPmdMapped:        0 kB
FileHugePages:         0 kB
FilePmdMapped:         0 kB
HugePages_Total:       0
HugePages_Free:        0
HugePages_Rsvd:        0
HugePages_Surp:        0
Hugepagesize:       2048 kB
Hugetlb:               0 kB
DirectMap4k:       68608 kB
DirectMap2M:     6928384 kB
DirectMap1G:     9437184 kB

Current date and time: Wed May 10 17:30:08 UTC 2023
Current memory usage:
MemTotal:        7797868 kB
MemFree:         2463780 kB
MemAvailable:    5370228 kB
Buffers:           42540 kB
Cached:          2981344 kB
SwapCached:         1756 kB
Active:           542192 kB
Inactive:        4187928 kB
Active(anon):      19808 kB
Inactive(anon):  1690820 kB
Active(file):     522384 kB
Inactive(file):  2497108 kB
Unevictable:           0 kB
Mlocked:               0 kB
SwapTotal:       2097152 kB
SwapFree:        2081440 kB
Dirty:                 0 kB
Writeback:             0 kB
AnonPages:       1588564 kB
Mapped:           357648 kB
Shmem:              4492 kB
KReclaimable:     186420 kB
Slab:             282752 kB
SReclaimable:     186420 kB
SUnreclaim:        96332 kB
KernelStack:       16720 kB
PageTables:        13716 kB
NFS_Unstable:          0 kB
Bounce:                0 kB
WritebackTmp:          0 kB
CommitLimit:     5996084 kB
Committed_AS:    5767608 kB
VmallocTotal:   34359738367 kB
VmallocUsed:       38752 kB
VmallocChunk:          0 kB
Percpu:             8576 kB
AnonHugePages:   1128448 kB
ShmemHugePages:        0 kB
ShmemPmdMapped:        0 kB
FileHugePages:         0 kB
FilePmdMapped:         0 kB
HugePages_Total:       0
HugePages_Free:        0
HugePages_Rsvd:        0
HugePages_Surp:        0
Hugepagesize:       2048 kB
Hugetlb:               0 kB
DirectMap4k:       68608 kB
DirectMap2M:     6928384 kB
DirectMap1G:     9437184 kB

Current date and time: Wed May 10 17:31:08 UTC 2023
Current memory usage:
MemTotal:        7797868 kB
MemFree:         2466748 kB
MemAvailable:    5373188 kB
Buffers:           42548 kB
Cached:          2981348 kB
SwapCached:         1756 kB
Active:           542200 kB
Inactive:        4188240 kB
Active(anon):      19808 kB
Inactive(anon):  1691132 kB
Active(file):     522392 kB
Inactive(file):  2497108 kB
Unevictable:           0 kB
Mlocked:               0 kB
SwapTotal:       2097152 kB
SwapFree:        2081440 kB
Dirty:                 0 kB
Writeback:             0 kB
AnonPages:       1588788 kB
Mapped:           357528 kB
Shmem:              4496 kB
KReclaimable:     186404 kB
Slab:             282876 kB
SReclaimable:     186404 kB
SUnreclaim:        96472 kB
KernelStack:       16768 kB
PageTables:        13728 kB
NFS_Unstable:          0 kB
Bounce:                0 kB
WritebackTmp:          0 kB
CommitLimit:     5996084 kB
Committed_AS:    5767612 kB
VmallocTotal:   34359738367 kB
VmallocUsed:       38800 kB
VmallocChunk:          0 kB
Percpu:             8576 kB
AnonHugePages:   1128448 kB
ShmemHugePages:        0 kB
ShmemPmdMapped:        0 kB
FileHugePages:         0 kB
FilePmdMapped:         0 kB
HugePages_Total:       0
HugePages_Free:        0
HugePages_Rsvd:        0
HugePages_Surp:        0
Hugepagesize:       2048 kB
Hugetlb:               0 kB
DirectMap4k:       68608 kB
DirectMap2M:     6928384 kB
DirectMap1G:     9437184 kB

Current date and time: Wed May 10 17:32:08 UTC 2023
Current memory usage:
MemTotal:        7797868 kB
MemFree:         2463952 kB
MemAvailable:    5370448 kB
Buffers:           42556 kB
Cached:          2981352 kB
SwapCached:         1756 kB
Active:           542212 kB
Inactive:        4187492 kB
Active(anon):      19812 kB
Inactive(anon):  1690384 kB
Active(file):     522400 kB
Inactive(file):  2497108 kB
Unevictable:           0 kB
Mlocked:               0 kB
SwapTotal:       2097152 kB
SwapFree:        2081440 kB
Dirty:                 0 kB
Writeback:             0 kB
AnonPages:       1588108 kB
Mapped:           357596 kB
Shmem:              4500 kB
KReclaimable:     186452 kB
Slab:             282888 kB
SReclaimable:     186452 kB
SUnreclaim:        96436 kB
KernelStack:       16752 kB
PageTables:        13596 kB
NFS_Unstable:          0 kB
Bounce:                0 kB
WritebackTmp:          0 kB
CommitLimit:     5996084 kB
Committed_AS:    5767616 kB
VmallocTotal:   34359738367 kB
VmallocUsed:       38768 kB
VmallocChunk:          0 kB
Percpu:             8576 kB
AnonHugePages:   1128448 kB
ShmemHugePages:        0 kB
ShmemPmdMapped:        0 kB
FileHugePages:         0 kB
FilePmdMapped:         0 kB
HugePages_Total:       0
HugePages_Free:        0
HugePages_Rsvd:        0
HugePages_Surp:        0
Hugepagesize:       2048 kB
Hugetlb:               0 kB
DirectMap4k:       68608 kB
DirectMap2M:     6928384 kB
DirectMap1G:     9437184 kB

Current date and time: Wed May 10 17:33:09 UTC 2023
Current memory usage:
MemTotal:        7797868 kB
MemFree:         2463868 kB
MemAvailable:    5370340 kB
Buffers:           42564 kB
Cached:          2981356 kB
SwapCached:         1756 kB
Active:           542224 kB
Inactive:        4187640 kB
Active(anon):      19816 kB
Inactive(anon):  1690532 kB
Active(file):     522408 kB
Inactive(file):  2497108 kB
Unevictable:           0 kB
Mlocked:               0 kB
SwapTotal:       2097152 kB
SwapFree:        2081440 kB
Dirty:                 0 kB
Writeback:             0 kB
AnonPages:       1588240 kB
Mapped:           357536 kB
Shmem:              4504 kB
KReclaimable:     186420 kB
Slab:             282876 kB
SReclaimable:     186420 kB
SUnreclaim:        96456 kB
KernelStack:       16736 kB
PageTables:        13592 kB
NFS_Unstable:          0 kB
Bounce:                0 kB
WritebackTmp:          0 kB
CommitLimit:     5996084 kB
Committed_AS:    5767620 kB
VmallocTotal:   34359738367 kB
VmallocUsed:       38800 kB
VmallocChunk:          0 kB
Percpu:             8576 kB
AnonHugePages:   1128448 kB
ShmemHugePages:        0 kB
ShmemPmdMapped:        0 kB
FileHugePages:         0 kB
FilePmdMapped:         0 kB
HugePages_Total:       0
HugePages_Free:        0
HugePages_Rsvd:        0
HugePages_Surp:        0
Hugepagesize:       2048 kB
Hugetlb:               0 kB
DirectMap4k:       68608 kB
DirectMap2M:     6928384 kB
DirectMap1G:     9437184 kB

Current date and time: Wed May 10 17:34:09 UTC 2023
Current memory usage:
MemTotal:        7797868 kB
MemFree:         2465120 kB
MemAvailable:    5371584 kB
Buffers:           42572 kB
Cached:          2981360 kB
SwapCached:         1756 kB
Active:           542236 kB
Inactive:        4187432 kB
Active(anon):      19820 kB
Inactive(anon):  1690324 kB
Active(file):     522416 kB
Inactive(file):  2497108 kB
Unevictable:           0 kB
Mlocked:               0 kB
SwapTotal:       2097152 kB
SwapFree:        2081440 kB
Dirty:                 0 kB
Writeback:             0 kB
AnonPages:       1588268 kB
Mapped:           357504 kB
Shmem:              4508 kB
KReclaimable:     186404 kB
Slab:             282940 kB
SReclaimable:     186404 kB
SUnreclaim:        96536 kB
KernelStack:       16768 kB
PageTables:        13880 kB
NFS_Unstable:          0 kB
Bounce:                0 kB
WritebackTmp:          0 kB
CommitLimit:     5996084 kB
Committed_AS:    5767624 kB
VmallocTotal:   34359738367 kB
VmallocUsed:       38736 kB
VmallocChunk:          0 kB
Percpu:             8576 kB
AnonHugePages:   1128448 kB
ShmemHugePages:        0 kB
ShmemPmdMapped:        0 kB
FileHugePages:         0 kB
FilePmdMapped:         0 kB
HugePages_Total:       0
HugePages_Free:        0
HugePages_Rsvd:        0
HugePages_Surp:        0
Hugepagesize:       2048 kB
Hugetlb:               0 kB
DirectMap4k:       68608 kB
DirectMap2M:     6928384 kB
DirectMap1G:     9437184 kB

Current date and time: Wed May 10 17:35:08 UTC 2023
Current memory usage:
MemTotal:        7797868 kB
MemFree:         2466972 kB
MemAvailable:    5373460 kB
Buffers:           42580 kB
Cached:          2981364 kB
SwapCached:         1756 kB
Active:           542264 kB
Inactive:        4187404 kB
Active(anon):      19824 kB
Inactive(anon):  1690312 kB
Active(file):     522440 kB
Inactive(file):  2497092 kB
Unevictable:           0 kB
Mlocked:               0 kB
SwapTotal:       2097152 kB
SwapFree:        2081440 kB
Dirty:                 0 kB
Writeback:             0 kB
AnonPages:       1588020 kB
Mapped:           357580 kB
Shmem:              4512 kB
KReclaimable:     186420 kB
Slab:             282876 kB
SReclaimable:     186420 kB
SUnreclaim:        96456 kB
KernelStack:       16736 kB
PageTables:        13592 kB
NFS_Unstable:          0 kB
Bounce:                0 kB
WritebackTmp:          0 kB
CommitLimit:     5996084 kB
Committed_AS:    5767628 kB
VmallocTotal:   34359738367 kB
VmallocUsed:       38720 kB
VmallocChunk:          0 kB
Percpu:             8576 kB
AnonHugePages:   1128448 kB
ShmemHugePages:        0 kB
ShmemPmdMapped:        0 kB
FileHugePages:         0 kB
FilePmdMapped:         0 kB
HugePages_Total:       0
HugePages_Free:        0
HugePages_Rsvd:        0
HugePages_Surp:        0
Hugepagesize:       2048 kB
Hugetlb:               0 kB
DirectMap4k:       68608 kB
DirectMap2M:     6928384 kB
DirectMap1G:     9437184 kB

Current date and time: Wed May 10 17:36:08 UTC 2023
Current memory usage:
MemTotal:        7797868 kB
MemFree:         2465648 kB
MemAvailable:    5372144 kB
Buffers:           42588 kB
Cached:          2981368 kB
SwapCached:         1756 kB
Active:           542276 kB
Inactive:        4187204 kB
Active(anon):      19828 kB
Inactive(anon):  1690112 kB
Active(file):     522448 kB
Inactive(file):  2497092 kB
Unevictable:           0 kB
Mlocked:               0 kB
SwapTotal:       2097152 kB
SwapFree:        2081440 kB
Dirty:                 0 kB
Writeback:             0 kB
AnonPages:       1587772 kB
Mapped:           357548 kB
Shmem:              4516 kB
KReclaimable:     186420 kB
Slab:             282776 kB
SReclaimable:     186420 kB
SUnreclaim:        96356 kB
KernelStack:       16704 kB
PageTables:        13520 kB
NFS_Unstable:          0 kB
Bounce:                0 kB
WritebackTmp:          0 kB
CommitLimit:     5996084 kB
Committed_AS:    5767632 kB
VmallocTotal:   34359738367 kB
VmallocUsed:       38688 kB
VmallocChunk:          0 kB
Percpu:             8576 kB
AnonHugePages:   1128448 kB
ShmemHugePages:        0 kB
ShmemPmdMapped:        0 kB
FileHugePages:         0 kB
FilePmdMapped:         0 kB
HugePages_Total:       0
HugePages_Free:        0
HugePages_Rsvd:        0
HugePages_Surp:        0
Hugepagesize:       2048 kB
Hugetlb:               0 kB
DirectMap4k:       68608 kB
DirectMap2M:     6928384 kB
DirectMap1G:     9437184 kB

Current date and time: Wed May 10 17:37:08 UTC 2023
Current memory usage:
MemTotal:        7797868 kB
MemFree:         2469192 kB
MemAvailable:    5375696 kB
Buffers:           42596 kB
Cached:          2981372 kB
SwapCached:         1756 kB
Active:           542288 kB
Inactive:        4187728 kB
Active(anon):      19832 kB
Inactive(anon):  1690636 kB
Active(file):     522456 kB
Inactive(file):  2497092 kB
Unevictable:           0 kB
Mlocked:               0 kB
SwapTotal:       2097152 kB
SwapFree:        2081440 kB
Dirty:                 0 kB
Writeback:             0 kB
AnonPages:       1588276 kB
Mapped:           357548 kB
Shmem:              4520 kB
KReclaimable:     186420 kB
Slab:             282968 kB
SReclaimable:     186420 kB
SUnreclaim:        96548 kB
KernelStack:       16768 kB
PageTables:        13684 kB
NFS_Unstable:          0 kB
Bounce:                0 kB
WritebackTmp:          0 kB
CommitLimit:     5996084 kB
Committed_AS:    5767636 kB
VmallocTotal:   34359738367 kB
VmallocUsed:       38816 kB
VmallocChunk:          0 kB
Percpu:             8576 kB
AnonHugePages:   1128448 kB
ShmemHugePages:        0 kB
ShmemPmdMapped:        0 kB
FileHugePages:         0 kB
FilePmdMapped:         0 kB
HugePages_Total:       0
HugePages_Free:        0
HugePages_Rsvd:        0
HugePages_Surp:        0
Hugepagesize:       2048 kB
Hugetlb:               0 kB
DirectMap4k:       68608 kB
DirectMap2M:     6928384 kB
DirectMap1G:     9437184 kB

Current date and time: Wed May 10 17:38:08 UTC 2023
Current memory usage:
MemTotal:        7797868 kB
MemFree:         2466184 kB
MemAvailable:    5372724 kB
Buffers:           42612 kB
Cached:          2981380 kB
SwapCached:         1756 kB
Active:           542308 kB
Inactive:        4187624 kB
Active(anon):      19836 kB
Inactive(anon):  1690528 kB
Active(file):     522472 kB
Inactive(file):  2497096 kB
Unevictable:           0 kB
Mlocked:               0 kB
SwapTotal:       2097152 kB
SwapFree:        2081440 kB
Dirty:                 0 kB
Writeback:             0 kB
AnonPages:       1588140 kB
Mapped:           357552 kB
Shmem:              4524 kB
KReclaimable:     186436 kB
Slab:             282896 kB
SReclaimable:     186436 kB
SUnreclaim:        96460 kB
KernelStack:       16736 kB
PageTables:        13592 kB
NFS_Unstable:          0 kB
Bounce:                0 kB
WritebackTmp:          0 kB
CommitLimit:     5996084 kB
Committed_AS:    5767640 kB
VmallocTotal:   34359738367 kB
VmallocUsed:       38784 kB
VmallocChunk:          0 kB
Percpu:             8576 kB
AnonHugePages:   1128448 kB
ShmemHugePages:        0 kB
ShmemPmdMapped:        0 kB
FileHugePages:         0 kB
FilePmdMapped:         0 kB
HugePages_Total:       0
HugePages_Free:        0
HugePages_Rsvd:        0
HugePages_Surp:        0
Hugepagesize:       2048 kB
Hugetlb:               0 kB
DirectMap4k:       68608 kB
DirectMap2M:     6928384 kB
DirectMap1G:     9437184 kB

Current date and time: Wed May 10 17:39:08 UTC 2023
Current memory usage:
MemTotal:        7797868 kB
MemFree:         2467120 kB
MemAvailable:    5373652 kB
Buffers:           42620 kB
Cached:          2981384 kB
SwapCached:         1756 kB
Active:           542320 kB
Inactive:        4187668 kB
Active(anon):      19840 kB
Inactive(anon):  1690572 kB
Active(file):     522480 kB
Inactive(file):  2497096 kB
Unevictable:           0 kB
Mlocked:               0 kB
SwapTotal:       2097152 kB
SwapFree:        2081440 kB
Dirty:                 0 kB
Writeback:             0 kB
AnonPages:       1588108 kB
Mapped:           357580 kB
Shmem:              4528 kB
KReclaimable:     186420 kB
Slab:             282896 kB
SReclaimable:     186420 kB
SUnreclaim:        96476 kB
KernelStack:       16736 kB
PageTables:        13592 kB
NFS_Unstable:          0 kB
Bounce:                0 kB
WritebackTmp:          0 kB
CommitLimit:     5996084 kB
Committed_AS:    5767644 kB
VmallocTotal:   34359738367 kB
VmallocUsed:       38800 kB
VmallocChunk:          0 kB
Percpu:             8576 kB
AnonHugePages:   1128448 kB
ShmemHugePages:        0 kB
ShmemPmdMapped:        0 kB
FileHugePages:         0 kB
FilePmdMapped:         0 kB
HugePages_Total:       0
HugePages_Free:        0
HugePages_Rsvd:        0
HugePages_Surp:        0
Hugepagesize:       2048 kB
Hugetlb:               0 kB
DirectMap4k:       68608 kB
DirectMap2M:     6928384 kB
DirectMap1G:     9437184 kB

Current date and time: Wed May 10 17:40:08 UTC 2023
Current memory usage:
MemTotal:        7797868 kB
MemFree:         2464084 kB
MemAvailable:    5370640 kB
Buffers:           42628 kB
Cached:          2981388 kB
SwapCached:         1756 kB
Active:           542332 kB
Inactive:        4187460 kB
