
Current date and time: Sun May 14 03:25:09 UTC 2023
Current memory usage:
MemTotal:        7797868 kB
MemFree:         3170800 kB
MemAvailable:    6095248 kB
Buffers:           38392 kB
Cached:          3004036 kB
SwapCached:          556 kB
Active:           524764 kB
Inactive:        3513276 kB
Active(anon):      18860 kB
Inactive(anon):   980776 kB
Active(file):     505904 kB
Inactive(file):  2532500 kB
Unevictable:           0 kB
Mlocked:               0 kB
SwapTotal:       2097152 kB
SwapFree:        2088644 kB
Dirty:                 0 kB
Writeback:             0 kB
AnonPages:        885404 kB
Mapped:           305332 kB
Shmem:              4216 kB
KReclaimable:     185508 kB
Slab:             277676 kB
SReclaimable:     185508 kB
SUnreclaim:        92168 kB
KernelStack:       15460 kB
PageTables:        11684 kB
NFS_Unstable:          0 kB
Bounce:                0 kB
WritebackTmp:          0 kB
CommitLimit:     5996084 kB
Committed_AS:    4832912 kB
VmallocTotal:   34359738367 kB
VmallocUsed:       37356 kB
VmallocChunk:          0 kB
Percpu:             8064 kB
AnonHugePages:    473088 kB
ShmemHugePages:        0 kB
ShmemPmdMapped:        0 kB
FileHugePages:         0 kB
FilePmdMapped:         0 kB
HugePages_Total:       0
HugePages_Free:        0
HugePages_Rsvd:        0
HugePages_Surp:        0
Hugepagesize:       2048 kB
Hugetlb:               0 kB
DirectMap4k:       41984 kB
DirectMap2M:     5906432 kB
DirectMap1G:    10485760 kB

Current date and time: Sun May 14 03:26:08 UTC 2023
Current memory usage:
MemTotal:        7797868 kB
MemFree:         2656056 kB
MemAvailable:    5628904 kB
Buffers:           39324 kB
Cached:          3050824 kB
SwapCached:          556 kB
Active:           587024 kB
Inactive:        3955036 kB
Active(anon):      18976 kB
Inactive(anon):  1437120 kB
Active(file):     568048 kB
Inactive(file):  2517916 kB
Unevictable:           0 kB
Mlocked:               0 kB
SwapTotal:       2097152 kB
SwapFree:        2088644 kB
Dirty:                 0 kB
Writeback:             0 kB
AnonPages:       1324708 kB
Mapped:           346880 kB
Shmem:              4376 kB
KReclaimable:     186348 kB
Slab:             280400 kB
SReclaimable:     186348 kB
SUnreclaim:        94052 kB
KernelStack:       16464 kB
PageTables:        13376 kB
NFS_Unstable:          0 kB
Bounce:                0 kB
WritebackTmp:          0 kB
CommitLimit:     5996084 kB
Committed_AS:    5664256 kB
VmallocTotal:   34359738367 kB
VmallocUsed:       38512 kB
VmallocChunk:          0 kB
Percpu:             8640 kB
AnonHugePages:    684032 kB
ShmemHugePages:        0 kB
ShmemPmdMapped:        0 kB
FileHugePages:         0 kB
FilePmdMapped:         0 kB
HugePages_Total:       0
HugePages_Free:        0
HugePages_Rsvd:        0
HugePages_Surp:        0
Hugepagesize:       2048 kB
Hugetlb:               0 kB
DirectMap4k:       56320 kB
DirectMap2M:     5892096 kB
DirectMap1G:    10485760 kB

Current date and time: Sun May 14 03:27:08 UTC 2023
Current memory usage:
MemTotal:        7797868 kB
MemFree:         2643696 kB
MemAvailable:    5616568 kB
Buffers:           39332 kB
Cached:          3050828 kB
SwapCached:          556 kB
Active:           587572 kB
Inactive:        3967208 kB
Active(anon):      18984 kB
Inactive(anon):  1449824 kB
Active(file):     568588 kB
Inactive(file):  2517384 kB
Unevictable:           0 kB
Mlocked:               0 kB
SwapTotal:       2097152 kB
SwapFree:        2088644 kB
Dirty:                 0 kB
Writeback:             0 kB
AnonPages:       1336836 kB
Mapped:           346920 kB
Shmem:              4380 kB
KReclaimable:     186364 kB
Slab:             280508 kB
SReclaimable:     186364 kB
SUnreclaim:        94144 kB
KernelStack:       16480 kB
PageTables:        13440 kB
NFS_Unstable:          0 kB
Bounce:                0 kB
WritebackTmp:          0 kB
CommitLimit:     5996084 kB
Committed_AS:    5664260 kB
VmallocTotal:   34359738367 kB
VmallocUsed:       38464 kB
VmallocChunk:          0 kB
Percpu:             8640 kB
AnonHugePages:    696320 kB
ShmemHugePages:        0 kB
ShmemPmdMapped:        0 kB
FileHugePages:         0 kB
FilePmdMapped:         0 kB
HugePages_Total:       0
HugePages_Free:        0
HugePages_Rsvd:        0
HugePages_Surp:        0
Hugepagesize:       2048 kB
Hugetlb:               0 kB
DirectMap4k:       56320 kB
DirectMap2M:     5892096 kB
DirectMap1G:    10485760 kB

Current date and time: Sun May 14 03:28:08 UTC 2023
Current memory usage:
MemTotal:        7797868 kB
MemFree:         2633872 kB
MemAvailable:    5607000 kB
Buffers:           39388 kB
Cached:          3051032 kB
SwapCached:          556 kB
Active:           587720 kB
Inactive:        3978236 kB
Active(anon):      18988 kB
Inactive(anon):  1460740 kB
Active(file):     568732 kB
Inactive(file):  2517496 kB
Unevictable:           0 kB
Mlocked:               0 kB
SwapTotal:       2097152 kB
SwapFree:        2088644 kB
Dirty:                 0 kB
Writeback:             0 kB
AnonPages:       1347160 kB
Mapped:           347008 kB
Shmem:              4384 kB
KReclaimable:     186364 kB
Slab:             280420 kB
SReclaimable:     186364 kB
SUnreclaim:        94056 kB
KernelStack:       16464 kB
PageTables:        13568 kB
NFS_Unstable:          0 kB
Bounce:                0 kB
WritebackTmp:          0 kB
CommitLimit:     5996084 kB
Committed_AS:    5664264 kB
VmallocTotal:   34359738367 kB
VmallocUsed:       38480 kB
VmallocChunk:          0 kB
Percpu:             8640 kB
AnonHugePages:    708608 kB
ShmemHugePages:        0 kB
ShmemPmdMapped:        0 kB
FileHugePages:         0 kB
FilePmdMapped:         0 kB
HugePages_Total:       0
HugePages_Free:        0
HugePages_Rsvd:        0
HugePages_Surp:        0
Hugepagesize:       2048 kB
Hugetlb:               0 kB
DirectMap4k:       56320 kB
DirectMap2M:     5892096 kB
DirectMap1G:    10485760 kB

Current date and time: Sun May 14 03:29:11 UTC 2023
Current memory usage:
MemTotal:        7797868 kB
MemFree:         2620220 kB
MemAvailable:    5593504 kB
Buffers:           39396 kB
Cached:          3051216 kB
SwapCached:          556 kB
Active:           587932 kB
Inactive:        3988428 kB
Active(anon):      18992 kB
Inactive(anon):  1470952 kB
Active(file):     568940 kB
Inactive(file):  2517476 kB
Unevictable:           0 kB
Mlocked:               0 kB
SwapTotal:       2097152 kB
SwapFree:        2088644 kB
Dirty:                 0 kB
Writeback:             0 kB
AnonPages:       1355544 kB
Mapped:           347144 kB
Shmem:              4388 kB
KReclaimable:     186332 kB
Slab:             280404 kB
SReclaimable:     186332 kB
SUnreclaim:        94072 kB
KernelStack:       16464 kB
PageTables:        13372 kB
NFS_Unstable:          0 kB
Bounce:                0 kB
WritebackTmp:          0 kB
CommitLimit:     5996084 kB
Committed_AS:    5664268 kB
VmallocTotal:   34359738367 kB
VmallocUsed:       38512 kB
VmallocChunk:          0 kB
Percpu:             8640 kB
AnonHugePages:    724992 kB
ShmemHugePages:        0 kB
ShmemPmdMapped:        0 kB
FileHugePages:         0 kB
FilePmdMapped:         0 kB
HugePages_Total:       0
HugePages_Free:        0
HugePages_Rsvd:        0
HugePages_Surp:        0
Hugepagesize:       2048 kB
Hugetlb:               0 kB
DirectMap4k:       56320 kB
DirectMap2M:     5892096 kB
DirectMap1G:    10485760 kB

Current date and time: Sun May 14 03:30:08 UTC 2023
Current memory usage:
MemTotal:        7797868 kB
MemFree:         2615356 kB
MemAvailable:    5589552 kB
Buffers:           39428 kB
Cached:          3052068 kB
SwapCached:          556 kB
Active:           589664 kB
Inactive:        3990116 kB
Active(anon):      18992 kB
Inactive(anon):  1473492 kB
Active(file):     570672 kB
Inactive(file):  2516624 kB
Unevictable:           0 kB
Mlocked:               0 kB
SwapTotal:       2097152 kB
SwapFree:        2088644 kB
Dirty:                 0 kB
Writeback:             0 kB
AnonPages:       1357524 kB
Mapped:           347172 kB
Shmem:              4392 kB
KReclaimable:     186364 kB
Slab:             280516 kB
SReclaimable:     186364 kB
SUnreclaim:        94152 kB
KernelStack:       16432 kB
PageTables:        13252 kB
NFS_Unstable:          0 kB
Bounce:                0 kB
WritebackTmp:          0 kB
CommitLimit:     5996084 kB
Committed_AS:    5664272 kB
VmallocTotal:   34359738367 kB
VmallocUsed:       38448 kB
VmallocChunk:          0 kB
Percpu:             8640 kB
AnonHugePages:    724992 kB
ShmemHugePages:        0 kB
ShmemPmdMapped:        0 kB
FileHugePages:         0 kB
FilePmdMapped:         0 kB
HugePages_Total:       0
HugePages_Free:        0
HugePages_Rsvd:        0
HugePages_Surp:        0
Hugepagesize:       2048 kB
Hugetlb:               0 kB
DirectMap4k:       56320 kB
DirectMap2M:     5892096 kB
DirectMap1G:    10485760 kB

Current date and time: Sun May 14 03:31:08 UTC 2023
Current memory usage:
MemTotal:        7797868 kB
MemFree:         2602852 kB
MemAvailable:    5577072 kB
Buffers:           39436 kB
Cached:          3052072 kB
SwapCached:          556 kB
Active:           589728 kB
Inactive:        3999620 kB
Active(anon):      18996 kB
Inactive(anon):  1483048 kB
Active(file):     570732 kB
Inactive(file):  2516572 kB
Unevictable:           0 kB
Mlocked:               0 kB
SwapTotal:       2097152 kB
SwapFree:        2088644 kB
Dirty:                 0 kB
Writeback:             0 kB
AnonPages:       1366600 kB
Mapped:           347220 kB
Shmem:              4396 kB
KReclaimable:     186380 kB
Slab:             280360 kB
SReclaimable:     186380 kB
SUnreclaim:        93980 kB
KernelStack:       16368 kB
PageTables:        13488 kB
NFS_Unstable:          0 kB
Bounce:                0 kB
WritebackTmp:          0 kB
CommitLimit:     5996084 kB
Committed_AS:    5664276 kB
VmallocTotal:   34359738367 kB
VmallocUsed:       38432 kB
VmallocChunk:          0 kB
Percpu:             8640 kB
AnonHugePages:    735232 kB
ShmemHugePages:        0 kB
ShmemPmdMapped:        0 kB
FileHugePages:         0 kB
FilePmdMapped:         0 kB
HugePages_Total:       0
HugePages_Free:        0
HugePages_Rsvd:        0
HugePages_Surp:        0
Hugepagesize:       2048 kB
Hugetlb:               0 kB
DirectMap4k:       56320 kB
DirectMap2M:     5892096 kB
DirectMap1G:    10485760 kB

Current date and time: Sun May 14 03:32:08 UTC 2023
Current memory usage:
MemTotal:        7797868 kB
MemFree:         2591288 kB
MemAvailable:    5565540 kB
Buffers:           39456 kB
Cached:          3052088 kB
SwapCached:          556 kB
Active:           589792 kB
Inactive:        4013736 kB
Active(anon):      19000 kB
Inactive(anon):  1497192 kB
Active(file):     570792 kB
Inactive(file):  2516544 kB
Unevictable:           0 kB
Mlocked:               0 kB
SwapTotal:       2097152 kB
SwapFree:        2088644 kB
Dirty:                 0 kB
Writeback:             0 kB
AnonPages:       1380632 kB
Mapped:           347196 kB
Shmem:              4400 kB
KReclaimable:     186380 kB
Slab:             280504 kB
SReclaimable:     186380 kB
SUnreclaim:        94124 kB
KernelStack:       16448 kB
PageTables:        13440 kB
NFS_Unstable:          0 kB
Bounce:                0 kB
WritebackTmp:          0 kB
CommitLimit:     5996084 kB
Committed_AS:    5664280 kB
VmallocTotal:   34359738367 kB
VmallocUsed:       38432 kB
VmallocChunk:          0 kB
Percpu:             8640 kB
AnonHugePages:    749568 kB
ShmemHugePages:        0 kB
ShmemPmdMapped:        0 kB
FileHugePages:         0 kB
FilePmdMapped:         0 kB
HugePages_Total:       0
HugePages_Free:        0
HugePages_Rsvd:        0
HugePages_Surp:        0
Hugepagesize:       2048 kB
Hugetlb:               0 kB
DirectMap4k:       56320 kB
DirectMap2M:     5892096 kB
DirectMap1G:    10485760 kB

Current date and time: Sun May 14 03:33:09 UTC 2023
Current memory usage:
MemTotal:        7797868 kB
MemFree:         2571420 kB
MemAvailable:    5545648 kB
Buffers:           39464 kB
Cached:          3052092 kB
SwapCached:          556 kB
Active:           589820 kB
Inactive:        4025280 kB
Active(anon):      19004 kB
Inactive(anon):  1508752 kB
Active(file):     570816 kB
Inactive(file):  2516528 kB
Unevictable:           0 kB
Mlocked:               0 kB
SwapTotal:       2097152 kB
SwapFree:        2088644 kB
Dirty:                 0 kB
Writeback:             0 kB
AnonPages:       1391356 kB
Mapped:           347300 kB
Shmem:              4404 kB
KReclaimable:     186348 kB
Slab:             280380 kB
SReclaimable:     186348 kB
SUnreclaim:        94032 kB
KernelStack:       16416 kB
PageTables:        13372 kB
NFS_Unstable:          0 kB
Bounce:                0 kB
WritebackTmp:          0 kB
CommitLimit:     5996084 kB
Committed_AS:    5664284 kB
VmallocTotal:   34359738367 kB
VmallocUsed:       38448 kB
VmallocChunk:          0 kB
Percpu:             8640 kB
AnonHugePages:    761856 kB
ShmemHugePages:        0 kB
ShmemPmdMapped:        0 kB
FileHugePages:         0 kB
FilePmdMapped:         0 kB
HugePages_Total:       0
HugePages_Free:        0
HugePages_Rsvd:        0
HugePages_Surp:        0
Hugepagesize:       2048 kB
Hugetlb:               0 kB
DirectMap4k:       56320 kB
DirectMap2M:     5892096 kB
DirectMap1G:    10485760 kB

Current date and time: Sun May 14 03:34:08 UTC 2023
Current memory usage:
MemTotal:        7797868 kB
MemFree:         2568324 kB
MemAvailable:    5542576 kB
Buffers:           39472 kB
Cached:          3052092 kB
SwapCached:          556 kB
Active:           589888 kB
Inactive:        4034644 kB
Active(anon):      19008 kB
Inactive(anon):  1518172 kB
Active(file):     570880 kB
Inactive(file):  2516472 kB
Unevictable:           0 kB
Mlocked:               0 kB
SwapTotal:       2097152 kB
SwapFree:        2088644 kB
Dirty:                 0 kB
Writeback:             0 kB
AnonPages:       1400484 kB
Mapped:           347248 kB
Shmem:              4404 kB
KReclaimable:     186364 kB
Slab:             280484 kB
SReclaimable:     186364 kB
SUnreclaim:        94120 kB
KernelStack:       16448 kB
PageTables:        13656 kB
NFS_Unstable:          0 kB
Bounce:                0 kB
WritebackTmp:          0 kB
CommitLimit:     5996084 kB
Committed_AS:    5664284 kB
VmallocTotal:   34359738367 kB
VmallocUsed:       38368 kB
VmallocChunk:          0 kB
Percpu:             8640 kB
AnonHugePages:    772096 kB
ShmemHugePages:        0 kB
ShmemPmdMapped:        0 kB
FileHugePages:         0 kB
FilePmdMapped:         0 kB
HugePages_Total:       0
HugePages_Free:        0
HugePages_Rsvd:        0
HugePages_Surp:        0
Hugepagesize:       2048 kB
Hugetlb:               0 kB
DirectMap4k:       56320 kB
DirectMap2M:     5892096 kB
DirectMap1G:    10485760 kB

Current date and time: Sun May 14 03:35:08 UTC 2023
Current memory usage:
MemTotal:        7797868 kB
MemFree:         2553072 kB
MemAvailable:    5527348 kB
Buffers:           39480 kB
Cached:          3052096 kB
SwapCached:          556 kB
Active:           589900 kB
Inactive:        4048288 kB
Active(anon):      19012 kB
Inactive(anon):  1531816 kB
Active(file):     570888 kB
Inactive(file):  2516472 kB
Unevictable:           0 kB
Mlocked:               0 kB
SwapTotal:       2097152 kB
SwapFree:        2088644 kB
Dirty:                 0 kB
Writeback:             0 kB
AnonPages:       1413876 kB
Mapped:           347372 kB
Shmem:              4408 kB
KReclaimable:     186380 kB
Slab:             280424 kB
SReclaimable:     186380 kB
SUnreclaim:        94044 kB
KernelStack:       16416 kB
PageTables:        13372 kB
NFS_Unstable:          0 kB
Bounce:                0 kB
WritebackTmp:          0 kB
CommitLimit:     5996084 kB
Committed_AS:    5664288 kB
VmallocTotal:   34359738367 kB
VmallocUsed:       38480 kB
VmallocChunk:          0 kB
Percpu:             8640 kB
AnonHugePages:    786432 kB
ShmemHugePages:        0 kB
ShmemPmdMapped:        0 kB
FileHugePages:         0 kB
FilePmdMapped:         0 kB
HugePages_Total:       0
HugePages_Free:        0
HugePages_Rsvd:        0
HugePages_Surp:        0
Hugepagesize:       2048 kB
Hugetlb:               0 kB
DirectMap4k:       56320 kB
DirectMap2M:     5892096 kB
DirectMap1G:    10485760 kB

Current date and time: Sun May 14 03:36:09 UTC 2023
Current memory usage:
MemTotal:        7797868 kB
MemFree:         2540648 kB
MemAvailable:    5514916 kB
Buffers:           39488 kB
Cached:          3052100 kB
SwapCached:          556 kB
Active:           589912 kB
Inactive:        4061788 kB
Active(anon):      19016 kB
Inactive(anon):  1545316 kB
Active(file):     570896 kB
Inactive(file):  2516472 kB
Unevictable:           0 kB
Mlocked:               0 kB
SwapTotal:       2097152 kB
SwapFree:        2088644 kB
Dirty:                 0 kB
Writeback:             0 kB
AnonPages:       1427216 kB
Mapped:           347232 kB
Shmem:              4412 kB
KReclaimable:     186364 kB
Slab:             280400 kB
SReclaimable:     186364 kB
SUnreclaim:        94036 kB
KernelStack:       16416 kB
PageTables:        13376 kB
NFS_Unstable:          0 kB
Bounce:                0 kB
WritebackTmp:          0 kB
CommitLimit:     5996084 kB
Committed_AS:    5664292 kB
VmallocTotal:   34359738367 kB
VmallocUsed:       38432 kB
VmallocChunk:          0 kB
Percpu:             8640 kB
AnonHugePages:    800768 kB
ShmemHugePages:        0 kB
ShmemPmdMapped:        0 kB
FileHugePages:         0 kB
FilePmdMapped:         0 kB
HugePages_Total:       0
HugePages_Free:        0
HugePages_Rsvd:        0
HugePages_Surp:        0
Hugepagesize:       2048 kB
Hugetlb:               0 kB
DirectMap4k:       56320 kB
DirectMap2M:     5892096 kB
DirectMap1G:    10485760 kB

Current date and time: Sun May 14 03:37:09 UTC 2023
Current memory usage:
MemTotal:        7797868 kB
MemFree:         2538876 kB
MemAvailable:    5513152 kB
Buffers:           39496 kB
Cached:          3052104 kB
SwapCached:          556 kB
Active:           589996 kB
Inactive:        4065988 kB
Active(anon):      19020 kB
Inactive(anon):  1549588 kB
Active(file):     570976 kB
Inactive(file):  2516400 kB
Unevictable:           0 kB
Mlocked:               0 kB
SwapTotal:       2097152 kB
SwapFree:        2088644 kB
Dirty:                 0 kB
Writeback:             0 kB
AnonPages:       1431124 kB
Mapped:           347264 kB
Shmem:              4416 kB
KReclaimable:     186364 kB
Slab:             280336 kB
SReclaimable:     186364 kB
SUnreclaim:        93972 kB
KernelStack:       16452 kB
PageTables:        13428 kB
NFS_Unstable:          0 kB
Bounce:                0 kB
WritebackTmp:          0 kB
CommitLimit:     5996084 kB
Committed_AS:    5664296 kB
VmallocTotal:   34359738367 kB
VmallocUsed:       38496 kB
VmallocChunk:          0 kB
Percpu:             8640 kB
AnonHugePages:    804864 kB
ShmemHugePages:        0 kB
ShmemPmdMapped:        0 kB
FileHugePages:         0 kB
FilePmdMapped:         0 kB
HugePages_Total:       0
HugePages_Free:        0
HugePages_Rsvd:        0
HugePages_Surp:        0
Hugepagesize:       2048 kB
Hugetlb:               0 kB
DirectMap4k:       56320 kB
DirectMap2M:     5892096 kB
DirectMap1G:    10485760 kB

Current date and time: Sun May 14 03:38:09 UTC 2023
Current memory usage:
MemTotal:        7797868 kB
MemFree:         2520268 kB
MemAvailable:    5495828 kB
Buffers:           39504 kB
Cached:          3053400 kB
SwapCached:          556 kB
Active:           590696 kB
Inactive:        4083728 kB
Active(anon):      19024 kB
Inactive(anon):  1566756 kB
Active(file):     571672 kB
Inactive(file):  2516972 kB
Unevictable:           0 kB
Mlocked:               0 kB
SwapTotal:       2097152 kB
SwapFree:        2088644 kB
Dirty:                 0 kB
Writeback:             0 kB
AnonPages:       1448008 kB
Mapped:           347476 kB
Shmem:              4420 kB
KReclaimable:     186380 kB
Slab:             280460 kB
SReclaimable:     186380 kB
SUnreclaim:        94080 kB
KernelStack:       16448 kB
PageTables:        13316 kB
NFS_Unstable:          0 kB
Bounce:                0 kB
WritebackTmp:          0 kB
CommitLimit:     5996084 kB
Committed_AS:    5664300 kB
VmallocTotal:   34359738367 kB
VmallocUsed:       38448 kB
VmallocChunk:          0 kB
Percpu:             8640 kB
AnonHugePages:    823296 kB
ShmemHugePages:        0 kB
ShmemPmdMapped:        0 kB
FileHugePages:         0 kB
FilePmdMapped:         0 kB
HugePages_Total:       0
HugePages_Free:        0
HugePages_Rsvd:        0
HugePages_Surp:        0
Hugepagesize:       2048 kB
Hugetlb:               0 kB
DirectMap4k:       56320 kB
DirectMap2M:     5892096 kB
DirectMap1G:    10485760 kB

Current date and time: Sun May 14 03:39:08 UTC 2023
Current memory usage:
MemTotal:        7797868 kB
MemFree:         2507364 kB
MemAvailable:    5482992 kB
Buffers:           39520 kB
Cached:          3053408 kB
SwapCached:          556 kB
Active:           590720 kB
Inactive:        4089744 kB
Active(anon):      19028 kB
Inactive(anon):  1572740 kB
Active(file):     571692 kB
Inactive(file):  2517004 kB
Unevictable:           0 kB
Mlocked:               0 kB
SwapTotal:       2097152 kB
SwapFree:        2088644 kB
Dirty:                 0 kB
Writeback:             0 kB
AnonPages:       1453936 kB
Mapped:           347508 kB
Shmem:              4424 kB
KReclaimable:     186396 kB
Slab:             280516 kB
SReclaimable:     186396 kB
SUnreclaim:        94120 kB
KernelStack:       16464 kB
PageTables:        13640 kB
NFS_Unstable:          0 kB
Bounce:                0 kB
WritebackTmp:          0 kB
CommitLimit:     5996084 kB
Committed_AS:    5664304 kB
VmallocTotal:   34359738367 kB
VmallocUsed:       38432 kB
VmallocChunk:          0 kB
Percpu:             8640 kB
AnonHugePages:    829440 kB
ShmemHugePages:        0 kB
ShmemPmdMapped:        0 kB
FileHugePages:         0 kB
FilePmdMapped:         0 kB
HugePages_Total:       0
HugePages_Free:        0
HugePages_Rsvd:        0
HugePages_Surp:        0
Hugepagesize:       2048 kB
Hugetlb:               0 kB
DirectMap4k:       56320 kB
DirectMap2M:     5892096 kB
DirectMap1G:    10485760 kB

Current date and time: Sun May 14 03:40:10 UTC 2023
Current memory usage:
MemTotal:        7797868 kB
MemFree:         2498844 kB
MemAvailable:    5474448 kB
Buffers:           39528 kB
Cached:          3053412 kB
SwapCached:          556 kB
Active:           590732 kB
Inactive:        4106168 kB
Active(anon):      19032 kB
Inactive(anon):  1589164 kB
Active(file):     571700 kB
Inactive(file):  2517004 kB
Unevictable:           0 kB
Mlocked:               0 kB
SwapTotal:       2097152 kB
SwapFree:        2088644 kB
Dirty:                 0 kB
Writeback:             0 kB
AnonPages:       1469780 kB
Mapped:           347488 kB
Shmem:              4428 kB
KReclaimable:     186364 kB
Slab:             280404 kB
SReclaimable:     186364 kB
SUnreclaim:        94040 kB
KernelStack:       16432 kB
PageTables:        13364 kB
NFS_Unstable:          0 kB
Bounce:                0 kB
WritebackTmp:          0 kB
CommitLimit:     5996084 kB
Committed_AS:    5664304 kB
VmallocTotal:   34359738367 kB
VmallocUsed:       38448 kB
VmallocChunk:          0 kB
Percpu:             8640 kB
AnonHugePages:    845824 kB
ShmemHugePages:        0 kB
ShmemPmdMapped:        0 kB
FileHugePages:         0 kB
FilePmdMapped:         0 kB
HugePages_Total:       0
HugePages_Free:        0
HugePages_Rsvd:        0
HugePages_Surp:        0
Hugepagesize:       2048 kB
Hugetlb:               0 kB
DirectMap4k:       56320 kB
DirectMap2M:     5892096 kB
DirectMap1G:    10485760 kB

Current date and time: Sun May 14 03:41:09 UTC 2023
Current memory usage:
MemTotal:        7797868 kB
MemFree:         2493072 kB
MemAvailable:    5468684 kB
Buffers:           39536 kB
Cached:          3053416 kB
SwapCached:          556 kB
Active:           590744 kB
Inactive:        4108032 kB
Active(anon):      19036 kB
Inactive(anon):  1591028 kB
Active(file):     571708 kB
Inactive(file):  2517004 kB
Unevictable:           0 kB
Mlocked:               0 kB
SwapTotal:       2097152 kB
SwapFree:        2088644 kB
Dirty:                 0 kB
Writeback:             0 kB
AnonPages:       1471604 kB
Mapped:           347504 kB
Shmem:              4432 kB
KReclaimable:     186364 kB
Slab:             280400 kB
SReclaimable:     186364 kB
SUnreclaim:        94036 kB
KernelStack:       16432 kB
PageTables:        13372 kB
NFS_Unstable:          0 kB
Bounce:                0 kB
WritebackTmp:          0 kB
CommitLimit:     5996084 kB
Committed_AS:    5664312 kB
VmallocTotal:   34359738367 kB
VmallocUsed:       38480 kB
VmallocChunk:          0 kB
Percpu:             8640 kB
AnonHugePages:    849920 kB
ShmemHugePages:        0 kB
ShmemPmdMapped:        0 kB
FileHugePages:         0 kB
FilePmdMapped:         0 kB
HugePages_Total:       0
HugePages_Free:        0
HugePages_Rsvd:        0
HugePages_Surp:        0
Hugepagesize:       2048 kB
Hugetlb:               0 kB
DirectMap4k:       56320 kB
DirectMap2M:     5892096 kB
DirectMap1G:    10485760 kB

Current date and time: Sun May 14 03:42:10 UTC 2023
Current memory usage:
MemTotal:        7797868 kB
MemFree:         2491184 kB
MemAvailable:    5466820 kB
Buffers:           39544 kB
Cached:          3053420 kB
SwapCached:          556 kB
Active:           590804 kB
Inactive:        4112964 kB
Active(anon):      19040 kB
Inactive(anon):  1596008 kB
Active(file):     571764 kB
Inactive(file):  2516956 kB
Unevictable:           0 kB
Mlocked:               0 kB
SwapTotal:       2097152 kB
SwapFree:        2088644 kB
Dirty:                 0 kB
Writeback:             0 kB
AnonPages:       1476428 kB
Mapped:           347552 kB
Shmem:              4436 kB
KReclaimable:     186380 kB
Slab:             280416 kB
SReclaimable:     186380 kB
SUnreclaim:        94036 kB
KernelStack:       16432 kB
PageTables:        13368 kB
NFS_Unstable:          0 kB
Bounce:                0 kB
WritebackTmp:          0 kB
CommitLimit:     5996084 kB
Committed_AS:    5664316 kB
VmallocTotal:   34359738367 kB
VmallocUsed:       38464 kB
VmallocChunk:          0 kB
Percpu:             8640 kB
AnonHugePages:    856064 kB
ShmemHugePages:        0 kB
ShmemPmdMapped:        0 kB
FileHugePages:         0 kB
FilePmdMapped:         0 kB
HugePages_Total:       0
HugePages_Free:        0
HugePages_Rsvd:        0
HugePages_Surp:        0
Hugepagesize:       2048 kB
Hugetlb:               0 kB
DirectMap4k:       56320 kB
DirectMap2M:     5892096 kB
DirectMap1G:    10485760 kB

Current date and time: Sun May 14 03:43:08 UTC 2023
Current memory usage:
MemTotal:        7797868 kB
MemFree:         2479092 kB
MemAvailable:    5454712 kB
Buffers:           39552 kB
Cached:          3053424 kB
SwapCached:          556 kB
Active:           590860 kB
Inactive:        4121004 kB
Active(anon):      19044 kB
Inactive(anon):  1604100 kB
Active(file):     571816 kB
Inactive(file):  2516904 kB
Unevictable:           0 kB
Mlocked:               0 kB
SwapTotal:       2097152 kB
SwapFree:        2088644 kB
Dirty:                 0 kB
Writeback:             0 kB
AnonPages:       1484312 kB
Mapped:           347492 kB
Shmem:              4440 kB
KReclaimable:     186364 kB
Slab:             280476 kB
SReclaimable:     186364 kB
SUnreclaim:        94112 kB
KernelStack:       16496 kB
PageTables:        13632 kB
NFS_Unstable:          0 kB
Bounce:                0 kB
WritebackTmp:          0 kB
CommitLimit:     5996084 kB
Committed_AS:    5664320 kB
VmallocTotal:   34359738367 kB
VmallocUsed:       38448 kB
VmallocChunk:          0 kB
Percpu:             8640 kB
AnonHugePages:    866304 kB
ShmemHugePages:        0 kB
ShmemPmdMapped:        0 kB
FileHugePages:         0 kB
FilePmdMapped:         0 kB
HugePages_Total:       0
HugePages_Free:        0
HugePages_Rsvd:        0
HugePages_Surp:        0
Hugepagesize:       2048 kB
Hugetlb:               0 kB
DirectMap4k:       56320 kB
DirectMap2M:     5892096 kB
DirectMap1G:    10485760 kB

Current date and time: Sun May 14 03:44:08 UTC 2023
Current memory usage:
MemTotal:        7797868 kB
MemFree:         2466956 kB
MemAvailable:    5442624 kB
Buffers:           39560 kB
Cached:          3053428 kB
SwapCached:          556 kB
Active:           590880 kB
Inactive:        4133936 kB
Active(anon):      19048 kB
Inactive(anon):  1617032 kB
Active(file):     571832 kB
Inactive(file):  2516904 kB
Unevictable:           0 kB
Mlocked:               0 kB
SwapTotal:       2097152 kB
SwapFree:        2088644 kB
Dirty:                 0 kB
Writeback:             0 kB
AnonPages:       1496980 kB
Mapped:           347608 kB
Shmem:              4444 kB
KReclaimable:     186396 kB
Slab:             280432 kB
SReclaimable:     186396 kB
SUnreclaim:        94036 kB
KernelStack:       16448 kB
PageTables:        13372 kB
NFS_Unstable:          0 kB
Bounce:                0 kB
WritebackTmp:          0 kB
CommitLimit:     5996084 kB
Committed_AS:    5664324 kB
VmallocTotal:   34359738367 kB
VmallocUsed:       38496 kB
VmallocChunk:          0 kB
Percpu:             8640 kB
AnonHugePages:    880640 kB
ShmemHugePages:        0 kB
ShmemPmdMapped:        0 kB
FileHugePages:         0 kB
FilePmdMapped:         0 kB
HugePages_Total:       0
HugePages_Free:        0
HugePages_Rsvd:        0
HugePages_Surp:        0
Hugepagesize:       2048 kB
Hugetlb:               0 kB
DirectMap4k:       56320 kB
DirectMap2M:     5892096 kB
DirectMap1G:    10485760 kB

Current date and time: Sun May 14 03:45:09 UTC 2023
Current memory usage:
MemTotal:        7797868 kB
MemFree:         2470464 kB
MemAvailable:    5446124 kB
Buffers:           39568 kB
Cached:          3053432 kB
SwapCached:          556 kB
Active:           590896 kB
Inactive:        4131584 kB
Active(anon):      19052 kB
Inactive(anon):  1614684 kB
Active(file):     571844 kB
Inactive(file):  2516900 kB
Unevictable:           0 kB
Mlocked:               0 kB
SwapTotal:       2097152 kB
SwapFree:        2088644 kB
Dirty:                 0 kB
Writeback:             0 kB
AnonPages:       1506996 kB
Mapped:           347508 kB
Shmem:              4448 kB
KReclaimable:     186380 kB
Slab:             280416 kB
SReclaimable:     186380 kB
SUnreclaim:        94036 kB
KernelStack:       16448 kB
PageTables:        13376 kB
NFS_Unstable:          0 kB
Bounce:                0 kB
WritebackTmp:          0 kB
CommitLimit:     5996084 kB
Committed_AS:    5664328 kB
VmallocTotal:   34359738367 kB
VmallocUsed:       38480 kB
VmallocChunk:          0 kB
Percpu:             8640 kB
AnonHugePages:    917504 kB
ShmemHugePages:        0 kB
ShmemPmdMapped:        0 kB
FileHugePages:         0 kB
FilePmdMapped:         0 kB
HugePages_Total:       0
HugePages_Free:        0
HugePages_Rsvd:        0
HugePages_Surp:        0
Hugepagesize:       2048 kB
Hugetlb:               0 kB
DirectMap4k:       56320 kB
DirectMap2M:     5892096 kB
DirectMap1G:    10485760 kB

Current date and time: Sun May 14 03:46:08 UTC 2023
Current memory usage:
MemTotal:        7797868 kB
MemFree:         2463816 kB
MemAvailable:    5439468 kB
Buffers:           39576 kB
Cached:          3053436 kB
SwapCached:          556 kB
Active:           590908 kB
Inactive:        4139956 kB
Active(anon):      19056 kB
Inactive(anon):  1623056 kB
Active(file):     571852 kB
Inactive(file):  2516900 kB
Unevictable:           0 kB
Mlocked:               0 kB
SwapTotal:       2097152 kB
SwapFree:        2088644 kB
Dirty:                 0 kB
Writeback:             0 kB
AnonPages:       1515048 kB
Mapped:           347608 kB
Shmem:              4452 kB
KReclaimable:     186364 kB
Slab:             280344 kB
SReclaimable:     186364 kB
SUnreclaim:        93980 kB
KernelStack:       16432 kB
PageTables:        13628 kB
NFS_Unstable:          0 kB
Bounce:                0 kB
WritebackTmp:          0 kB
CommitLimit:     5996084 kB
Committed_AS:    5664332 kB
VmallocTotal:   34359738367 kB
VmallocUsed:       38512 kB
VmallocChunk:          0 kB
Percpu:             8640 kB
AnonHugePages:    946176 kB
ShmemHugePages:        0 kB
ShmemPmdMapped:        0 kB
FileHugePages:         0 kB
FilePmdMapped:         0 kB
HugePages_Total:       0
HugePages_Free:        0
HugePages_Rsvd:        0
HugePages_Surp:        0
Hugepagesize:       2048 kB
Hugetlb:               0 kB
DirectMap4k:       56320 kB
DirectMap2M:     5892096 kB
DirectMap1G:    10485760 kB

Current date and time: Sun May 14 03:47:08 UTC 2023
Current memory usage:
MemTotal:        7797868 kB
MemFree:         2457800 kB
MemAvailable:    5433712 kB
Buffers:           39608 kB
Cached:          3053660 kB
SwapCached:          556 kB
Active:           591096 kB
Inactive:        4147136 kB
Active(anon):      19220 kB
Inactive(anon):  1630016 kB
Active(file):     571876 kB
Inactive(file):  2517120 kB
Unevictable:           0 kB
Mlocked:               0 kB
SwapTotal:       2097152 kB
SwapFree:        2088644 kB
Dirty:                 4 kB
Writeback:             0 kB
AnonPages:       1522348 kB
Mapped:           347760 kB
Shmem:              4456 kB
KReclaimable:     186380 kB
Slab:             280572 kB
SReclaimable:     186380 kB
SUnreclaim:        94192 kB
KernelStack:       16512 kB
PageTables:        13640 kB
NFS_Unstable:          0 kB
Bounce:                0 kB
WritebackTmp:          0 kB
CommitLimit:     5996084 kB
Committed_AS:    5669856 kB
VmallocTotal:   34359738367 kB
VmallocUsed:       38496 kB
VmallocChunk:          0 kB
Percpu:             8640 kB
AnonHugePages:    962560 kB
ShmemHugePages:        0 kB
ShmemPmdMapped:        0 kB
FileHugePages:         0 kB
FilePmdMapped:         0 kB
HugePages_Total:       0
HugePages_Free:        0
HugePages_Rsvd:        0
HugePages_Surp:        0
Hugepagesize:       2048 kB
Hugetlb:               0 kB
DirectMap4k:       56320 kB
DirectMap2M:     5892096 kB
DirectMap1G:    10485760 kB

Current date and time: Sun May 14 03:48:08 UTC 2023
Current memory usage:
MemTotal:        7797868 kB
MemFree:         2454252 kB
MemAvailable:    5430180 kB
Buffers:           39616 kB
Cached:          3053664 kB
SwapCached:          556 kB
Active:           591116 kB
Inactive:        4148348 kB
Active(anon):      19224 kB
Inactive(anon):  1631228 kB
Active(file):     571892 kB
Inactive(file):  2517120 kB
Unevictable:           0 kB
Mlocked:               0 kB
SwapTotal:       2097152 kB
SwapFree:        2088644 kB
Dirty:                 0 kB
Writeback:             0 kB
AnonPages:       1523360 kB
Mapped:           347776 kB
Shmem:              4460 kB
KReclaimable:     186380 kB
Slab:             280408 kB
SReclaimable:     186380 kB
SUnreclaim:        94028 kB
KernelStack:       16448 kB
PageTables:        13496 kB
NFS_Unstable:          0 kB
Bounce:                0 kB
WritebackTmp:          0 kB
CommitLimit:     5996084 kB
Committed_AS:    5669860 kB
VmallocTotal:   34359738367 kB
VmallocUsed:       38480 kB
VmallocChunk:          0 kB
Percpu:             8640 kB
AnonHugePages:    966656 kB
ShmemHugePages:        0 kB
ShmemPmdMapped:        0 kB
FileHugePages:         0 kB
FilePmdMapped:         0 kB
HugePages_Total:       0
HugePages_Free:        0
HugePages_Rsvd:        0
HugePages_Surp:        0
Hugepagesize:       2048 kB
Hugetlb:               0 kB
DirectMap4k:       56320 kB
DirectMap2M:     5892096 kB
DirectMap1G:    10485760 kB

Current date and time: Sun May 14 03:49:08 UTC 2023
Current memory usage:
MemTotal:        7797868 kB
MemFree:         2449532 kB
MemAvailable:    5425476 kB
Buffers:           39640 kB
Cached:          3053668 kB
SwapCached:          556 kB
Active:           591344 kB
Inactive:        4152320 kB
Active(anon):      19412 kB
Inactive(anon):  1635224 kB
Active(file):     571932 kB
Inactive(file):  2517096 kB
Unevictable:           0 kB
Mlocked:               0 kB
SwapTotal:       2097152 kB
SwapFree:        2088644 kB
Dirty:                 4 kB
Writeback:             0 kB
AnonPages:       1526080 kB
Mapped:           347844 kB
Shmem:              4464 kB
KReclaimable:     186380 kB
Slab:             280540 kB
SReclaimable:     186380 kB
SUnreclaim:        94160 kB
KernelStack:       16464 kB
PageTables:        13440 kB
NFS_Unstable:          0 kB
Bounce:                0 kB
WritebackTmp:          0 kB
CommitLimit:     5996084 kB
Committed_AS:    5671912 kB
VmallocTotal:   34359738367 kB
VmallocUsed:       38496 kB
VmallocChunk:          0 kB
Percpu:             8640 kB
AnonHugePages:    968704 kB
ShmemHugePages:        0 kB
ShmemPmdMapped:        0 kB
FileHugePages:         0 kB
FilePmdMapped:         0 kB
HugePages_Total:       0
HugePages_Free:        0
HugePages_Rsvd:        0
HugePages_Surp:        0
Hugepagesize:       2048 kB
Hugetlb:               0 kB
DirectMap4k:       56320 kB
DirectMap2M:     5892096 kB
DirectMap1G:    10485760 kB

Current date and time: Sun May 14 03:50:08 UTC 2023
Current memory usage:
MemTotal:        7797868 kB
MemFree:         2444604 kB
MemAvailable:    5420564 kB
Buffers:           39648 kB
Cached:          3053672 kB
SwapCached:          556 kB
Active:           591376 kB
Inactive:        4155428 kB
Active(anon):      19428 kB
Inactive(anon):  1638332 kB
Active(file):     571948 kB
Inactive(file):  2517096 kB
Unevictable:           0 kB
Mlocked:               0 kB
SwapTotal:       2097152 kB
SwapFree:        2088644 kB
Dirty:                 0 kB
Writeback:             0 kB
AnonPages:       1529120 kB
Mapped:           347824 kB
Shmem:              4468 kB
KReclaimable:     186380 kB
Slab:             280596 kB
SReclaimable:     186380 kB
SUnreclaim:        94216 kB
KernelStack:       16512 kB
PageTables:        13448 kB
NFS_Unstable:          0 kB
Bounce:                0 kB
WritebackTmp:          0 kB
CommitLimit:     5996084 kB
Committed_AS:    5671916 kB
VmallocTotal:   34359738367 kB
VmallocUsed:       38544 kB
VmallocChunk:          0 kB
Percpu:             8640 kB
AnonHugePages:    974848 kB
ShmemHugePages:        0 kB
ShmemPmdMapped:        0 kB
FileHugePages:         0 kB
FilePmdMapped:         0 kB
HugePages_Total:       0
HugePages_Free:        0
HugePages_Rsvd:        0
HugePages_Surp:        0
Hugepagesize:       2048 kB
Hugetlb:               0 kB
DirectMap4k:       56320 kB
DirectMap2M:     5892096 kB
DirectMap1G:    10485760 kB

Current date and time: Sun May 14 03:51:08 UTC 2023
Current memory usage:
MemTotal:        7797868 kB
MemFree:         2443292 kB
MemAvailable:    5419276 kB
Buffers:           39672 kB
Cached:          3053684 kB
SwapCached:          556 kB
Active:           591452 kB
Inactive:        4163648 kB
Active(anon):      19452 kB
Inactive(anon):  1646580 kB
Active(file):     572000 kB
Inactive(file):  2517068 kB
Unevictable:           0 kB
Mlocked:               0 kB
SwapTotal:       2097152 kB
SwapFree:        2088644 kB
Dirty:                 0 kB
Writeback:             0 kB
AnonPages:       1541008 kB
Mapped:           347768 kB
Shmem:              4480 kB
KReclaimable:     186380 kB
Slab:             280748 kB
SReclaimable:     186380 kB
SUnreclaim:        94368 kB
KernelStack:       16528 kB
PageTables:        13648 kB
NFS_Unstable:          0 kB
Bounce:                0 kB
WritebackTmp:          0 kB
CommitLimit:     5996084 kB
Committed_AS:    5671928 kB
VmallocTotal:   34359738367 kB
VmallocUsed:       38528 kB
VmallocChunk:          0 kB
Percpu:             8640 kB
AnonHugePages:   1021952 kB
ShmemHugePages:        0 kB
ShmemPmdMapped:        0 kB
FileHugePages:         0 kB
FilePmdMapped:         0 kB
HugePages_Total:       0
HugePages_Free:        0
HugePages_Rsvd:        0
HugePages_Surp:        0
Hugepagesize:       2048 kB
Hugetlb:               0 kB
DirectMap4k:       56320 kB
DirectMap2M:     5892096 kB
DirectMap1G:    10485760 kB

Current date and time: Sun May 14 03:52:09 UTC 2023
Current memory usage:
MemTotal:        7797868 kB
MemFree:         2438068 kB
MemAvailable:    5414076 kB
Buffers:           39712 kB
Cached:          3053688 kB
SwapCached:          556 kB
Active:           591504 kB
Inactive:        4164332 kB
Active(anon):      19460 kB
Inactive(anon):  1647268 kB
Active(file):     572044 kB
Inactive(file):  2517064 kB
Unevictable:           0 kB
Mlocked:               0 kB
SwapTotal:       2097152 kB
SwapFree:        2088644 kB
Dirty:                 0 kB
Writeback:             0 kB
AnonPages:       1541548 kB
Mapped:           347748 kB
Shmem:              4484 kB
KReclaimable:     186364 kB
Slab:             280764 kB
SReclaimable:     186364 kB
SUnreclaim:        94400 kB
KernelStack:       16480 kB
PageTables:        13384 kB
NFS_Unstable:          0 kB
Bounce:                0 kB
WritebackTmp:          0 kB
CommitLimit:     5996084 kB
Committed_AS:    5673340 kB
VmallocTotal:   34359738367 kB
VmallocUsed:       38480 kB
VmallocChunk:          0 kB
Percpu:             8640 kB
AnonHugePages:   1069056 kB
ShmemHugePages:        0 kB
ShmemPmdMapped:        0 kB
FileHugePages:         0 kB
FilePmdMapped:         0 kB
HugePages_Total:       0
HugePages_Free:        0
HugePages_Rsvd:        0
HugePages_Surp:        0
Hugepagesize:       2048 kB
Hugetlb:               0 kB
DirectMap4k:       56320 kB
DirectMap2M:     5892096 kB
DirectMap1G:    10485760 kB

Current date and time: Sun May 14 03:53:08 UTC 2023
Current memory usage:
MemTotal:        7797868 kB
MemFree:         2445912 kB
MemAvailable:    5421960 kB
Buffers:           39720 kB
Cached:          3053692 kB
SwapCached:          556 kB
Active:           591516 kB
Inactive:        4160520 kB
Active(anon):      19464 kB
Inactive(anon):  1643456 kB
Active(file):     572052 kB
Inactive(file):  2517064 kB
Unevictable:           0 kB
Mlocked:               0 kB
SwapTotal:       2097152 kB
SwapFree:        2088644 kB
Dirty:                 0 kB
Writeback:             0 kB
AnonPages:       1541428 kB
Mapped:           347928 kB
Shmem:              4488 kB
KReclaimable:     186396 kB
Slab:             280748 kB
SReclaimable:     186396 kB
SUnreclaim:        94352 kB
KernelStack:       16464 kB
PageTables:        13640 kB
NFS_Unstable:          0 kB
Bounce:                0 kB
WritebackTmp:          0 kB
CommitLimit:     5996084 kB
Committed_AS:    5673344 kB
VmallocTotal:   34359738367 kB
VmallocUsed:       38480 kB
VmallocChunk:          0 kB
Percpu:             8640 kB
AnonHugePages:   1097728 kB
ShmemHugePages:        0 kB
ShmemPmdMapped:        0 kB
FileHugePages:         0 kB
FilePmdMapped:         0 kB
HugePages_Total:       0
HugePages_Free:        0
HugePages_Rsvd:        0
HugePages_Surp:        0
Hugepagesize:       2048 kB
Hugetlb:               0 kB
DirectMap4k:       56320 kB
DirectMap2M:     5892096 kB
DirectMap1G:    10485760 kB

Current date and time: Sun May 14 03:54:08 UTC 2023
Current memory usage:
MemTotal:        7797868 kB
MemFree:         2442476 kB
MemAvailable:    5418500 kB
Buffers:           39728 kB
Cached:          3053696 kB
SwapCached:          556 kB
Active:           591288 kB
Inactive:        4154492 kB
Active(anon):      19228 kB
Inactive(anon):  1637428 kB
Active(file):     572060 kB
Inactive(file):  2517064 kB
Unevictable:           0 kB
Mlocked:               0 kB
SwapTotal:       2097152 kB
SwapFree:        2088644 kB
Dirty:                 0 kB
Writeback:             0 kB
AnonPages:       1541596 kB
Mapped:           347796 kB
Shmem:              4492 kB
KReclaimable:     186364 kB
Slab:             280764 kB
SReclaimable:     186364 kB
SUnreclaim:        94400 kB
KernelStack:       16480 kB
PageTables:        13388 kB
NFS_Unstable:          0 kB
Bounce:                0 kB
WritebackTmp:          0 kB
CommitLimit:     5996084 kB
Committed_AS:    5673348 kB
VmallocTotal:   34359738367 kB
VmallocUsed:       38528 kB
VmallocChunk:          0 kB
Percpu:             8640 kB
AnonHugePages:   1107968 kB
ShmemHugePages:        0 kB
ShmemPmdMapped:        0 kB
FileHugePages:         0 kB
FilePmdMapped:         0 kB
HugePages_Total:       0
HugePages_Free:        0
HugePages_Rsvd:        0
HugePages_Surp:        0
Hugepagesize:       2048 kB
Hugetlb:               0 kB
DirectMap4k:       56320 kB
DirectMap2M:     5892096 kB
DirectMap1G:    10485760 kB

Current date and time: Sun May 14 03:55:08 UTC 2023
Current memory usage:
MemTotal:        7797868 kB
MemFree:         2442652 kB
MemAvailable:    5418712 kB
Buffers:           39744 kB
Cached:          3053704 kB
SwapCached:          556 kB
Active:           591316 kB
Inactive:        4154120 kB
Active(anon):      19232 kB
Inactive(anon):  1637060 kB
Active(file):     572084 kB
Inactive(file):  2517060 kB
Unevictable:           0 kB
Mlocked:               0 kB
SwapTotal:       2097152 kB
SwapFree:        2088644 kB
Dirty:                 0 kB
Writeback:             0 kB
AnonPages:       1541120 kB
Mapped:           347920 kB
Shmem:              4496 kB
KReclaimable:     186380 kB
Slab:             280696 kB
SReclaimable:     186380 kB
SUnreclaim:        94316 kB
KernelStack:       16448 kB
PageTables:        13312 kB
NFS_Unstable:          0 kB
Bounce:                0 kB
WritebackTmp:          0 kB
CommitLimit:     5996084 kB
Committed_AS:    5673608 kB
VmallocTotal:   34359738367 kB
VmallocUsed:       38528 kB
VmallocChunk:          0 kB
Percpu:             8640 kB
AnonHugePages:   1107968 kB
ShmemHugePages:        0 kB
ShmemPmdMapped:        0 kB
FileHugePages:         0 kB
FilePmdMapped:         0 kB
HugePages_Total:       0
HugePages_Free:        0
HugePages_Rsvd:        0
HugePages_Surp:        0
Hugepagesize:       2048 kB
Hugetlb:               0 kB
DirectMap4k:       56320 kB
DirectMap2M:     5892096 kB
DirectMap1G:    10485760 kB

Current date and time: Sun May 14 03:56:06 UTC 2023
Current memory usage:
MemTotal:        7797868 kB
MemFree:         2432440 kB
MemAvailable:    5408988 kB
Buffers:           39752 kB
Cached:          3054140 kB
SwapCached:          556 kB
Active:           591324 kB
Inactive:        4167572 kB
Active(anon):      19232 kB
Inactive(anon):  1650080 kB
Active(file):     572092 kB
Inactive(file):  2517492 kB
Unevictable:           0 kB
Mlocked:               0 kB
SwapTotal:       2097152 kB
SwapFree:        2088644 kB
Dirty:                 0 kB
Writeback:             0 kB
AnonPages:       1549376 kB
Mapped:           347896 kB
Shmem:              4500 kB
KReclaimable:     186428 kB
Slab:             280784 kB
SReclaimable:     186428 kB
SUnreclaim:        94356 kB
KernelStack:       16528 kB
PageTables:        13456 kB
NFS_Unstable:          0 kB
Bounce:                0 kB
WritebackTmp:          0 kB
CommitLimit:     5996084 kB
Committed_AS:    5682332 kB
VmallocTotal:   34359738367 kB
VmallocUsed:       38592 kB
VmallocChunk:          0 kB
Percpu:             8640 kB
AnonHugePages:   1110016 kB
ShmemHugePages:        0 kB
ShmemPmdMapped:        0 kB
FileHugePages:         0 kB
FilePmdMapped:         0 kB
HugePages_Total:       0
HugePages_Free:        0
HugePages_Rsvd:        0
HugePages_Surp:        0
Hugepagesize:       2048 kB
Hugetlb:               0 kB
DirectMap4k:       56320 kB
DirectMap2M:     5892096 kB
DirectMap1G:    10485760 kB

Current date and time: Sun May 14 03:57:07 UTC 2023
Current memory usage:
MemTotal:        7797868 kB
MemFree:         2446364 kB
MemAvailable:    5423008 kB
Buffers:           39768 kB
Cached:          3054272 kB
SwapCached:          556 kB
Active:           591440 kB
Inactive:        4157716 kB
Active(anon):      19332 kB
Inactive(anon):  1640096 kB
Active(file):     572108 kB
Inactive(file):  2517620 kB
Unevictable:           0 kB
Mlocked:               0 kB
SwapTotal:       2097152 kB
SwapFree:        2088644 kB
Dirty:                 0 kB
Writeback:             0 kB
AnonPages:       1540892 kB
Mapped:           347976 kB
Shmem:              4504 kB
KReclaimable:     186380 kB
Slab:             280792 kB
SReclaimable:     186380 kB
SUnreclaim:        94412 kB
KernelStack:       16512 kB
PageTables:        13776 kB
NFS_Unstable:          0 kB
Bounce:                0 kB
WritebackTmp:          0 kB
CommitLimit:     5996084 kB
Committed_AS:    5673616 kB
VmallocTotal:   34359738367 kB
VmallocUsed:       38560 kB
VmallocChunk:          0 kB
Percpu:             8640 kB
AnonHugePages:   1103872 kB
ShmemHugePages:        0 kB
ShmemPmdMapped:        0 kB
FileHugePages:         0 kB
FilePmdMapped:         0 kB
HugePages_Total:       0
HugePages_Free:        0
HugePages_Rsvd:        0
HugePages_Surp:        0
Hugepagesize:       2048 kB
Hugetlb:               0 kB
DirectMap4k:       56320 kB
DirectMap2M:     5892096 kB
DirectMap1G:    10485760 kB

Current date and time: Sun May 14 03:58:09 UTC 2023
Current memory usage:
MemTotal:        7797868 kB
MemFree:         2444528 kB
MemAvailable:    5421184 kB
Buffers:           39792 kB
Cached:          3054280 kB
SwapCached:          556 kB
Active:           591588 kB
Inactive:        4159972 kB
Active(anon):      19456 kB
Inactive(anon):  1642348 kB
Active(file):     572132 kB
Inactive(file):  2517624 kB
Unevictable:           0 kB
Mlocked:               0 kB
SwapTotal:       2097152 kB
SwapFree:        2088644 kB
Dirty:                 0 kB
Writeback:             0 kB
AnonPages:       1543040 kB
Mapped:           348036 kB
Shmem:              4508 kB
KReclaimable:     186364 kB
Slab:             280728 kB
SReclaimable:     186364 kB
SUnreclaim:        94364 kB
KernelStack:       16496 kB
PageTables:        13512 kB
NFS_Unstable:          0 kB
Bounce:                0 kB
WritebackTmp:          0 kB
CommitLimit:     5996084 kB
Committed_AS:    5673616 kB
VmallocTotal:   34359738367 kB
VmallocUsed:       38576 kB
VmallocChunk:          0 kB
Percpu:             8640 kB
AnonHugePages:   1105920 kB
ShmemHugePages:        0 kB
ShmemPmdMapped:        0 kB
FileHugePages:         0 kB
FilePmdMapped:         0 kB
HugePages_Total:       0
HugePages_Free:        0
HugePages_Rsvd:        0
HugePages_Surp:        0
Hugepagesize:       2048 kB
Hugetlb:               0 kB
DirectMap4k:       56320 kB
DirectMap2M:     5892096 kB
DirectMap1G:    10485760 kB

Current date and time: Sun May 14 03:59:08 UTC 2023
Current memory usage:
MemTotal:        7797868 kB
MemFree:         2439860 kB
MemAvailable:    5417244 kB
Buffers:           39952 kB
Cached:          3054848 kB
SwapCached:          556 kB
Active:           592288 kB
Inactive:        4160564 kB
Active(anon):      19544 kB
Inactive(anon):  1642824 kB
Active(file):     572744 kB
Inactive(file):  2517740 kB
Unevictable:           0 kB
Mlocked:               0 kB
SwapTotal:       2097152 kB
SwapFree:        2088644 kB
Dirty:                 0 kB
Writeback:             0 kB
AnonPages:       1544928 kB
Mapped:           348256 kB
Shmem:              4508 kB
KReclaimable:     186364 kB
Slab:             280924 kB
SReclaimable:     186364 kB
SUnreclaim:        94560 kB
KernelStack:       16560 kB
PageTables:        13480 kB
NFS_Unstable:          0 kB
Bounce:                0 kB
WritebackTmp:          0 kB
CommitLimit:     5996084 kB
Committed_AS:    5673748 kB
VmallocTotal:   34359738367 kB
VmallocUsed:       38576 kB
VmallocChunk:          0 kB
Percpu:             8640 kB
AnonHugePages:   1107968 kB
ShmemHugePages:        0 kB
ShmemPmdMapped:        0 kB
FileHugePages:         0 kB
FilePmdMapped:         0 kB
HugePages_Total:       0
HugePages_Free:        0
HugePages_Rsvd:        0
HugePages_Surp:        0
Hugepagesize:       2048 kB
Hugetlb:               0 kB
DirectMap4k:       56320 kB
DirectMap2M:     5892096 kB
DirectMap1G:    10485760 kB

Current date and time: Sun May 14 04:00:08 UTC 2023
Current memory usage:
MemTotal:        7797868 kB
MemFree:         2434260 kB
MemAvailable:    5411836 kB
Buffers:           40128 kB
Cached:          3054852 kB
SwapCached:          556 kB
Active:           592520 kB
Inactive:        4161004 kB
Active(anon):      19600 kB
Inactive(anon):  1643264 kB
Active(file):     572920 kB
Inactive(file):  2517740 kB
Unevictable:           0 kB
Mlocked:               0 kB
SwapTotal:       2097152 kB
SwapFree:        2088644 kB
Dirty:                 0 kB
Writeback:             0 kB
AnonPages:       1545608 kB
Mapped:           348256 kB
Shmem:              4512 kB
KReclaimable:     186380 kB
Slab:             280800 kB
SReclaimable:     186380 kB
SUnreclaim:        94420 kB
KernelStack:       16496 kB
PageTables:        13300 kB
NFS_Unstable:          0 kB
Bounce:                0 kB
WritebackTmp:          0 kB
CommitLimit:     5996084 kB
Committed_AS:    5673752 kB
VmallocTotal:   34359738367 kB
VmallocUsed:       38544 kB
VmallocChunk:          0 kB
Percpu:             8640 kB
AnonHugePages:   1107968 kB
ShmemHugePages:        0 kB
ShmemPmdMapped:        0 kB
FileHugePages:         0 kB
FilePmdMapped:         0 kB
HugePages_Total:       0
HugePages_Free:        0
HugePages_Rsvd:        0
HugePages_Surp:        0
Hugepagesize:       2048 kB
Hugetlb:               0 kB
DirectMap4k:       56320 kB
DirectMap2M:     5892096 kB
DirectMap1G:    10485760 kB

Current date and time: Sun May 14 04:01:08 UTC 2023
Current memory usage:
MemTotal:        7797868 kB
MemFree:         2440268 kB
MemAvailable:    5417868 kB
Buffers:           40136 kB
Cached:          3054856 kB
SwapCached:          556 kB
Active:           592532 kB
Inactive:        4160900 kB
Active(anon):      19604 kB
Inactive(anon):  1643160 kB
Active(file):     572928 kB
Inactive(file):  2517740 kB
Unevictable:           0 kB
Mlocked:               0 kB
SwapTotal:       2097152 kB
SwapFree:        2088644 kB
Dirty:                 0 kB
Writeback:             0 kB
AnonPages:       1545372 kB
Mapped:           348224 kB
Shmem:              4516 kB
KReclaimable:     186396 kB
Slab:             280884 kB
SReclaimable:     186396 kB
SUnreclaim:        94488 kB
KernelStack:       16496 kB
PageTables:        13392 kB
NFS_Unstable:          0 kB
Bounce:                0 kB
WritebackTmp:          0 kB
CommitLimit:     5996084 kB
Committed_AS:    5673756 kB
VmallocTotal:   34359738367 kB
VmallocUsed:       38496 kB
VmallocChunk:          0 kB
Percpu:             8640 kB
AnonHugePages:   1107968 kB
ShmemHugePages:        0 kB
ShmemPmdMapped:        0 kB
FileHugePages:         0 kB
FilePmdMapped:         0 kB
HugePages_Total:       0
HugePages_Free:        0
HugePages_Rsvd:        0
HugePages_Surp:        0
Hugepagesize:       2048 kB
Hugetlb:               0 kB
DirectMap4k:       56320 kB
DirectMap2M:     5892096 kB
DirectMap1G:    10485760 kB

Current date and time: Sun May 14 04:02:08 UTC 2023
Current memory usage:
MemTotal:        7797868 kB
MemFree:         2445824 kB
MemAvailable:    5423460 kB
Buffers:           40152 kB
Cached:          3054912 kB
SwapCached:          556 kB
Active:           592552 kB
Inactive:        4160948 kB
Active(anon):      19608 kB
Inactive(anon):  1643156 kB
Active(file):     572944 kB
Inactive(file):  2517792 kB
Unevictable:           0 kB
Mlocked:               0 kB
SwapTotal:       2097152 kB
SwapFree:        2088644 kB
Dirty:                 0 kB
Writeback:             0 kB
AnonPages:       1545488 kB
Mapped:           348224 kB
Shmem:              4520 kB
KReclaimable:     186364 kB
Slab:             280840 kB
SReclaimable:     186364 kB
SUnreclaim:        94476 kB
KernelStack:       16512 kB
PageTables:        13584 kB
NFS_Unstable:          0 kB
Bounce:                0 kB
WritebackTmp:          0 kB
CommitLimit:     5996084 kB
Committed_AS:    5673760 kB
VmallocTotal:   34359738367 kB
VmallocUsed:       38528 kB
VmallocChunk:          0 kB
Percpu:             8640 kB
AnonHugePages:   1107968 kB
ShmemHugePages:        0 kB
ShmemPmdMapped:        0 kB
FileHugePages:         0 kB
FilePmdMapped:         0 kB
HugePages_Total:       0
HugePages_Free:        0
HugePages_Rsvd:        0
HugePages_Surp:        0
Hugepagesize:       2048 kB
Hugetlb:               0 kB
DirectMap4k:       56320 kB
DirectMap2M:     5892096 kB
DirectMap1G:    10485760 kB

Current date and time: Sun May 14 04:03:08 UTC 2023
Current memory usage:
MemTotal:        7797868 kB
MemFree:         2442076 kB
MemAvailable:    5419752 kB
Buffers:           40160 kB
Cached:          3054916 kB
SwapCached:          556 kB
Active:           592568 kB
Inactive:        4160752 kB
Active(anon):      19616 kB
Inactive(anon):  1642960 kB
Active(file):     572952 kB
Inactive(file):  2517792 kB
Unevictable:           0 kB
Mlocked:               0 kB
SwapTotal:       2097152 kB
SwapFree:        2088644 kB
Dirty:                 0 kB
Writeback:             0 kB
AnonPages:       1545284 kB
Mapped:           348136 kB
Shmem:              4524 kB
KReclaimable:     186396 kB
Slab:             280900 kB
SReclaimable:     186396 kB
SUnreclaim:        94504 kB
KernelStack:       16560 kB
PageTables:        13452 kB
NFS_Unstable:          0 kB
Bounce:                0 kB
WritebackTmp:          0 kB
CommitLimit:     5996084 kB
Committed_AS:    5673764 kB
VmallocTotal:   34359738367 kB
VmallocUsed:       38544 kB
VmallocChunk:          0 kB
Percpu:             8640 kB
AnonHugePages:   1107968 kB
ShmemHugePages:        0 kB
ShmemPmdMapped:        0 kB
FileHugePages:         0 kB
FilePmdMapped:         0 kB
HugePages_Total:       0
HugePages_Free:        0
HugePages_Rsvd:        0
HugePages_Surp:        0
Hugepagesize:       2048 kB
Hugetlb:               0 kB
DirectMap4k:       56320 kB
DirectMap2M:     5892096 kB
DirectMap1G:    10485760 kB

Current date and time: Sun May 14 04:04:08 UTC 2023
Current memory usage:
MemTotal:        7797868 kB
MemFree:         2445532 kB
MemAvailable:    5423200 kB
Buffers:           40168 kB
Cached:          3054920 kB
SwapCached:          556 kB
Active:           592576 kB
Inactive:        4161012 kB
Active(anon):      19616 kB
Inactive(anon):  1643220 kB
Active(file):     572960 kB
Inactive(file):  2517792 kB
Unevictable:           0 kB
Mlocked:               0 kB
SwapTotal:       2097152 kB
SwapFree:        2088644 kB
Dirty:                 0 kB
Writeback:             0 kB
AnonPages:       1545444 kB
Mapped:           348248 kB
Shmem:              4528 kB
KReclaimable:     186380 kB
Slab:             280876 kB
SReclaimable:     186380 kB
SUnreclaim:        94496 kB
KernelStack:       16528 kB
PageTables:        13400 kB
NFS_Unstable:          0 kB
Bounce:                0 kB
WritebackTmp:          0 kB
CommitLimit:     5996084 kB
Committed_AS:    5673768 kB
VmallocTotal:   34359738367 kB
VmallocUsed:       38576 kB
VmallocChunk:          0 kB
Percpu:             8640 kB
AnonHugePages:   1107968 kB
ShmemHugePages:        0 kB
ShmemPmdMapped:        0 kB
FileHugePages:         0 kB
FilePmdMapped:         0 kB
HugePages_Total:       0
HugePages_Free:        0
HugePages_Rsvd:        0
HugePages_Surp:        0
Hugepagesize:       2048 kB
Hugetlb:               0 kB
DirectMap4k:       56320 kB
DirectMap2M:     5892096 kB
DirectMap1G:    10485760 kB

Current date and time: Sun May 14 04:05:08 UTC 2023
Current memory usage:
MemTotal:        7797868 kB
MemFree:         2444560 kB
MemAvailable:    5422360 kB
Buffers:           40176 kB
Cached:          3055032 kB
SwapCached:          556 kB
Active:           592592 kB
Inactive:        4160224 kB
Active(anon):      19620 kB
Inactive(anon):  1642328 kB
Active(file):     572972 kB
Inactive(file):  2517896 kB
Unevictable:           0 kB
Mlocked:               0 kB
SwapTotal:       2097152 kB
SwapFree:        2088644 kB
Dirty:                 0 kB
Writeback:             0 kB
AnonPages:       1544604 kB
Mapped:           348200 kB
Shmem:              4532 kB
KReclaimable:     186396 kB
Slab:             280972 kB
SReclaimable:     186396 kB
SUnreclaim:        94576 kB
KernelStack:       16560 kB
PageTables:        13676 kB
NFS_Unstable:          0 kB
Bounce:                0 kB
WritebackTmp:          0 kB
CommitLimit:     5996084 kB
Committed_AS:    5673772 kB
VmallocTotal:   34359738367 kB
VmallocUsed:       38560 kB
VmallocChunk:          0 kB
Percpu:             8640 kB
AnonHugePages:   1107968 kB
ShmemHugePages:        0 kB
ShmemPmdMapped:        0 kB
FileHugePages:         0 kB
FilePmdMapped:         0 kB
HugePages_Total:       0
HugePages_Free:        0
HugePages_Rsvd:        0
HugePages_Surp:        0
Hugepagesize:       2048 kB
Hugetlb:               0 kB
DirectMap4k:       56320 kB
DirectMap2M:     5892096 kB
DirectMap1G:    10485760 kB

Current date and time: Sun May 14 04:06:08 UTC 2023
Current memory usage:
MemTotal:        7797868 kB
MemFree:         2440536 kB
MemAvailable:    5418528 kB
Buffers:           40184 kB
Cached:          3055252 kB
SwapCached:          556 kB
Active:           592716 kB
Inactive:        4160040 kB
Active(anon):      19624 kB
Inactive(anon):  1642040 kB
Active(file):     573092 kB
Inactive(file):  2518000 kB
Unevictable:           0 kB
Mlocked:               0 kB
SwapTotal:       2097152 kB
SwapFree:        2088644 kB
Dirty:                 0 kB
Writeback:             0 kB
AnonPages:       1544168 kB
Mapped:           348332 kB
Shmem:              4536 kB
KReclaimable:     186364 kB
Slab:             280916 kB
SReclaimable:     186364 kB
SUnreclaim:        94552 kB
KernelStack:       16560 kB
PageTables:        13332 kB
NFS_Unstable:          0 kB
Bounce:                0 kB
WritebackTmp:          0 kB
CommitLimit:     5996084 kB
Committed_AS:    5673776 kB
VmallocTotal:   34359738367 kB
VmallocUsed:       38576 kB
VmallocChunk:          0 kB
Percpu:             8640 kB
AnonHugePages:   1107968 kB
ShmemHugePages:        0 kB
ShmemPmdMapped:        0 kB
FileHugePages:         0 kB
FilePmdMapped:         0 kB
HugePages_Total:       0
HugePages_Free:        0
HugePages_Rsvd:        0
HugePages_Surp:        0
Hugepagesize:       2048 kB
Hugetlb:               0 kB
DirectMap4k:       56320 kB
DirectMap2M:     5892096 kB
DirectMap1G:    10485760 kB

Current date and time: Sun May 14 04:07:08 UTC 2023
Current memory usage:
MemTotal:        7797868 kB
MemFree:         2439076 kB
MemAvailable:    5417244 kB
Buffers:           40208 kB
Cached:          3055392 kB
SwapCached:          556 kB
Active:           592744 kB
Inactive:        4162656 kB
Active(anon):      19628 kB
Inactive(anon):  1644520 kB
Active(file):     573116 kB
Inactive(file):  2518136 kB
Unevictable:           0 kB
Mlocked:               0 kB
SwapTotal:       2097152 kB
SwapFree:        2088644 kB
Dirty:                 0 kB
Writeback:             0 kB
AnonPages:       1544464 kB
Mapped:           348444 kB
Shmem:              4540 kB
KReclaimable:     186380 kB
Slab:             280884 kB
SReclaimable:     186380 kB
SUnreclaim:        94504 kB
KernelStack:       16688 kB
PageTables:        13412 kB
NFS_Unstable:          0 kB
Bounce:                0 kB
WritebackTmp:          0 kB
CommitLimit:     5996084 kB
Committed_AS:    5675376 kB
VmallocTotal:   34359738367 kB
VmallocUsed:       38704 kB
VmallocChunk:          0 kB
Percpu:             8640 kB
AnonHugePages:   1105920 kB
ShmemHugePages:        0 kB
ShmemPmdMapped:        0 kB
FileHugePages:         0 kB
FilePmdMapped:         0 kB
HugePages_Total:       0
HugePages_Free:        0
HugePages_Rsvd:        0
HugePages_Surp:        0
Hugepagesize:       2048 kB
Hugetlb:               0 kB
DirectMap4k:       56320 kB
DirectMap2M:     5892096 kB
DirectMap1G:    10485760 kB

Current date and time: Sun May 14 04:08:08 UTC 2023
Current memory usage:
MemTotal:        7797868 kB
MemFree:         2444928 kB
MemAvailable:    5423104 kB
Buffers:           40216 kB
Cached:          3055396 kB
SwapCached:          556 kB
Active:           592756 kB
Inactive:        4162856 kB
Active(anon):      19632 kB
Inactive(anon):  1644720 kB
Active(file):     573124 kB
Inactive(file):  2518136 kB
Unevictable:           0 kB
Mlocked:               0 kB
SwapTotal:       2097152 kB
SwapFree:        2088644 kB
Dirty:                 0 kB
Writeback:             0 kB
AnonPages:       1544892 kB
Mapped:           348440 kB
Shmem:              4544 kB
KReclaimable:     186380 kB
Slab:             280888 kB
SReclaimable:     186380 kB
SUnreclaim:        94508 kB
KernelStack:       16688 kB
PageTables:        13416 kB
NFS_Unstable:          0 kB
Bounce:                0 kB
WritebackTmp:          0 kB
CommitLimit:     5996084 kB
Committed_AS:    5675384 kB
VmallocTotal:   34359738367 kB
VmallocUsed:       38704 kB
VmallocChunk:          0 kB
Percpu:             8640 kB
AnonHugePages:   1103872 kB
ShmemHugePages:        0 kB
ShmemPmdMapped:        0 kB
FileHugePages:         0 kB
FilePmdMapped:         0 kB
HugePages_Total:       0
HugePages_Free:        0
HugePages_Rsvd:        0
HugePages_Surp:        0
Hugepagesize:       2048 kB
Hugetlb:               0 kB
DirectMap4k:       56320 kB
DirectMap2M:     5892096 kB
DirectMap1G:    10485760 kB

Current date and time: Sun May 14 04:09:08 UTC 2023
Current memory usage:
MemTotal:        7797868 kB
MemFree:         2437596 kB
MemAvailable:    5422076 kB
Buffers:           45100 kB
Cached:          3055792 kB
SwapCached:          556 kB
Active:           597720 kB
Inactive:        4164712 kB
Active(anon):      19636 kB
Inactive(anon):  1646264 kB
Active(file):     578084 kB
Inactive(file):  2518448 kB
Unevictable:           0 kB
Mlocked:               0 kB
SwapTotal:       2097152 kB
SwapFree:        2088644 kB
Dirty:                 0 kB
Writeback:             0 kB
AnonPages:       1544328 kB
Mapped:           350364 kB
Shmem:              4552 kB
KReclaimable:     187412 kB
Slab:             282068 kB
SReclaimable:     187412 kB
SUnreclaim:        94656 kB
KernelStack:       16720 kB
PageTables:        13488 kB
NFS_Unstable:          0 kB
Bounce:                0 kB
WritebackTmp:          0 kB
CommitLimit:     5996084 kB
Committed_AS:    5675712 kB
VmallocTotal:   34359738367 kB
VmallocUsed:       38736 kB
VmallocChunk:          0 kB
Percpu:             8640 kB
AnonHugePages:   1099776 kB
ShmemHugePages:        0 kB
ShmemPmdMapped:        0 kB
FileHugePages:         0 kB
FilePmdMapped:         0 kB
HugePages_Total:       0
HugePages_Free:        0
HugePages_Rsvd:        0
HugePages_Surp:        0
Hugepagesize:       2048 kB
Hugetlb:               0 kB
DirectMap4k:       56320 kB
DirectMap2M:     5892096 kB
DirectMap1G:    10485760 kB

Current date and time: Sun May 14 04:10:08 UTC 2023
Current memory usage:
MemTotal:        7797868 kB
MemFree:         2432100 kB
MemAvailable:    5416644 kB
Buffers:           45132 kB
Cached:          3055860 kB
SwapCached:          556 kB
Active:           597756 kB
Inactive:        4165252 kB
Active(anon):      19640 kB
Inactive(anon):  1646740 kB
Active(file):     578116 kB
Inactive(file):  2518512 kB
Unevictable:           0 kB
Mlocked:               0 kB
SwapTotal:       2097152 kB
SwapFree:        2088644 kB
Dirty:                 0 kB
Writeback:             0 kB
AnonPages:       1544828 kB
Mapped:           350296 kB
Shmem:              4556 kB
KReclaimable:     187380 kB
Slab:             281940 kB
SReclaimable:     187380 kB
SUnreclaim:        94560 kB
KernelStack:       16704 kB
PageTables:        13412 kB
NFS_Unstable:          0 kB
Bounce:                0 kB
WritebackTmp:          0 kB
CommitLimit:     5996084 kB
Committed_AS:    5675716 kB
VmallocTotal:   34359738367 kB
VmallocUsed:       38704 kB
VmallocChunk:          0 kB
Percpu:             8640 kB
AnonHugePages:   1099776 kB
ShmemHugePages:        0 kB
ShmemPmdMapped:        0 kB
FileHugePages:         0 kB
FilePmdMapped:         0 kB
HugePages_Total:       0
HugePages_Free:        0
HugePages_Rsvd:        0
HugePages_Surp:        0
Hugepagesize:       2048 kB
Hugetlb:               0 kB
DirectMap4k:       56320 kB
DirectMap2M:     5892096 kB
DirectMap1G:    10485760 kB

Current date and time: Sun May 14 04:11:08 UTC 2023
Current memory usage:
MemTotal:        7797868 kB
MemFree:         2418140 kB
MemAvailable:    5402764 kB
Buffers:           45228 kB
Cached:          3055864 kB
SwapCached:          556 kB
Active:           597856 kB
Inactive:        4178732 kB
Active(anon):      19644 kB
Inactive(anon):  1660220 kB
Active(file):     578212 kB
Inactive(file):  2518512 kB
Unevictable:           0 kB
Mlocked:               0 kB
SwapTotal:       2097152 kB
SwapFree:        2088644 kB
Dirty:                 0 kB
Writeback:             0 kB
AnonPages:       1557724 kB
Mapped:           350304 kB
Shmem:              4560 kB
KReclaimable:     187364 kB
Slab:             281936 kB
SReclaimable:     187364 kB
SUnreclaim:        94572 kB
KernelStack:       16688 kB
PageTables:        13464 kB
NFS_Unstable:          0 kB
Bounce:                0 kB
WritebackTmp:          0 kB
CommitLimit:     5996084 kB
Committed_AS:    5693256 kB
VmallocTotal:   34359738367 kB
VmallocUsed:       38736 kB
VmallocChunk:          0 kB
Percpu:             8640 kB
AnonHugePages:   1105920 kB
ShmemHugePages:        0 kB
ShmemPmdMapped:        0 kB
FileHugePages:         0 kB
FilePmdMapped:         0 kB
HugePages_Total:       0
HugePages_Free:        0
HugePages_Rsvd:        0
HugePages_Surp:        0
Hugepagesize:       2048 kB
Hugetlb:               0 kB
DirectMap4k:       56320 kB
DirectMap2M:     5892096 kB
DirectMap1G:    10485760 kB

Current date and time: Sun May 14 04:12:08 UTC 2023
Current memory usage:
MemTotal:        7797868 kB
MemFree:         2423576 kB
MemAvailable:    5408248 kB
Buffers:           45244 kB
Cached:          3055868 kB
SwapCached:          556 kB
Active:           597884 kB
Inactive:        4177748 kB
Active(anon):      19648 kB
Inactive(anon):  1659244 kB
Active(file):     578236 kB
Inactive(file):  2518504 kB
Unevictable:           0 kB
Mlocked:               0 kB
SwapTotal:       2097152 kB
SwapFree:        2088644 kB
Dirty:                 0 kB
Writeback:             0 kB
AnonPages:       1556856 kB
Mapped:           350400 kB
Shmem:              4564 kB
KReclaimable:     187396 kB
Slab:             282060 kB
SReclaimable:     187396 kB
SUnreclaim:        94664 kB
KernelStack:       16704 kB
PageTables:        13716 kB
NFS_Unstable:          0 kB
Bounce:                0 kB
WritebackTmp:          0 kB
CommitLimit:     5996084 kB
Committed_AS:    5693260 kB
VmallocTotal:   34359738367 kB
VmallocUsed:       38720 kB
VmallocChunk:          0 kB
Percpu:             8640 kB
AnonHugePages:   1105920 kB
ShmemHugePages:        0 kB
ShmemPmdMapped:        0 kB
FileHugePages:         0 kB
FilePmdMapped:         0 kB
HugePages_Total:       0
HugePages_Free:        0
HugePages_Rsvd:        0
HugePages_Surp:        0
Hugepagesize:       2048 kB
Hugetlb:               0 kB
DirectMap4k:       56320 kB
DirectMap2M:     5892096 kB
DirectMap1G:    10485760 kB

Current date and time: Sun May 14 04:13:09 UTC 2023
Current memory usage:
MemTotal:        7797868 kB
MemFree:         2417388 kB
MemAvailable:    5402068 kB
Buffers:           45252 kB
Cached:          3055872 kB
SwapCached:          556 kB
Active:           597896 kB
Inactive:        4177828 kB
Active(anon):      19652 kB
Inactive(anon):  1659324 kB
Active(file):     578244 kB
Inactive(file):  2518504 kB
Unevictable:           0 kB
Mlocked:               0 kB
SwapTotal:       2097152 kB
SwapFree:        2088644 kB
Dirty:                 0 kB
Writeback:             0 kB
AnonPages:       1556732 kB
Mapped:           350348 kB
Shmem:              4568 kB
KReclaimable:     187396 kB
Slab:             282024 kB
SReclaimable:     187396 kB
SUnreclaim:        94628 kB
KernelStack:       16688 kB
PageTables:        13588 kB
NFS_Unstable:          0 kB
Bounce:                0 kB
WritebackTmp:          0 kB
CommitLimit:     5996084 kB
Committed_AS:    5693264 kB
VmallocTotal:   34359738367 kB
VmallocUsed:       38768 kB
VmallocChunk:          0 kB
Percpu:             8640 kB
AnonHugePages:   1105920 kB
ShmemHugePages:        0 kB
ShmemPmdMapped:        0 kB
FileHugePages:         0 kB
FilePmdMapped:         0 kB
HugePages_Total:       0
HugePages_Free:        0
HugePages_Rsvd:        0
HugePages_Surp:        0
Hugepagesize:       2048 kB
Hugetlb:               0 kB
DirectMap4k:       56320 kB
DirectMap2M:     5892096 kB
DirectMap1G:    10485760 kB

Current date and time: Sun May 14 04:14:08 UTC 2023
Current memory usage:
MemTotal:        7797868 kB
MemFree:         2416144 kB
MemAvailable:    5400832 kB
Buffers:           45260 kB
Cached:          3055876 kB
SwapCached:          556 kB
Active:           597928 kB
Inactive:        4177968 kB
Active(anon):      19656 kB
Inactive(anon):  1659484 kB
Active(file):     578272 kB
Inactive(file):  2518484 kB
Unevictable:           0 kB
Mlocked:               0 kB
SwapTotal:       2097152 kB
SwapFree:        2088644 kB
Dirty:                 0 kB
Writeback:             0 kB
AnonPages:       1556980 kB
Mapped:           350356 kB
Shmem:              4572 kB
KReclaimable:     187396 kB
Slab:             282076 kB
SReclaimable:     187396 kB
SUnreclaim:        94680 kB
KernelStack:       16720 kB
PageTables:        13736 kB
NFS_Unstable:          0 kB
Bounce:                0 kB
WritebackTmp:          0 kB
CommitLimit:     5996084 kB
Committed_AS:    5693268 kB
VmallocTotal:   34359738367 kB
VmallocUsed:       38768 kB
VmallocChunk:          0 kB
Percpu:             8640 kB
AnonHugePages:   1105920 kB
ShmemHugePages:        0 kB
ShmemPmdMapped:        0 kB
FileHugePages:         0 kB
FilePmdMapped:         0 kB
HugePages_Total:       0
HugePages_Free:        0
HugePages_Rsvd:        0
HugePages_Surp:        0
Hugepagesize:       2048 kB
Hugetlb:               0 kB
DirectMap4k:       56320 kB
DirectMap2M:     5892096 kB
DirectMap1G:    10485760 kB

Current date and time: Sun May 14 04:15:08 UTC 2023
Current memory usage:
MemTotal:        7797868 kB
MemFree:         2418580 kB
MemAvailable:    5403360 kB
Buffers:           45364 kB
Cached:          3055884 kB
SwapCached:          556 kB
Active:           598036 kB
Inactive:        4174376 kB
Active(anon):      19660 kB
Inactive(anon):  1655888 kB
Active(file):     578376 kB
Inactive(file):  2518488 kB
Unevictable:           0 kB
Mlocked:               0 kB
SwapTotal:       2097152 kB
SwapFree:        2088644 kB
Dirty:                 0 kB
Writeback:             0 kB
AnonPages:       1553296 kB
Mapped:           350400 kB
Shmem:              4576 kB
KReclaimable:     187380 kB
Slab:             281976 kB
SReclaimable:     187380 kB
SUnreclaim:        94596 kB
KernelStack:       16704 kB
PageTables:        13460 kB
NFS_Unstable:          0 kB
Bounce:                0 kB
WritebackTmp:          0 kB
CommitLimit:     5996084 kB
Committed_AS:    5689172 kB
VmallocTotal:   34359738367 kB
VmallocUsed:       38736 kB
VmallocChunk:          0 kB
Percpu:             8640 kB
AnonHugePages:   1103872 kB
ShmemHugePages:        0 kB
ShmemPmdMapped:        0 kB
FileHugePages:         0 kB
FilePmdMapped:         0 kB
HugePages_Total:       0
HugePages_Free:        0
HugePages_Rsvd:        0
HugePages_Surp:        0
Hugepagesize:       2048 kB
Hugetlb:               0 kB
DirectMap4k:       56320 kB
DirectMap2M:     5892096 kB
DirectMap1G:    10485760 kB

Current date and time: Sun May 14 04:16:09 UTC 2023
Current memory usage:
MemTotal:        7797868 kB
MemFree:         2421452 kB
MemAvailable:    5406500 kB
Buffers:           45564 kB
Cached:          3055892 kB
SwapCached:          556 kB
Active:           598240 kB
Inactive:        4175556 kB
Active(anon):      19664 kB
Inactive(anon):  1657064 kB
Active(file):     578576 kB
Inactive(file):  2518492 kB
Unevictable:           0 kB
Mlocked:               0 kB
SwapTotal:       2097152 kB
SwapFree:        2088644 kB
Dirty:                 0 kB
Writeback:             0 kB
AnonPages:       1554596 kB
Mapped:           350280 kB
Shmem:              4580 kB
KReclaimable:     187444 kB
Slab:             282060 kB
SReclaimable:     187444 kB
SUnreclaim:        94616 kB
KernelStack:       16704 kB
PageTables:        13636 kB
NFS_Unstable:          0 kB
Bounce:                0 kB
WritebackTmp:          0 kB
CommitLimit:     5996084 kB
Committed_AS:    5689176 kB
VmallocTotal:   34359738367 kB
VmallocUsed:       38752 kB
VmallocChunk:          0 kB
Percpu:             8640 kB
AnonHugePages:   1103872 kB
ShmemHugePages:        0 kB
ShmemPmdMapped:        0 kB
FileHugePages:         0 kB
FilePmdMapped:         0 kB
HugePages_Total:       0
HugePages_Free:        0
HugePages_Rsvd:        0
HugePages_Surp:        0
Hugepagesize:       2048 kB
Hugetlb:               0 kB
DirectMap4k:       56320 kB
DirectMap2M:     5892096 kB
DirectMap1G:    10485760 kB

Current date and time: Sun May 14 04:17:08 UTC 2023
Current memory usage:
MemTotal:        7797868 kB
MemFree:         2420832 kB
MemAvailable:    5405952 kB
Buffers:           45580 kB
Cached:          3056000 kB
SwapCached:          556 kB
Active:           598260 kB
Inactive:        4175556 kB
Active(anon):      19668 kB
Inactive(anon):  1656960 kB
Active(file):     578592 kB
Inactive(file):  2518596 kB
Unevictable:           0 kB
Mlocked:               0 kB
SwapTotal:       2097152 kB
SwapFree:        2088644 kB
Dirty:                 0 kB
Writeback:             0 kB
AnonPages:       1554324 kB
Mapped:           350400 kB
Shmem:              4584 kB
KReclaimable:     187396 kB
Slab:             282012 kB
SReclaimable:     187396 kB
SUnreclaim:        94616 kB
KernelStack:       16704 kB
PageTables:        13644 kB
NFS_Unstable:          0 kB
Bounce:                0 kB
WritebackTmp:          0 kB
CommitLimit:     5996084 kB
Committed_AS:    5689180 kB
VmallocTotal:   34359738367 kB
VmallocUsed:       38736 kB
VmallocChunk:          0 kB
Percpu:             8640 kB
AnonHugePages:   1103872 kB
ShmemHugePages:        0 kB
ShmemPmdMapped:        0 kB
FileHugePages:         0 kB
FilePmdMapped:         0 kB
HugePages_Total:       0
HugePages_Free:        0
HugePages_Rsvd:        0
HugePages_Surp:        0
Hugepagesize:       2048 kB
Hugetlb:               0 kB
DirectMap4k:       56320 kB
DirectMap2M:     5892096 kB
DirectMap1G:    10485760 kB

Current date and time: Sun May 14 04:18:08 UTC 2023
Current memory usage:
MemTotal:        7797868 kB
MemFree:         2424328 kB
MemAvailable:    5409472 kB
Buffers:           45588 kB
Cached:          3056004 kB
SwapCached:          556 kB
Active:           598268 kB
Inactive:        4175700 kB
Active(anon):      19668 kB
Inactive(anon):  1657104 kB
Active(file):     578600 kB
Inactive(file):  2518596 kB
Unevictable:           0 kB
Mlocked:               0 kB
SwapTotal:       2097152 kB
SwapFree:        2088644 kB
Dirty:                 0 kB
Writeback:             0 kB
AnonPages:       1554376 kB
Mapped:           350436 kB
Shmem:              4588 kB
KReclaimable:     187412 kB
Slab:             282044 kB
SReclaimable:     187412 kB
SUnreclaim:        94632 kB
KernelStack:       16720 kB
PageTables:        13636 kB
NFS_Unstable:          0 kB
Bounce:                0 kB
WritebackTmp:          0 kB
CommitLimit:     5996084 kB
Committed_AS:    5689184 kB
VmallocTotal:   34359738367 kB
VmallocUsed:       38784 kB
VmallocChunk:          0 kB
Percpu:             8640 kB
AnonHugePages:   1103872 kB
ShmemHugePages:        0 kB
ShmemPmdMapped:        0 kB
FileHugePages:         0 kB
FilePmdMapped:         0 kB
HugePages_Total:       0
HugePages_Free:        0
HugePages_Rsvd:        0
HugePages_Surp:        0
Hugepagesize:       2048 kB
Hugetlb:               0 kB
DirectMap4k:       56320 kB
DirectMap2M:     5892096 kB
DirectMap1G:    10485760 kB

Current date and time: Sun May 14 04:19:08 UTC 2023
Current memory usage:
MemTotal:        7797868 kB
MemFree:         2421356 kB
MemAvailable:    5406492 kB
Buffers:           45596 kB
Cached:          3056008 kB
SwapCached:          556 kB
Active:           598280 kB
Inactive:        4175332 kB
Active(anon):      19672 kB
Inactive(anon):  1656736 kB
Active(file):     578608 kB
Inactive(file):  2518596 kB
Unevictable:           0 kB
Mlocked:               0 kB
SwapTotal:       2097152 kB
SwapFree:        2088644 kB
Dirty:                 0 kB
Writeback:             0 kB
AnonPages:       1554188 kB
Mapped:           350356 kB
Shmem:              4592 kB
KReclaimable:     187396 kB
Slab:             282120 kB
SReclaimable:     187396 kB
SUnreclaim:        94724 kB
KernelStack:       16752 kB
PageTables:        13716 kB
NFS_Unstable:          0 kB
Bounce:                0 kB
WritebackTmp:          0 kB
CommitLimit:     5996084 kB
Committed_AS:    5689188 kB
VmallocTotal:   34359738367 kB
VmallocUsed:       38768 kB
VmallocChunk:          0 kB
Percpu:             8640 kB
AnonHugePages:   1103872 kB
ShmemHugePages:        0 kB
ShmemPmdMapped:        0 kB
FileHugePages:         0 kB
FilePmdMapped:         0 kB
HugePages_Total:       0
HugePages_Free:        0
HugePages_Rsvd:        0
HugePages_Surp:        0
Hugepagesize:       2048 kB
Hugetlb:               0 kB
DirectMap4k:       56320 kB
DirectMap2M:     5892096 kB
DirectMap1G:    10485760 kB

Current date and time: Sun May 14 04:20:07 UTC 2023
Current memory usage:
MemTotal:        7797868 kB
MemFree:         2428644 kB
MemAvailable:    5413804 kB
Buffers:           45604 kB
Cached:          3056012 kB
SwapCached:          556 kB
Active:           598316 kB
Inactive:        4174928 kB
Active(anon):      19676 kB
Inactive(anon):  1656356 kB
Active(file):     578640 kB
Inactive(file):  2518572 kB
Unevictable:           0 kB
Mlocked:               0 kB
SwapTotal:       2097152 kB
SwapFree:        2088644 kB
Dirty:                 0 kB
Writeback:             0 kB
AnonPages:       1553576 kB
Mapped:           350432 kB
Shmem:              4596 kB
KReclaimable:     187412 kB
Slab:             282064 kB
SReclaimable:     187412 kB
SUnreclaim:        94652 kB
KernelStack:       16720 kB
PageTables:        13448 kB
NFS_Unstable:          0 kB
Bounce:                0 kB
WritebackTmp:          0 kB
CommitLimit:     5996084 kB
Committed_AS:    5689192 kB
VmallocTotal:   34359738367 kB
VmallocUsed:       38784 kB
VmallocChunk:          0 kB
Percpu:             8640 kB
AnonHugePages:   1103872 kB
ShmemHugePages:        0 kB
ShmemPmdMapped:        0 kB
FileHugePages:         0 kB
FilePmdMapped:         0 kB
HugePages_Total:       0
HugePages_Free:        0
HugePages_Rsvd:        0
HugePages_Surp:        0
Hugepagesize:       2048 kB
Hugetlb:               0 kB
DirectMap4k:       56320 kB
DirectMap2M:     5892096 kB
DirectMap1G:    10485760 kB

Current date and time: Sun May 14 04:21:07 UTC 2023
Current memory usage:
MemTotal:        7797868 kB
MemFree:         2422052 kB
MemAvailable:    5407276 kB
Buffers:           45700 kB
Cached:          3056016 kB
SwapCached:          556 kB
Active:           598416 kB
Inactive:        4174724 kB
Active(anon):      19680 kB
Inactive(anon):  1656152 kB
Active(file):     578736 kB
Inactive(file):  2518572 kB
Unevictable:           0 kB
Mlocked:               0 kB
SwapTotal:       2097152 kB
SwapFree:        2088644 kB
Dirty:                24 kB
Writeback:             0 kB
AnonPages:       1553088 kB
Mapped:           350424 kB
Shmem:              4600 kB
KReclaimable:     187380 kB
Slab:             282044 kB
SReclaimable:     187380 kB
SUnreclaim:        94664 kB
KernelStack:       16752 kB
PageTables:        13456 kB
NFS_Unstable:          0 kB
Bounce:                0 kB
WritebackTmp:          0 kB
CommitLimit:     5996084 kB
Committed_AS:    5689196 kB
VmallocTotal:   34359738367 kB
VmallocUsed:       38784 kB
VmallocChunk:          0 kB
Percpu:             8640 kB
AnonHugePages:   1103872 kB
ShmemHugePages:        0 kB
ShmemPmdMapped:        0 kB
FileHugePages:         0 kB
FilePmdMapped:         0 kB
HugePages_Total:       0
HugePages_Free:        0
HugePages_Rsvd:        0
HugePages_Surp:        0
Hugepagesize:       2048 kB
Hugetlb:               0 kB
DirectMap4k:       56320 kB
DirectMap2M:     5892096 kB
DirectMap1G:    10485760 kB

Current date and time: Sun May 14 04:22:08 UTC 2023
Current memory usage:
MemTotal:        7797868 kB
MemFree:         2418964 kB
MemAvailable:    5404284 kB
Buffers:           45764 kB
Cached:          3056016 kB
SwapCached:          556 kB
Active:           598492 kB
Inactive:        4180308 kB
Active(anon):      19692 kB
Inactive(anon):  1661736 kB
Active(file):     578800 kB
Inactive(file):  2518572 kB
Unevictable:           0 kB
Mlocked:               0 kB
SwapTotal:       2097152 kB
SwapFree:        2088644 kB
Dirty:                 0 kB
Writeback:             0 kB
AnonPages:       1557316 kB
Mapped:           350392 kB
Shmem:              4600 kB
KReclaimable:     187412 kB
Slab:             282124 kB
SReclaimable:     187412 kB
SUnreclaim:        94712 kB
KernelStack:       16768 kB
PageTables:        13452 kB
NFS_Unstable:          0 kB
Bounce:                0 kB
WritebackTmp:          0 kB
CommitLimit:     5996084 kB
Committed_AS:    5689328 kB
VmallocTotal:   34359738367 kB
VmallocUsed:       38784 kB
VmallocChunk:          0 kB
Percpu:             8640 kB
AnonHugePages:   1097728 kB
ShmemHugePages:        0 kB
ShmemPmdMapped:        0 kB
FileHugePages:         0 kB
FilePmdMapped:         0 kB
HugePages_Total:       0
HugePages_Free:        0
HugePages_Rsvd:        0
HugePages_Surp:        0
Hugepagesize:       2048 kB
Hugetlb:               0 kB
DirectMap4k:       56320 kB
DirectMap2M:     5892096 kB
DirectMap1G:    10485760 kB

Current date and time: Sun May 14 04:23:08 UTC 2023
Current memory usage:
MemTotal:        7797868 kB
MemFree:         2418932 kB
MemAvailable:    5404260 kB
Buffers:           45772 kB
Cached:          3056020 kB
SwapCached:          556 kB
Active:           598504 kB
Inactive:        4180320 kB
Active(anon):      19696 kB
Inactive(anon):  1661748 kB
Active(file):     578808 kB
Inactive(file):  2518572 kB
Unevictable:           0 kB
Mlocked:               0 kB
SwapTotal:       2097152 kB
SwapFree:        2088644 kB
Dirty:                 0 kB
Writeback:             0 kB
AnonPages:       1557316 kB
Mapped:           350388 kB
Shmem:              4604 kB
KReclaimable:     187412 kB
Slab:             282120 kB
SReclaimable:     187412 kB
SUnreclaim:        94708 kB
KernelStack:       16784 kB
PageTables:        13448 kB
NFS_Unstable:          0 kB
Bounce:                0 kB
WritebackTmp:          0 kB
CommitLimit:     5996084 kB
Committed_AS:    5689332 kB
VmallocTotal:   34359738367 kB
VmallocUsed:       38816 kB
VmallocChunk:          0 kB
Percpu:             8640 kB
AnonHugePages:   1097728 kB
ShmemHugePages:        0 kB
ShmemPmdMapped:        0 kB
FileHugePages:         0 kB
FilePmdMapped:         0 kB
HugePages_Total:       0
HugePages_Free:        0
HugePages_Rsvd:        0
HugePages_Surp:        0
Hugepagesize:       2048 kB
Hugetlb:               0 kB
DirectMap4k:       56320 kB
DirectMap2M:     5892096 kB
DirectMap1G:    10485760 kB

Current date and time: Sun May 14 04:24:08 UTC 2023
Current memory usage:
MemTotal:        7797868 kB
MemFree:         2414176 kB
MemAvailable:    5399480 kB
Buffers:           45780 kB
Cached:          3056024 kB
SwapCached:          556 kB
Active:           598524 kB
Inactive:        4183796 kB
Active(anon):      19700 kB
Inactive(anon):  1665232 kB
Active(file):     578824 kB
Inactive(file):  2518564 kB
Unevictable:           0 kB
Mlocked:               0 kB
SwapTotal:       2097152 kB
SwapFree:        2088644 kB
Dirty:                 0 kB
Writeback:             0 kB
AnonPages:       1560868 kB
Mapped:           350424 kB
Shmem:              4608 kB
KReclaimable:     187380 kB
Slab:             282040 kB
SReclaimable:     187380 kB
SUnreclaim:        94660 kB
KernelStack:       16784 kB
PageTables:        13700 kB
NFS_Unstable:          0 kB
Bounce:                0 kB
WritebackTmp:          0 kB
CommitLimit:     5996084 kB
Committed_AS:    5689336 kB
VmallocTotal:   34359738367 kB
VmallocUsed:       38848 kB
VmallocChunk:          0 kB
Percpu:             8640 kB
AnonHugePages:   1101824 kB
ShmemHugePages:        0 kB
ShmemPmdMapped:        0 kB
FileHugePages:         0 kB
FilePmdMapped:         0 kB
HugePages_Total:       0
HugePages_Free:        0
HugePages_Rsvd:        0
HugePages_Surp:        0
Hugepagesize:       2048 kB
Hugetlb:               0 kB
DirectMap4k:       56320 kB
DirectMap2M:     5892096 kB
DirectMap1G:    10485760 kB

Current date and time: Sun May 14 04:25:08 UTC 2023
Current memory usage:
MemTotal:        7797868 kB
MemFree:         2421308 kB
MemAvailable:    5406648 kB
Buffers:           45796 kB
Cached:          3056032 kB
SwapCached:          556 kB
Active:           598544 kB
Inactive:        4183504 kB
Active(anon):      19704 kB
Inactive(anon):  1664936 kB
Active(file):     578840 kB
Inactive(file):  2518568 kB
Unevictable:           0 kB
Mlocked:               0 kB
SwapTotal:       2097152 kB
SwapFree:        2088644 kB
Dirty:                 0 kB
Writeback:             0 kB
AnonPages:       1560432 kB
Mapped:           350508 kB
Shmem:              4612 kB
KReclaimable:     187396 kB
Slab:             282108 kB
SReclaimable:     187396 kB
SUnreclaim:        94712 kB
KernelStack:       16800 kB
PageTables:        13444 kB
NFS_Unstable:          0 kB
Bounce:                0 kB
WritebackTmp:          0 kB
CommitLimit:     5996084 kB
Committed_AS:    5689340 kB
VmallocTotal:   34359738367 kB
VmallocUsed:       38832 kB
VmallocChunk:          0 kB
Percpu:             8640 kB
AnonHugePages:   1101824 kB
ShmemHugePages:        0 kB
ShmemPmdMapped:        0 kB
FileHugePages:         0 kB
FilePmdMapped:         0 kB
HugePages_Total:       0
HugePages_Free:        0
HugePages_Rsvd:        0
HugePages_Surp:        0
Hugepagesize:       2048 kB
Hugetlb:               0 kB
DirectMap4k:       56320 kB
DirectMap2M:     5892096 kB
DirectMap1G:    10485760 kB

Current date and time: Sun May 14 04:41:07 UTC 2023
Current memory usage:
MemTotal:        7797868 kB
MemFree:         2462240 kB
MemAvailable:    5454352 kB
Buffers:           48472 kB
Cached:          3060220 kB
SwapCached:          556 kB
Active:           637056 kB
Inactive:        4102964 kB
Active(anon):      19304 kB
Inactive(anon):  1616568 kB
Active(file):     617752 kB
Inactive(file):  2486396 kB
Unevictable:           0 kB
Mlocked:               0 kB
SwapTotal:       2097152 kB
SwapFree:        2088644 kB
Dirty:              2600 kB
Writeback:             0 kB
AnonPages:       1495064 kB
Mapped:           352420 kB
Shmem:              4712 kB
KReclaimable:     187428 kB
Slab:             283276 kB
SReclaimable:     187428 kB
SUnreclaim:        95848 kB
KernelStack:       16912 kB
PageTables:        13536 kB
NFS_Unstable:          0 kB
Bounce:                0 kB
WritebackTmp:          0 kB
CommitLimit:     5996084 kB
Committed_AS:    5708060 kB
VmallocTotal:   34359738367 kB
VmallocUsed:       38912 kB
VmallocChunk:          0 kB
Percpu:             8832 kB
AnonHugePages:    894976 kB
ShmemHugePages:        0 kB
ShmemPmdMapped:        0 kB
FileHugePages:         0 kB
FilePmdMapped:         0 kB
HugePages_Total:       0
HugePages_Free:        0
HugePages_Rsvd:        0
HugePages_Surp:        0
Hugepagesize:       2048 kB
Hugetlb:               0 kB
DirectMap4k:       80896 kB
DirectMap2M:     5867520 kB
DirectMap1G:    10485760 kB

Current date and time: Sun May 14 04:42:08 UTC 2023
Current memory usage:
MemTotal:        7797868 kB
MemFree:         2434872 kB
MemAvailable:    5427072 kB
Buffers:           48552 kB
Cached:          3060256 kB
SwapCached:          556 kB
Active:           637228 kB
Inactive:        4122984 kB
Active(anon):      19312 kB
Inactive(anon):  1636616 kB
Active(file):     617916 kB
Inactive(file):  2486368 kB
Unevictable:           0 kB
Mlocked:               0 kB
SwapTotal:       2097152 kB
SwapFree:        2088644 kB
Dirty:                 8 kB
Writeback:             0 kB
AnonPages:       1509980 kB
Mapped:           352736 kB
Shmem:              4716 kB
KReclaimable:     187380 kB
Slab:             283308 kB
SReclaimable:     187380 kB
SUnreclaim:        95928 kB
KernelStack:       16980 kB
PageTables:        13732 kB
NFS_Unstable:          0 kB
Bounce:                0 kB
WritebackTmp:          0 kB
CommitLimit:     5996084 kB
Committed_AS:    5725736 kB
VmallocTotal:   34359738367 kB
VmallocUsed:       38960 kB
VmallocChunk:          0 kB
Percpu:             8832 kB
AnonHugePages:    876544 kB
ShmemHugePages:        0 kB
ShmemPmdMapped:        0 kB
FileHugePages:         0 kB
FilePmdMapped:         0 kB
HugePages_Total:       0
HugePages_Free:        0
HugePages_Rsvd:        0
HugePages_Surp:        0
Hugepagesize:       2048 kB
Hugetlb:               0 kB
DirectMap4k:       80896 kB
DirectMap2M:     5867520 kB
DirectMap1G:    10485760 kB

Current date and time: Sun May 14 04:43:07 UTC 2023
Current memory usage:
MemTotal:        7797868 kB
MemFree:         2429000 kB
MemAvailable:    5421232 kB
Buffers:           48568 kB
Cached:          3060256 kB
SwapCached:          556 kB
Active:           637512 kB
Inactive:        4128924 kB
Active(anon):      19576 kB
Inactive(anon):  1642560 kB
Active(file):     617936 kB
Inactive(file):  2486364 kB
Unevictable:           0 kB
Mlocked:               0 kB
SwapTotal:       2097152 kB
SwapFree:        2088644 kB
Dirty:                12 kB
Writeback:             0 kB
AnonPages:       1513508 kB
Mapped:           352720 kB
Shmem:              4716 kB
KReclaimable:     187396 kB
Slab:             283348 kB
SReclaimable:     187396 kB
SUnreclaim:        95952 kB
KernelStack:       16928 kB
PageTables:        13516 kB
NFS_Unstable:          0 kB
Bounce:                0 kB
WritebackTmp:          0 kB
CommitLimit:     5996084 kB
Committed_AS:    5730452 kB
VmallocTotal:   34359738367 kB
VmallocUsed:       38928 kB
VmallocChunk:          0 kB
Percpu:             8832 kB
AnonHugePages:    874496 kB
ShmemHugePages:        0 kB
ShmemPmdMapped:        0 kB
FileHugePages:         0 kB
FilePmdMapped:         0 kB
HugePages_Total:       0
HugePages_Free:        0
HugePages_Rsvd:        0
HugePages_Surp:        0
Hugepagesize:       2048 kB
Hugetlb:               0 kB
DirectMap4k:       80896 kB
DirectMap2M:     5867520 kB
DirectMap1G:    10485760 kB

Current date and time: Sun May 14 04:44:08 UTC 2023
Current memory usage:
MemTotal:        7797868 kB
MemFree:         2412556 kB
MemAvailable:    5404916 kB
Buffers:           48704 kB
Cached:          3060268 kB
SwapCached:          556 kB
Active:           637916 kB
Inactive:        4140088 kB
Active(anon):      19844 kB
Inactive(anon):  1653716 kB
Active(file):     618072 kB
Inactive(file):  2486372 kB
Unevictable:           0 kB
Mlocked:               0 kB
SwapTotal:       2097152 kB
SwapFree:        2088644 kB
Dirty:                 0 kB
Writeback:             0 kB
AnonPages:       1521560 kB
Mapped:           352496 kB
Shmem:              4720 kB
KReclaimable:     187380 kB
Slab:             283384 kB
SReclaimable:     187380 kB
SUnreclaim:        96004 kB
KernelStack:       16960 kB
PageTables:        13524 kB
NFS_Unstable:          0 kB
Bounce:                0 kB
WritebackTmp:          0 kB
CommitLimit:     5996084 kB
Committed_AS:    5737192 kB
VmallocTotal:   34359738367 kB
VmallocUsed:       39040 kB
VmallocChunk:          0 kB
Percpu:             8832 kB
AnonHugePages:    880640 kB
ShmemHugePages:        0 kB
ShmemPmdMapped:        0 kB
FileHugePages:         0 kB
FilePmdMapped:         0 kB
HugePages_Total:       0
HugePages_Free:        0
HugePages_Rsvd:        0
HugePages_Surp:        0
Hugepagesize:       2048 kB
Hugetlb:               0 kB
DirectMap4k:       80896 kB
DirectMap2M:     5867520 kB
DirectMap1G:    10485760 kB

Current date and time: Sun May 14 04:45:08 UTC 2023
Current memory usage:
MemTotal:        7797868 kB
MemFree:         2428432 kB
MemAvailable:    5420964 kB
Buffers:           48888 kB
Cached:          3060276 kB
SwapCached:          556 kB
Active:           638048 kB
Inactive:        4130044 kB
Active(anon):      19792 kB
Inactive(anon):  1643668 kB
Active(file):     618256 kB
Inactive(file):  2486376 kB
Unevictable:           0 kB
Mlocked:               0 kB
SwapTotal:       2097152 kB
SwapFree:        2088644 kB
Dirty:                 0 kB
Writeback:             0 kB
AnonPages:       1513552 kB
Mapped:           352724 kB
Shmem:              4724 kB
KReclaimable:     187364 kB
Slab:             283348 kB
SReclaimable:     187364 kB
SUnreclaim:        95984 kB
KernelStack:       16996 kB
PageTables:        13576 kB
NFS_Unstable:          0 kB
Bounce:                0 kB
WritebackTmp:          0 kB
CommitLimit:     5996084 kB
Committed_AS:    5732572 kB
VmallocTotal:   34359738367 kB
VmallocUsed:       38976 kB
VmallocChunk:          0 kB
Percpu:             8832 kB
AnonHugePages:    876544 kB
ShmemHugePages:        0 kB
ShmemPmdMapped:        0 kB
FileHugePages:         0 kB
FilePmdMapped:         0 kB
HugePages_Total:       0
HugePages_Free:        0
HugePages_Rsvd:        0
HugePages_Surp:        0
Hugepagesize:       2048 kB
Hugetlb:               0 kB
DirectMap4k:       80896 kB
DirectMap2M:     5867520 kB
DirectMap1G:    10485760 kB

Current date and time: Sun May 14 04:46:08 UTC 2023
Current memory usage:
MemTotal:        7797868 kB
MemFree:         2429800 kB
MemAvailable:    5422392 kB
Buffers:           48928 kB
Cached:          3060284 kB
SwapCached:          556 kB
Active:           638152 kB
Inactive:        4129384 kB
Active(anon):      19792 kB
Inactive(anon):  1643068 kB
Active(file):     618360 kB
Inactive(file):  2486316 kB
Unevictable:           0 kB
Mlocked:               0 kB
SwapTotal:       2097152 kB
SwapFree:        2088644 kB
Dirty:                 0 kB
Writeback:             0 kB
AnonPages:       1512652 kB
Mapped:           352724 kB
Shmem:              4728 kB
KReclaimable:     187380 kB
Slab:             283324 kB
SReclaimable:     187380 kB
SUnreclaim:        95944 kB
KernelStack:       16848 kB
PageTables:        13576 kB
NFS_Unstable:          0 kB
Bounce:                0 kB
WritebackTmp:          0 kB
CommitLimit:     5996084 kB
Committed_AS:    5732576 kB
VmallocTotal:   34359738367 kB
VmallocUsed:       38864 kB
VmallocChunk:          0 kB
Percpu:             8832 kB
AnonHugePages:    874496 kB
ShmemHugePages:        0 kB
ShmemPmdMapped:        0 kB
FileHugePages:         0 kB
FilePmdMapped:         0 kB
HugePages_Total:       0
HugePages_Free:        0
HugePages_Rsvd:        0
HugePages_Surp:        0
Hugepagesize:       2048 kB
Hugetlb:               0 kB
DirectMap4k:       80896 kB
DirectMap2M:     5867520 kB
DirectMap1G:    10485760 kB

Current date and time: Sun May 14 04:47:08 UTC 2023
Current memory usage:
MemTotal:        7797868 kB
MemFree:         2429092 kB
MemAvailable:    5421760 kB
Buffers:           48968 kB
Cached:          3060292 kB
SwapCached:          556 kB
Active:           638196 kB
Inactive:        4129024 kB
Active(anon):      19796 kB
Inactive(anon):  1642704 kB
Active(file):     618400 kB
Inactive(file):  2486320 kB
Unevictable:           0 kB
Mlocked:               0 kB
SwapTotal:       2097152 kB
SwapFree:        2088644 kB
Dirty:                 0 kB
Writeback:             0 kB
AnonPages:       1512452 kB
Mapped:           352428 kB
Shmem:              4732 kB
KReclaimable:     187412 kB
Slab:             283492 kB
SReclaimable:     187412 kB
SUnreclaim:        96080 kB
KernelStack:       16880 kB
PageTables:        13780 kB
NFS_Unstable:          0 kB
Bounce:                0 kB
WritebackTmp:          0 kB
CommitLimit:     5996084 kB
Committed_AS:    5732580 kB
VmallocTotal:   34359738367 kB
VmallocUsed:       38880 kB
VmallocChunk:          0 kB
Percpu:             8832 kB
AnonHugePages:    874496 kB
ShmemHugePages:        0 kB
ShmemPmdMapped:        0 kB
FileHugePages:         0 kB
FilePmdMapped:         0 kB
HugePages_Total:       0
HugePages_Free:        0
HugePages_Rsvd:        0
HugePages_Surp:        0
Hugepagesize:       2048 kB
Hugetlb:               0 kB
DirectMap4k:       80896 kB
DirectMap2M:     5867520 kB
DirectMap1G:    10485760 kB

Current date and time: Sun May 14 04:48:08 UTC 2023
Current memory usage:
MemTotal:        7797868 kB
MemFree:         2424848 kB
MemAvailable:    5417476 kB
Buffers:           48976 kB
Cached:          3060296 kB
SwapCached:          556 kB
Active:           638208 kB
Inactive:        4128944 kB
