
Current date and time: Sat May 13 04:40:08 UTC 2023
Current memory usage:
MemTotal:        7797868 kB
MemFree:         2953500 kB
MemAvailable:    5892288 kB
Buffers:           37832 kB
Cached:          3017884 kB
SwapCached:          800 kB
Active:           519272 kB
Inactive:        3730576 kB
Active(anon):      19276 kB
Inactive(anon):  1179328 kB
Active(file):     499996 kB
Inactive(file):  2551248 kB
Unevictable:           0 kB
Mlocked:               0 kB
SwapTotal:       2097152 kB
SwapFree:        2088644 kB
Dirty:                 0 kB
Writeback:             0 kB
AnonPages:       1074240 kB
Mapped:           309752 kB
Shmem:              4460 kB
KReclaimable:     187008 kB
Slab:             280336 kB
SReclaimable:     187008 kB
SUnreclaim:        93328 kB
KernelStack:       15808 kB
PageTables:        11716 kB
NFS_Unstable:          0 kB
Bounce:                0 kB
WritebackTmp:          0 kB
CommitLimit:     5996084 kB
Committed_AS:    4910460 kB
VmallocTotal:   34359738367 kB
VmallocUsed:       37756 kB
VmallocChunk:          0 kB
Percpu:             8000 kB
AnonHugePages:    657408 kB
ShmemHugePages:        0 kB
ShmemPmdMapped:        0 kB
FileHugePages:         0 kB
FilePmdMapped:         0 kB
HugePages_Total:       0
HugePages_Free:        0
HugePages_Rsvd:        0
HugePages_Surp:        0
Hugepagesize:       2048 kB
Hugetlb:               0 kB
DirectMap4k:       54272 kB
DirectMap2M:     5894144 kB
DirectMap1G:    10485760 kB

Current date and time: Sat May 13 04:41:07 UTC 2023
Current memory usage:
MemTotal:        7797868 kB
MemFree:         2469832 kB
MemAvailable:    5458672 kB
Buffers:           38820 kB
Cached:          3066260 kB
SwapCached:          800 kB
Active:           582064 kB
Inactive:        4135324 kB
Active(anon):      19380 kB
Inactive(anon):  1597544 kB
Active(file):     562684 kB
Inactive(file):  2537780 kB
Unevictable:           0 kB
Mlocked:               0 kB
SwapTotal:       2097152 kB
SwapFree:        2088644 kB
Dirty:                24 kB
Writeback:             0 kB
AnonPages:       1486108 kB
Mapped:           351476 kB
Shmem:              4620 kB
KReclaimable:     187840 kB
Slab:             283368 kB
SReclaimable:     187840 kB
SUnreclaim:        95528 kB
KernelStack:       16928 kB
PageTables:        13300 kB
NFS_Unstable:          0 kB
Bounce:                0 kB
WritebackTmp:          0 kB
CommitLimit:     5996084 kB
Committed_AS:    5726224 kB
VmallocTotal:   34359738367 kB
VmallocUsed:       38896 kB
VmallocChunk:          0 kB
Percpu:             8576 kB
AnonHugePages:    872448 kB
ShmemHugePages:        0 kB
ShmemPmdMapped:        0 kB
FileHugePages:         0 kB
FilePmdMapped:         0 kB
HugePages_Total:       0
HugePages_Free:        0
HugePages_Rsvd:        0
HugePages_Surp:        0
Hugepagesize:       2048 kB
Hugetlb:               0 kB
DirectMap4k:       70656 kB
DirectMap2M:     6926336 kB
DirectMap1G:     9437184 kB

Current date and time: Sat May 13 04:42:08 UTC 2023
Current memory usage:
MemTotal:        7797868 kB
MemFree:         2446656 kB
MemAvailable:    5435904 kB
Buffers:           39032 kB
Cached:          3066488 kB
SwapCached:          800 kB
Active:           583292 kB
Inactive:        4160112 kB
Active(anon):      19756 kB
Inactive(anon):  1622748 kB
Active(file):     563536 kB
Inactive(file):  2537364 kB
Unevictable:           0 kB
Mlocked:               0 kB
SwapTotal:       2097152 kB
SwapFree:        2088644 kB
Dirty:                 0 kB
Writeback:             0 kB
AnonPages:       1507028 kB
Mapped:           352128 kB
Shmem:              4624 kB
KReclaimable:     187812 kB
Slab:             283696 kB
SReclaimable:     187812 kB
SUnreclaim:        95884 kB
KernelStack:       16944 kB
PageTables:        13452 kB
NFS_Unstable:          0 kB
Bounce:                0 kB
WritebackTmp:          0 kB
CommitLimit:     5996084 kB
Committed_AS:    5750536 kB
VmallocTotal:   34359738367 kB
VmallocUsed:       38960 kB
VmallocChunk:          0 kB
Percpu:             8576 kB
AnonHugePages:    868352 kB
ShmemHugePages:        0 kB
ShmemPmdMapped:        0 kB
FileHugePages:         0 kB
FilePmdMapped:         0 kB
HugePages_Total:       0
HugePages_Free:        0
HugePages_Rsvd:        0
HugePages_Surp:        0
Hugepagesize:       2048 kB
Hugetlb:               0 kB
DirectMap4k:       70656 kB
DirectMap2M:     6926336 kB
DirectMap1G:     9437184 kB

Current date and time: Sat May 13 04:43:08 UTC 2023
Current memory usage:
MemTotal:        7797868 kB
MemFree:         2450268 kB
MemAvailable:    5439596 kB
Buffers:           39080 kB
Cached:          3066492 kB
SwapCached:          800 kB
Active:           583500 kB
Inactive:        4159524 kB
Active(anon):      19760 kB
Inactive(anon):  1622316 kB
Active(file):     563740 kB
Inactive(file):  2537208 kB
Unevictable:           0 kB
Mlocked:               0 kB
SwapTotal:       2097152 kB
SwapFree:        2088644 kB
Dirty:                 0 kB
Writeback:             0 kB
AnonPages:       1506224 kB
Mapped:           351596 kB
Shmem:              4628 kB
KReclaimable:     187844 kB
Slab:             283828 kB
SReclaimable:     187844 kB
SUnreclaim:        95984 kB
KernelStack:       16976 kB
PageTables:        13736 kB
NFS_Unstable:          0 kB
Bounce:                0 kB
WritebackTmp:          0 kB
CommitLimit:     5996084 kB
Committed_AS:    5750540 kB
VmallocTotal:   34359738367 kB
VmallocUsed:       38944 kB
VmallocChunk:          0 kB
Percpu:             8576 kB
AnonHugePages:    868352 kB
ShmemHugePages:        0 kB
ShmemPmdMapped:        0 kB
FileHugePages:         0 kB
FilePmdMapped:         0 kB
HugePages_Total:       0
HugePages_Free:        0
HugePages_Rsvd:        0
HugePages_Surp:        0
Hugepagesize:       2048 kB
Hugetlb:               0 kB
DirectMap4k:       70656 kB
DirectMap2M:     6926336 kB
DirectMap1G:     9437184 kB

Current date and time: Sat May 13 04:44:07 UTC 2023
Current memory usage:
MemTotal:        7797868 kB
MemFree:         2450868 kB
MemAvailable:    5440300 kB
Buffers:           39176 kB
Cached:          3066496 kB
SwapCached:          800 kB
Active:           583648 kB
Inactive:        4155240 kB
Active(anon):      19768 kB
Inactive(anon):  1618084 kB
Active(file):     563880 kB
Inactive(file):  2537156 kB
Unevictable:           0 kB
Mlocked:               0 kB
SwapTotal:       2097152 kB
SwapFree:        2088644 kB
Dirty:                 4 kB
Writeback:             0 kB
AnonPages:       1500944 kB
Mapped:           352116 kB
Shmem:              4632 kB
KReclaimable:     187860 kB
Slab:             283824 kB
SReclaimable:     187860 kB
SUnreclaim:        95964 kB
KernelStack:       16944 kB
PageTables:        13460 kB
NFS_Unstable:          0 kB
Bounce:                0 kB
WritebackTmp:          0 kB
CommitLimit:     5996084 kB
Committed_AS:    5750608 kB
VmallocTotal:   34359738367 kB
VmallocUsed:       39008 kB
VmallocChunk:          0 kB
Percpu:             8576 kB
AnonHugePages:    866304 kB
ShmemHugePages:        0 kB
ShmemPmdMapped:        0 kB
FileHugePages:         0 kB
FilePmdMapped:         0 kB
HugePages_Total:       0
HugePages_Free:        0
HugePages_Rsvd:        0
HugePages_Surp:        0
Hugepagesize:       2048 kB
Hugetlb:               0 kB
DirectMap4k:       70656 kB
DirectMap2M:     6926336 kB
DirectMap1G:     9437184 kB

Current date and time: Sat May 13 04:45:07 UTC 2023
Current memory usage:
MemTotal:        7797868 kB
MemFree:         2452324 kB
MemAvailable:    5441796 kB
Buffers:           39216 kB
Cached:          3066508 kB
SwapCached:          800 kB
Active:           585092 kB
Inactive:        4154084 kB
Active(anon):      19772 kB
Inactive(anon):  1618312 kB
Active(file):     565320 kB
Inactive(file):  2535772 kB
Unevictable:           0 kB
Mlocked:               0 kB
SwapTotal:       2097152 kB
SwapFree:        2088644 kB
Dirty:                 0 kB
Writeback:             0 kB
AnonPages:       1499820 kB
Mapped:           351696 kB
Shmem:              4636 kB
KReclaimable:     187844 kB
Slab:             283712 kB
SReclaimable:     187844 kB
SUnreclaim:        95868 kB
KernelStack:       16800 kB
PageTables:        13376 kB
NFS_Unstable:          0 kB
Bounce:                0 kB
WritebackTmp:          0 kB
CommitLimit:     5996084 kB
Committed_AS:    5750612 kB
VmallocTotal:   34359738367 kB
VmallocUsed:       38848 kB
VmallocChunk:          0 kB
Percpu:             8576 kB
AnonHugePages:    864256 kB
ShmemHugePages:        0 kB
ShmemPmdMapped:        0 kB
FileHugePages:         0 kB
FilePmdMapped:         0 kB
HugePages_Total:       0
HugePages_Free:        0
HugePages_Rsvd:        0
HugePages_Surp:        0
Hugepagesize:       2048 kB
Hugetlb:               0 kB
DirectMap4k:       70656 kB
DirectMap2M:     6926336 kB
DirectMap1G:     9437184 kB

Current date and time: Sat May 13 04:46:08 UTC 2023
Current memory usage:
MemTotal:        7797868 kB
MemFree:         2450980 kB
MemAvailable:    5440472 kB
Buffers:           39232 kB
Cached:          3066516 kB
SwapCached:          800 kB
Active:           585116 kB
Inactive:        4154452 kB
Active(anon):      19776 kB
Inactive(anon):  1618680 kB
Active(file):     565340 kB
Inactive(file):  2535772 kB
Unevictable:           0 kB
Mlocked:               0 kB
SwapTotal:       2097152 kB
SwapFree:        2088644 kB
Dirty:                 0 kB
Writeback:             0 kB
AnonPages:       1499792 kB
Mapped:           351420 kB
Shmem:              4640 kB
KReclaimable:     187844 kB
Slab:             283800 kB
SReclaimable:     187844 kB
SUnreclaim:        95956 kB
KernelStack:       16784 kB
PageTables:        13460 kB
NFS_Unstable:          0 kB
Bounce:                0 kB
WritebackTmp:          0 kB
CommitLimit:     5996084 kB
Committed_AS:    5750616 kB
VmallocTotal:   34359738367 kB
VmallocUsed:       38768 kB
VmallocChunk:          0 kB
Percpu:             8576 kB
AnonHugePages:    864256 kB
ShmemHugePages:        0 kB
ShmemPmdMapped:        0 kB
FileHugePages:         0 kB
FilePmdMapped:         0 kB
HugePages_Total:       0
HugePages_Free:        0
HugePages_Rsvd:        0
HugePages_Surp:        0
Hugepagesize:       2048 kB
Hugetlb:               0 kB
DirectMap4k:       70656 kB
DirectMap2M:     6926336 kB
DirectMap1G:     9437184 kB

Current date and time: Sat May 13 04:47:08 UTC 2023
Current memory usage:
MemTotal:        7797868 kB
MemFree:         2453000 kB
MemAvailable:    5443528 kB
Buffers:           39528 kB
Cached:          3067244 kB
SwapCached:          800 kB
Active:           585552 kB
Inactive:        4160968 kB
Active(anon):      19836 kB
Inactive(anon):  1624552 kB
Active(file):     565716 kB
Inactive(file):  2536416 kB
Unevictable:           0 kB
Mlocked:               0 kB
SwapTotal:       2097152 kB
SwapFree:        2088644 kB
Dirty:                 0 kB
Writeback:             0 kB
AnonPages:       1502984 kB
Mapped:           352592 kB
Shmem:              4644 kB
KReclaimable:     187860 kB
Slab:             283832 kB
SReclaimable:     187860 kB
SUnreclaim:        95972 kB
KernelStack:       16800 kB
PageTables:        13472 kB
NFS_Unstable:          0 kB
Bounce:                0 kB
WritebackTmp:          0 kB
CommitLimit:     5996084 kB
Committed_AS:    5759640 kB
VmallocTotal:   34359738367 kB
VmallocUsed:       38848 kB
VmallocChunk:          0 kB
Percpu:             8576 kB
AnonHugePages:    866304 kB
ShmemHugePages:        0 kB
ShmemPmdMapped:        0 kB
FileHugePages:         0 kB
FilePmdMapped:         0 kB
HugePages_Total:       0
HugePages_Free:        0
HugePages_Rsvd:        0
HugePages_Surp:        0
Hugepagesize:       2048 kB
Hugetlb:               0 kB
DirectMap4k:       70656 kB
DirectMap2M:     6926336 kB
DirectMap1G:     9437184 kB

Current date and time: Sat May 13 04:48:07 UTC 2023
Current memory usage:
MemTotal:        7797868 kB
MemFree:         2448676 kB
MemAvailable:    5439180 kB
Buffers:           39536 kB
Cached:          3067248 kB
SwapCached:          800 kB
Active:           585620 kB
Inactive:        4161048 kB
Active(anon):      19840 kB
Inactive(anon):  1624688 kB
Active(file):     565780 kB
Inactive(file):  2536360 kB
Unevictable:           0 kB
Mlocked:               0 kB
SwapTotal:       2097152 kB
SwapFree:        2088644 kB
Dirty:                 0 kB
Writeback:             0 kB
AnonPages:       1502980 kB
Mapped:           352552 kB
Shmem:              4648 kB
KReclaimable:     187828 kB
Slab:             283724 kB
SReclaimable:     187828 kB
SUnreclaim:        95896 kB
KernelStack:       16768 kB
PageTables:        13596 kB
NFS_Unstable:          0 kB
Bounce:                0 kB
WritebackTmp:          0 kB
CommitLimit:     5996084 kB
Committed_AS:    5759644 kB
VmallocTotal:   34359738367 kB
VmallocUsed:       38848 kB
VmallocChunk:          0 kB
Percpu:             8576 kB
AnonHugePages:    866304 kB
ShmemHugePages:        0 kB
ShmemPmdMapped:        0 kB
FileHugePages:         0 kB
FilePmdMapped:         0 kB
HugePages_Total:       0
HugePages_Free:        0
HugePages_Rsvd:        0
HugePages_Surp:        0
Hugepagesize:       2048 kB
Hugetlb:               0 kB
DirectMap4k:       70656 kB
DirectMap2M:     6926336 kB
DirectMap1G:     9437184 kB

Current date and time: Sat May 13 04:49:08 UTC 2023
Current memory usage:
MemTotal:        7797868 kB
MemFree:         2439996 kB
MemAvailable:    5430540 kB
Buffers:           39576 kB
Cached:          3067252 kB
SwapCached:          800 kB
Active:           585708 kB
Inactive:        4161056 kB
Active(anon):      19844 kB
Inactive(anon):  1624740 kB
Active(file):     565864 kB
Inactive(file):  2536316 kB
Unevictable:           0 kB
Mlocked:               0 kB
SwapTotal:       2097152 kB
SwapFree:        2088644 kB
Dirty:                 0 kB
Writeback:             0 kB
AnonPages:       1503036 kB
Mapped:           352836 kB
Shmem:              4652 kB
KReclaimable:     187828 kB
Slab:             283756 kB
SReclaimable:     187828 kB
SUnreclaim:        95928 kB
KernelStack:       16784 kB
PageTables:        13340 kB
NFS_Unstable:          0 kB
Bounce:                0 kB
WritebackTmp:          0 kB
CommitLimit:     5996084 kB
Committed_AS:    5759648 kB
VmallocTotal:   34359738367 kB
VmallocUsed:       38784 kB
VmallocChunk:          0 kB
Percpu:             8576 kB
AnonHugePages:    866304 kB
ShmemHugePages:        0 kB
ShmemPmdMapped:        0 kB
FileHugePages:         0 kB
FilePmdMapped:         0 kB
HugePages_Total:       0
HugePages_Free:        0
HugePages_Rsvd:        0
HugePages_Surp:        0
Hugepagesize:       2048 kB
Hugetlb:               0 kB
DirectMap4k:       70656 kB
DirectMap2M:     6926336 kB
DirectMap1G:     9437184 kB

Current date and time: Sat May 13 04:50:08 UTC 2023
Current memory usage:
MemTotal:        7797868 kB
MemFree:         2438852 kB
MemAvailable:    5429436 kB
Buffers:           39584 kB
Cached:          3067256 kB
SwapCached:          800 kB
Active:           585856 kB
Inactive:        4167824 kB
Active(anon):      19848 kB
Inactive(anon):  1631644 kB
Active(file):     566008 kB
Inactive(file):  2536180 kB
Unevictable:           0 kB
Mlocked:               0 kB
SwapTotal:       2097152 kB
SwapFree:        2088644 kB
Dirty:                 0 kB
Writeback:             0 kB
AnonPages:       1509740 kB
Mapped:           352824 kB
Shmem:              4656 kB
KReclaimable:     187860 kB
Slab:             283920 kB
SReclaimable:     187860 kB
SUnreclaim:        96060 kB
KernelStack:       16832 kB
PageTables:        13564 kB
NFS_Unstable:          0 kB
Bounce:                0 kB
WritebackTmp:          0 kB
CommitLimit:     5996084 kB
Committed_AS:    5759648 kB
VmallocTotal:   34359738367 kB
VmallocUsed:       38848 kB
VmallocChunk:          0 kB
Percpu:             8576 kB
AnonHugePages:    874496 kB
ShmemHugePages:        0 kB
ShmemPmdMapped:        0 kB
FileHugePages:         0 kB
FilePmdMapped:         0 kB
HugePages_Total:       0
HugePages_Free:        0
HugePages_Rsvd:        0
HugePages_Surp:        0
Hugepagesize:       2048 kB
Hugetlb:               0 kB
DirectMap4k:       70656 kB
DirectMap2M:     6926336 kB
DirectMap1G:     9437184 kB

Current date and time: Sat May 13 04:51:08 UTC 2023
Current memory usage:
MemTotal:        7797868 kB
MemFree:         2432324 kB
MemAvailable:    5422900 kB
Buffers:           39592 kB
Cached:          3067260 kB
SwapCached:          800 kB
Active:           585928 kB
Inactive:        4175080 kB
Active(anon):      19852 kB
Inactive(anon):  1638960 kB
Active(file):     566076 kB
Inactive(file):  2536120 kB
Unevictable:           0 kB
Mlocked:               0 kB
SwapTotal:       2097152 kB
SwapFree:        2088644 kB
Dirty:                 0 kB
Writeback:             0 kB
AnonPages:       1521600 kB
Mapped:           352688 kB
Shmem:              4660 kB
KReclaimable:     187844 kB
Slab:             283728 kB
SReclaimable:     187844 kB
SUnreclaim:        95884 kB
KernelStack:       16784 kB
PageTables:        13592 kB
NFS_Unstable:          0 kB
Bounce:                0 kB
WritebackTmp:          0 kB
CommitLimit:     5996084 kB
Committed_AS:    5759656 kB
VmallocTotal:   34359738367 kB
VmallocUsed:       38816 kB
VmallocChunk:          0 kB
Percpu:             8576 kB
AnonHugePages:    888832 kB
ShmemHugePages:        0 kB
ShmemPmdMapped:        0 kB
FileHugePages:         0 kB
FilePmdMapped:         0 kB
HugePages_Total:       0
HugePages_Free:        0
HugePages_Rsvd:        0
HugePages_Surp:        0
Hugepagesize:       2048 kB
Hugetlb:               0 kB
DirectMap4k:       70656 kB
DirectMap2M:     6926336 kB
DirectMap1G:     9437184 kB

Current date and time: Sat May 13 04:52:08 UTC 2023
Current memory usage:
MemTotal:        7797868 kB
MemFree:         2423880 kB
MemAvailable:    5414480 kB
Buffers:           39600 kB
Cached:          3067264 kB
SwapCached:          800 kB
Active:           585952 kB
Inactive:        4184260 kB
Active(anon):      19856 kB
Inactive(anon):  1648152 kB
Active(file):     566096 kB
Inactive(file):  2536108 kB
Unevictable:           0 kB
Mlocked:               0 kB
SwapTotal:       2097152 kB
SwapFree:        2088644 kB
Dirty:                 0 kB
Writeback:             0 kB
AnonPages:       1533520 kB
Mapped:           352444 kB
Shmem:              4664 kB
KReclaimable:     187860 kB
Slab:             283836 kB
SReclaimable:     187860 kB
SUnreclaim:        95976 kB
KernelStack:       16800 kB
PageTables:        13472 kB
NFS_Unstable:          0 kB
Bounce:                0 kB
WritebackTmp:          0 kB
CommitLimit:     5996084 kB
Committed_AS:    5759660 kB
VmallocTotal:   34359738367 kB
VmallocUsed:       38816 kB
VmallocChunk:          0 kB
Percpu:             8576 kB
AnonHugePages:    911360 kB
ShmemHugePages:        0 kB
ShmemPmdMapped:        0 kB
FileHugePages:         0 kB
FilePmdMapped:         0 kB
HugePages_Total:       0
HugePages_Free:        0
HugePages_Rsvd:        0
HugePages_Surp:        0
Hugepagesize:       2048 kB
Hugetlb:               0 kB
DirectMap4k:       70656 kB
DirectMap2M:     6926336 kB
DirectMap1G:     9437184 kB

Current date and time: Sat May 13 04:53:07 UTC 2023
Current memory usage:
MemTotal:        7797868 kB
MemFree:         2430620 kB
MemAvailable:    5421196 kB
Buffers:           39608 kB
Cached:          3067268 kB
SwapCached:          800 kB
Active:           585984 kB
Inactive:        4178824 kB
Active(anon):      19860 kB
Inactive(anon):  1642736 kB
Active(file):     566124 kB
Inactive(file):  2536088 kB
Unevictable:           0 kB
Mlocked:               0 kB
SwapTotal:       2097152 kB
SwapFree:        2088644 kB
Dirty:                 0 kB
Writeback:             0 kB
AnonPages:       1532880 kB
Mapped:           352836 kB
Shmem:              4668 kB
KReclaimable:     187828 kB
Slab:             283800 kB
SReclaimable:     187828 kB
SUnreclaim:        95972 kB
KernelStack:       16816 kB
PageTables:        13480 kB
NFS_Unstable:          0 kB
Bounce:                0 kB
WritebackTmp:          0 kB
CommitLimit:     5996084 kB
Committed_AS:    5759664 kB
VmallocTotal:   34359738367 kB
VmallocUsed:       38832 kB
VmallocChunk:          0 kB
Percpu:             8576 kB
AnonHugePages:    960512 kB
ShmemHugePages:        0 kB
ShmemPmdMapped:        0 kB
FileHugePages:         0 kB
FilePmdMapped:         0 kB
HugePages_Total:       0
HugePages_Free:        0
HugePages_Rsvd:        0
HugePages_Surp:        0
Hugepagesize:       2048 kB
Hugetlb:               0 kB
DirectMap4k:       70656 kB
DirectMap2M:     6926336 kB
DirectMap1G:     9437184 kB

Current date and time: Sat May 13 04:54:08 UTC 2023
Current memory usage:
MemTotal:        7797868 kB
MemFree:         2427168 kB
MemAvailable:    5417852 kB
Buffers:           39712 kB
Cached:          3067276 kB
SwapCached:          800 kB
Active:           586276 kB
Inactive:        4180248 kB
Active(anon):      19992 kB
Inactive(anon):  1644212 kB
Active(file):     566284 kB
Inactive(file):  2536036 kB
Unevictable:           0 kB
Mlocked:               0 kB
SwapTotal:       2097152 kB
SwapFree:        2088644 kB
Dirty:                 0 kB
Writeback:             0 kB
AnonPages:       1534216 kB
Mapped:           352752 kB
Shmem:              4672 kB
KReclaimable:     187828 kB
Slab:             283824 kB
SReclaimable:     187828 kB
SUnreclaim:        95996 kB
KernelStack:       16832 kB
PageTables:        13476 kB
NFS_Unstable:          0 kB
Bounce:                0 kB
WritebackTmp:          0 kB
CommitLimit:     5996084 kB
Committed_AS:    5759668 kB
VmallocTotal:   34359738367 kB
VmallocUsed:       38864 kB
VmallocChunk:          0 kB
Percpu:             8576 kB
AnonHugePages:    962560 kB
ShmemHugePages:        0 kB
ShmemPmdMapped:        0 kB
FileHugePages:         0 kB
FilePmdMapped:         0 kB
HugePages_Total:       0
HugePages_Free:        0
HugePages_Rsvd:        0
HugePages_Surp:        0
Hugepagesize:       2048 kB
Hugetlb:               0 kB
DirectMap4k:       70656 kB
DirectMap2M:     6926336 kB
DirectMap1G:     9437184 kB

Current date and time: Sat May 13 04:55:08 UTC 2023
Current memory usage:
MemTotal:        7797868 kB
MemFree:         2424944 kB
MemAvailable:    5415736 kB
Buffers:           39800 kB
Cached:          3067284 kB
SwapCached:          800 kB
Active:           586380 kB
Inactive:        4182340 kB
Active(anon):      19996 kB
Inactive(anon):  1646312 kB
Active(file):     566384 kB
Inactive(file):  2536028 kB
Unevictable:           0 kB
Mlocked:               0 kB
SwapTotal:       2097152 kB
SwapFree:        2088644 kB
Dirty:                 0 kB
Writeback:             0 kB
AnonPages:       1536260 kB
Mapped:           352764 kB
Shmem:              4676 kB
KReclaimable:     187844 kB
Slab:             283840 kB
SReclaimable:     187844 kB
SUnreclaim:        95996 kB
KernelStack:       16848 kB
PageTables:        13888 kB
NFS_Unstable:          0 kB
Bounce:                0 kB
WritebackTmp:          0 kB
CommitLimit:     5996084 kB
Committed_AS:    5759672 kB
VmallocTotal:   34359738367 kB
VmallocUsed:       38880 kB
VmallocChunk:          0 kB
Percpu:             8576 kB
AnonHugePages:    966656 kB
ShmemHugePages:        0 kB
ShmemPmdMapped:        0 kB
FileHugePages:         0 kB
FilePmdMapped:         0 kB
HugePages_Total:       0
HugePages_Free:        0
HugePages_Rsvd:        0
HugePages_Surp:        0
Hugepagesize:       2048 kB
Hugetlb:               0 kB
DirectMap4k:       70656 kB
DirectMap2M:     6926336 kB
DirectMap1G:     9437184 kB

Current date and time: Sat May 13 04:56:08 UTC 2023
Current memory usage:
MemTotal:        7797868 kB
MemFree:         2422344 kB
MemAvailable:    5413144 kB
Buffers:           39808 kB
Cached:          3067288 kB
SwapCached:          800 kB
Active:           586392 kB
Inactive:        4182020 kB
Active(anon):      20000 kB
Inactive(anon):  1645992 kB
Active(file):     566392 kB
Inactive(file):  2536028 kB
Unevictable:           0 kB
Mlocked:               0 kB
SwapTotal:       2097152 kB
SwapFree:        2088644 kB
Dirty:                 0 kB
Writeback:             0 kB
AnonPages:       1535792 kB
Mapped:           352876 kB
Shmem:              4680 kB
KReclaimable:     187844 kB
Slab:             283860 kB
SReclaimable:     187844 kB
SUnreclaim:        96016 kB
KernelStack:       16832 kB
PageTables:        13472 kB
NFS_Unstable:          0 kB
Bounce:                0 kB
WritebackTmp:          0 kB
CommitLimit:     5996084 kB
Committed_AS:    5759676 kB
VmallocTotal:   34359738367 kB
VmallocUsed:       38832 kB
VmallocChunk:          0 kB
Percpu:             8576 kB
AnonHugePages:    966656 kB
ShmemHugePages:        0 kB
ShmemPmdMapped:        0 kB
FileHugePages:         0 kB
FilePmdMapped:         0 kB
HugePages_Total:       0
HugePages_Free:        0
HugePages_Rsvd:        0
HugePages_Surp:        0
Hugepagesize:       2048 kB
Hugetlb:               0 kB
DirectMap4k:       70656 kB
DirectMap2M:     6926336 kB
DirectMap1G:     9437184 kB

Current date and time: Sat May 13 04:57:07 UTC 2023
Current memory usage:
MemTotal:        7797868 kB
MemFree:         2409100 kB
MemAvailable:    5399908 kB
Buffers:           39816 kB
Cached:          3067292 kB
SwapCached:          800 kB
Active:           586408 kB
Inactive:        4196476 kB
Active(anon):      20004 kB
Inactive(anon):  1660452 kB
Active(file):     566404 kB
Inactive(file):  2536024 kB
Unevictable:           0 kB
Mlocked:               0 kB
SwapTotal:       2097152 kB
SwapFree:        2088644 kB
Dirty:                 0 kB
Writeback:             0 kB
AnonPages:       1550040 kB
Mapped:           352824 kB
Shmem:              4684 kB
KReclaimable:     187844 kB
Slab:             283860 kB
SReclaimable:     187844 kB
SUnreclaim:        96016 kB
KernelStack:       16832 kB
PageTables:        13480 kB
NFS_Unstable:          0 kB
Bounce:                0 kB
WritebackTmp:          0 kB
CommitLimit:     5996084 kB
Committed_AS:    5759680 kB
VmallocTotal:   34359738367 kB
VmallocUsed:       38928 kB
VmallocChunk:          0 kB
Percpu:             8576 kB
AnonHugePages:   1015808 kB
ShmemHugePages:        0 kB
ShmemPmdMapped:        0 kB
FileHugePages:         0 kB
FilePmdMapped:         0 kB
HugePages_Total:       0
HugePages_Free:        0
HugePages_Rsvd:        0
HugePages_Surp:        0
Hugepagesize:       2048 kB
Hugetlb:               0 kB
DirectMap4k:       70656 kB
DirectMap2M:     6926336 kB
DirectMap1G:     9437184 kB

Current date and time: Sat May 13 04:58:08 UTC 2023
Current memory usage:
MemTotal:        7797868 kB
MemFree:         2407068 kB
MemAvailable:    5397916 kB
Buffers:           39824 kB
Cached:          3067296 kB
SwapCached:          800 kB
Active:           586432 kB
Inactive:        4199576 kB
Active(anon):      20008 kB
Inactive(anon):  1663564 kB
Active(file):     566424 kB
Inactive(file):  2536012 kB
Unevictable:           0 kB
Mlocked:               0 kB
SwapTotal:       2097152 kB
SwapFree:        2088644 kB
Dirty:                 0 kB
Writeback:             0 kB
AnonPages:       1553264 kB
Mapped:           352540 kB
Shmem:              4688 kB
KReclaimable:     187876 kB
Slab:             283896 kB
SReclaimable:     187876 kB
SUnreclaim:        96020 kB
KernelStack:       16832 kB
PageTables:        13484 kB
NFS_Unstable:          0 kB
Bounce:                0 kB
WritebackTmp:          0 kB
CommitLimit:     5996084 kB
Committed_AS:    5759684 kB
VmallocTotal:   34359738367 kB
VmallocUsed:       38832 kB
VmallocChunk:          0 kB
Percpu:             8576 kB
AnonHugePages:   1062912 kB
ShmemHugePages:        0 kB
ShmemPmdMapped:        0 kB
FileHugePages:         0 kB
FilePmdMapped:         0 kB
HugePages_Total:       0
HugePages_Free:        0
HugePages_Rsvd:        0
HugePages_Surp:        0
Hugepagesize:       2048 kB
Hugetlb:               0 kB
DirectMap4k:       70656 kB
DirectMap2M:     6926336 kB
DirectMap1G:     9437184 kB

Current date and time: Sat May 13 04:59:07 UTC 2023
Current memory usage:
MemTotal:        7797868 kB
MemFree:         2412672 kB
MemAvailable:    5403480 kB
Buffers:           39832 kB
Cached:          3067300 kB
SwapCached:          800 kB
Active:           586484 kB
Inactive:        4199624 kB
Active(anon):      20008 kB
Inactive(anon):  1663656 kB
Active(file):     566476 kB
Inactive(file):  2535968 kB
Unevictable:           0 kB
Mlocked:               0 kB
SwapTotal:       2097152 kB
SwapFree:        2088644 kB
Dirty:                 0 kB
Writeback:             0 kB
AnonPages:       1553332 kB
Mapped:           352696 kB
Shmem:              4692 kB
KReclaimable:     187828 kB
Slab:             283924 kB
SReclaimable:     187828 kB
SUnreclaim:        96096 kB
KernelStack:       16864 kB
PageTables:        13536 kB
NFS_Unstable:          0 kB
Bounce:                0 kB
WritebackTmp:          0 kB
CommitLimit:     5996084 kB
Committed_AS:    5759684 kB
VmallocTotal:   34359738367 kB
VmallocUsed:       38864 kB
VmallocChunk:          0 kB
Percpu:             8576 kB
AnonHugePages:   1081344 kB
ShmemHugePages:        0 kB
ShmemPmdMapped:        0 kB
FileHugePages:         0 kB
FilePmdMapped:         0 kB
HugePages_Total:       0
HugePages_Free:        0
HugePages_Rsvd:        0
HugePages_Surp:        0
Hugepagesize:       2048 kB
Hugetlb:               0 kB
DirectMap4k:       70656 kB
DirectMap2M:     6926336 kB
DirectMap1G:     9437184 kB

Current date and time: Sat May 13 05:00:07 UTC 2023
Current memory usage:
MemTotal:        7797868 kB
MemFree:         2417628 kB
MemAvailable:    5408476 kB
Buffers:           39840 kB
Cached:          3067304 kB
SwapCached:          800 kB
Active:           586088 kB
Inactive:        4189876 kB
Active(anon):      19592 kB
Inactive(anon):  1653920 kB
Active(file):     566496 kB
Inactive(file):  2535956 kB
Unevictable:           0 kB
Mlocked:               0 kB
SwapTotal:       2097152 kB
SwapFree:        2088644 kB
Dirty:                 0 kB
Writeback:             0 kB
AnonPages:       1552104 kB
Mapped:           352948 kB
Shmem:              4696 kB
KReclaimable:     187860 kB
Slab:             283872 kB
SReclaimable:     187860 kB
SUnreclaim:        96012 kB
KernelStack:       16832 kB
PageTables:        13472 kB
NFS_Unstable:          0 kB
Bounce:                0 kB
WritebackTmp:          0 kB
CommitLimit:     5996084 kB
Committed_AS:    5759692 kB
VmallocTotal:   34359738367 kB
VmallocUsed:       38912 kB
VmallocChunk:          0 kB
Percpu:             8576 kB
AnonHugePages:   1107968 kB
ShmemHugePages:        0 kB
ShmemPmdMapped:        0 kB
FileHugePages:         0 kB
FilePmdMapped:         0 kB
HugePages_Total:       0
HugePages_Free:        0
HugePages_Rsvd:        0
HugePages_Surp:        0
Hugepagesize:       2048 kB
Hugetlb:               0 kB
DirectMap4k:       70656 kB
DirectMap2M:     6926336 kB
DirectMap1G:     9437184 kB

Current date and time: Sat May 13 05:01:08 UTC 2023
Current memory usage:
MemTotal:        7797868 kB
MemFree:         2413504 kB
MemAvailable:    5404480 kB
Buffers:           39968 kB
Cached:          3067308 kB
SwapCached:          800 kB
Active:           586388 kB
Inactive:        4191952 kB
Active(anon):      19752 kB
Inactive(anon):  1656008 kB
Active(file):     566636 kB
Inactive(file):  2535944 kB
Unevictable:           0 kB
Mlocked:               0 kB
SwapTotal:       2097152 kB
SwapFree:        2088644 kB
Dirty:                 0 kB
Writeback:             0 kB
AnonPages:       1552344 kB
Mapped:           352940 kB
Shmem:              4700 kB
KReclaimable:     187860 kB
Slab:             283968 kB
SReclaimable:     187860 kB
SUnreclaim:        96108 kB
KernelStack:       16896 kB
PageTables:        13764 kB
NFS_Unstable:          0 kB
Bounce:                0 kB
WritebackTmp:          0 kB
CommitLimit:     5996084 kB
Committed_AS:    5759696 kB
VmallocTotal:   34359738367 kB
VmallocUsed:       38912 kB
VmallocChunk:          0 kB
Percpu:             8576 kB
AnonHugePages:   1105920 kB
ShmemHugePages:        0 kB
ShmemPmdMapped:        0 kB
FileHugePages:         0 kB
FilePmdMapped:         0 kB
HugePages_Total:       0
HugePages_Free:        0
HugePages_Rsvd:        0
HugePages_Surp:        0
Hugepagesize:       2048 kB
Hugetlb:               0 kB
DirectMap4k:       70656 kB
DirectMap2M:     6926336 kB
DirectMap1G:     9437184 kB

Current date and time: Sat May 13 05:02:08 UTC 2023
Current memory usage:
MemTotal:        7797868 kB
MemFree:         2411932 kB
MemAvailable:    5402928 kB
Buffers:           39984 kB
Cached:          3067316 kB
SwapCached:          800 kB
Active:           586404 kB
Inactive:        4191792 kB
Active(anon):      19752 kB
Inactive(anon):  1655844 kB
Active(file):     566652 kB
Inactive(file):  2535948 kB
Unevictable:           0 kB
Mlocked:               0 kB
SwapTotal:       2097152 kB
SwapFree:        2088644 kB
Dirty:                 0 kB
Writeback:             0 kB
AnonPages:       1552512 kB
Mapped:           352568 kB
Shmem:              4704 kB
KReclaimable:     187860 kB
Slab:             283960 kB
SReclaimable:     187860 kB
SUnreclaim:        96100 kB
KernelStack:       16896 kB
PageTables:        13748 kB
NFS_Unstable:          0 kB
Bounce:                0 kB
WritebackTmp:          0 kB
CommitLimit:     5996084 kB
Committed_AS:    5759700 kB
VmallocTotal:   34359738367 kB
VmallocUsed:       38944 kB
VmallocChunk:          0 kB
Percpu:             8576 kB
AnonHugePages:   1105920 kB
ShmemHugePages:        0 kB
ShmemPmdMapped:        0 kB
FileHugePages:         0 kB
FilePmdMapped:         0 kB
HugePages_Total:       0
HugePages_Free:        0
HugePages_Rsvd:        0
HugePages_Surp:        0
Hugepagesize:       2048 kB
Hugetlb:               0 kB
DirectMap4k:       70656 kB
DirectMap2M:     6926336 kB
DirectMap1G:     9437184 kB

Current date and time: Sat May 13 05:03:08 UTC 2023
Current memory usage:
MemTotal:        7797868 kB
MemFree:         2411264 kB
MemAvailable:    5402296 kB
Buffers:           40024 kB
Cached:          3067320 kB
SwapCached:          800 kB
Active:           586484 kB
Inactive:        4191672 kB
Active(anon):      19756 kB
Inactive(anon):  1655764 kB
Active(file):     566728 kB
Inactive(file):  2535908 kB
Unevictable:           0 kB
Mlocked:               0 kB
SwapTotal:       2097152 kB
SwapFree:        2088644 kB
Dirty:                 0 kB
Writeback:             0 kB
AnonPages:       1552304 kB
Mapped:           352656 kB
Shmem:              4708 kB
KReclaimable:     187860 kB
Slab:             283868 kB
SReclaimable:     187860 kB
SUnreclaim:        96008 kB
KernelStack:       16864 kB
PageTables:        13476 kB
NFS_Unstable:          0 kB
Bounce:                0 kB
WritebackTmp:          0 kB
CommitLimit:     5996084 kB
Committed_AS:    5759704 kB
VmallocTotal:   34359738367 kB
VmallocUsed:       38896 kB
VmallocChunk:          0 kB
Percpu:             8576 kB
AnonHugePages:   1105920 kB
ShmemHugePages:        0 kB
ShmemPmdMapped:        0 kB
FileHugePages:         0 kB
FilePmdMapped:         0 kB
HugePages_Total:       0
HugePages_Free:        0
HugePages_Rsvd:        0
HugePages_Surp:        0
Hugepagesize:       2048 kB
Hugetlb:               0 kB
DirectMap4k:       70656 kB
DirectMap2M:     6926336 kB
DirectMap1G:     9437184 kB

Current date and time: Sat May 13 05:04:08 UTC 2023
Current memory usage:
MemTotal:        7797868 kB
MemFree:         2416440 kB
MemAvailable:    5407468 kB
Buffers:           40032 kB
Cached:          3067320 kB
SwapCached:          800 kB
Active:           586504 kB
Inactive:        4191688 kB
Active(anon):      19760 kB
Inactive(anon):  1655784 kB
Active(file):     566744 kB
Inactive(file):  2535904 kB
Unevictable:           0 kB
Mlocked:               0 kB
SwapTotal:       2097152 kB
SwapFree:        2088644 kB
Dirty:                 0 kB
Writeback:             0 kB
AnonPages:       1552316 kB
Mapped:           352560 kB
Shmem:              4708 kB
KReclaimable:     187844 kB
Slab:             283848 kB
SReclaimable:     187844 kB
SUnreclaim:        96004 kB
KernelStack:       16848 kB
PageTables:        13472 kB
NFS_Unstable:          0 kB
Bounce:                0 kB
WritebackTmp:          0 kB
CommitLimit:     5996084 kB
Committed_AS:    5759704 kB
VmallocTotal:   34359738367 kB
VmallocUsed:       38896 kB
VmallocChunk:          0 kB
Percpu:             8576 kB
AnonHugePages:   1105920 kB
ShmemHugePages:        0 kB
ShmemPmdMapped:        0 kB
FileHugePages:         0 kB
FilePmdMapped:         0 kB
HugePages_Total:       0
HugePages_Free:        0
HugePages_Rsvd:        0
HugePages_Surp:        0
Hugepagesize:       2048 kB
Hugetlb:               0 kB
DirectMap4k:       70656 kB
DirectMap2M:     6926336 kB
DirectMap1G:     9437184 kB

Current date and time: Sat May 13 05:05:08 UTC 2023
Current memory usage:
MemTotal:        7797868 kB
MemFree:         2419464 kB
MemAvailable:    5410500 kB
Buffers:           40040 kB
Cached:          3067324 kB
SwapCached:          800 kB
Active:           586524 kB
Inactive:        4191284 kB
Active(anon):      19764 kB
Inactive(anon):  1655388 kB
Active(file):     566760 kB
Inactive(file):  2535896 kB
Unevictable:           0 kB
Mlocked:               0 kB
SwapTotal:       2097152 kB
SwapFree:        2088644 kB
Dirty:                 0 kB
Writeback:             0 kB
AnonPages:       1551932 kB
Mapped:           352668 kB
Shmem:              4712 kB
KReclaimable:     187844 kB
Slab:             283860 kB
SReclaimable:     187844 kB
SUnreclaim:        96016 kB
KernelStack:       16848 kB
PageTables:        13480 kB
NFS_Unstable:          0 kB
Bounce:                0 kB
WritebackTmp:          0 kB
CommitLimit:     5996084 kB
Committed_AS:    5759708 kB
VmallocTotal:   34359738367 kB
VmallocUsed:       38928 kB
VmallocChunk:          0 kB
Percpu:             8576 kB
AnonHugePages:   1105920 kB
ShmemHugePages:        0 kB
ShmemPmdMapped:        0 kB
FileHugePages:         0 kB
FilePmdMapped:         0 kB
HugePages_Total:       0
HugePages_Free:        0
HugePages_Rsvd:        0
HugePages_Surp:        0
Hugepagesize:       2048 kB
Hugetlb:               0 kB
DirectMap4k:       70656 kB
DirectMap2M:     6926336 kB
DirectMap1G:     9437184 kB

Current date and time: Sat May 13 05:06:08 UTC 2023
Current memory usage:
MemTotal:        7797868 kB
MemFree:         2415196 kB
MemAvailable:    5406224 kB
Buffers:           40048 kB
Cached:          3067328 kB
SwapCached:          800 kB
Active:           586540 kB
Inactive:        4191812 kB
Active(anon):      19772 kB
Inactive(anon):  1655916 kB
Active(file):     566768 kB
Inactive(file):  2535896 kB
Unevictable:           0 kB
Mlocked:               0 kB
SwapTotal:       2097152 kB
SwapFree:        2088644 kB
Dirty:                 0 kB
Writeback:             0 kB
AnonPages:       1552352 kB
Mapped:           352840 kB
Shmem:              4716 kB
KReclaimable:     187828 kB
Slab:             283884 kB
SReclaimable:     187828 kB
SUnreclaim:        96056 kB
KernelStack:       16848 kB
PageTables:        13632 kB
NFS_Unstable:          0 kB
Bounce:                0 kB
WritebackTmp:          0 kB
CommitLimit:     5996084 kB
Committed_AS:    5759712 kB
VmallocTotal:   34359738367 kB
VmallocUsed:       38864 kB
VmallocChunk:          0 kB
Percpu:             8576 kB
AnonHugePages:   1105920 kB
ShmemHugePages:        0 kB
ShmemPmdMapped:        0 kB
FileHugePages:         0 kB
FilePmdMapped:         0 kB
HugePages_Total:       0
HugePages_Free:        0
HugePages_Rsvd:        0
HugePages_Surp:        0
Hugepagesize:       2048 kB
Hugetlb:               0 kB
DirectMap4k:       70656 kB
DirectMap2M:     6926336 kB
DirectMap1G:     9437184 kB

Current date and time: Sat May 13 05:07:08 UTC 2023
Current memory usage:
MemTotal:        7797868 kB
MemFree:         2410896 kB
MemAvailable:    5401932 kB
Buffers:           40056 kB
Cached:          3067332 kB
SwapCached:          800 kB
Active:           586576 kB
Inactive:        4191368 kB
Active(anon):      19772 kB
Inactive(anon):  1655500 kB
Active(file):     566804 kB
Inactive(file):  2535868 kB
Unevictable:           0 kB
Mlocked:               0 kB
SwapTotal:       2097152 kB
SwapFree:        2088644 kB
Dirty:                 0 kB
Writeback:             0 kB
AnonPages:       1552232 kB
Mapped:           352696 kB
Shmem:              4720 kB
KReclaimable:     187828 kB
Slab:             283924 kB
SReclaimable:     187828 kB
SUnreclaim:        96096 kB
KernelStack:       16864 kB
PageTables:        13572 kB
NFS_Unstable:          0 kB
Bounce:                0 kB
WritebackTmp:          0 kB
CommitLimit:     5996084 kB
Committed_AS:    5759716 kB
VmallocTotal:   34359738367 kB
VmallocUsed:       38864 kB
VmallocChunk:          0 kB
Percpu:             8576 kB
AnonHugePages:   1105920 kB
ShmemHugePages:        0 kB
ShmemPmdMapped:        0 kB
FileHugePages:         0 kB
FilePmdMapped:         0 kB
HugePages_Total:       0
HugePages_Free:        0
HugePages_Rsvd:        0
HugePages_Surp:        0
Hugepagesize:       2048 kB
Hugetlb:               0 kB
DirectMap4k:       70656 kB
DirectMap2M:     6926336 kB
DirectMap1G:     9437184 kB

Current date and time: Sat May 13 05:08:08 UTC 2023
Current memory usage:
MemTotal:        7797868 kB
MemFree:         2409636 kB
MemAvailable:    5400680 kB
Buffers:           40064 kB
Cached:          3067336 kB
SwapCached:          800 kB
Active:           586588 kB
Inactive:        4191404 kB
Active(anon):      19776 kB
Inactive(anon):  1655536 kB
Active(file):     566812 kB
Inactive(file):  2535868 kB
Unevictable:           0 kB
Mlocked:               0 kB
SwapTotal:       2097152 kB
SwapFree:        2088644 kB
Dirty:                 0 kB
Writeback:             0 kB
AnonPages:       1551964 kB
Mapped:           352572 kB
Shmem:              4724 kB
KReclaimable:     187828 kB
Slab:             283884 kB
SReclaimable:     187828 kB
SUnreclaim:        96056 kB
KernelStack:       16848 kB
PageTables:        13620 kB
NFS_Unstable:          0 kB
Bounce:                0 kB
WritebackTmp:          0 kB
CommitLimit:     5996084 kB
Committed_AS:    5759720 kB
VmallocTotal:   34359738367 kB
VmallocUsed:       38848 kB
VmallocChunk:          0 kB
Percpu:             8576 kB
AnonHugePages:   1105920 kB
ShmemHugePages:        0 kB
ShmemPmdMapped:        0 kB
FileHugePages:         0 kB
FilePmdMapped:         0 kB
HugePages_Total:       0
HugePages_Free:        0
HugePages_Rsvd:        0
HugePages_Surp:        0
Hugepagesize:       2048 kB
Hugetlb:               0 kB
DirectMap4k:       70656 kB
DirectMap2M:     6926336 kB
DirectMap1G:     9437184 kB

Current date and time: Sat May 13 05:09:07 UTC 2023
Current memory usage:
MemTotal:        7797868 kB
MemFree:         2418132 kB
MemAvailable:    5409196 kB
Buffers:           40080 kB
Cached:          3067344 kB
SwapCached:          800 kB
Active:           586608 kB
Inactive:        4191432 kB
Active(anon):      19780 kB
Inactive(anon):  1655560 kB
Active(file):     566828 kB
Inactive(file):  2535872 kB
Unevictable:           0 kB
Mlocked:               0 kB
SwapTotal:       2097152 kB
SwapFree:        2088644 kB
Dirty:                 0 kB
Writeback:             0 kB
AnonPages:       1552020 kB
Mapped:           352516 kB
Shmem:              4728 kB
KReclaimable:     187828 kB
Slab:             283836 kB
SReclaimable:     187828 kB
SUnreclaim:        96008 kB
KernelStack:       16832 kB
PageTables:        13476 kB
NFS_Unstable:          0 kB
Bounce:                0 kB
WritebackTmp:          0 kB
CommitLimit:     5996084 kB
Committed_AS:    5759724 kB
VmallocTotal:   34359738367 kB
VmallocUsed:       38880 kB
VmallocChunk:          0 kB
Percpu:             8576 kB
AnonHugePages:   1105920 kB
ShmemHugePages:        0 kB
ShmemPmdMapped:        0 kB
FileHugePages:         0 kB
FilePmdMapped:         0 kB
HugePages_Total:       0
HugePages_Free:        0
HugePages_Rsvd:        0
HugePages_Surp:        0
Hugepagesize:       2048 kB
Hugetlb:               0 kB
DirectMap4k:       70656 kB
DirectMap2M:     6926336 kB
DirectMap1G:     9437184 kB

Current date and time: Sat May 13 05:10:08 UTC 2023
Current memory usage:
MemTotal:        7797868 kB
MemFree:         2408008 kB
MemAvailable:    5399204 kB
Buffers:           40200 kB
Cached:          3067352 kB
SwapCached:          800 kB
Active:           586812 kB
Inactive:        4197320 kB
Active(anon):      19860 kB
Inactive(anon):  1661456 kB
Active(file):     566952 kB
Inactive(file):  2535864 kB
Unevictable:           0 kB
Mlocked:               0 kB
SwapTotal:       2097152 kB
SwapFree:        2088644 kB
Dirty:                16 kB
Writeback:             0 kB
AnonPages:       1556572 kB
Mapped:           352896 kB
Shmem:              4732 kB
KReclaimable:     187844 kB
Slab:             283764 kB
SReclaimable:     187844 kB
SUnreclaim:        95920 kB
KernelStack:       16868 kB
PageTables:        13404 kB
NFS_Unstable:          0 kB
Bounce:                0 kB
WritebackTmp:          0 kB
CommitLimit:     5996084 kB
Committed_AS:    5763824 kB
VmallocTotal:   34359738367 kB
VmallocUsed:       38864 kB
VmallocChunk:          0 kB
Percpu:             8576 kB
AnonHugePages:   1107968 kB
ShmemHugePages:        0 kB
ShmemPmdMapped:        0 kB
FileHugePages:         0 kB
FilePmdMapped:         0 kB
HugePages_Total:       0
HugePages_Free:        0
HugePages_Rsvd:        0
HugePages_Surp:        0
Hugepagesize:       2048 kB
Hugetlb:               0 kB
DirectMap4k:       70656 kB
DirectMap2M:     6926336 kB
DirectMap1G:     9437184 kB

Current date and time: Sat May 13 05:11:09 UTC 2023
Current memory usage:
MemTotal:        7797868 kB
MemFree:         2416480 kB
MemAvailable:    5407788 kB
Buffers:           40304 kB
Cached:          3067356 kB
SwapCached:          800 kB
Active:           586940 kB
Inactive:        4191804 kB
Active(anon):      19864 kB
Inactive(anon):  1655952 kB
Active(file):     567076 kB
Inactive(file):  2535852 kB
Unevictable:           0 kB
Mlocked:               0 kB
SwapTotal:       2097152 kB
SwapFree:        2088644 kB
Dirty:                24 kB
Writeback:             0 kB
AnonPages:       1552460 kB
Mapped:           352840 kB
Shmem:              4736 kB
KReclaimable:     187844 kB
Slab:             283768 kB
SReclaimable:     187844 kB
SUnreclaim:        95924 kB
KernelStack:       16816 kB
PageTables:        13384 kB
NFS_Unstable:          0 kB
Bounce:                0 kB
WritebackTmp:          0 kB
CommitLimit:     5996084 kB
Committed_AS:    5759732 kB
VmallocTotal:   34359738367 kB
VmallocUsed:       38880 kB
VmallocChunk:          0 kB
Percpu:             8576 kB
AnonHugePages:   1105920 kB
ShmemHugePages:        0 kB
ShmemPmdMapped:        0 kB
FileHugePages:         0 kB
FilePmdMapped:         0 kB
HugePages_Total:       0
HugePages_Free:        0
HugePages_Rsvd:        0
HugePages_Surp:        0
Hugepagesize:       2048 kB
Hugetlb:               0 kB
DirectMap4k:       70656 kB
DirectMap2M:     6926336 kB
DirectMap1G:     9437184 kB

Current date and time: Sat May 13 05:12:09 UTC 2023
Current memory usage:
MemTotal:        7797868 kB
MemFree:         2413304 kB
MemAvailable:    5404588 kB
Buffers:           40312 kB
Cached:          3067360 kB
SwapCached:          800 kB
Active:           586952 kB
Inactive:        4192056 kB
Active(anon):      19868 kB
Inactive(anon):  1656204 kB
Active(file):     567084 kB
Inactive(file):  2535852 kB
Unevictable:           0 kB
Mlocked:               0 kB
SwapTotal:       2097152 kB
SwapFree:        2088644 kB
Dirty:                 0 kB
Writeback:             0 kB
AnonPages:       1552640 kB
Mapped:           352700 kB
Shmem:              4740 kB
KReclaimable:     187812 kB
Slab:             283864 kB
SReclaimable:     187812 kB
SUnreclaim:        96052 kB
KernelStack:       16848 kB
PageTables:        13476 kB
NFS_Unstable:          0 kB
Bounce:                0 kB
WritebackTmp:          0 kB
CommitLimit:     5996084 kB
Committed_AS:    5759736 kB
VmallocTotal:   34359738367 kB
VmallocUsed:       38896 kB
VmallocChunk:          0 kB
Percpu:             8576 kB
AnonHugePages:   1105920 kB
ShmemHugePages:        0 kB
ShmemPmdMapped:        0 kB
FileHugePages:         0 kB
FilePmdMapped:         0 kB
HugePages_Total:       0
HugePages_Free:        0
HugePages_Rsvd:        0
HugePages_Surp:        0
Hugepagesize:       2048 kB
Hugetlb:               0 kB
DirectMap4k:       70656 kB
DirectMap2M:     6926336 kB
DirectMap1G:     9437184 kB

Current date and time: Sat May 13 05:13:07 UTC 2023
Current memory usage:
MemTotal:        7797868 kB
MemFree:         2414008 kB
MemAvailable:    5405332 kB
Buffers:           40320 kB
Cached:          3067364 kB
SwapCached:          800 kB
Active:           586972 kB
Inactive:        4191908 kB
Active(anon):      19872 kB
Inactive(anon):  1656064 kB
Active(file):     567100 kB
Inactive(file):  2535844 kB
Unevictable:           0 kB
Mlocked:               0 kB
SwapTotal:       2097152 kB
SwapFree:        2088644 kB
Dirty:                 0 kB
Writeback:             0 kB
AnonPages:       1552484 kB
Mapped:           352800 kB
Shmem:              4744 kB
KReclaimable:     187844 kB
Slab:             283888 kB
SReclaimable:     187844 kB
SUnreclaim:        96044 kB
KernelStack:       16848 kB
PageTables:        13480 kB
NFS_Unstable:          0 kB
Bounce:                0 kB
WritebackTmp:          0 kB
CommitLimit:     5996084 kB
Committed_AS:    5759740 kB
VmallocTotal:   34359738367 kB
VmallocUsed:       38880 kB
VmallocChunk:          0 kB
Percpu:             8576 kB
AnonHugePages:   1105920 kB
ShmemHugePages:        0 kB
ShmemPmdMapped:        0 kB
FileHugePages:         0 kB
FilePmdMapped:         0 kB
HugePages_Total:       0
HugePages_Free:        0
HugePages_Rsvd:        0
HugePages_Surp:        0
Hugepagesize:       2048 kB
Hugetlb:               0 kB
DirectMap4k:       70656 kB
DirectMap2M:     6926336 kB
DirectMap1G:     9437184 kB

Current date and time: Sat May 13 05:14:07 UTC 2023
Current memory usage:
MemTotal:        7797868 kB
MemFree:         2412128 kB
MemAvailable:    5403444 kB
Buffers:           40328 kB
Cached:          3067368 kB
SwapCached:          800 kB
Active:           586984 kB
Inactive:        4192128 kB
Active(anon):      19876 kB
Inactive(anon):  1656284 kB
Active(file):     567108 kB
Inactive(file):  2535844 kB
Unevictable:           0 kB
Mlocked:               0 kB
SwapTotal:       2097152 kB
SwapFree:        2088644 kB
Dirty:                 0 kB
Writeback:             0 kB
AnonPages:       1552780 kB
Mapped:           352692 kB
Shmem:              4748 kB
KReclaimable:     187828 kB
Slab:             283872 kB
SReclaimable:     187828 kB
SUnreclaim:        96044 kB
KernelStack:       16864 kB
PageTables:        13484 kB
NFS_Unstable:          0 kB
Bounce:                0 kB
WritebackTmp:          0 kB
CommitLimit:     5996084 kB
Committed_AS:    5759744 kB
VmallocTotal:   34359738367 kB
VmallocUsed:       38880 kB
VmallocChunk:          0 kB
Percpu:             8576 kB
AnonHugePages:   1105920 kB
ShmemHugePages:        0 kB
ShmemPmdMapped:        0 kB
FileHugePages:         0 kB
FilePmdMapped:         0 kB
HugePages_Total:       0
HugePages_Free:        0
HugePages_Rsvd:        0
HugePages_Surp:        0
Hugepagesize:       2048 kB
Hugetlb:               0 kB
DirectMap4k:       70656 kB
DirectMap2M:     6926336 kB
DirectMap1G:     9437184 kB

Current date and time: Sat May 13 05:15:08 UTC 2023
Current memory usage:
MemTotal:        7797868 kB
MemFree:         2417828 kB
MemAvailable:    5409260 kB
Buffers:           40424 kB
Cached:          3067380 kB
SwapCached:          800 kB
Active:           587088 kB
Inactive:        4193620 kB
Active(anon):      19884 kB
Inactive(anon):  1657772 kB
Active(file):     567204 kB
Inactive(file):  2535848 kB
Unevictable:           0 kB
Mlocked:               0 kB
SwapTotal:       2097152 kB
SwapFree:        2088644 kB
Dirty:                16 kB
Writeback:             0 kB
AnonPages:       1552916 kB
Mapped:           352792 kB
Shmem:              4756 kB
KReclaimable:     187844 kB
Slab:             283860 kB
SReclaimable:     187844 kB
SUnreclaim:        96016 kB
KernelStack:       16848 kB
PageTables:        13540 kB
NFS_Unstable:          0 kB
Bounce:                0 kB
WritebackTmp:          0 kB
CommitLimit:     5996084 kB
Committed_AS:    5759752 kB
VmallocTotal:   34359738367 kB
VmallocUsed:       38896 kB
VmallocChunk:          0 kB
Percpu:             8576 kB
AnonHugePages:   1103872 kB
ShmemHugePages:        0 kB
ShmemPmdMapped:        0 kB
FileHugePages:         0 kB
FilePmdMapped:         0 kB
HugePages_Total:       0
HugePages_Free:        0
HugePages_Rsvd:        0
HugePages_Surp:        0
Hugepagesize:       2048 kB
Hugetlb:               0 kB
DirectMap4k:       70656 kB
DirectMap2M:     6926336 kB
DirectMap1G:     9437184 kB

Current date and time: Sat May 13 05:16:08 UTC 2023
Current memory usage:
MemTotal:        7797868 kB
MemFree:         2416192 kB
MemAvailable:    5407616 kB
Buffers:           40432 kB
Cached:          3067384 kB
SwapCached:          800 kB
Active:           587100 kB
Inactive:        4193368 kB
Active(anon):      19888 kB
Inactive(anon):  1657520 kB
Active(file):     567212 kB
Inactive(file):  2535848 kB
Unevictable:           0 kB
Mlocked:               0 kB
SwapTotal:       2097152 kB
SwapFree:        2088644 kB
Dirty:                 0 kB
Writeback:             0 kB
AnonPages:       1552328 kB
Mapped:           352892 kB
Shmem:              4760 kB
KReclaimable:     187828 kB
Slab:             283904 kB
SReclaimable:     187828 kB
SUnreclaim:        96076 kB
KernelStack:       16864 kB
PageTables:        13480 kB
NFS_Unstable:          0 kB
Bounce:                0 kB
WritebackTmp:          0 kB
CommitLimit:     5996084 kB
Committed_AS:    5759756 kB
VmallocTotal:   34359738367 kB
VmallocUsed:       38928 kB
VmallocChunk:          0 kB
Percpu:             8576 kB
AnonHugePages:   1103872 kB
ShmemHugePages:        0 kB
ShmemPmdMapped:        0 kB
FileHugePages:         0 kB
FilePmdMapped:         0 kB
HugePages_Total:       0
HugePages_Free:        0
HugePages_Rsvd:        0
HugePages_Surp:        0
Hugepagesize:       2048 kB
Hugetlb:               0 kB
DirectMap4k:       70656 kB
DirectMap2M:     6926336 kB
DirectMap1G:     9437184 kB

Current date and time: Sat May 13 05:17:09 UTC 2023
Current memory usage:
MemTotal:        7797868 kB
MemFree:         2411476 kB
MemAvailable:    5402936 kB
Buffers:           40448 kB
Cached:          3067392 kB
SwapCached:          800 kB
Active:           587132 kB
Inactive:        4193704 kB
Active(anon):      19896 kB
Inactive(anon):  1657860 kB
Active(file):     567236 kB
Inactive(file):  2535844 kB
Unevictable:           0 kB
Mlocked:               0 kB
SwapTotal:       2097152 kB
SwapFree:        2088644 kB
Dirty:                 0 kB
Writeback:             0 kB
AnonPages:       1552516 kB
Mapped:           352880 kB
Shmem:              4764 kB
KReclaimable:     187844 kB
Slab:             283912 kB
SReclaimable:     187844 kB
SUnreclaim:        96068 kB
KernelStack:       16880 kB
PageTables:        13504 kB
NFS_Unstable:          0 kB
Bounce:                0 kB
WritebackTmp:          0 kB
CommitLimit:     5996084 kB
Committed_AS:    5759760 kB
VmallocTotal:   34359738367 kB
VmallocUsed:       38896 kB
VmallocChunk:          0 kB
Percpu:             8576 kB
AnonHugePages:   1103872 kB
ShmemHugePages:        0 kB
ShmemPmdMapped:        0 kB
FileHugePages:         0 kB
FilePmdMapped:         0 kB
HugePages_Total:       0
HugePages_Free:        0
HugePages_Rsvd:        0
HugePages_Surp:        0
Hugepagesize:       2048 kB
Hugetlb:               0 kB
DirectMap4k:       70656 kB
DirectMap2M:     6926336 kB
DirectMap1G:     9437184 kB

Current date and time: Sat May 13 05:18:08 UTC 2023
Current memory usage:
MemTotal:        7797868 kB
MemFree:         2413240 kB
MemAvailable:    5404692 kB
Buffers:           40456 kB
Cached:          3067396 kB
SwapCached:          800 kB
Active:           587140 kB
Inactive:        4193440 kB
Active(anon):      19896 kB
Inactive(anon):  1657596 kB
Active(file):     567244 kB
Inactive(file):  2535844 kB
Unevictable:           0 kB
Mlocked:               0 kB
SwapTotal:       2097152 kB
SwapFree:        2088644 kB
Dirty:                 0 kB
Writeback:             0 kB
AnonPages:       1552492 kB
Mapped:           352916 kB
Shmem:              4768 kB
KReclaimable:     187828 kB
Slab:             283984 kB
SReclaimable:     187828 kB
SUnreclaim:        96156 kB
KernelStack:       16896 kB
PageTables:        13744 kB
NFS_Unstable:          0 kB
Bounce:                0 kB
WritebackTmp:          0 kB
CommitLimit:     5996084 kB
Committed_AS:    5759764 kB
VmallocTotal:   34359738367 kB
VmallocUsed:       38880 kB
VmallocChunk:          0 kB
Percpu:             8576 kB
AnonHugePages:   1103872 kB
ShmemHugePages:        0 kB
ShmemPmdMapped:        0 kB
FileHugePages:         0 kB
FilePmdMapped:         0 kB
HugePages_Total:       0
HugePages_Free:        0
HugePages_Rsvd:        0
HugePages_Surp:        0
Hugepagesize:       2048 kB
Hugetlb:               0 kB
DirectMap4k:       70656 kB
DirectMap2M:     6926336 kB
DirectMap1G:     9437184 kB

Current date and time: Sat May 13 05:19:07 UTC 2023
Current memory usage:
MemTotal:        7797868 kB
MemFree:         2404748 kB
MemAvailable:    5396240 kB
Buffers:           40464 kB
Cached:          3067400 kB
SwapCached:          800 kB
Active:           587152 kB
Inactive:        4193608 kB
Active(anon):      19896 kB
Inactive(anon):  1657768 kB
Active(file):     567256 kB
Inactive(file):  2535840 kB
Unevictable:           0 kB
Mlocked:               0 kB
SwapTotal:       2097152 kB
SwapFree:        2088644 kB
Dirty:                 0 kB
Writeback:             0 kB
AnonPages:       1552432 kB
Mapped:           352548 kB
Shmem:              4772 kB
KReclaimable:     187860 kB
Slab:             283848 kB
SReclaimable:     187860 kB
SUnreclaim:        95988 kB
KernelStack:       16832 kB
PageTables:        13588 kB
NFS_Unstable:          0 kB
Bounce:                0 kB
WritebackTmp:          0 kB
CommitLimit:     5996084 kB
Committed_AS:    5759768 kB
VmallocTotal:   34359738367 kB
VmallocUsed:       38944 kB
VmallocChunk:          0 kB
Percpu:             8576 kB
AnonHugePages:   1103872 kB
ShmemHugePages:        0 kB
ShmemPmdMapped:        0 kB
FileHugePages:         0 kB
FilePmdMapped:         0 kB
HugePages_Total:       0
HugePages_Free:        0
HugePages_Rsvd:        0
HugePages_Surp:        0
Hugepagesize:       2048 kB
Hugetlb:               0 kB
DirectMap4k:       70656 kB
DirectMap2M:     6926336 kB
DirectMap1G:     9437184 kB

Current date and time: Sat May 13 05:20:09 UTC 2023
Current memory usage:
MemTotal:        7797868 kB
MemFree:         2407564 kB
MemAvailable:    5399048 kB
Buffers:           40472 kB
Cached:          3067404 kB
SwapCached:          800 kB
Active:           587168 kB
Inactive:        4193468 kB
Active(anon):      19904 kB
Inactive(anon):  1657628 kB
Active(file):     567264 kB
Inactive(file):  2535840 kB
Unevictable:           0 kB
Mlocked:               0 kB
SwapTotal:       2097152 kB
SwapFree:        2088644 kB
Dirty:                 0 kB
Writeback:             0 kB
AnonPages:       1552360 kB
Mapped:           352404 kB
Shmem:              4776 kB
KReclaimable:     187844 kB
Slab:             283932 kB
SReclaimable:     187844 kB
SUnreclaim:        96088 kB
KernelStack:       16848 kB
PageTables:        13472 kB
NFS_Unstable:          0 kB
Bounce:                0 kB
WritebackTmp:          0 kB
CommitLimit:     5996084 kB
Committed_AS:    5759772 kB
VmallocTotal:   34359738367 kB
VmallocUsed:       38912 kB
VmallocChunk:          0 kB
Percpu:             8576 kB
AnonHugePages:   1103872 kB
ShmemHugePages:        0 kB
ShmemPmdMapped:        0 kB
FileHugePages:         0 kB
FilePmdMapped:         0 kB
HugePages_Total:       0
HugePages_Free:        0
HugePages_Rsvd:        0
HugePages_Surp:        0
Hugepagesize:       2048 kB
Hugetlb:               0 kB
DirectMap4k:       70656 kB
DirectMap2M:     6926336 kB
DirectMap1G:     9437184 kB

Current date and time: Sat May 13 05:21:09 UTC 2023
Current memory usage:
MemTotal:        7797868 kB
MemFree:         2407788 kB
MemAvailable:    5399240 kB
Buffers:           40480 kB
Cached:          3067408 kB
SwapCached:          800 kB
Active:           587196 kB
Inactive:        4193596 kB
Active(anon):      19904 kB
Inactive(anon):  1657832 kB
Active(file):     567292 kB
Inactive(file):  2535764 kB
Unevictable:           0 kB
Mlocked:               0 kB
SwapTotal:       2097152 kB
SwapFree:        2088644 kB
Dirty:                 0 kB
Writeback:             0 kB
AnonPages:       1552552 kB
Mapped:           352552 kB
Shmem:              4780 kB
KReclaimable:     187860 kB
Slab:             283932 kB
SReclaimable:     187860 kB
SUnreclaim:        96072 kB
KernelStack:       16848 kB
PageTables:        13660 kB
NFS_Unstable:          0 kB
Bounce:                0 kB
WritebackTmp:          0 kB
CommitLimit:     5996084 kB
Committed_AS:    5759776 kB
VmallocTotal:   34359738367 kB
VmallocUsed:       38864 kB
VmallocChunk:          0 kB
Percpu:             8576 kB
AnonHugePages:   1103872 kB
ShmemHugePages:        0 kB
ShmemPmdMapped:        0 kB
FileHugePages:         0 kB
FilePmdMapped:         0 kB
HugePages_Total:       0
HugePages_Free:        0
HugePages_Rsvd:        0
HugePages_Surp:        0
Hugepagesize:       2048 kB
Hugetlb:               0 kB
DirectMap4k:       70656 kB
DirectMap2M:     6926336 kB
DirectMap1G:     9437184 kB

Current date and time: Sat May 13 05:22:08 UTC 2023
Current memory usage:
MemTotal:        7797868 kB
MemFree:         2409888 kB
MemAvailable:    5401348 kB
Buffers:           40488 kB
Cached:          3067412 kB
SwapCached:          800 kB
Active:           587212 kB
Inactive:        4193436 kB
Active(anon):      19912 kB
Inactive(anon):  1657672 kB
Active(file):     567300 kB
Inactive(file):  2535764 kB
Unevictable:           0 kB
Mlocked:               0 kB
SwapTotal:       2097152 kB
SwapFree:        2088644 kB
Dirty:                 0 kB
Writeback:             0 kB
AnonPages:       1552320 kB
Mapped:           352552 kB
Shmem:              4784 kB
KReclaimable:     187860 kB
Slab:             283960 kB
SReclaimable:     187860 kB
SUnreclaim:        96100 kB
KernelStack:       16864 kB
PageTables:        13484 kB
NFS_Unstable:          0 kB
Bounce:                0 kB
WritebackTmp:          0 kB
CommitLimit:     5996084 kB
Committed_AS:    5759780 kB
VmallocTotal:   34359738367 kB
VmallocUsed:       38880 kB
VmallocChunk:          0 kB
Percpu:             8576 kB
AnonHugePages:   1103872 kB
ShmemHugePages:        0 kB
ShmemPmdMapped:        0 kB
FileHugePages:         0 kB
FilePmdMapped:         0 kB
HugePages_Total:       0
HugePages_Free:        0
HugePages_Rsvd:        0
HugePages_Surp:        0
Hugepagesize:       2048 kB
Hugetlb:               0 kB
DirectMap4k:       70656 kB
DirectMap2M:     6926336 kB
DirectMap1G:     9437184 kB

Current date and time: Sat May 13 05:23:09 UTC 2023
Current memory usage:
MemTotal:        7797868 kB
MemFree:         2399852 kB
MemAvailable:    5391396 kB
Buffers:           40512 kB
Cached:          3067420 kB
SwapCached:          800 kB
Active:           587236 kB
Inactive:        4196872 kB
Active(anon):      19912 kB
Inactive(anon):  1661048 kB
Active(file):     567324 kB
Inactive(file):  2535824 kB
Unevictable:           0 kB
Mlocked:               0 kB
SwapTotal:       2097152 kB
SwapFree:        2088644 kB
Dirty:                 0 kB
Writeback:             0 kB
AnonPages:       1555016 kB
Mapped:           352660 kB
Shmem:              4788 kB
KReclaimable:     187860 kB
Slab:             283992 kB
SReclaimable:     187860 kB
SUnreclaim:        96132 kB
KernelStack:       16992 kB
PageTables:        13492 kB
NFS_Unstable:          0 kB
Bounce:                0 kB
WritebackTmp:          0 kB
CommitLimit:     5996084 kB
Committed_AS:    5761128 kB
VmallocTotal:   34359738367 kB
VmallocUsed:       39024 kB
VmallocChunk:          0 kB
Percpu:             8576 kB
AnonHugePages:   1101824 kB
ShmemHugePages:        0 kB
ShmemPmdMapped:        0 kB
FileHugePages:         0 kB
FilePmdMapped:         0 kB
HugePages_Total:       0
HugePages_Free:        0
HugePages_Rsvd:        0
HugePages_Surp:        0
Hugepagesize:       2048 kB
Hugetlb:               0 kB
DirectMap4k:       70656 kB
DirectMap2M:     6926336 kB
DirectMap1G:     9437184 kB

Current date and time: Sat May 13 05:24:08 UTC 2023
Current memory usage:
MemTotal:        7797868 kB
MemFree:         2403324 kB
MemAvailable:    5394872 kB
Buffers:           40528 kB
Cached:          3067428 kB
SwapCached:          800 kB
Active:           587256 kB
Inactive:        4196492 kB
Active(anon):      19916 kB
Inactive(anon):  1660664 kB
Active(file):     567340 kB
Inactive(file):  2535828 kB
Unevictable:           0 kB
Mlocked:               0 kB
SwapTotal:       2097152 kB
SwapFree:        2088644 kB
Dirty:                 0 kB
Writeback:             0 kB
AnonPages:       1554644 kB
Mapped:           352700 kB
Shmem:              4792 kB
KReclaimable:     187844 kB
Slab:             283980 kB
SReclaimable:     187844 kB
SUnreclaim:        96136 kB
KernelStack:       16992 kB
PageTables:        13496 kB
NFS_Unstable:          0 kB
Bounce:                0 kB
WritebackTmp:          0 kB
CommitLimit:     5996084 kB
Committed_AS:    5761132 kB
VmallocTotal:   34359738367 kB
VmallocUsed:       39008 kB
VmallocChunk:          0 kB
Percpu:             8576 kB
AnonHugePages:   1101824 kB
ShmemHugePages:        0 kB
ShmemPmdMapped:        0 kB
FileHugePages:         0 kB
FilePmdMapped:         0 kB
HugePages_Total:       0
HugePages_Free:        0
HugePages_Rsvd:        0
HugePages_Surp:        0
Hugepagesize:       2048 kB
Hugetlb:               0 kB
DirectMap4k:       70656 kB
DirectMap2M:     6926336 kB
DirectMap1G:     9437184 kB

Current date and time: Sat May 13 05:25:09 UTC 2023
Current memory usage:
MemTotal:        7797868 kB
MemFree:         2399092 kB
MemAvailable:    5390664 kB
Buffers:           40536 kB
Cached:          3067428 kB
SwapCached:          800 kB
Active:           587268 kB
Inactive:        4196540 kB
Active(anon):      19920 kB
Inactive(anon):  1660712 kB
Active(file):     567348 kB
Inactive(file):  2535828 kB
Unevictable:           0 kB
Mlocked:               0 kB
SwapTotal:       2097152 kB
SwapFree:        2088644 kB
Dirty:                 0 kB
Writeback:             0 kB
AnonPages:       1552356 kB
Mapped:           352844 kB
Shmem:              4792 kB
KReclaimable:     187860 kB
Slab:             284008 kB
SReclaimable:     187860 kB
SUnreclaim:        96148 kB
KernelStack:       16992 kB
PageTables:        13492 kB
NFS_Unstable:          0 kB
Bounce:                0 kB
WritebackTmp:          0 kB
CommitLimit:     5996084 kB
Committed_AS:    5761516 kB
VmallocTotal:   34359738367 kB
VmallocUsed:       39024 kB
VmallocChunk:          0 kB
Percpu:             8576 kB
AnonHugePages:   1097728 kB
ShmemHugePages:        0 kB
ShmemPmdMapped:        0 kB
FileHugePages:         0 kB
FilePmdMapped:         0 kB
HugePages_Total:       0
HugePages_Free:        0
HugePages_Rsvd:        0
HugePages_Surp:        0
Hugepagesize:       2048 kB
Hugetlb:               0 kB
DirectMap4k:       70656 kB
DirectMap2M:     6926336 kB
DirectMap1G:     9437184 kB

Current date and time: Sat May 13 05:26:09 UTC 2023
Current memory usage:
MemTotal:        7797868 kB
MemFree:         2404840 kB
MemAvailable:    5396892 kB
Buffers:           40544 kB
Cached:          3067920 kB
SwapCached:          800 kB
Active:           587388 kB
Inactive:        4196888 kB
Active(anon):      19924 kB
Inactive(anon):  1660680 kB
Active(file):     567464 kB
Inactive(file):  2536208 kB
Unevictable:           0 kB
Mlocked:               0 kB
SwapTotal:       2097152 kB
SwapFree:        2088644 kB
Dirty:                 0 kB
Writeback:             0 kB
AnonPages:       1552208 kB
Mapped:           352936 kB
Shmem:              4796 kB
KReclaimable:     187844 kB
Slab:             283988 kB
SReclaimable:     187844 kB
SUnreclaim:        96144 kB
KernelStack:       17008 kB
PageTables:        13488 kB
NFS_Unstable:          0 kB
Bounce:                0 kB
WritebackTmp:          0 kB
CommitLimit:     5996084 kB
Committed_AS:    5761652 kB
VmallocTotal:   34359738367 kB
VmallocUsed:       39040 kB
VmallocChunk:          0 kB
Percpu:             8576 kB
AnonHugePages:   1097728 kB
ShmemHugePages:        0 kB
ShmemPmdMapped:        0 kB
FileHugePages:         0 kB
FilePmdMapped:         0 kB
HugePages_Total:       0
HugePages_Free:        0
HugePages_Rsvd:        0
HugePages_Surp:        0
Hugepagesize:       2048 kB
Hugetlb:               0 kB
DirectMap4k:       70656 kB
DirectMap2M:     6926336 kB
DirectMap1G:     9437184 kB

Current date and time: Sat May 13 05:27:16 UTC 2023
Current memory usage:
MemTotal:        7797868 kB
MemFree:         2401776 kB
MemAvailable:    5394632 kB
Buffers:           40552 kB
Cached:          3068736 kB
SwapCached:          800 kB
Active:           587404 kB
Inactive:        4197404 kB
Active(anon):      19928 kB
Inactive(anon):  1660388 kB
Active(file):     567476 kB
Inactive(file):  2537016 kB
Unevictable:           0 kB
Mlocked:               0 kB
SwapTotal:       2097152 kB
SwapFree:        2088644 kB
Dirty:                 0 kB
Writeback:             0 kB
AnonPages:       1551972 kB
Mapped:           352740 kB
Shmem:              4800 kB
KReclaimable:     187828 kB
Slab:             283980 kB
SReclaimable:     187828 kB
SUnreclaim:        96152 kB
KernelStack:       16976 kB
PageTables:        13492 kB
NFS_Unstable:          0 kB
Bounce:                0 kB
WritebackTmp:          0 kB
CommitLimit:     5996084 kB
Committed_AS:    5761660 kB
VmallocTotal:   34359738367 kB
VmallocUsed:       39008 kB
VmallocChunk:          0 kB
Percpu:             8576 kB
AnonHugePages:   1097728 kB
ShmemHugePages:        0 kB
ShmemPmdMapped:        0 kB
FileHugePages:         0 kB
FilePmdMapped:         0 kB
HugePages_Total:       0
HugePages_Free:        0
HugePages_Rsvd:        0
HugePages_Surp:        0
Hugepagesize:       2048 kB
Hugetlb:               0 kB
DirectMap4k:       70656 kB
DirectMap2M:     6926336 kB
DirectMap1G:     9437184 kB

Current date and time: Sat May 13 05:28:08 UTC 2023
Current memory usage:
MemTotal:        7797868 kB
MemFree:         2397336 kB
MemAvailable:    5390240 kB
Buffers:           40568 kB
Cached:          3068740 kB
SwapCached:          800 kB
Active:           587680 kB
Inactive:        4203896 kB
Active(anon):      20188 kB
Inactive(anon):  1666880 kB
Active(file):     567492 kB
Inactive(file):  2537016 kB
Unevictable:           0 kB
Mlocked:               0 kB
SwapTotal:       2097152 kB
SwapFree:        2088644 kB
Dirty:                 0 kB
Writeback:             0 kB
AnonPages:       1556096 kB
Mapped:           353112 kB
Shmem:              4804 kB
KReclaimable:     187860 kB
Slab:             284012 kB
SReclaimable:     187860 kB
SUnreclaim:        96152 kB
KernelStack:       16976 kB
PageTables:        13888 kB
NFS_Unstable:          0 kB
Bounce:                0 kB
WritebackTmp:          0 kB
CommitLimit:     5996084 kB
Committed_AS:    5765756 kB
VmallocTotal:   34359738367 kB
VmallocUsed:       38976 kB
VmallocChunk:          0 kB
Percpu:             8576 kB
AnonHugePages:   1099776 kB
ShmemHugePages:        0 kB
ShmemPmdMapped:        0 kB
FileHugePages:         0 kB
FilePmdMapped:         0 kB
HugePages_Total:       0
HugePages_Free:        0
HugePages_Rsvd:        0
HugePages_Surp:        0
Hugepagesize:       2048 kB
Hugetlb:               0 kB
DirectMap4k:       70656 kB
DirectMap2M:     6926336 kB
DirectMap1G:     9437184 kB

Current date and time: Sat May 13 05:29:08 UTC 2023
Current memory usage:
MemTotal:        7797868 kB
MemFree:         2395656 kB
MemAvailable:    5388552 kB
Buffers:           40576 kB
Cached:          3068744 kB
SwapCached:          800 kB
Active:           587696 kB
Inactive:        4203848 kB
Active(anon):      20192 kB
Inactive(anon):  1666836 kB
Active(file):     567504 kB
Inactive(file):  2537012 kB
Unevictable:           0 kB
Mlocked:               0 kB
SwapTotal:       2097152 kB
SwapFree:        2088644 kB
Dirty:                 0 kB
Writeback:             0 kB
AnonPages:       1556064 kB
Mapped:           353128 kB
Shmem:              4808 kB
KReclaimable:     187844 kB
Slab:             284108 kB
SReclaimable:     187844 kB
SUnreclaim:        96264 kB
KernelStack:       17040 kB
PageTables:        13772 kB
NFS_Unstable:          0 kB
Bounce:                0 kB
WritebackTmp:          0 kB
CommitLimit:     5996084 kB
Committed_AS:    5765760 kB
VmallocTotal:   34359738367 kB
VmallocUsed:       39008 kB
VmallocChunk:          0 kB
Percpu:             8576 kB
AnonHugePages:   1099776 kB
ShmemHugePages:        0 kB
ShmemPmdMapped:        0 kB
FileHugePages:         0 kB
FilePmdMapped:         0 kB
HugePages_Total:       0
HugePages_Free:        0
HugePages_Rsvd:        0
HugePages_Surp:        0
Hugepagesize:       2048 kB
Hugetlb:               0 kB
DirectMap4k:       70656 kB
DirectMap2M:     6926336 kB
DirectMap1G:     9437184 kB

Current date and time: Sat May 13 05:30:09 UTC 2023
Current memory usage:
MemTotal:        7797868 kB
MemFree:         2396736 kB
MemAvailable:    5389640 kB
Buffers:           40584 kB
Cached:          3068748 kB
SwapCached:          800 kB
Active:           587708 kB
Inactive:        4203964 kB
Active(anon):      20196 kB
Inactive(anon):  1666952 kB
Active(file):     567512 kB
Inactive(file):  2537012 kB
Unevictable:           0 kB
Mlocked:               0 kB
SwapTotal:       2097152 kB
SwapFree:        2088644 kB
Dirty:                 0 kB
Writeback:             0 kB
AnonPages:       1556084 kB
Mapped:           352884 kB
Shmem:              4812 kB
KReclaimable:     187844 kB
Slab:             284032 kB
SReclaimable:     187844 kB
SUnreclaim:        96188 kB
KernelStack:       17008 kB
PageTables:        13504 kB
NFS_Unstable:          0 kB
Bounce:                0 kB
WritebackTmp:          0 kB
CommitLimit:     5996084 kB
Committed_AS:    5765764 kB
VmallocTotal:   34359738367 kB
VmallocUsed:       39024 kB
VmallocChunk:          0 kB
Percpu:             8576 kB
AnonHugePages:   1099776 kB
ShmemHugePages:        0 kB
ShmemPmdMapped:        0 kB
FileHugePages:         0 kB
FilePmdMapped:         0 kB
HugePages_Total:       0
HugePages_Free:        0
HugePages_Rsvd:        0
HugePages_Surp:        0
Hugepagesize:       2048 kB
Hugetlb:               0 kB
DirectMap4k:       70656 kB
DirectMap2M:     6926336 kB
DirectMap1G:     9437184 kB

Current date and time: Sat May 13 05:31:09 UTC 2023
Current memory usage:
MemTotal:        7797868 kB
MemFree:         2390332 kB
MemAvailable:    5383260 kB
Buffers:           40592 kB
Cached:          3068752 kB
SwapCached:          800 kB
Active:           587720 kB
Inactive:        4206104 kB
Active(anon):      20200 kB
Inactive(anon):  1669092 kB
Active(file):     567520 kB
Inactive(file):  2537012 kB
Unevictable:           0 kB
Mlocked:               0 kB
SwapTotal:       2097152 kB
SwapFree:        2088644 kB
Dirty:                 0 kB
Writeback:             0 kB
AnonPages:       1558284 kB
Mapped:           353112 kB
Shmem:              4816 kB
KReclaimable:     187860 kB
Slab:             284044 kB
SReclaimable:     187860 kB
SUnreclaim:        96184 kB
KernelStack:       17008 kB
PageTables:        13688 kB
NFS_Unstable:          0 kB
Bounce:                0 kB
WritebackTmp:          0 kB
CommitLimit:     5996084 kB
Committed_AS:    5765768 kB
VmallocTotal:   34359738367 kB
VmallocUsed:       39072 kB
VmallocChunk:          0 kB
Percpu:             8576 kB
AnonHugePages:   1101824 kB
ShmemHugePages:        0 kB
ShmemPmdMapped:        0 kB
FileHugePages:         0 kB
FilePmdMapped:         0 kB
HugePages_Total:       0
HugePages_Free:        0
HugePages_Rsvd:        0
HugePages_Surp:        0
Hugepagesize:       2048 kB
Hugetlb:               0 kB
DirectMap4k:       70656 kB
DirectMap2M:     6926336 kB
DirectMap1G:     9437184 kB

Current date and time: Sat May 13 05:32:08 UTC 2023
Current memory usage:
MemTotal:        7797868 kB
MemFree:         2391776 kB
MemAvailable:    5384724 kB
Buffers:           40608 kB
Cached:          3068760 kB
SwapCached:          800 kB
Active:           587740 kB
Inactive:        4205916 kB
Active(anon):      20204 kB
Inactive(anon):  1668900 kB
Active(file):     567536 kB
Inactive(file):  2537016 kB
Unevictable:           0 kB
Mlocked:               0 kB
SwapTotal:       2097152 kB
SwapFree:        2088644 kB
Dirty:                16 kB
Writeback:             0 kB
AnonPages:       1557800 kB
Mapped:           352900 kB
Shmem:              4820 kB
KReclaimable:     187860 kB
Slab:             284064 kB
SReclaimable:     187860 kB
SUnreclaim:        96204 kB
KernelStack:       17008 kB
PageTables:        13500 kB
NFS_Unstable:          0 kB
Bounce:                0 kB
WritebackTmp:          0 kB
CommitLimit:     5996084 kB
Committed_AS:    5765772 kB
VmallocTotal:   34359738367 kB
VmallocUsed:       39040 kB
VmallocChunk:          0 kB
Percpu:             8576 kB
AnonHugePages:   1101824 kB
ShmemHugePages:        0 kB
ShmemPmdMapped:        0 kB
FileHugePages:         0 kB
FilePmdMapped:         0 kB
HugePages_Total:       0
HugePages_Free:        0
HugePages_Rsvd:        0
HugePages_Surp:        0
Hugepagesize:       2048 kB
Hugetlb:               0 kB
DirectMap4k:       70656 kB
DirectMap2M:     6926336 kB
DirectMap1G:     9437184 kB

Current date and time: Sat May 13 05:33:09 UTC 2023
Current memory usage:
MemTotal:        7797868 kB
MemFree:         2395728 kB
MemAvailable:    5388668 kB
Buffers:           40616 kB
Cached:          3068764 kB
SwapCached:          800 kB
Active:           587768 kB
Inactive:        4205792 kB
Active(anon):      20208 kB
Inactive(anon):  1668792 kB
Active(file):     567560 kB
Inactive(file):  2537000 kB
Unevictable:           0 kB
Mlocked:               0 kB
SwapTotal:       2097152 kB
SwapFree:        2088644 kB
Dirty:                 0 kB
Writeback:             0 kB
AnonPages:       1557648 kB
Mapped:           353028 kB
Shmem:              4824 kB
KReclaimable:     187844 kB
Slab:             284048 kB
SReclaimable:     187844 kB
SUnreclaim:        96204 kB
KernelStack:       17008 kB
PageTables:        13496 kB
NFS_Unstable:          0 kB
Bounce:                0 kB
WritebackTmp:          0 kB
CommitLimit:     5996084 kB
Committed_AS:    5765776 kB
VmallocTotal:   34359738367 kB
VmallocUsed:       39088 kB
VmallocChunk:          0 kB
Percpu:             8576 kB
AnonHugePages:   1101824 kB
ShmemHugePages:        0 kB
ShmemPmdMapped:        0 kB
FileHugePages:         0 kB
FilePmdMapped:         0 kB
HugePages_Total:       0
HugePages_Free:        0
HugePages_Rsvd:        0
HugePages_Surp:        0
Hugepagesize:       2048 kB
Hugetlb:               0 kB
DirectMap4k:       70656 kB
DirectMap2M:     6926336 kB
DirectMap1G:     9437184 kB

Current date and time: Sat May 13 05:34:08 UTC 2023
Current memory usage:
MemTotal:        7797868 kB
MemFree:         2396092 kB
MemAvailable:    5389056 kB
Buffers:           40624 kB
Cached:          3068768 kB
SwapCached:          800 kB
Active:           587780 kB
Inactive:        4205876 kB
Active(anon):      20212 kB
Inactive(anon):  1668876 kB
Active(file):     567568 kB
Inactive(file):  2537000 kB
Unevictable:           0 kB
Mlocked:               0 kB
SwapTotal:       2097152 kB
SwapFree:        2088644 kB
Dirty:                 0 kB
Writeback:             0 kB
AnonPages:       1558040 kB
Mapped:           353116 kB
Shmem:              4828 kB
KReclaimable:     187860 kB
Slab:             284144 kB
SReclaimable:     187860 kB
SUnreclaim:        96284 kB
KernelStack:       17024 kB
PageTables:        13588 kB
NFS_Unstable:          0 kB
Bounce:                0 kB
WritebackTmp:          0 kB
CommitLimit:     5996084 kB
Committed_AS:    5765780 kB
VmallocTotal:   34359738367 kB
VmallocUsed:       39040 kB
VmallocChunk:          0 kB
Percpu:             8576 kB
AnonHugePages:   1101824 kB
ShmemHugePages:        0 kB
ShmemPmdMapped:        0 kB
FileHugePages:         0 kB
FilePmdMapped:         0 kB
HugePages_Total:       0
HugePages_Free:        0
HugePages_Rsvd:        0
HugePages_Surp:        0
Hugepagesize:       2048 kB
Hugetlb:               0 kB
DirectMap4k:       70656 kB
DirectMap2M:     6926336 kB
DirectMap1G:     9437184 kB

Current date and time: Sat May 13 05:35:09 UTC 2023
Current memory usage:
MemTotal:        7797868 kB
MemFree:         2394488 kB
MemAvailable:    5387444 kB
Buffers:           40632 kB
Cached:          3068772 kB
SwapCached:          800 kB
Active:           587792 kB
Inactive:        4205996 kB
Active(anon):      20216 kB
Inactive(anon):  1668996 kB
Active(file):     567576 kB
Inactive(file):  2537000 kB
Unevictable:           0 kB
Mlocked:               0 kB
SwapTotal:       2097152 kB
SwapFree:        2088644 kB
Dirty:                 0 kB
Writeback:             0 kB
AnonPages:       1557816 kB
Mapped:           352692 kB
Shmem:              4832 kB
KReclaimable:     187844 kB
Slab:             284044 kB
SReclaimable:     187844 kB
SUnreclaim:        96200 kB
KernelStack:       16992 kB
PageTables:        13508 kB
NFS_Unstable:          0 kB
Bounce:                0 kB
WritebackTmp:          0 kB
CommitLimit:     5996084 kB
Committed_AS:    5765784 kB
VmallocTotal:   34359738367 kB
VmallocUsed:       39024 kB
VmallocChunk:          0 kB
Percpu:             8576 kB
AnonHugePages:   1101824 kB
ShmemHugePages:        0 kB
ShmemPmdMapped:        0 kB
FileHugePages:         0 kB
FilePmdMapped:         0 kB
HugePages_Total:       0
HugePages_Free:        0
HugePages_Rsvd:        0
HugePages_Surp:        0
Hugepagesize:       2048 kB
Hugetlb:               0 kB
DirectMap4k:       70656 kB
DirectMap2M:     6926336 kB
DirectMap1G:     9437184 kB

Current date and time: Sat May 13 05:36:10 UTC 2023
Current memory usage:
MemTotal:        7797868 kB
MemFree:         2394288 kB
MemAvailable:    5387256 kB
Buffers:           40640 kB
Cached:          3068780 kB
SwapCached:          800 kB
Active:           587812 kB
Inactive:        4205788 kB
Active(anon):      20220 kB
Inactive(anon):  1668792 kB
Active(file):     567592 kB
Inactive(file):  2536996 kB
Unevictable:           0 kB
Mlocked:               0 kB
SwapTotal:       2097152 kB
SwapFree:        2088644 kB
Dirty:                 0 kB
Writeback:             0 kB
AnonPages:       1557816 kB
Mapped:           352584 kB
Shmem:              4836 kB
KReclaimable:     187844 kB
Slab:             284048 kB
SReclaimable:     187844 kB
SUnreclaim:        96204 kB
KernelStack:       17008 kB
PageTables:        13500 kB
NFS_Unstable:          0 kB
Bounce:                0 kB
WritebackTmp:          0 kB
CommitLimit:     5996084 kB
Committed_AS:    5765788 kB
VmallocTotal:   34359738367 kB
VmallocUsed:       39056 kB
VmallocChunk:          0 kB
Percpu:             8576 kB
AnonHugePages:   1103872 kB
ShmemHugePages:        0 kB
ShmemPmdMapped:        0 kB
FileHugePages:         0 kB
FilePmdMapped:         0 kB
HugePages_Total:       0
HugePages_Free:        0
HugePages_Rsvd:        0
HugePages_Surp:        0
Hugepagesize:       2048 kB
Hugetlb:               0 kB
DirectMap4k:       70656 kB
DirectMap2M:     6926336 kB
DirectMap1G:     9437184 kB

Current date and time: Sat May 13 05:37:08 UTC 2023
Current memory usage:
MemTotal:        7797868 kB
MemFree:         2393032 kB
MemAvailable:    5386008 kB
Buffers:           40648 kB
Cached:          3068784 kB
SwapCached:          800 kB
Active:           587824 kB
Inactive:        4205900 kB
Active(anon):      20224 kB
Inactive(anon):  1668904 kB
Active(file):     567600 kB
Inactive(file):  2536996 kB
Unevictable:           0 kB
Mlocked:               0 kB
SwapTotal:       2097152 kB
SwapFree:        2088644 kB
Dirty:                 0 kB
Writeback:             0 kB
AnonPages:       1557640 kB
Mapped:           353068 kB
Shmem:              4840 kB
KReclaimable:     187844 kB
Slab:             284136 kB
SReclaimable:     187844 kB
SUnreclaim:        96292 kB
KernelStack:       17040 kB
PageTables:        13584 kB
NFS_Unstable:          0 kB
Bounce:                0 kB
WritebackTmp:          0 kB
CommitLimit:     5996084 kB
Committed_AS:    5765792 kB
VmallocTotal:   34359738367 kB
VmallocUsed:       38976 kB
VmallocChunk:          0 kB
Percpu:             8576 kB
AnonHugePages:   1103872 kB
ShmemHugePages:        0 kB
ShmemPmdMapped:        0 kB
FileHugePages:         0 kB
FilePmdMapped:         0 kB
HugePages_Total:       0
HugePages_Free:        0
HugePages_Rsvd:        0
HugePages_Surp:        0
Hugepagesize:       2048 kB
Hugetlb:               0 kB
DirectMap4k:       70656 kB
DirectMap2M:     6926336 kB
DirectMap1G:     9437184 kB

Current date and time: Sat May 13 05:38:08 UTC 2023
Current memory usage:
MemTotal:        7797868 kB
MemFree:         2401652 kB
MemAvailable:    5395380 kB
Buffers:           40672 kB
Cached:          3069508 kB
SwapCached:          800 kB
Active:           587864 kB
Inactive:        4201492 kB
Active(anon):      20228 kB
Inactive(anon):  1663796 kB
Active(file):     567636 kB
Inactive(file):  2537696 kB
Unevictable:           0 kB
Mlocked:               0 kB
SwapTotal:       2097152 kB
SwapFree:        2088644 kB
Dirty:                12 kB
Writeback:             0 kB
AnonPages:       1554136 kB
Mapped:           353220 kB
Shmem:              4844 kB
KReclaimable:     187860 kB
Slab:             284136 kB
SReclaimable:     187860 kB
SUnreclaim:        96276 kB
KernelStack:       17040 kB
PageTables:        13636 kB
NFS_Unstable:          0 kB
Bounce:                0 kB
WritebackTmp:          0 kB
CommitLimit:     5996084 kB
Committed_AS:    5761700 kB
VmallocTotal:   34359738367 kB
VmallocUsed:       39008 kB
VmallocChunk:          0 kB
Percpu:             8576 kB
AnonHugePages:   1099776 kB
ShmemHugePages:        0 kB
ShmemPmdMapped:        0 kB
FileHugePages:         0 kB
FilePmdMapped:         0 kB
HugePages_Total:       0
HugePages_Free:        0
HugePages_Rsvd:        0
HugePages_Surp:        0
Hugepagesize:       2048 kB
Hugetlb:               0 kB
DirectMap4k:       70656 kB
DirectMap2M:     6926336 kB
DirectMap1G:     9437184 kB

Current date and time: Sat May 13 05:39:08 UTC 2023
Current memory usage:
MemTotal:        7797868 kB
MemFree:         2395968 kB
MemAvailable:    5389744 kB
Buffers:           40680 kB
Cached:          3069512 kB
SwapCached:          800 kB
Active:           587884 kB
Inactive:        4201324 kB
Active(anon):      20232 kB
Inactive(anon):  1663628 kB
Active(file):     567652 kB
Inactive(file):  2537696 kB
Unevictable:           0 kB
Mlocked:               0 kB
SwapTotal:       2097152 kB
SwapFree:        2088644 kB
Dirty:                 0 kB
Writeback:             0 kB
AnonPages:       1553972 kB
Mapped:           353116 kB
Shmem:              4848 kB
KReclaimable:     187892 kB
Slab:             284124 kB
SReclaimable:     187892 kB
SUnreclaim:        96232 kB
KernelStack:       17024 kB
PageTables:        13500 kB
NFS_Unstable:          0 kB
Bounce:                0 kB
WritebackTmp:          0 kB
CommitLimit:     5996084 kB
Committed_AS:    5761704 kB
VmallocTotal:   34359738367 kB
VmallocUsed:       39040 kB
VmallocChunk:          0 kB
Percpu:             8576 kB
AnonHugePages:   1099776 kB
ShmemHugePages:        0 kB
ShmemPmdMapped:        0 kB
FileHugePages:         0 kB
FilePmdMapped:         0 kB
HugePages_Total:       0
HugePages_Free:        0
HugePages_Rsvd:        0
HugePages_Surp:        0
Hugepagesize:       2048 kB
Hugetlb:               0 kB
DirectMap4k:       70656 kB
DirectMap2M:     6926336 kB
DirectMap1G:     9437184 kB

Current date and time: Sat May 13 05:40:10 UTC 2023
Current memory usage:
MemTotal:        7797868 kB
MemFree:         2401404 kB
MemAvailable:    5395184 kB
Buffers:           40712 kB
Cached:          3069520 kB
SwapCached:          800 kB
Active:           587664 kB
Inactive:        4201220 kB
Active(anon):      19980 kB
Inactive(anon):  1663520 kB
Active(file):     567684 kB
Inactive(file):  2537700 kB
Unevictable:           0 kB
Mlocked:               0 kB
SwapTotal:       2097152 kB
SwapFree:        2088644 kB
Dirty:                12 kB
Writeback:             0 kB
AnonPages:       1554280 kB
Mapped:           353476 kB
Shmem:              4852 kB
KReclaimable:     187860 kB
Slab:             284144 kB
SReclaimable:     187860 kB
SUnreclaim:        96284 kB
KernelStack:       17040 kB
PageTables:        13620 kB
NFS_Unstable:          0 kB
Bounce:                0 kB
WritebackTmp:          0 kB
CommitLimit:     5996084 kB
Committed_AS:    5761964 kB
VmallocTotal:   34359738367 kB
VmallocUsed:       39040 kB
VmallocChunk:          0 kB
Percpu:             8576 kB
AnonHugePages:   1099776 kB
ShmemHugePages:        0 kB
ShmemPmdMapped:        0 kB
FileHugePages:         0 kB
FilePmdMapped:         0 kB
HugePages_Total:       0
HugePages_Free:        0
HugePages_Rsvd:        0
HugePages_Surp:        0
Hugepagesize:       2048 kB
Hugetlb:               0 kB
DirectMap4k:       70656 kB
DirectMap2M:     6926336 kB
DirectMap1G:     9437184 kB

Current date and time: Sat May 13 05:41:08 UTC 2023
Current memory usage:
MemTotal:        7797868 kB
MemFree:         2401120 kB
MemAvailable:    5394924 kB
Buffers:           40720 kB
Cached:          3069524 kB
SwapCached:          800 kB
Active:           587680 kB
Inactive:        4201108 kB
Active(anon):      19984 kB
Inactive(anon):  1663412 kB
Active(file):     567696 kB
Inactive(file):  2537696 kB
Unevictable:           0 kB
Mlocked:               0 kB
SwapTotal:       2097152 kB
SwapFree:        2088644 kB
Dirty:                 0 kB
Writeback:             0 kB
AnonPages:       1553828 kB
Mapped:           353136 kB
Shmem:              4856 kB
KReclaimable:     187876 kB
Slab:             284132 kB
SReclaimable:     187876 kB
SUnreclaim:        96256 kB
KernelStack:       17024 kB
PageTables:        13496 kB
NFS_Unstable:          0 kB
Bounce:                0 kB
WritebackTmp:          0 kB
CommitLimit:     5996084 kB
Committed_AS:    5762224 kB
VmallocTotal:   34359738367 kB
VmallocUsed:       39056 kB
VmallocChunk:          0 kB
Percpu:             8576 kB
AnonHugePages:   1099776 kB
ShmemHugePages:        0 kB
ShmemPmdMapped:        0 kB
FileHugePages:         0 kB
FilePmdMapped:         0 kB
HugePages_Total:       0
HugePages_Free:        0
HugePages_Rsvd:        0
HugePages_Surp:        0
Hugepagesize:       2048 kB
Hugetlb:               0 kB
DirectMap4k:       70656 kB
DirectMap2M:     6926336 kB
DirectMap1G:     9437184 kB

Current date and time: Sat May 13 05:42:07 UTC 2023
Current memory usage:
MemTotal:        7797868 kB
MemFree:         2399732 kB
MemAvailable:    5393528 kB
Buffers:           40728 kB
Cached:          3069528 kB
SwapCached:          800 kB
Active:           587692 kB
Inactive:        4201180 kB
Active(anon):      19988 kB
Inactive(anon):  1663484 kB
Active(file):     567704 kB
Inactive(file):  2537696 kB
Unevictable:           0 kB
Mlocked:               0 kB
SwapTotal:       2097152 kB
SwapFree:        2088644 kB
Dirty:                 0 kB
Writeback:             0 kB
AnonPages:       1553968 kB
Mapped:           353148 kB
Shmem:              4860 kB
KReclaimable:     187860 kB
Slab:             284120 kB
SReclaimable:     187860 kB
SUnreclaim:        96260 kB
KernelStack:       17040 kB
PageTables:        13496 kB
NFS_Unstable:          0 kB
Bounce:                0 kB
WritebackTmp:          0 kB
CommitLimit:     5996084 kB
Committed_AS:    5762228 kB
VmallocTotal:   34359738367 kB
VmallocUsed:       39072 kB
VmallocChunk:          0 kB
Percpu:             8576 kB
AnonHugePages:   1099776 kB
ShmemHugePages:        0 kB
ShmemPmdMapped:        0 kB
FileHugePages:         0 kB
FilePmdMapped:         0 kB
HugePages_Total:       0
HugePages_Free:        0
HugePages_Rsvd:        0
HugePages_Surp:        0
Hugepagesize:       2048 kB
Hugetlb:               0 kB
DirectMap4k:       70656 kB
DirectMap2M:     6926336 kB
DirectMap1G:     9437184 kB

Current date and time: Sat May 13 05:43:08 UTC 2023
Current memory usage:
MemTotal:        7797868 kB
MemFree:         2402068 kB
MemAvailable:    5395904 kB
Buffers:           40736 kB
Cached:          3069532 kB
SwapCached:          800 kB
Active:           587704 kB
Inactive:        4201116 kB
Active(anon):      19992 kB
Inactive(anon):  1663420 kB
Active(file):     567712 kB
Inactive(file):  2537696 kB
Unevictable:           0 kB
Mlocked:               0 kB
SwapTotal:       2097152 kB
SwapFree:        2088644 kB
Dirty:                 0 kB
Writeback:             0 kB
AnonPages:       1553764 kB
Mapped:           353076 kB
Shmem:              4864 kB
KReclaimable:     187892 kB
Slab:             284204 kB
SReclaimable:     187892 kB
SUnreclaim:        96312 kB
KernelStack:       17040 kB
PageTables:        13644 kB
NFS_Unstable:          0 kB
Bounce:                0 kB
WritebackTmp:          0 kB
CommitLimit:     5996084 kB
Committed_AS:    5762232 kB
VmallocTotal:   34359738367 kB
VmallocUsed:       39072 kB
VmallocChunk:          0 kB
Percpu:             8576 kB
AnonHugePages:   1099776 kB
ShmemHugePages:        0 kB
ShmemPmdMapped:        0 kB
FileHugePages:         0 kB
FilePmdMapped:         0 kB
HugePages_Total:       0
HugePages_Free:        0
HugePages_Rsvd:        0
HugePages_Surp:        0
Hugepagesize:       2048 kB
Hugetlb:               0 kB
DirectMap4k:       70656 kB
DirectMap2M:     6926336 kB
DirectMap1G:     9437184 kB

Current date and time: Sat May 13 05:44:08 UTC 2023
Current memory usage:
MemTotal:        7797868 kB
MemFree:         2400968 kB
MemAvailable:    5394828 kB
Buffers:           40744 kB
Cached:          3069536 kB
SwapCached:          800 kB
Active:           587716 kB
Inactive:        4200784 kB
Active(anon):      19996 kB
Inactive(anon):  1663088 kB
Active(file):     567720 kB
Inactive(file):  2537696 kB
Unevictable:           0 kB
Mlocked:               0 kB
SwapTotal:       2097152 kB
SwapFree:        2088644 kB
Dirty:                 0 kB
Writeback:             0 kB
AnonPages:       1553220 kB
Mapped:           353140 kB
Shmem:              4868 kB
KReclaimable:     187908 kB
Slab:             284180 kB
SReclaimable:     187908 kB
SUnreclaim:        96272 kB
KernelStack:       17024 kB
PageTables:        13496 kB
NFS_Unstable:          0 kB
Bounce:                0 kB
WritebackTmp:          0 kB
CommitLimit:     5996084 kB
Committed_AS:    5762236 kB
VmallocTotal:   34359738367 kB
VmallocUsed:       39056 kB
VmallocChunk:          0 kB
Percpu:             8576 kB
AnonHugePages:   1099776 kB
ShmemHugePages:        0 kB
ShmemPmdMapped:        0 kB
FileHugePages:         0 kB
FilePmdMapped:         0 kB
HugePages_Total:       0
HugePages_Free:        0
HugePages_Rsvd:        0
HugePages_Surp:        0
Hugepagesize:       2048 kB
Hugetlb:               0 kB
DirectMap4k:       70656 kB
DirectMap2M:     6926336 kB
DirectMap1G:     9437184 kB

Current date and time: Sat May 13 05:45:08 UTC 2023
Current memory usage:
MemTotal:        7797868 kB
MemFree:         2407368 kB
MemAvailable:    5401212 kB
Buffers:           40776 kB
Cached:          3069540 kB
SwapCached:          800 kB
Active:           587756 kB
Inactive:        4200828 kB
Active(anon):      20000 kB
Inactive(anon):  1663136 kB
Active(file):     567756 kB
Inactive(file):  2537692 kB
Unevictable:           0 kB
Mlocked:               0 kB
SwapTotal:       2097152 kB
SwapFree:        2088644 kB
Dirty:                 0 kB
Writeback:             0 kB
AnonPages:       1553284 kB
Mapped:           353228 kB
Shmem:              4872 kB
KReclaimable:     187860 kB
Slab:             284132 kB
SReclaimable:     187860 kB
SUnreclaim:        96272 kB
KernelStack:       17024 kB
PageTables:        13492 kB
NFS_Unstable:          0 kB
Bounce:                0 kB
WritebackTmp:          0 kB
CommitLimit:     5996084 kB
Committed_AS:    5762240 kB
VmallocTotal:   34359738367 kB
VmallocUsed:       39056 kB
VmallocChunk:          0 kB
Percpu:             8576 kB
AnonHugePages:   1099776 kB
ShmemHugePages:        0 kB
ShmemPmdMapped:        0 kB
FileHugePages:         0 kB
FilePmdMapped:         0 kB
HugePages_Total:       0
HugePages_Free:        0
HugePages_Rsvd:        0
HugePages_Surp:        0
Hugepagesize:       2048 kB
Hugetlb:               0 kB
DirectMap4k:       70656 kB
DirectMap2M:     6926336 kB
DirectMap1G:     9437184 kB

Current date and time: Sat May 13 05:46:08 UTC 2023
Current memory usage:
MemTotal:        7797868 kB
MemFree:         2398612 kB
MemAvailable:    5392512 kB
Buffers:           40800 kB
Cached:          3069544 kB
SwapCached:          800 kB
Active:           587708 kB
Inactive:        4201684 kB
Active(anon):      19928 kB
Inactive(anon):  1663992 kB
Active(file):     567780 kB
Inactive(file):  2537692 kB
Unevictable:           0 kB
Mlocked:               0 kB
SwapTotal:       2097152 kB
SwapFree:        2088644 kB
Dirty:                12 kB
Writeback:             0 kB
AnonPages:       1554016 kB
Mapped:           353076 kB
Shmem:              4876 kB
KReclaimable:     187892 kB
Slab:             284192 kB
SReclaimable:     187892 kB
SUnreclaim:        96300 kB
KernelStack:       17040 kB
PageTables:        13500 kB
NFS_Unstable:          0 kB
Bounce:                0 kB
WritebackTmp:          0 kB
CommitLimit:     5996084 kB
Committed_AS:    5762244 kB
VmallocTotal:   34359738367 kB
VmallocUsed:       39008 kB
VmallocChunk:          0 kB
Percpu:             8576 kB
AnonHugePages:   1099776 kB
ShmemHugePages:        0 kB
ShmemPmdMapped:        0 kB
FileHugePages:         0 kB
FilePmdMapped:         0 kB
HugePages_Total:       0
HugePages_Free:        0
HugePages_Rsvd:        0
HugePages_Surp:        0
Hugepagesize:       2048 kB
Hugetlb:               0 kB
DirectMap4k:       70656 kB
DirectMap2M:     6926336 kB
DirectMap1G:     9437184 kB

Current date and time: Sat May 13 05:47:08 UTC 2023
Current memory usage:
MemTotal:        7797868 kB
MemFree:         2397256 kB
MemAvailable:    5391256 kB
Buffers:           40848 kB
Cached:          3069628 kB
SwapCached:          800 kB
Active:           588076 kB
Inactive:        4207956 kB
Active(anon):      20248 kB
Inactive(anon):  1670196 kB
Active(file):     567828 kB
Inactive(file):  2537760 kB
Unevictable:           0 kB
Mlocked:               0 kB
SwapTotal:       2097152 kB
SwapFree:        2088644 kB
Dirty:                 0 kB
Writeback:             0 kB
AnonPages:       1558320 kB
Mapped:           353232 kB
Shmem:              4880 kB
KReclaimable:     187876 kB
Slab:             284216 kB
SReclaimable:     187876 kB
SUnreclaim:        96340 kB
KernelStack:       17040 kB
PageTables:        13640 kB
NFS_Unstable:          0 kB
Bounce:                0 kB
WritebackTmp:          0 kB
CommitLimit:     5996084 kB
Committed_AS:    5766344 kB
VmallocTotal:   34359738367 kB
VmallocUsed:       39024 kB
VmallocChunk:          0 kB
Percpu:             8576 kB
AnonHugePages:   1101824 kB
ShmemHugePages:        0 kB
ShmemPmdMapped:        0 kB
FileHugePages:         0 kB
FilePmdMapped:         0 kB
HugePages_Total:       0
HugePages_Free:        0
HugePages_Rsvd:        0
HugePages_Surp:        0
Hugepagesize:       2048 kB
Hugetlb:               0 kB
DirectMap4k:       70656 kB
DirectMap2M:     6926336 kB
DirectMap1G:     9437184 kB

Current date and time: Sat May 13 05:48:08 UTC 2023
Current memory usage:
MemTotal:        7797868 kB
MemFree:         2400212 kB
MemAvailable:    5394232 kB
Buffers:           40856 kB
Cached:          3069632 kB
SwapCached:          800 kB
Active:           588088 kB
Inactive:        4207680 kB
