
Current date and time: Mon May 15 04:23:23 UTC 2023
Current memory usage:
MemTotal:        7797868 kB
MemFree:         3093660 kB
MemAvailable:    6002968 kB
Buffers:           37752 kB
Cached:          2989788 kB
SwapCached:          428 kB
Active:           520760 kB
Inactive:        3592188 kB
Active(anon):      17064 kB
Inactive(anon):  1072368 kB
Active(file):     503696 kB
Inactive(file):  2519820 kB
Unevictable:           0 kB
Mlocked:               0 kB
SwapTotal:       2097152 kB
SwapFree:        2088644 kB
Dirty:                 0 kB
Writeback:             0 kB
AnonPages:        986456 kB
Mapped:           311428 kB
Shmem:              4140 kB
KReclaimable:     185256 kB
Slab:             277788 kB
SReclaimable:     185256 kB
SUnreclaim:        92532 kB
KernelStack:       15360 kB
PageTables:        11280 kB
NFS_Unstable:          0 kB
Bounce:                0 kB
WritebackTmp:          0 kB
CommitLimit:     5996084 kB
Committed_AS:    4779080 kB
VmallocTotal:   34359738367 kB
VmallocUsed:       37304 kB
VmallocChunk:          0 kB
Percpu:             8000 kB
AnonHugePages:    587776 kB
ShmemHugePages:        0 kB
ShmemPmdMapped:        0 kB
FileHugePages:         0 kB
FilePmdMapped:         0 kB
HugePages_Total:       0
HugePages_Free:        0
HugePages_Rsvd:        0
HugePages_Surp:        0
Hugepagesize:       2048 kB
Hugetlb:               0 kB
DirectMap4k:       48128 kB
DirectMap2M:     5900288 kB
DirectMap1G:    10485760 kB

Current date and time: Mon May 15 04:24:22 UTC 2023
Current memory usage:
MemTotal:        7797868 kB
MemFree:         3093560 kB
MemAvailable:    6003520 kB
Buffers:           37760 kB
Cached:          2990420 kB
SwapCached:          428 kB
Active:           534160 kB
Inactive:        3580672 kB
Active(anon):      17064 kB
Inactive(anon):  1073600 kB
Active(file):     517096 kB
Inactive(file):  2507072 kB
Unevictable:           0 kB
Mlocked:               0 kB
SwapTotal:       2097152 kB
SwapFree:        2088644 kB
Dirty:                 0 kB
Writeback:             0 kB
AnonPages:        986564 kB
Mapped:           311420 kB
Shmem:              4144 kB
KReclaimable:     185256 kB
Slab:             277776 kB
SReclaimable:     185256 kB
SUnreclaim:        92520 kB
KernelStack:       15344 kB
PageTables:        11352 kB
NFS_Unstable:          0 kB
Bounce:                0 kB
WritebackTmp:          0 kB
CommitLimit:     5996084 kB
Committed_AS:    4779084 kB
VmallocTotal:   34359738367 kB
VmallocUsed:       37288 kB
VmallocChunk:          0 kB
Percpu:             8000 kB
AnonHugePages:    589824 kB
ShmemHugePages:        0 kB
ShmemPmdMapped:        0 kB
FileHugePages:         0 kB
FilePmdMapped:         0 kB
HugePages_Total:       0
HugePages_Free:        0
HugePages_Rsvd:        0
HugePages_Surp:        0
Hugepagesize:       2048 kB
Hugetlb:               0 kB
DirectMap4k:       48128 kB
DirectMap2M:     5900288 kB
DirectMap1G:    10485760 kB

Current date and time: Mon May 15 04:25:22 UTC 2023
Current memory usage:
MemTotal:        7797868 kB
MemFree:         3075556 kB
MemAvailable:    5985524 kB
Buffers:           37768 kB
Cached:          2990424 kB
SwapCached:          428 kB
Active:           537244 kB
Inactive:        3590320 kB
Active(anon):      17068 kB
Inactive(anon):  1086320 kB
Active(file):     520176 kB
Inactive(file):  2504000 kB
Unevictable:           0 kB
Mlocked:               0 kB
SwapTotal:       2097152 kB
SwapFree:        2088644 kB
Dirty:                 0 kB
Writeback:             0 kB
AnonPages:        998572 kB
Mapped:           311464 kB
Shmem:              4148 kB
KReclaimable:     185256 kB
Slab:             277772 kB
SReclaimable:     185256 kB
SUnreclaim:        92516 kB
KernelStack:       15360 kB
PageTables:        11344 kB
NFS_Unstable:          0 kB
Bounce:                0 kB
WritebackTmp:          0 kB
CommitLimit:     5996084 kB
Committed_AS:    4779088 kB
VmallocTotal:   34359738367 kB
VmallocUsed:       37272 kB
VmallocChunk:          0 kB
Percpu:             8000 kB
AnonHugePages:    606208 kB
ShmemHugePages:        0 kB
ShmemPmdMapped:        0 kB
FileHugePages:         0 kB
FilePmdMapped:         0 kB
HugePages_Total:       0
HugePages_Free:        0
HugePages_Rsvd:        0
HugePages_Surp:        0
Hugepagesize:       2048 kB
Hugetlb:               0 kB
DirectMap4k:       48128 kB
DirectMap2M:     5900288 kB
DirectMap1G:    10485760 kB

Current date and time: Mon May 15 04:26:23 UTC 2023
Current memory usage:
MemTotal:        7797868 kB
MemFree:         3074160 kB
MemAvailable:    5984136 kB
Buffers:           37776 kB
Cached:          2990428 kB
SwapCached:          428 kB
Active:           538096 kB
Inactive:        3594680 kB
Active(anon):      17072 kB
Inactive(anon):  1091520 kB
Active(file):     521024 kB
Inactive(file):  2503160 kB
Unevictable:           0 kB
Mlocked:               0 kB
SwapTotal:       2097152 kB
SwapFree:        2088644 kB
Dirty:                 0 kB
Writeback:             0 kB
AnonPages:       1002844 kB
Mapped:           311392 kB
Shmem:              4152 kB
KReclaimable:     185256 kB
Slab:             277776 kB
SReclaimable:     185256 kB
SUnreclaim:        92520 kB
KernelStack:       15360 kB
PageTables:        11348 kB
NFS_Unstable:          0 kB
Bounce:                0 kB
WritebackTmp:          0 kB
CommitLimit:     5996084 kB
Committed_AS:    4779092 kB
VmallocTotal:   34359738367 kB
VmallocUsed:       37320 kB
VmallocChunk:          0 kB
Percpu:             8000 kB
AnonHugePages:    612352 kB
ShmemHugePages:        0 kB
ShmemPmdMapped:        0 kB
FileHugePages:         0 kB
FilePmdMapped:         0 kB
HugePages_Total:       0
HugePages_Free:        0
HugePages_Rsvd:        0
HugePages_Surp:        0
Hugepagesize:       2048 kB
Hugetlb:               0 kB
DirectMap4k:       48128 kB
DirectMap2M:     5900288 kB
DirectMap1G:    10485760 kB

Current date and time: Mon May 15 04:27:22 UTC 2023
Current memory usage:
MemTotal:        7797868 kB
MemFree:         3057304 kB
MemAvailable:    5967324 kB
Buffers:           37812 kB
Cached:          2990448 kB
SwapCached:          428 kB
Active:           539464 kB
Inactive:        3610556 kB
Active(anon):      17076 kB
Inactive(anon):  1108716 kB
Active(file):     522388 kB
Inactive(file):  2501840 kB
Unevictable:           0 kB
Mlocked:               0 kB
SwapTotal:       2097152 kB
SwapFree:        2088644 kB
Dirty:                 8 kB
Writeback:             0 kB
AnonPages:       1019492 kB
Mapped:           311460 kB
Shmem:              4156 kB
KReclaimable:     185256 kB
Slab:             277776 kB
SReclaimable:     185256 kB
SUnreclaim:        92520 kB
KernelStack:       15264 kB
PageTables:        11344 kB
NFS_Unstable:          0 kB
Bounce:                0 kB
WritebackTmp:          0 kB
CommitLimit:     5996084 kB
Committed_AS:    4779096 kB
VmallocTotal:   34359738367 kB
VmallocUsed:       37256 kB
VmallocChunk:          0 kB
Percpu:             8000 kB
AnonHugePages:    628736 kB
ShmemHugePages:        0 kB
ShmemPmdMapped:        0 kB
FileHugePages:         0 kB
FilePmdMapped:         0 kB
HugePages_Total:       0
HugePages_Free:        0
HugePages_Rsvd:        0
HugePages_Surp:        0
Hugepagesize:       2048 kB
Hugetlb:               0 kB
DirectMap4k:       48128 kB
DirectMap2M:     5900288 kB
DirectMap1G:    10485760 kB

Current date and time: Mon May 15 04:28:22 UTC 2023
Current memory usage:
MemTotal:        7797868 kB
MemFree:         3054980 kB
MemAvailable:    5965024 kB
Buffers:           37828 kB
Cached:          2990452 kB
SwapCached:          428 kB
Active:           539732 kB
Inactive:        3610556 kB
Active(anon):      17080 kB
Inactive(anon):  1108956 kB
Active(file):     522652 kB
Inactive(file):  2501600 kB
Unevictable:           0 kB
Mlocked:               0 kB
SwapTotal:       2097152 kB
SwapFree:        2088644 kB
Dirty:                 0 kB
Writeback:             0 kB
AnonPages:       1019400 kB
Mapped:           311280 kB
Shmem:              4160 kB
KReclaimable:     185256 kB
Slab:             277772 kB
SReclaimable:     185256 kB
SUnreclaim:        92516 kB
KernelStack:       15200 kB
PageTables:        11336 kB
NFS_Unstable:          0 kB
Bounce:                0 kB
WritebackTmp:          0 kB
CommitLimit:     5996084 kB
Committed_AS:    4779100 kB
VmallocTotal:   34359738367 kB
VmallocUsed:       37096 kB
VmallocChunk:          0 kB
Percpu:             8000 kB
AnonHugePages:    630784 kB
ShmemHugePages:        0 kB
ShmemPmdMapped:        0 kB
FileHugePages:         0 kB
FilePmdMapped:         0 kB
HugePages_Total:       0
HugePages_Free:        0
HugePages_Rsvd:        0
HugePages_Surp:        0
Hugepagesize:       2048 kB
Hugetlb:               0 kB
DirectMap4k:       48128 kB
DirectMap2M:     5900288 kB
DirectMap1G:    10485760 kB

Current date and time: Mon May 15 04:29:22 UTC 2023
Current memory usage:
MemTotal:        7797868 kB
MemFree:         3045144 kB
MemAvailable:    5955264 kB
Buffers:           37836 kB
Cached:          2990524 kB
SwapCached:          428 kB
Active:           539748 kB
Inactive:        3621188 kB
Active(anon):      17084 kB
Inactive(anon):  1119524 kB
Active(file):     522664 kB
Inactive(file):  2501664 kB
Unevictable:           0 kB
Mlocked:               0 kB
SwapTotal:       2097152 kB
SwapFree:        2088644 kB
Dirty:                 0 kB
Writeback:             0 kB
AnonPages:       1029660 kB
Mapped:           311588 kB
Shmem:              4164 kB
KReclaimable:     185256 kB
Slab:             277764 kB
SReclaimable:     185256 kB
SUnreclaim:        92508 kB
KernelStack:       15232 kB
PageTables:        11348 kB
NFS_Unstable:          0 kB
Bounce:                0 kB
WritebackTmp:          0 kB
CommitLimit:     5996084 kB
Committed_AS:    4779104 kB
VmallocTotal:   34359738367 kB
VmallocUsed:       37192 kB
VmallocChunk:          0 kB
Percpu:             8000 kB
AnonHugePages:    643072 kB
ShmemHugePages:        0 kB
ShmemPmdMapped:        0 kB
FileHugePages:         0 kB
FilePmdMapped:         0 kB
HugePages_Total:       0
HugePages_Free:        0
HugePages_Rsvd:        0
HugePages_Surp:        0
Hugepagesize:       2048 kB
Hugetlb:               0 kB
DirectMap4k:       48128 kB
DirectMap2M:     5900288 kB
DirectMap1G:    10485760 kB

Current date and time: Mon May 15 04:30:22 UTC 2023
Current memory usage:
MemTotal:        7797868 kB
MemFree:         3034348 kB
MemAvailable:    5944488 kB
Buffers:           37852 kB
Cached:          2990532 kB
SwapCached:          428 kB
Active:           539828 kB
Inactive:        3628208 kB
Active(anon):      17088 kB
Inactive(anon):  1126600 kB
Active(file):     522740 kB
Inactive(file):  2501608 kB
Unevictable:           0 kB
Mlocked:               0 kB
SwapTotal:       2097152 kB
SwapFree:        2088644 kB
Dirty:                 0 kB
Writeback:             0 kB
AnonPages:       1036260 kB
Mapped:           311332 kB
Shmem:              4168 kB
KReclaimable:     185256 kB
Slab:             277764 kB
SReclaimable:     185256 kB
SUnreclaim:        92508 kB
KernelStack:       15232 kB
PageTables:        11344 kB
NFS_Unstable:          0 kB
Bounce:                0 kB
WritebackTmp:          0 kB
CommitLimit:     5996084 kB
Committed_AS:    4779108 kB
VmallocTotal:   34359738367 kB
VmallocUsed:       37176 kB
VmallocChunk:          0 kB
Percpu:             8000 kB
AnonHugePages:    651264 kB
ShmemHugePages:        0 kB
ShmemPmdMapped:        0 kB
FileHugePages:         0 kB
FilePmdMapped:         0 kB
HugePages_Total:       0
HugePages_Free:        0
HugePages_Rsvd:        0
HugePages_Surp:        0
Hugepagesize:       2048 kB
Hugetlb:               0 kB
DirectMap4k:       48128 kB
DirectMap2M:     5900288 kB
DirectMap1G:    10485760 kB

Current date and time: Mon May 15 04:31:22 UTC 2023
Current memory usage:
MemTotal:        7797868 kB
MemFree:         3032412 kB
MemAvailable:    5942560 kB
Buffers:           37860 kB
Cached:          2990536 kB
SwapCached:          428 kB
Active:           539908 kB
Inactive:        3634828 kB
Active(anon):      17092 kB
Inactive(anon):  1133288 kB
Active(file):     522816 kB
Inactive(file):  2501540 kB
Unevictable:           0 kB
Mlocked:               0 kB
SwapTotal:       2097152 kB
SwapFree:        2088644 kB
Dirty:                 0 kB
Writeback:             0 kB
AnonPages:       1047748 kB
Mapped:           310956 kB
Shmem:              4172 kB
KReclaimable:     185256 kB
Slab:             277768 kB
SReclaimable:     185256 kB
SUnreclaim:        92512 kB
KernelStack:       15232 kB
PageTables:        11348 kB
NFS_Unstable:          0 kB
Bounce:                0 kB
WritebackTmp:          0 kB
CommitLimit:     5996084 kB
Committed_AS:    4779112 kB
VmallocTotal:   34359738367 kB
VmallocUsed:       37128 kB
VmallocChunk:          0 kB
Percpu:             8000 kB
AnonHugePages:    677888 kB
ShmemHugePages:        0 kB
ShmemPmdMapped:        0 kB
FileHugePages:         0 kB
FilePmdMapped:         0 kB
HugePages_Total:       0
HugePages_Free:        0
HugePages_Rsvd:        0
HugePages_Surp:        0
Hugepagesize:       2048 kB
Hugetlb:               0 kB
DirectMap4k:       48128 kB
DirectMap2M:     5900288 kB
DirectMap1G:    10485760 kB

Current date and time: Mon May 15 04:32:22 UTC 2023
Current memory usage:
MemTotal:        7797868 kB
MemFree:         3033820 kB
MemAvailable:    5943976 kB
Buffers:           37868 kB
Cached:          2990540 kB
SwapCached:          428 kB
Active:           540012 kB
Inactive:        3634796 kB
Active(anon):      17092 kB
Inactive(anon):  1133352 kB
Active(file):     522920 kB
Inactive(file):  2501444 kB
Unevictable:           0 kB
Mlocked:               0 kB
SwapTotal:       2097152 kB
SwapFree:        2088644 kB
Dirty:                 0 kB
Writeback:             0 kB
AnonPages:       1047304 kB
Mapped:           311208 kB
Shmem:              4176 kB
KReclaimable:     185256 kB
Slab:             277772 kB
SReclaimable:     185256 kB
SUnreclaim:        92516 kB
KernelStack:       15232 kB
PageTables:        11344 kB
NFS_Unstable:          0 kB
Bounce:                0 kB
WritebackTmp:          0 kB
CommitLimit:     5996084 kB
Committed_AS:    4779116 kB
VmallocTotal:   34359738367 kB
VmallocUsed:       37128 kB
VmallocChunk:          0 kB
Percpu:             8000 kB
AnonHugePages:    665600 kB
ShmemHugePages:        0 kB
ShmemPmdMapped:        0 kB
FileHugePages:         0 kB
FilePmdMapped:         0 kB
HugePages_Total:       0
HugePages_Free:        0
HugePages_Rsvd:        0
HugePages_Surp:        0
Hugepagesize:       2048 kB
Hugetlb:               0 kB
DirectMap4k:       48128 kB
DirectMap2M:     5900288 kB
DirectMap1G:    10485760 kB

Current date and time: Mon May 15 04:33:21 UTC 2023
Current memory usage:
MemTotal:        7797868 kB
MemFree:         3033184 kB
MemAvailable:    5943348 kB
Buffers:           37876 kB
Cached:          2990540 kB
SwapCached:          428 kB
Active:           540112 kB
Inactive:        3634800 kB
Active(anon):      17096 kB
Inactive(anon):  1133444 kB
Active(file):     523016 kB
Inactive(file):  2501356 kB
Unevictable:           0 kB
Mlocked:               0 kB
SwapTotal:       2097152 kB
SwapFree:        2088644 kB
Dirty:                 0 kB
Writeback:             0 kB
AnonPages:       1047248 kB
Mapped:           310860 kB
Shmem:              4176 kB
KReclaimable:     185256 kB
Slab:             277740 kB
SReclaimable:     185256 kB
SUnreclaim:        92484 kB
KernelStack:       15232 kB
PageTables:        11344 kB
NFS_Unstable:          0 kB
Bounce:                0 kB
WritebackTmp:          0 kB
CommitLimit:     5996084 kB
Committed_AS:    4779120 kB
VmallocTotal:   34359738367 kB
VmallocUsed:       37144 kB
VmallocChunk:          0 kB
Percpu:             8000 kB
AnonHugePages:    663552 kB
ShmemHugePages:        0 kB
ShmemPmdMapped:        0 kB
FileHugePages:         0 kB
FilePmdMapped:         0 kB
HugePages_Total:       0
HugePages_Free:        0
HugePages_Rsvd:        0
HugePages_Surp:        0
Hugepagesize:       2048 kB
Hugetlb:               0 kB
DirectMap4k:       48128 kB
DirectMap2M:     5900288 kB
DirectMap1G:    10485760 kB

Current date and time: Mon May 15 04:34:23 UTC 2023
Current memory usage:
MemTotal:        7797868 kB
MemFree:         3032344 kB
MemAvailable:    5942628 kB
Buffers:           37884 kB
Cached:          2990660 kB
SwapCached:          428 kB
Active:           540184 kB
Inactive:        3635196 kB
Active(anon):      17100 kB
Inactive(anon):  1133788 kB
Active(file):     523084 kB
Inactive(file):  2501408 kB
Unevictable:           0 kB
Mlocked:               0 kB
SwapTotal:       2097152 kB
SwapFree:        2088644 kB
Dirty:                 0 kB
Writeback:             0 kB
AnonPages:       1047476 kB
Mapped:           311528 kB
Shmem:              4184 kB
KReclaimable:     185256 kB
Slab:             277736 kB
SReclaimable:     185256 kB
SUnreclaim:        92480 kB
KernelStack:       15216 kB
PageTables:        11340 kB
NFS_Unstable:          0 kB
Bounce:                0 kB
WritebackTmp:          0 kB
CommitLimit:     5996084 kB
Committed_AS:    4779124 kB
VmallocTotal:   34359738367 kB
VmallocUsed:       37096 kB
VmallocChunk:          0 kB
Percpu:             8000 kB
AnonHugePages:    663552 kB
ShmemHugePages:        0 kB
ShmemPmdMapped:        0 kB
FileHugePages:         0 kB
FilePmdMapped:         0 kB
HugePages_Total:       0
HugePages_Free:        0
HugePages_Rsvd:        0
HugePages_Surp:        0
Hugepagesize:       2048 kB
Hugetlb:               0 kB
DirectMap4k:       48128 kB
DirectMap2M:     5900288 kB
DirectMap1G:    10485760 kB

Current date and time: Mon May 15 04:35:23 UTC 2023
Current memory usage:
MemTotal:        7797868 kB
MemFree:         3029324 kB
MemAvailable:    5939616 kB
Buffers:           37892 kB
Cached:          2990664 kB
SwapCached:          428 kB
Active:           540196 kB
Inactive:        3635464 kB
Active(anon):      17104 kB
Inactive(anon):  1134056 kB
Active(file):     523092 kB
Inactive(file):  2501408 kB
Unevictable:           0 kB
Mlocked:               0 kB
SwapTotal:       2097152 kB
SwapFree:        2088644 kB
Dirty:                 0 kB
Writeback:             0 kB
AnonPages:       1047616 kB
Mapped:           310900 kB
Shmem:              4188 kB
KReclaimable:     185256 kB
Slab:             277736 kB
SReclaimable:     185256 kB
SUnreclaim:        92480 kB
KernelStack:       15216 kB
PageTables:        11340 kB
NFS_Unstable:          0 kB
Bounce:                0 kB
WritebackTmp:          0 kB
CommitLimit:     5996084 kB
Committed_AS:    4779128 kB
VmallocTotal:   34359738367 kB
VmallocUsed:       37128 kB
VmallocChunk:          0 kB
Percpu:             8000 kB
AnonHugePages:    663552 kB
ShmemHugePages:        0 kB
ShmemPmdMapped:        0 kB
FileHugePages:         0 kB
FilePmdMapped:         0 kB
HugePages_Total:       0
HugePages_Free:        0
HugePages_Rsvd:        0
HugePages_Surp:        0
Hugepagesize:       2048 kB
Hugetlb:               0 kB
DirectMap4k:       48128 kB
DirectMap2M:     5900288 kB
DirectMap1G:    10485760 kB

Current date and time: Mon May 15 04:36:23 UTC 2023
Current memory usage:
MemTotal:        7797868 kB
MemFree:         3024588 kB
MemAvailable:    5934888 kB
Buffers:           37900 kB
Cached:          2990664 kB
SwapCached:          428 kB
Active:           540240 kB
Inactive:        3635604 kB
Active(anon):      17108 kB
Inactive(anon):  1134228 kB
Active(file):     523132 kB
Inactive(file):  2501376 kB
Unevictable:           0 kB
Mlocked:               0 kB
SwapTotal:       2097152 kB
SwapFree:        2088644 kB
Dirty:                 0 kB
Writeback:             0 kB
AnonPages:       1047528 kB
Mapped:           311560 kB
Shmem:              4188 kB
KReclaimable:     185256 kB
Slab:             277736 kB
SReclaimable:     185256 kB
SUnreclaim:        92480 kB
KernelStack:       15232 kB
PageTables:        11348 kB
NFS_Unstable:          0 kB
Bounce:                0 kB
WritebackTmp:          0 kB
CommitLimit:     5996084 kB
Committed_AS:    4779128 kB
VmallocTotal:   34359738367 kB
VmallocUsed:       37192 kB
VmallocChunk:          0 kB
Percpu:             8000 kB
AnonHugePages:    663552 kB
ShmemHugePages:        0 kB
ShmemPmdMapped:        0 kB
FileHugePages:         0 kB
FilePmdMapped:         0 kB
HugePages_Total:       0
HugePages_Free:        0
HugePages_Rsvd:        0
HugePages_Surp:        0
Hugepagesize:       2048 kB
Hugetlb:               0 kB
DirectMap4k:       48128 kB
DirectMap2M:     5900288 kB
DirectMap1G:    10485760 kB

Current date and time: Mon May 15 04:37:24 UTC 2023
Current memory usage:
MemTotal:        7797868 kB
MemFree:         3028968 kB
MemAvailable:    5939276 kB
Buffers:           37908 kB
Cached:          2990668 kB
SwapCached:          428 kB
Active:           540256 kB
Inactive:        3635372 kB
Active(anon):      17112 kB
Inactive(anon):  1134000 kB
Active(file):     523144 kB
Inactive(file):  2501372 kB
Unevictable:           0 kB
Mlocked:               0 kB
SwapTotal:       2097152 kB
SwapFree:        2088644 kB
Dirty:                 0 kB
Writeback:             0 kB
AnonPages:       1047144 kB
Mapped:           311216 kB
Shmem:              4192 kB
KReclaimable:     185256 kB
Slab:             277728 kB
SReclaimable:     185256 kB
SUnreclaim:        92472 kB
KernelStack:       15232 kB
PageTables:        11348 kB
NFS_Unstable:          0 kB
Bounce:                0 kB
WritebackTmp:          0 kB
CommitLimit:     5996084 kB
Committed_AS:    4779132 kB
VmallocTotal:   34359738367 kB
VmallocUsed:       37192 kB
VmallocChunk:          0 kB
Percpu:             8000 kB
AnonHugePages:    663552 kB
ShmemHugePages:        0 kB
ShmemPmdMapped:        0 kB
FileHugePages:         0 kB
FilePmdMapped:         0 kB
HugePages_Total:       0
HugePages_Free:        0
HugePages_Rsvd:        0
HugePages_Surp:        0
Hugepagesize:       2048 kB
Hugetlb:               0 kB
DirectMap4k:       48128 kB
DirectMap2M:     5900288 kB
DirectMap1G:    10485760 kB

Current date and time: Mon May 15 04:38:23 UTC 2023
Current memory usage:
MemTotal:        7797868 kB
MemFree:         3035524 kB
MemAvailable:    5945852 kB
Buffers:           37924 kB
Cached:          2990676 kB
SwapCached:          428 kB
Active:           540308 kB
Inactive:        3634728 kB
Active(anon):      17116 kB
Inactive(anon):  1133384 kB
Active(file):     523192 kB
Inactive(file):  2501344 kB
Unevictable:           0 kB
Mlocked:               0 kB
SwapTotal:       2097152 kB
SwapFree:        2088644 kB
Dirty:                 0 kB
Writeback:             0 kB
AnonPages:       1046504 kB
Mapped:           311672 kB
Shmem:              4196 kB
KReclaimable:     185256 kB
Slab:             277748 kB
SReclaimable:     185256 kB
SUnreclaim:        92492 kB
KernelStack:       15232 kB
PageTables:        11344 kB
NFS_Unstable:          0 kB
Bounce:                0 kB
WritebackTmp:          0 kB
CommitLimit:     5996084 kB
Committed_AS:    4779136 kB
VmallocTotal:   34359738367 kB
VmallocUsed:       37160 kB
VmallocChunk:          0 kB
Percpu:             8000 kB
AnonHugePages:    663552 kB
ShmemHugePages:        0 kB
ShmemPmdMapped:        0 kB
FileHugePages:         0 kB
FilePmdMapped:         0 kB
HugePages_Total:       0
HugePages_Free:        0
HugePages_Rsvd:        0
HugePages_Surp:        0
Hugepagesize:       2048 kB
Hugetlb:               0 kB
DirectMap4k:       48128 kB
DirectMap2M:     5900288 kB
DirectMap1G:    10485760 kB

Current date and time: Mon May 15 04:39:22 UTC 2023
Current memory usage:
MemTotal:        7797868 kB
MemFree:         3031876 kB
MemAvailable:    5942212 kB
Buffers:           37932 kB
Cached:          2990680 kB
SwapCached:          428 kB
Active:           540348 kB
Inactive:        3634692 kB
Active(anon):      17120 kB
Inactive(anon):  1133376 kB
Active(file):     523228 kB
Inactive(file):  2501316 kB
Unevictable:           0 kB
Mlocked:               0 kB
SwapTotal:       2097152 kB
SwapFree:        2088644 kB
Dirty:                 0 kB
Writeback:             0 kB
AnonPages:       1046476 kB
Mapped:           310988 kB
Shmem:              4200 kB
KReclaimable:     185256 kB
Slab:             277748 kB
SReclaimable:     185256 kB
SUnreclaim:        92492 kB
KernelStack:       15232 kB
PageTables:        11348 kB
NFS_Unstable:          0 kB
Bounce:                0 kB
WritebackTmp:          0 kB
CommitLimit:     5996084 kB
Committed_AS:    4779140 kB
VmallocTotal:   34359738367 kB
VmallocUsed:       37096 kB
VmallocChunk:          0 kB
Percpu:             8000 kB
AnonHugePages:    663552 kB
ShmemHugePages:        0 kB
ShmemPmdMapped:        0 kB
FileHugePages:         0 kB
FilePmdMapped:         0 kB
HugePages_Total:       0
HugePages_Free:        0
HugePages_Rsvd:        0
HugePages_Surp:        0
Hugepagesize:       2048 kB
Hugetlb:               0 kB
DirectMap4k:       48128 kB
DirectMap2M:     5900288 kB
DirectMap1G:    10485760 kB

Current date and time: Mon May 15 04:40:23 UTC 2023
Current memory usage:
MemTotal:        7797868 kB
MemFree:         3030972 kB
MemAvailable:    5941360 kB
Buffers:           37940 kB
Cached:          2990728 kB
SwapCached:          428 kB
Active:           540384 kB
Inactive:        3634680 kB
Active(anon):      17124 kB
Inactive(anon):  1133344 kB
Active(file):     523260 kB
Inactive(file):  2501336 kB
Unevictable:           0 kB
Mlocked:               0 kB
SwapTotal:       2097152 kB
SwapFree:        2088644 kB
Dirty:                 0 kB
Writeback:             0 kB
AnonPages:       1046368 kB
Mapped:           311148 kB
Shmem:              4204 kB
KReclaimable:     185256 kB
Slab:             277752 kB
SReclaimable:     185256 kB
SUnreclaim:        92496 kB
KernelStack:       15248 kB
PageTables:        11352 kB
NFS_Unstable:          0 kB
Bounce:                0 kB
WritebackTmp:          0 kB
CommitLimit:     5996084 kB
Committed_AS:    4779144 kB
VmallocTotal:   34359738367 kB
VmallocUsed:       37160 kB
VmallocChunk:          0 kB
Percpu:             8000 kB
AnonHugePages:    663552 kB
ShmemHugePages:        0 kB
ShmemPmdMapped:        0 kB
FileHugePages:         0 kB
FilePmdMapped:         0 kB
HugePages_Total:       0
HugePages_Free:        0
HugePages_Rsvd:        0
HugePages_Surp:        0
Hugepagesize:       2048 kB
Hugetlb:               0 kB
DirectMap4k:       48128 kB
DirectMap2M:     5900288 kB
DirectMap1G:    10485760 kB

Current date and time: Mon May 15 04:41:22 UTC 2023
Current memory usage:
MemTotal:        7797868 kB
MemFree:         3031732 kB
MemAvailable:    5942128 kB
Buffers:           37948 kB
Cached:          2990732 kB
SwapCached:          428 kB
Active:           540432 kB
Inactive:        3634572 kB
Active(anon):      17128 kB
Inactive(anon):  1133272 kB
Active(file):     523304 kB
Inactive(file):  2501300 kB
Unevictable:           0 kB
Mlocked:               0 kB
SwapTotal:       2097152 kB
SwapFree:        2088644 kB
Dirty:                 0 kB
Writeback:             0 kB
AnonPages:       1046308 kB
Mapped:           311600 kB
Shmem:              4208 kB
KReclaimable:     185256 kB
Slab:             277784 kB
SReclaimable:     185256 kB
SUnreclaim:        92528 kB
KernelStack:       15280 kB
PageTables:        11280 kB
NFS_Unstable:          0 kB
Bounce:                0 kB
WritebackTmp:          0 kB
CommitLimit:     5996084 kB
Committed_AS:    4779148 kB
VmallocTotal:   34359738367 kB
VmallocUsed:       37176 kB
VmallocChunk:          0 kB
Percpu:             8000 kB
AnonHugePages:    663552 kB
ShmemHugePages:        0 kB
ShmemPmdMapped:        0 kB
FileHugePages:         0 kB
FilePmdMapped:         0 kB
HugePages_Total:       0
HugePages_Free:        0
HugePages_Rsvd:        0
HugePages_Surp:        0
Hugepagesize:       2048 kB
Hugetlb:               0 kB
DirectMap4k:       48128 kB
DirectMap2M:     5900288 kB
DirectMap1G:    10485760 kB

Current date and time: Mon May 15 04:42:22 UTC 2023
Current memory usage:
MemTotal:        7797868 kB
MemFree:         3033372 kB
MemAvailable:    5943776 kB
Buffers:           37956 kB
Cached:          2990736 kB
SwapCached:          428 kB
Active:           540452 kB
Inactive:        3634648 kB
Active(anon):      17132 kB
Inactive(anon):  1133356 kB
Active(file):     523320 kB
Inactive(file):  2501292 kB
Unevictable:           0 kB
Mlocked:               0 kB
SwapTotal:       2097152 kB
SwapFree:        2088644 kB
Dirty:                 0 kB
Writeback:             0 kB
AnonPages:       1045904 kB
Mapped:           311600 kB
Shmem:              4212 kB
KReclaimable:     185256 kB
Slab:             277748 kB
SReclaimable:     185256 kB
SUnreclaim:        92492 kB
KernelStack:       15264 kB
PageTables:        11340 kB
NFS_Unstable:          0 kB
Bounce:                0 kB
WritebackTmp:          0 kB
CommitLimit:     5996084 kB
Committed_AS:    4779152 kB
VmallocTotal:   34359738367 kB
VmallocUsed:       37192 kB
VmallocChunk:          0 kB
Percpu:             8000 kB
AnonHugePages:    663552 kB
ShmemHugePages:        0 kB
ShmemPmdMapped:        0 kB
FileHugePages:         0 kB
FilePmdMapped:         0 kB
HugePages_Total:       0
HugePages_Free:        0
HugePages_Rsvd:        0
HugePages_Surp:        0
Hugepagesize:       2048 kB
Hugetlb:               0 kB
DirectMap4k:       48128 kB
DirectMap2M:     5900288 kB
DirectMap1G:    10485760 kB

Current date and time: Mon May 15 04:43:22 UTC 2023
Current memory usage:
MemTotal:        7797868 kB
MemFree:         3031088 kB
MemAvailable:    5941808 kB
Buffers:           37964 kB
Cached:          2991048 kB
SwapCached:          428 kB
Active:           540464 kB
Inactive:        3635016 kB
Active(anon):      17136 kB
Inactive(anon):  1133416 kB
Active(file):     523328 kB
Inactive(file):  2501600 kB
Unevictable:           0 kB
Mlocked:               0 kB
SwapTotal:       2097152 kB
SwapFree:        2088644 kB
Dirty:                 0 kB
Writeback:             0 kB
AnonPages:       1046036 kB
Mapped:           311540 kB
Shmem:              4216 kB
KReclaimable:     185256 kB
Slab:             277744 kB
SReclaimable:     185256 kB
SUnreclaim:        92488 kB
KernelStack:       15264 kB
PageTables:        11348 kB
NFS_Unstable:          0 kB
Bounce:                0 kB
WritebackTmp:          0 kB
CommitLimit:     5996084 kB
Committed_AS:    4779156 kB
VmallocTotal:   34359738367 kB
VmallocUsed:       37176 kB
VmallocChunk:          0 kB
Percpu:             8000 kB
AnonHugePages:    663552 kB
ShmemHugePages:        0 kB
ShmemPmdMapped:        0 kB
FileHugePages:         0 kB
FilePmdMapped:         0 kB
HugePages_Total:       0
HugePages_Free:        0
HugePages_Rsvd:        0
HugePages_Surp:        0
Hugepagesize:       2048 kB
Hugetlb:               0 kB
DirectMap4k:       48128 kB
DirectMap2M:     5900288 kB
DirectMap1G:    10485760 kB

Current date and time: Mon May 15 04:44:22 UTC 2023
Current memory usage:
MemTotal:        7797868 kB
MemFree:         3029912 kB
MemAvailable:    5941136 kB
Buffers:           37972 kB
Cached:          2991548 kB
SwapCached:          428 kB
Active:           540848 kB
Inactive:        3635072 kB
Active(anon):      17140 kB
Inactive(anon):  1133348 kB
Active(file):     523708 kB
Inactive(file):  2501724 kB
Unevictable:           0 kB
Mlocked:               0 kB
SwapTotal:       2097152 kB
SwapFree:        2088644 kB
Dirty:                 0 kB
Writeback:             0 kB
AnonPages:       1045948 kB
Mapped:           311524 kB
Shmem:              4220 kB
KReclaimable:     185256 kB
Slab:             277760 kB
SReclaimable:     185256 kB
SUnreclaim:        92504 kB
KernelStack:       15264 kB
PageTables:        11352 kB
NFS_Unstable:          0 kB
Bounce:                0 kB
WritebackTmp:          0 kB
CommitLimit:     5996084 kB
Committed_AS:    4779160 kB
VmallocTotal:   34359738367 kB
VmallocUsed:       37208 kB
VmallocChunk:          0 kB
Percpu:             8000 kB
AnonHugePages:    663552 kB
ShmemHugePages:        0 kB
ShmemPmdMapped:        0 kB
FileHugePages:         0 kB
FilePmdMapped:         0 kB
HugePages_Total:       0
HugePages_Free:        0
HugePages_Rsvd:        0
HugePages_Surp:        0
Hugepagesize:       2048 kB
Hugetlb:               0 kB
DirectMap4k:       48128 kB
DirectMap2M:     5900288 kB
DirectMap1G:    10485760 kB

Current date and time: Mon May 15 04:45:22 UTC 2023
Current memory usage:
MemTotal:        7797868 kB
MemFree:         3033268 kB
MemAvailable:    5944500 kB
Buffers:           37980 kB
Cached:          2991552 kB
SwapCached:          428 kB
Active:           540864 kB
Inactive:        3634932 kB
Active(anon):      17144 kB
Inactive(anon):  1133212 kB
Active(file):     523720 kB
Inactive(file):  2501720 kB
Unevictable:           0 kB
Mlocked:               0 kB
SwapTotal:       2097152 kB
SwapFree:        2088644 kB
Dirty:                 0 kB
Writeback:             0 kB
AnonPages:       1045772 kB
Mapped:           311696 kB
Shmem:              4224 kB
KReclaimable:     185256 kB
Slab:             277744 kB
SReclaimable:     185256 kB
SUnreclaim:        92488 kB
KernelStack:       15280 kB
PageTables:        11344 kB
NFS_Unstable:          0 kB
Bounce:                0 kB
WritebackTmp:          0 kB
CommitLimit:     5996084 kB
Committed_AS:    4779164 kB
VmallocTotal:   34359738367 kB
VmallocUsed:       37224 kB
VmallocChunk:          0 kB
Percpu:             8000 kB
AnonHugePages:    663552 kB
ShmemHugePages:        0 kB
ShmemPmdMapped:        0 kB
FileHugePages:         0 kB
FilePmdMapped:         0 kB
HugePages_Total:       0
HugePages_Free:        0
HugePages_Rsvd:        0
HugePages_Surp:        0
Hugepagesize:       2048 kB
Hugetlb:               0 kB
DirectMap4k:       48128 kB
DirectMap2M:     5900288 kB
DirectMap1G:    10485760 kB

Current date and time: Mon May 15 04:46:22 UTC 2023
Current memory usage:
MemTotal:        7797868 kB
MemFree:         3031272 kB
MemAvailable:    5942524 kB
Buffers:           37996 kB
Cached:          2991560 kB
SwapCached:          428 kB
Active:           540884 kB
Inactive:        3634984 kB
Active(anon):      17148 kB
Inactive(anon):  1133260 kB
Active(file):     523736 kB
Inactive(file):  2501724 kB
Unevictable:           0 kB
Mlocked:               0 kB
SwapTotal:       2097152 kB
SwapFree:        2088644 kB
Dirty:                 0 kB
Writeback:             0 kB
AnonPages:       1045892 kB
Mapped:           311376 kB
Shmem:              4228 kB
KReclaimable:     185256 kB
Slab:             277736 kB
SReclaimable:     185256 kB
SUnreclaim:        92480 kB
KernelStack:       15280 kB
PageTables:        11352 kB
NFS_Unstable:          0 kB
Bounce:                0 kB
WritebackTmp:          0 kB
CommitLimit:     5996084 kB
Committed_AS:    4779168 kB
VmallocTotal:   34359738367 kB
VmallocUsed:       37192 kB
VmallocChunk:          0 kB
Percpu:             8000 kB
AnonHugePages:    663552 kB
ShmemHugePages:        0 kB
ShmemPmdMapped:        0 kB
FileHugePages:         0 kB
FilePmdMapped:         0 kB
HugePages_Total:       0
HugePages_Free:        0
HugePages_Rsvd:        0
HugePages_Surp:        0
Hugepagesize:       2048 kB
Hugetlb:               0 kB
DirectMap4k:       48128 kB
DirectMap2M:     5900288 kB
DirectMap1G:    10485760 kB

Current date and time: Mon May 15 04:47:22 UTC 2023
Current memory usage:
MemTotal:        7797868 kB
MemFree:         3030816 kB
MemAvailable:    5942076 kB
Buffers:           38004 kB
Cached:          2991564 kB
SwapCached:          428 kB
Active:           540916 kB
Inactive:        3635388 kB
Active(anon):      17152 kB
Inactive(anon):  1133684 kB
Active(file):     523764 kB
Inactive(file):  2501704 kB
Unevictable:           0 kB
Mlocked:               0 kB
SwapTotal:       2097152 kB
SwapFree:        2088644 kB
Dirty:                 0 kB
Writeback:             0 kB
AnonPages:       1046184 kB
Mapped:           311836 kB
Shmem:              4232 kB
KReclaimable:     185256 kB
Slab:             277748 kB
SReclaimable:     185256 kB
SUnreclaim:        92492 kB
KernelStack:       15280 kB
PageTables:        11352 kB
NFS_Unstable:          0 kB
Bounce:                0 kB
WritebackTmp:          0 kB
CommitLimit:     5996084 kB
Committed_AS:    4779172 kB
VmallocTotal:   34359738367 kB
VmallocUsed:       37160 kB
VmallocChunk:          0 kB
Percpu:             8000 kB
AnonHugePages:    663552 kB
ShmemHugePages:        0 kB
ShmemPmdMapped:        0 kB
FileHugePages:         0 kB
FilePmdMapped:         0 kB
HugePages_Total:       0
HugePages_Free:        0
HugePages_Rsvd:        0
HugePages_Surp:        0
Hugepagesize:       2048 kB
Hugetlb:               0 kB
DirectMap4k:       48128 kB
DirectMap2M:     5900288 kB
DirectMap1G:    10485760 kB

Current date and time: Mon May 15 04:48:23 UTC 2023
Current memory usage:
MemTotal:        7797868 kB
MemFree:         3026216 kB
MemAvailable:    5937612 kB
Buffers:           38012 kB
Cached:          2991696 kB
SwapCached:          428 kB
Active:           540956 kB
Inactive:        3635244 kB
Active(anon):      17156 kB
Inactive(anon):  1133440 kB
Active(file):     523800 kB
Inactive(file):  2501804 kB
Unevictable:           0 kB
Mlocked:               0 kB
SwapTotal:       2097152 kB
SwapFree:        2088644 kB
Dirty:                 0 kB
Writeback:             0 kB
AnonPages:       1045792 kB
Mapped:           311376 kB
Shmem:              4236 kB
KReclaimable:     185256 kB
Slab:             277740 kB
SReclaimable:     185256 kB
SUnreclaim:        92484 kB
KernelStack:       15280 kB
PageTables:        11352 kB
NFS_Unstable:          0 kB
Bounce:                0 kB
WritebackTmp:          0 kB
CommitLimit:     5996084 kB
Committed_AS:    4779176 kB
VmallocTotal:   34359738367 kB
VmallocUsed:       37208 kB
VmallocChunk:          0 kB
Percpu:             8000 kB
AnonHugePages:    663552 kB
ShmemHugePages:        0 kB
ShmemPmdMapped:        0 kB
FileHugePages:         0 kB
FilePmdMapped:         0 kB
HugePages_Total:       0
HugePages_Free:        0
HugePages_Rsvd:        0
HugePages_Surp:        0
Hugepagesize:       2048 kB
Hugetlb:               0 kB
DirectMap4k:       48128 kB
DirectMap2M:     5900288 kB
DirectMap1G:    10485760 kB

Current date and time: Mon May 15 04:49:22 UTC 2023
Current memory usage:
MemTotal:        7797868 kB
MemFree:         3026276 kB
MemAvailable:    5937708 kB
Buffers:           38020 kB
Cached:          2991728 kB
SwapCached:          428 kB
Active:           540976 kB
Inactive:        3635088 kB
Active(anon):      17160 kB
Inactive(anon):  1133264 kB
Active(file):     523816 kB
Inactive(file):  2501824 kB
Unevictable:           0 kB
Mlocked:               0 kB
SwapTotal:       2097152 kB
SwapFree:        2088644 kB
Dirty:                 0 kB
Writeback:             0 kB
AnonPages:       1045492 kB
Mapped:           311844 kB
Shmem:              4240 kB
KReclaimable:     185256 kB
Slab:             277748 kB
SReclaimable:     185256 kB
SUnreclaim:        92492 kB
KernelStack:       15280 kB
PageTables:        11348 kB
NFS_Unstable:          0 kB
Bounce:                0 kB
WritebackTmp:          0 kB
CommitLimit:     5996084 kB
Committed_AS:    4779180 kB
VmallocTotal:   34359738367 kB
VmallocUsed:       37192 kB
VmallocChunk:          0 kB
Percpu:             8000 kB
AnonHugePages:    663552 kB
ShmemHugePages:        0 kB
ShmemPmdMapped:        0 kB
FileHugePages:         0 kB
FilePmdMapped:         0 kB
HugePages_Total:       0
HugePages_Free:        0
HugePages_Rsvd:        0
HugePages_Surp:        0
Hugepagesize:       2048 kB
Hugetlb:               0 kB
DirectMap4k:       48128 kB
DirectMap2M:     5900288 kB
DirectMap1G:    10485760 kB

Current date and time: Mon May 15 04:50:22 UTC 2023
Current memory usage:
MemTotal:        7797868 kB
MemFree:         3028016 kB
MemAvailable:    5939940 kB
Buffers:           38028 kB
Cached:          2992216 kB
SwapCached:          428 kB
Active:           541108 kB
Inactive:        3635780 kB
Active(anon):      17164 kB
Inactive(anon):  1133592 kB
Active(file):     523944 kB
Inactive(file):  2502188 kB
Unevictable:           0 kB
Mlocked:               0 kB
SwapTotal:       2097152 kB
SwapFree:        2088644 kB
Dirty:                 0 kB
Writeback:             0 kB
AnonPages:       1045732 kB
Mapped:           311716 kB
Shmem:              4244 kB
KReclaimable:     185256 kB
Slab:             277752 kB
SReclaimable:     185256 kB
SUnreclaim:        92496 kB
KernelStack:       15248 kB
PageTables:        11308 kB
NFS_Unstable:          0 kB
Bounce:                0 kB
WritebackTmp:          0 kB
CommitLimit:     5996084 kB
Committed_AS:    4779184 kB
VmallocTotal:   34359738367 kB
VmallocUsed:       37192 kB
VmallocChunk:          0 kB
Percpu:             8000 kB
AnonHugePages:    663552 kB
ShmemHugePages:        0 kB
ShmemPmdMapped:        0 kB
FileHugePages:         0 kB
FilePmdMapped:         0 kB
HugePages_Total:       0
HugePages_Free:        0
HugePages_Rsvd:        0
HugePages_Surp:        0
Hugepagesize:       2048 kB
Hugetlb:               0 kB
DirectMap4k:       48128 kB
DirectMap2M:     5900288 kB
DirectMap1G:    10485760 kB

Current date and time: Mon May 15 04:51:23 UTC 2023
Current memory usage:
MemTotal:        7797868 kB
MemFree:         3028928 kB
MemAvailable:    5940860 kB
Buffers:           38036 kB
Cached:          2992220 kB
SwapCached:          428 kB
Active:           541124 kB
Inactive:        3635548 kB
Active(anon):      17168 kB
Inactive(anon):  1133364 kB
Active(file):     523956 kB
Inactive(file):  2502184 kB
Unevictable:           0 kB
Mlocked:               0 kB
SwapTotal:       2097152 kB
SwapFree:        2088644 kB
Dirty:                 0 kB
Writeback:             0 kB
AnonPages:       1045592 kB
Mapped:           311124 kB
Shmem:              4248 kB
KReclaimable:     185256 kB
Slab:             277756 kB
SReclaimable:     185256 kB
SUnreclaim:        92500 kB
KernelStack:       15264 kB
PageTables:        11336 kB
NFS_Unstable:          0 kB
Bounce:                0 kB
WritebackTmp:          0 kB
CommitLimit:     5996084 kB
Committed_AS:    4779188 kB
VmallocTotal:   34359738367 kB
VmallocUsed:       37176 kB
VmallocChunk:          0 kB
Percpu:             8000 kB
AnonHugePages:    663552 kB
ShmemHugePages:        0 kB
ShmemPmdMapped:        0 kB
FileHugePages:         0 kB
FilePmdMapped:         0 kB
HugePages_Total:       0
HugePages_Free:        0
HugePages_Rsvd:        0
HugePages_Surp:        0
Hugepagesize:       2048 kB
Hugetlb:               0 kB
DirectMap4k:       48128 kB
DirectMap2M:     5900288 kB
DirectMap1G:    10485760 kB

Current date and time: Mon May 15 04:52:23 UTC 2023
Current memory usage:
MemTotal:        7797868 kB
MemFree:         3021992 kB
MemAvailable:    5933932 kB
Buffers:           38044 kB
Cached:          2992224 kB
SwapCached:          428 kB
Active:           541152 kB
Inactive:        3635720 kB
Active(anon):      17176 kB
Inactive(anon):  1133548 kB
Active(file):     523976 kB
Inactive(file):  2502172 kB
Unevictable:           0 kB
Mlocked:               0 kB
SwapTotal:       2097152 kB
SwapFree:        2088644 kB
Dirty:                 0 kB
Writeback:             0 kB
AnonPages:       1045712 kB
Mapped:           311868 kB
Shmem:              4252 kB
KReclaimable:     185256 kB
Slab:             277752 kB
SReclaimable:     185256 kB
SUnreclaim:        92496 kB
KernelStack:       15280 kB
PageTables:        11372 kB
NFS_Unstable:          0 kB
Bounce:                0 kB
WritebackTmp:          0 kB
CommitLimit:     5996084 kB
Committed_AS:    4779192 kB
VmallocTotal:   34359738367 kB
VmallocUsed:       37224 kB
VmallocChunk:          0 kB
Percpu:             8000 kB
AnonHugePages:    663552 kB
ShmemHugePages:        0 kB
ShmemPmdMapped:        0 kB
FileHugePages:         0 kB
FilePmdMapped:         0 kB
HugePages_Total:       0
HugePages_Free:        0
HugePages_Rsvd:        0
HugePages_Surp:        0
Hugepagesize:       2048 kB
Hugetlb:               0 kB
DirectMap4k:       48128 kB
DirectMap2M:     5900288 kB
DirectMap1G:    10485760 kB

Current date and time: Mon May 15 04:53:23 UTC 2023
Current memory usage:
MemTotal:        7797868 kB
MemFree:         3023776 kB
MemAvailable:    5935736 kB
Buffers:           38060 kB
Cached:          2992232 kB
SwapCached:          428 kB
Active:           541172 kB
Inactive:        3635664 kB
Active(anon):      17176 kB
Inactive(anon):  1133492 kB
Active(file):     523996 kB
Inactive(file):  2502172 kB
Unevictable:           0 kB
Mlocked:               0 kB
SwapTotal:       2097152 kB
SwapFree:        2088644 kB
Dirty:                 0 kB
Writeback:             0 kB
AnonPages:       1045568 kB
Mapped:           311180 kB
Shmem:              4256 kB
KReclaimable:     185256 kB
Slab:             277756 kB
SReclaimable:     185256 kB
SUnreclaim:        92500 kB
KernelStack:       15264 kB
PageTables:        11344 kB
NFS_Unstable:          0 kB
Bounce:                0 kB
WritebackTmp:          0 kB
CommitLimit:     5996084 kB
Committed_AS:    4779196 kB
VmallocTotal:   34359738367 kB
VmallocUsed:       37192 kB
VmallocChunk:          0 kB
Percpu:             8000 kB
AnonHugePages:    663552 kB
ShmemHugePages:        0 kB
ShmemPmdMapped:        0 kB
FileHugePages:         0 kB
FilePmdMapped:         0 kB
HugePages_Total:       0
HugePages_Free:        0
HugePages_Rsvd:        0
HugePages_Surp:        0
Hugepagesize:       2048 kB
Hugetlb:               0 kB
DirectMap4k:       48128 kB
DirectMap2M:     5900288 kB
DirectMap1G:    10485760 kB

Current date and time: Mon May 15 04:54:23 UTC 2023
Current memory usage:
MemTotal:        7797868 kB
MemFree:         3024276 kB
MemAvailable:    5936244 kB
Buffers:           38068 kB
Cached:          2992236 kB
SwapCached:          428 kB
Active:           541188 kB
Inactive:        3635816 kB
Active(anon):      17184 kB
Inactive(anon):  1133644 kB
Active(file):     524004 kB
Inactive(file):  2502172 kB
Unevictable:           0 kB
Mlocked:               0 kB
SwapTotal:       2097152 kB
SwapFree:        2088644 kB
Dirty:                 0 kB
Writeback:             0 kB
AnonPages:       1045716 kB
Mapped:           311456 kB
Shmem:              4260 kB
KReclaimable:     185256 kB
Slab:             277696 kB
SReclaimable:     185256 kB
SUnreclaim:        92440 kB
KernelStack:       15280 kB
PageTables:        11244 kB
NFS_Unstable:          0 kB
Bounce:                0 kB
WritebackTmp:          0 kB
CommitLimit:     5996084 kB
Committed_AS:    4779200 kB
VmallocTotal:   34359738367 kB
VmallocUsed:       37208 kB
VmallocChunk:          0 kB
Percpu:             8000 kB
AnonHugePages:    663552 kB
ShmemHugePages:        0 kB
ShmemPmdMapped:        0 kB
FileHugePages:         0 kB
FilePmdMapped:         0 kB
HugePages_Total:       0
HugePages_Free:        0
HugePages_Rsvd:        0
HugePages_Surp:        0
Hugepagesize:       2048 kB
Hugetlb:               0 kB
DirectMap4k:       48128 kB
DirectMap2M:     5900288 kB
DirectMap1G:    10485760 kB

Current date and time: Mon May 15 04:55:25 UTC 2023
Current memory usage:
MemTotal:        7797868 kB
MemFree:         3028464 kB
MemAvailable:    5940440 kB
Buffers:           38076 kB
Cached:          2992240 kB
SwapCached:          428 kB
Active:           541224 kB
Inactive:        3635792 kB
Active(anon):      17184 kB
Inactive(anon):  1133648 kB
Active(file):     524040 kB
Inactive(file):  2502144 kB
Unevictable:           0 kB
Mlocked:               0 kB
SwapTotal:       2097152 kB
SwapFree:        2088644 kB
Dirty:                 0 kB
Writeback:             0 kB
AnonPages:       1045604 kB
Mapped:           311932 kB
Shmem:              4264 kB
KReclaimable:     185256 kB
Slab:             277760 kB
SReclaimable:     185256 kB
SUnreclaim:        92504 kB
KernelStack:       15280 kB
PageTables:        11344 kB
NFS_Unstable:          0 kB
Bounce:                0 kB
WritebackTmp:          0 kB
CommitLimit:     5996084 kB
Committed_AS:    4779204 kB
VmallocTotal:   34359738367 kB
VmallocUsed:       37208 kB
VmallocChunk:          0 kB
Percpu:             8000 kB
AnonHugePages:    663552 kB
ShmemHugePages:        0 kB
ShmemPmdMapped:        0 kB
FileHugePages:         0 kB
FilePmdMapped:         0 kB
HugePages_Total:       0
HugePages_Free:        0
HugePages_Rsvd:        0
HugePages_Surp:        0
Hugepagesize:       2048 kB
Hugetlb:               0 kB
DirectMap4k:       48128 kB
DirectMap2M:     5900288 kB
DirectMap1G:    10485760 kB

Current date and time: Mon May 15 04:56:23 UTC 2023
Current memory usage:
MemTotal:        7797868 kB
MemFree:         3024812 kB
MemAvailable:    5943068 kB
Buffers:           42992 kB
Cached:          2992520 kB
SwapCached:          428 kB
Active:           546216 kB
Inactive:        3637244 kB
Active(anon):      17188 kB
Inactive(anon):  1134900 kB
Active(file):     529028 kB
Inactive(file):  2502344 kB
Unevictable:           0 kB
Mlocked:               0 kB
SwapTotal:       2097152 kB
SwapFree:        2088644 kB
Dirty:                 0 kB
Writeback:             0 kB
AnonPages:       1046812 kB
Mapped:           313188 kB
Shmem:              4272 kB
KReclaimable:     186348 kB
Slab:             278848 kB
SReclaimable:     186348 kB
SUnreclaim:        92500 kB
KernelStack:       15296 kB
PageTables:        11344 kB
NFS_Unstable:          0 kB
Bounce:                0 kB
WritebackTmp:          0 kB
CommitLimit:     5996084 kB
Committed_AS:    4779212 kB
VmallocTotal:   34359738367 kB
VmallocUsed:       37240 kB
VmallocChunk:          0 kB
Percpu:             8000 kB
AnonHugePages:    663552 kB
ShmemHugePages:        0 kB
ShmemPmdMapped:        0 kB
FileHugePages:         0 kB
FilePmdMapped:         0 kB
HugePages_Total:       0
HugePages_Free:        0
HugePages_Rsvd:        0
HugePages_Surp:        0
Hugepagesize:       2048 kB
Hugetlb:               0 kB
DirectMap4k:       48128 kB
DirectMap2M:     5900288 kB
DirectMap1G:    10485760 kB

Current date and time: Mon May 15 04:57:23 UTC 2023
Current memory usage:
MemTotal:        7797868 kB
MemFree:         3022484 kB
MemAvailable:    5940736 kB
Buffers:           43000 kB
Cached:          2992524 kB
SwapCached:          428 kB
Active:           546228 kB
Inactive:        3637640 kB
Active(anon):      17192 kB
Inactive(anon):  1135296 kB
Active(file):     529036 kB
Inactive(file):  2502344 kB
Unevictable:           0 kB
Mlocked:               0 kB
SwapTotal:       2097152 kB
SwapFree:        2088644 kB
Dirty:                 0 kB
Writeback:             0 kB
AnonPages:       1047312 kB
Mapped:           313632 kB
Shmem:              4276 kB
KReclaimable:     186336 kB
Slab:             278836 kB
SReclaimable:     186336 kB
SUnreclaim:        92500 kB
KernelStack:       15312 kB
PageTables:        11348 kB
NFS_Unstable:          0 kB
Bounce:                0 kB
WritebackTmp:          0 kB
CommitLimit:     5996084 kB
Committed_AS:    4779216 kB
VmallocTotal:   34359738367 kB
VmallocUsed:       37304 kB
VmallocChunk:          0 kB
Percpu:             8000 kB
AnonHugePages:    663552 kB
ShmemHugePages:        0 kB
ShmemPmdMapped:        0 kB
FileHugePages:         0 kB
FilePmdMapped:         0 kB
HugePages_Total:       0
HugePages_Free:        0
HugePages_Rsvd:        0
HugePages_Surp:        0
Hugepagesize:       2048 kB
Hugetlb:               0 kB
DirectMap4k:       48128 kB
DirectMap2M:     5900288 kB
DirectMap1G:    10485760 kB

Current date and time: Mon May 15 04:58:22 UTC 2023
Current memory usage:
MemTotal:        7797868 kB
MemFree:         3023220 kB
MemAvailable:    5941480 kB
Buffers:           43008 kB
Cached:          2992528 kB
SwapCached:          428 kB
Active:           546240 kB
Inactive:        3637220 kB
Active(anon):      17196 kB
Inactive(anon):  1134876 kB
Active(file):     529044 kB
Inactive(file):  2502344 kB
Unevictable:           0 kB
Mlocked:               0 kB
SwapTotal:       2097152 kB
SwapFree:        2088644 kB
Dirty:                 0 kB
Writeback:             0 kB
AnonPages:       1046740 kB
Mapped:           313376 kB
Shmem:              4280 kB
KReclaimable:     186336 kB
Slab:             278836 kB
SReclaimable:     186336 kB
SUnreclaim:        92500 kB
KernelStack:       15312 kB
PageTables:        11348 kB
NFS_Unstable:          0 kB
Bounce:                0 kB
WritebackTmp:          0 kB
CommitLimit:     5996084 kB
Committed_AS:    4779220 kB
VmallocTotal:   34359738367 kB
VmallocUsed:       37240 kB
VmallocChunk:          0 kB
Percpu:             8000 kB
AnonHugePages:    663552 kB
ShmemHugePages:        0 kB
ShmemPmdMapped:        0 kB
FileHugePages:         0 kB
FilePmdMapped:         0 kB
HugePages_Total:       0
HugePages_Free:        0
HugePages_Rsvd:        0
HugePages_Surp:        0
Hugepagesize:       2048 kB
Hugetlb:               0 kB
DirectMap4k:       48128 kB
DirectMap2M:     5900288 kB
DirectMap1G:    10485760 kB

Current date and time: Mon May 15 04:59:21 UTC 2023
Current memory usage:
MemTotal:        7797868 kB
MemFree:         3021044 kB
MemAvailable:    5939360 kB
Buffers:           43016 kB
Cached:          2992580 kB
SwapCached:          428 kB
Active:           546252 kB
Inactive:        3636068 kB
Active(anon):      17200 kB
Inactive(anon):  1133676 kB
Active(file):     529052 kB
Inactive(file):  2502392 kB
Unevictable:           0 kB
Mlocked:               0 kB
SwapTotal:       2097152 kB
SwapFree:        2088644 kB
Dirty:                 0 kB
Writeback:             0 kB
AnonPages:       1045536 kB
Mapped:           313708 kB
Shmem:              4284 kB
KReclaimable:     186336 kB
Slab:             278852 kB
SReclaimable:     186336 kB
SUnreclaim:        92516 kB
KernelStack:       15312 kB
PageTables:        11344 kB
NFS_Unstable:          0 kB
Bounce:                0 kB
WritebackTmp:          0 kB
CommitLimit:     5996084 kB
Committed_AS:    4779224 kB
VmallocTotal:   34359738367 kB
VmallocUsed:       37272 kB
VmallocChunk:          0 kB
Percpu:             8000 kB
AnonHugePages:    663552 kB
ShmemHugePages:        0 kB
ShmemPmdMapped:        0 kB
FileHugePages:         0 kB
FilePmdMapped:         0 kB
HugePages_Total:       0
HugePages_Free:        0
HugePages_Rsvd:        0
HugePages_Surp:        0
Hugepagesize:       2048 kB
Hugetlb:               0 kB
DirectMap4k:       48128 kB
DirectMap2M:     5900288 kB
DirectMap1G:    10485760 kB

Current date and time: Mon May 15 05:00:08 UTC 2023
Current memory usage:
MemTotal:        7797868 kB
MemFree:         3019580 kB
MemAvailable:    5937936 kB
Buffers:           43024 kB
Cached:          2992580 kB
SwapCached:          428 kB
Active:           546260 kB
Inactive:        3636064 kB
Active(anon):      17200 kB
Inactive(anon):  1133672 kB
Active(file):     529060 kB
Inactive(file):  2502392 kB
Unevictable:           0 kB
Mlocked:               0 kB
SwapTotal:       2097152 kB
SwapFree:        2088644 kB
Dirty:                 0 kB
Writeback:             0 kB
AnonPages:       1045580 kB
Mapped:           313664 kB
Shmem:              4284 kB
KReclaimable:     186368 kB
Slab:             278880 kB
SReclaimable:     186368 kB
SUnreclaim:        92512 kB
KernelStack:       15312 kB
PageTables:        11348 kB
NFS_Unstable:          0 kB
Bounce:                0 kB
WritebackTmp:          0 kB
CommitLimit:     5996084 kB
Committed_AS:    4779224 kB
VmallocTotal:   34359738367 kB
VmallocUsed:       37208 kB
VmallocChunk:          0 kB
Percpu:             8000 kB
AnonHugePages:    663552 kB
ShmemHugePages:        0 kB
ShmemPmdMapped:        0 kB
FileHugePages:         0 kB
FilePmdMapped:         0 kB
HugePages_Total:       0
HugePages_Free:        0
HugePages_Rsvd:        0
HugePages_Surp:        0
Hugepagesize:       2048 kB
Hugetlb:               0 kB
DirectMap4k:       48128 kB
DirectMap2M:     5900288 kB
DirectMap1G:    10485760 kB

Current date and time: Mon May 15 05:01:08 UTC 2023
Current memory usage:
MemTotal:        7797868 kB
MemFree:         3020224 kB
MemAvailable:    5938600 kB
Buffers:           43040 kB
Cached:          2992588 kB
SwapCached:          428 kB
Active:           546280 kB
Inactive:        3636284 kB
Active(anon):      17204 kB
Inactive(anon):  1133888 kB
Active(file):     529076 kB
Inactive(file):  2502396 kB
Unevictable:           0 kB
Mlocked:               0 kB
SwapTotal:       2097152 kB
SwapFree:        2088644 kB
Dirty:                 0 kB
Writeback:             0 kB
AnonPages:       1045744 kB
Mapped:           313716 kB
Shmem:              4288 kB
KReclaimable:     186368 kB
Slab:             278788 kB
SReclaimable:     186368 kB
SUnreclaim:        92420 kB
KernelStack:       15280 kB
PageTables:        11456 kB
NFS_Unstable:          0 kB
Bounce:                0 kB
WritebackTmp:          0 kB
CommitLimit:     5996084 kB
Committed_AS:    4779228 kB
VmallocTotal:   34359738367 kB
VmallocUsed:       37240 kB
VmallocChunk:          0 kB
Percpu:             8000 kB
AnonHugePages:    663552 kB
ShmemHugePages:        0 kB
ShmemPmdMapped:        0 kB
FileHugePages:         0 kB
FilePmdMapped:         0 kB
HugePages_Total:       0
HugePages_Free:        0
HugePages_Rsvd:        0
HugePages_Surp:        0
Hugepagesize:       2048 kB
Hugetlb:               0 kB
DirectMap4k:       48128 kB
DirectMap2M:     5900288 kB
DirectMap1G:    10485760 kB

Current date and time: Mon May 15 05:02:08 UTC 2023
Current memory usage:
MemTotal:        7797868 kB
MemFree:         3020104 kB
MemAvailable:    5939336 kB
Buffers:           43048 kB
Cached:          2993424 kB
SwapCached:          428 kB
Active:           546452 kB
Inactive:        3637116 kB
Active(anon):      17208 kB
Inactive(anon):  1134048 kB
Active(file):     529244 kB
Inactive(file):  2503068 kB
Unevictable:           0 kB
Mlocked:               0 kB
SwapTotal:       2097152 kB
SwapFree:        2088644 kB
Dirty:                 0 kB
Writeback:             0 kB
AnonPages:       1045776 kB
Mapped:           313348 kB
Shmem:              4292 kB
KReclaimable:     186384 kB
Slab:             278904 kB
SReclaimable:     186384 kB
SUnreclaim:        92520 kB
KernelStack:       15360 kB
PageTables:        11340 kB
NFS_Unstable:          0 kB
Bounce:                0 kB
WritebackTmp:          0 kB
CommitLimit:     5996084 kB
Committed_AS:    4779364 kB
VmallocTotal:   34359738367 kB
VmallocUsed:       37304 kB
VmallocChunk:          0 kB
Percpu:             8000 kB
AnonHugePages:    663552 kB
ShmemHugePages:        0 kB
ShmemPmdMapped:        0 kB
FileHugePages:         0 kB
FilePmdMapped:         0 kB
HugePages_Total:       0
HugePages_Free:        0
HugePages_Rsvd:        0
HugePages_Surp:        0
Hugepagesize:       2048 kB
Hugetlb:               0 kB
DirectMap4k:       48128 kB
DirectMap2M:     5900288 kB
DirectMap1G:    10485760 kB

Current date and time: Mon May 15 05:03:09 UTC 2023
Current memory usage:
MemTotal:        7797868 kB
MemFree:         3018308 kB
MemAvailable:    5937500 kB
Buffers:           43056 kB
Cached:          2993428 kB
SwapCached:          428 kB
Active:           546464 kB
Inactive:        3637116 kB
Active(anon):      17212 kB
Inactive(anon):  1134048 kB
Active(file):     529252 kB
Inactive(file):  2503068 kB
Unevictable:           0 kB
Mlocked:               0 kB
SwapTotal:       2097152 kB
SwapFree:        2088644 kB
Dirty:                 0 kB
Writeback:             0 kB
AnonPages:       1045832 kB
Mapped:           313368 kB
Shmem:              4296 kB
KReclaimable:     186336 kB
Slab:             278876 kB
SReclaimable:     186336 kB
SUnreclaim:        92540 kB
KernelStack:       15360 kB
PageTables:        11348 kB
NFS_Unstable:          0 kB
Bounce:                0 kB
WritebackTmp:          0 kB
CommitLimit:     5996084 kB
Committed_AS:    4779368 kB
VmallocTotal:   34359738367 kB
VmallocUsed:       37224 kB
VmallocChunk:          0 kB
Percpu:             8000 kB
AnonHugePages:    663552 kB
ShmemHugePages:        0 kB
ShmemPmdMapped:        0 kB
FileHugePages:         0 kB
FilePmdMapped:         0 kB
HugePages_Total:       0
HugePages_Free:        0
HugePages_Rsvd:        0
HugePages_Surp:        0
Hugepagesize:       2048 kB
Hugetlb:               0 kB
DirectMap4k:       48128 kB
DirectMap2M:     5900288 kB
DirectMap1G:    10485760 kB

Current date and time: Mon May 15 05:04:09 UTC 2023
Current memory usage:
MemTotal:        7797868 kB
MemFree:         3019420 kB
MemAvailable:    5938636 kB
Buffers:           43064 kB
Cached:          2993432 kB
SwapCached:          428 kB
Active:           546476 kB
Inactive:        3637160 kB
Active(anon):      17216 kB
Inactive(anon):  1134092 kB
Active(file):     529260 kB
Inactive(file):  2503068 kB
Unevictable:           0 kB
Mlocked:               0 kB
SwapTotal:       2097152 kB
SwapFree:        2088644 kB
Dirty:                 0 kB
Writeback:             0 kB
AnonPages:       1045892 kB
Mapped:           313664 kB
Shmem:              4300 kB
KReclaimable:     186352 kB
Slab:             278884 kB
SReclaimable:     186352 kB
SUnreclaim:        92532 kB
KernelStack:       15360 kB
PageTables:        11340 kB
NFS_Unstable:          0 kB
Bounce:                0 kB
WritebackTmp:          0 kB
CommitLimit:     5996084 kB
Committed_AS:    4779372 kB
VmallocTotal:   34359738367 kB
VmallocUsed:       37304 kB
VmallocChunk:          0 kB
Percpu:             8000 kB
AnonHugePages:    663552 kB
ShmemHugePages:        0 kB
ShmemPmdMapped:        0 kB
FileHugePages:         0 kB
FilePmdMapped:         0 kB
HugePages_Total:       0
HugePages_Free:        0
HugePages_Rsvd:        0
HugePages_Surp:        0
Hugepagesize:       2048 kB
Hugetlb:               0 kB
DirectMap4k:       48128 kB
DirectMap2M:     5900288 kB
DirectMap1G:    10485760 kB

Current date and time: Mon May 15 05:05:09 UTC 2023
Current memory usage:
MemTotal:        7797868 kB
MemFree:         3021736 kB
MemAvailable:    5940976 kB
Buffers:           43072 kB
Cached:          2993436 kB
SwapCached:          428 kB
Active:           546508 kB
Inactive:        3636972 kB
Active(anon):      17220 kB
Inactive(anon):  1133924 kB
Active(file):     529288 kB
Inactive(file):  2503048 kB
Unevictable:           0 kB
Mlocked:               0 kB
SwapTotal:       2097152 kB
SwapFree:        2088644 kB
Dirty:                 0 kB
Writeback:             0 kB
AnonPages:       1045780 kB
Mapped:           313368 kB
Shmem:              4304 kB
KReclaimable:     186368 kB
Slab:             278848 kB
SReclaimable:     186368 kB
SUnreclaim:        92480 kB
KernelStack:       15344 kB
PageTables:        11596 kB
NFS_Unstable:          0 kB
Bounce:                0 kB
WritebackTmp:          0 kB
CommitLimit:     5996084 kB
Committed_AS:    4779376 kB
VmallocTotal:   34359738367 kB
VmallocUsed:       37304 kB
VmallocChunk:          0 kB
Percpu:             8000 kB
AnonHugePages:    663552 kB
ShmemHugePages:        0 kB
ShmemPmdMapped:        0 kB
FileHugePages:         0 kB
FilePmdMapped:         0 kB
HugePages_Total:       0
HugePages_Free:        0
HugePages_Rsvd:        0
HugePages_Surp:        0
Hugepagesize:       2048 kB
Hugetlb:               0 kB
DirectMap4k:       48128 kB
DirectMap2M:     5900288 kB
DirectMap1G:    10485760 kB

Current date and time: Mon May 15 05:06:09 UTC 2023
Current memory usage:
MemTotal:        7797868 kB
MemFree:         3022056 kB
MemAvailable:    5941304 kB
Buffers:           43080 kB
Cached:          2993440 kB
SwapCached:          428 kB
Active:           546520 kB
Inactive:        3636792 kB
Active(anon):      17224 kB
Inactive(anon):  1133744 kB
Active(file):     529296 kB
Inactive(file):  2503048 kB
Unevictable:           0 kB
Mlocked:               0 kB
SwapTotal:       2097152 kB
SwapFree:        2088644 kB
Dirty:                 0 kB
Writeback:             0 kB
AnonPages:       1045548 kB
Mapped:           313456 kB
Shmem:              4308 kB
KReclaimable:     186368 kB
Slab:             278912 kB
SReclaimable:     186368 kB
SUnreclaim:        92544 kB
KernelStack:       15360 kB
PageTables:        11348 kB
NFS_Unstable:          0 kB
Bounce:                0 kB
WritebackTmp:          0 kB
CommitLimit:     5996084 kB
Committed_AS:    4779380 kB
VmallocTotal:   34359738367 kB
VmallocUsed:       37272 kB
VmallocChunk:          0 kB
Percpu:             8000 kB
AnonHugePages:    663552 kB
ShmemHugePages:        0 kB
ShmemPmdMapped:        0 kB
FileHugePages:         0 kB
FilePmdMapped:         0 kB
HugePages_Total:       0
HugePages_Free:        0
HugePages_Rsvd:        0
HugePages_Surp:        0
Hugepagesize:       2048 kB
Hugetlb:               0 kB
DirectMap4k:       48128 kB
DirectMap2M:     5900288 kB
DirectMap1G:    10485760 kB

Current date and time: Mon May 15 05:07:08 UTC 2023
Current memory usage:
MemTotal:        7797868 kB
MemFree:         3022048 kB
MemAvailable:    5941288 kB
Buffers:           43088 kB
Cached:          2993444 kB
SwapCached:          428 kB
Active:           546532 kB
Inactive:        3636596 kB
Active(anon):      17228 kB
Inactive(anon):  1133548 kB
Active(file):     529304 kB
Inactive(file):  2503048 kB
Unevictable:           0 kB
Mlocked:               0 kB
SwapTotal:       2097152 kB
SwapFree:        2088644 kB
Dirty:                 0 kB
Writeback:             0 kB
AnonPages:       1045624 kB
Mapped:           313104 kB
Shmem:              4312 kB
KReclaimable:     186352 kB
Slab:             278968 kB
SReclaimable:     186352 kB
SUnreclaim:        92616 kB
KernelStack:       15376 kB
PageTables:        11600 kB
NFS_Unstable:          0 kB
Bounce:                0 kB
WritebackTmp:          0 kB
CommitLimit:     5996084 kB
Committed_AS:    4779384 kB
VmallocTotal:   34359738367 kB
VmallocUsed:       37272 kB
VmallocChunk:          0 kB
Percpu:             8000 kB
AnonHugePages:    665600 kB
ShmemHugePages:        0 kB
ShmemPmdMapped:        0 kB
FileHugePages:         0 kB
FilePmdMapped:         0 kB
HugePages_Total:       0
HugePages_Free:        0
HugePages_Rsvd:        0
HugePages_Surp:        0
Hugepagesize:       2048 kB
Hugetlb:               0 kB
DirectMap4k:       48128 kB
DirectMap2M:     5900288 kB
DirectMap1G:    10485760 kB

Current date and time: Mon May 15 05:08:09 UTC 2023
Current memory usage:
MemTotal:        7797868 kB
MemFree:         3020224 kB
MemAvailable:    5939500 kB
Buffers:           43104 kB
Cached:          2993452 kB
SwapCached:          428 kB
Active:           546552 kB
Inactive:        3636812 kB
Active(anon):      17232 kB
Inactive(anon):  1133760 kB
Active(file):     529320 kB
Inactive(file):  2503052 kB
Unevictable:           0 kB
Mlocked:               0 kB
SwapTotal:       2097152 kB
SwapFree:        2088644 kB
Dirty:                 0 kB
Writeback:             0 kB
AnonPages:       1045708 kB
Mapped:           313656 kB
Shmem:              4316 kB
KReclaimable:     186368 kB
Slab:             278868 kB
SReclaimable:     186368 kB
SUnreclaim:        92500 kB
KernelStack:       15328 kB
PageTables:        11400 kB
NFS_Unstable:          0 kB
Bounce:                0 kB
WritebackTmp:          0 kB
CommitLimit:     5996084 kB
Committed_AS:    4779388 kB
VmallocTotal:   34359738367 kB
VmallocUsed:       37272 kB
VmallocChunk:          0 kB
Percpu:             8000 kB
AnonHugePages:    663552 kB
ShmemHugePages:        0 kB
ShmemPmdMapped:        0 kB
FileHugePages:         0 kB
FilePmdMapped:         0 kB
HugePages_Total:       0
HugePages_Free:        0
HugePages_Rsvd:        0
HugePages_Surp:        0
Hugepagesize:       2048 kB
Hugetlb:               0 kB
DirectMap4k:       48128 kB
DirectMap2M:     5900288 kB
DirectMap1G:    10485760 kB

Current date and time: Mon May 15 05:09:08 UTC 2023
Current memory usage:
MemTotal:        7797868 kB
MemFree:         3017880 kB
MemAvailable:    5937180 kB
Buffers:           43112 kB
Cached:          2993456 kB
SwapCached:          428 kB
Active:           546576 kB
Inactive:        3637116 kB
Active(anon):      17236 kB
Inactive(anon):  1134076 kB
Active(file):     529340 kB
Inactive(file):  2503040 kB
Unevictable:           0 kB
Mlocked:               0 kB
SwapTotal:       2097152 kB
SwapFree:        2088644 kB
Dirty:                 0 kB
Writeback:             0 kB
AnonPages:       1045952 kB
Mapped:           313820 kB
Shmem:              4320 kB
KReclaimable:     186384 kB
Slab:             278880 kB
SReclaimable:     186384 kB
SUnreclaim:        92496 kB
KernelStack:       15328 kB
PageTables:        11596 kB
NFS_Unstable:          0 kB
Bounce:                0 kB
WritebackTmp:          0 kB
CommitLimit:     5996084 kB
Committed_AS:    4779392 kB
VmallocTotal:   34359738367 kB
VmallocUsed:       37288 kB
VmallocChunk:          0 kB
Percpu:             8000 kB
AnonHugePages:    663552 kB
ShmemHugePages:        0 kB
ShmemPmdMapped:        0 kB
FileHugePages:         0 kB
FilePmdMapped:         0 kB
HugePages_Total:       0
HugePages_Free:        0
HugePages_Rsvd:        0
HugePages_Surp:        0
Hugepagesize:       2048 kB
Hugetlb:               0 kB
DirectMap4k:       48128 kB
DirectMap2M:     5900288 kB
DirectMap1G:    10485760 kB

Current date and time: Mon May 15 05:10:08 UTC 2023
Current memory usage:
MemTotal:        7797868 kB
MemFree:         3019676 kB
MemAvailable:    5939048 kB
Buffers:           43120 kB
Cached:          2993556 kB
SwapCached:          428 kB
Active:           546588 kB
Inactive:        3637092 kB
Active(anon):      17240 kB
Inactive(anon):  1133956 kB
Active(file):     529348 kB
Inactive(file):  2503136 kB
Unevictable:           0 kB
Mlocked:               0 kB
SwapTotal:       2097152 kB
SwapFree:        2088644 kB
Dirty:                 0 kB
Writeback:             0 kB
AnonPages:       1045676 kB
Mapped:           313404 kB
Shmem:              4324 kB
KReclaimable:     186352 kB
Slab:             278912 kB
SReclaimable:     186352 kB
SUnreclaim:        92560 kB
KernelStack:       15360 kB
PageTables:        11348 kB
NFS_Unstable:          0 kB
Bounce:                0 kB
WritebackTmp:          0 kB
CommitLimit:     5996084 kB
Committed_AS:    4779396 kB
VmallocTotal:   34359738367 kB
VmallocUsed:       37352 kB
VmallocChunk:          0 kB
Percpu:             8000 kB
AnonHugePages:    663552 kB
ShmemHugePages:        0 kB
ShmemPmdMapped:        0 kB
FileHugePages:         0 kB
FilePmdMapped:         0 kB
HugePages_Total:       0
HugePages_Free:        0
HugePages_Rsvd:        0
HugePages_Surp:        0
Hugepagesize:       2048 kB
Hugetlb:               0 kB
DirectMap4k:       48128 kB
DirectMap2M:     5900288 kB
DirectMap1G:    10485760 kB

Current date and time: Mon May 15 05:11:07 UTC 2023
Current memory usage:
MemTotal:        7797868 kB
MemFree:         3017456 kB
MemAvailable:    5936820 kB
Buffers:           43128 kB
Cached:          2993560 kB
SwapCached:          428 kB
Active:           546600 kB
Inactive:        3637160 kB
Active(anon):      17244 kB
Inactive(anon):  1134024 kB
Active(file):     529356 kB
Inactive(file):  2503136 kB
Unevictable:           0 kB
Mlocked:               0 kB
SwapTotal:       2097152 kB
SwapFree:        2088644 kB
Dirty:                 0 kB
Writeback:             0 kB
AnonPages:       1045820 kB
Mapped:           313824 kB
Shmem:              4328 kB
KReclaimable:     186336 kB
Slab:             278888 kB
SReclaimable:     186336 kB
SUnreclaim:        92552 kB
KernelStack:       15376 kB
PageTables:        11732 kB
NFS_Unstable:          0 kB
Bounce:                0 kB
WritebackTmp:          0 kB
CommitLimit:     5996084 kB
Committed_AS:    4779400 kB
VmallocTotal:   34359738367 kB
VmallocUsed:       37272 kB
VmallocChunk:          0 kB
Percpu:             8000 kB
AnonHugePages:    663552 kB
ShmemHugePages:        0 kB
ShmemPmdMapped:        0 kB
FileHugePages:         0 kB
FilePmdMapped:         0 kB
HugePages_Total:       0
HugePages_Free:        0
HugePages_Rsvd:        0
HugePages_Surp:        0
Hugepagesize:       2048 kB
Hugetlb:               0 kB
DirectMap4k:       48128 kB
DirectMap2M:     5900288 kB
DirectMap1G:    10485760 kB

Current date and time: Mon May 15 05:12:09 UTC 2023
Current memory usage:
MemTotal:        7797868 kB
MemFree:         3019020 kB
MemAvailable:    5938424 kB
Buffers:           43136 kB
Cached:          2993564 kB
SwapCached:          428 kB
Active:           546612 kB
Inactive:        3637228 kB
Active(anon):      17248 kB
Inactive(anon):  1134092 kB
Active(file):     529364 kB
Inactive(file):  2503136 kB
Unevictable:           0 kB
Mlocked:               0 kB
SwapTotal:       2097152 kB
SwapFree:        2088644 kB
Dirty:                 0 kB
Writeback:             0 kB
AnonPages:       1046092 kB
Mapped:           313716 kB
Shmem:              4332 kB
KReclaimable:     186368 kB
Slab:             278928 kB
SReclaimable:     186368 kB
SUnreclaim:        92560 kB
KernelStack:       15376 kB
PageTables:        11736 kB
NFS_Unstable:          0 kB
Bounce:                0 kB
WritebackTmp:          0 kB
CommitLimit:     5996084 kB
Committed_AS:    4779404 kB
VmallocTotal:   34359738367 kB
VmallocUsed:       37304 kB
VmallocChunk:          0 kB
Percpu:             8000 kB
AnonHugePages:    663552 kB
ShmemHugePages:        0 kB
ShmemPmdMapped:        0 kB
FileHugePages:         0 kB
FilePmdMapped:         0 kB
HugePages_Total:       0
HugePages_Free:        0
HugePages_Rsvd:        0
HugePages_Surp:        0
Hugepagesize:       2048 kB
Hugetlb:               0 kB
DirectMap4k:       48128 kB
DirectMap2M:     5900288 kB
DirectMap1G:    10485760 kB

Current date and time: Mon May 15 05:13:08 UTC 2023
Current memory usage:
MemTotal:        7797868 kB
MemFree:         3019944 kB
MemAvailable:    5939372 kB
Buffers:           43144 kB
Cached:          2993568 kB
SwapCached:          428 kB
Active:           546624 kB
Inactive:        3637280 kB
Active(anon):      17252 kB
Inactive(anon):  1134144 kB
Active(file):     529372 kB
Inactive(file):  2503136 kB
Unevictable:           0 kB
Mlocked:               0 kB
SwapTotal:       2097152 kB
SwapFree:        2088644 kB
Dirty:                 0 kB
Writeback:             0 kB
AnonPages:       1045860 kB
Mapped:           313812 kB
Shmem:              4336 kB
KReclaimable:     186384 kB
Slab:             278868 kB
SReclaimable:     186384 kB
SUnreclaim:        92484 kB
KernelStack:       15344 kB
PageTables:        11460 kB
NFS_Unstable:          0 kB
Bounce:                0 kB
WritebackTmp:          0 kB
CommitLimit:     5996084 kB
Committed_AS:    4779408 kB
VmallocTotal:   34359738367 kB
VmallocUsed:       37256 kB
VmallocChunk:          0 kB
Percpu:             8000 kB
AnonHugePages:    663552 kB
ShmemHugePages:        0 kB
ShmemPmdMapped:        0 kB
FileHugePages:         0 kB
FilePmdMapped:         0 kB
HugePages_Total:       0
HugePages_Free:        0
HugePages_Rsvd:        0
HugePages_Surp:        0
Hugepagesize:       2048 kB
Hugetlb:               0 kB
DirectMap4k:       48128 kB
DirectMap2M:     5900288 kB
DirectMap1G:    10485760 kB

Current date and time: Mon May 15 05:14:08 UTC 2023
Current memory usage:
MemTotal:        7797868 kB
MemFree:         3022228 kB
MemAvailable:    5941648 kB
Buffers:           43152 kB
Cached:          2993572 kB
SwapCached:          428 kB
Active:           546636 kB
Inactive:        3637092 kB
Active(anon):      17256 kB
Inactive(anon):  1133956 kB
Active(file):     529380 kB
Inactive(file):  2503136 kB
Unevictable:           0 kB
Mlocked:               0 kB
SwapTotal:       2097152 kB
SwapFree:        2088644 kB
Dirty:                 0 kB
Writeback:             0 kB
AnonPages:       1045724 kB
Mapped:           313712 kB
Shmem:              4340 kB
KReclaimable:     186368 kB
Slab:             279032 kB
SReclaimable:     186368 kB
SUnreclaim:        92664 kB
KernelStack:       15408 kB
PageTables:        11420 kB
NFS_Unstable:          0 kB
Bounce:                0 kB
WritebackTmp:          0 kB
CommitLimit:     5996084 kB
Committed_AS:    4779412 kB
VmallocTotal:   34359738367 kB
VmallocUsed:       37256 kB
VmallocChunk:          0 kB
Percpu:             8000 kB
AnonHugePages:    663552 kB
ShmemHugePages:        0 kB
ShmemPmdMapped:        0 kB
FileHugePages:         0 kB
FilePmdMapped:         0 kB
HugePages_Total:       0
HugePages_Free:        0
HugePages_Rsvd:        0
HugePages_Surp:        0
Hugepagesize:       2048 kB
Hugetlb:               0 kB
DirectMap4k:       48128 kB
DirectMap2M:     5900288 kB
DirectMap1G:    10485760 kB

Current date and time: Mon May 15 05:15:07 UTC 2023
Current memory usage:
MemTotal:        7797868 kB
MemFree:         3019048 kB
MemAvailable:    5938476 kB
Buffers:           43160 kB
Cached:          2993576 kB
SwapCached:          428 kB
Active:           546644 kB
Inactive:        3637276 kB
Active(anon):      17256 kB
Inactive(anon):  1134140 kB
Active(file):     529388 kB
Inactive(file):  2503136 kB
Unevictable:           0 kB
Mlocked:               0 kB
SwapTotal:       2097152 kB
SwapFree:        2088644 kB
Dirty:                 0 kB
Writeback:             0 kB
AnonPages:       1045876 kB
Mapped:           313856 kB
Shmem:              4344 kB
KReclaimable:     186368 kB
Slab:             279048 kB
SReclaimable:     186368 kB
SUnreclaim:        92680 kB
KernelStack:       15392 kB
PageTables:        11624 kB
NFS_Unstable:          0 kB
Bounce:                0 kB
WritebackTmp:          0 kB
CommitLimit:     5996084 kB
Committed_AS:    4779416 kB
VmallocTotal:   34359738367 kB
VmallocUsed:       37256 kB
VmallocChunk:          0 kB
Percpu:             8000 kB
AnonHugePages:    663552 kB
ShmemHugePages:        0 kB
ShmemPmdMapped:        0 kB
FileHugePages:         0 kB
FilePmdMapped:         0 kB
HugePages_Total:       0
HugePages_Free:        0
HugePages_Rsvd:        0
HugePages_Surp:        0
Hugepagesize:       2048 kB
Hugetlb:               0 kB
DirectMap4k:       48128 kB
DirectMap2M:     5900288 kB
DirectMap1G:    10485760 kB

Current date and time: Mon May 15 05:16:07 UTC 2023
Current memory usage:
MemTotal:        7797868 kB
MemFree:         3022408 kB
MemAvailable:    5941856 kB
Buffers:           43176 kB
Cached:          2993584 kB
SwapCached:          428 kB
Active:           546664 kB
Inactive:        3637208 kB
Active(anon):      17260 kB
Inactive(anon):  1134068 kB
Active(file):     529404 kB
Inactive(file):  2503140 kB
Unevictable:           0 kB
Mlocked:               0 kB
SwapTotal:       2097152 kB
SwapFree:        2088644 kB
Dirty:                 0 kB
Writeback:             0 kB
AnonPages:       1045888 kB
Mapped:           313888 kB
Shmem:              4348 kB
KReclaimable:     186368 kB
Slab:             278900 kB
SReclaimable:     186368 kB
SUnreclaim:        92532 kB
KernelStack:       15344 kB
PageTables:        11400 kB
NFS_Unstable:          0 kB
Bounce:                0 kB
WritebackTmp:          0 kB
CommitLimit:     5996084 kB
Committed_AS:    4779420 kB
VmallocTotal:   34359738367 kB
VmallocUsed:       37320 kB
VmallocChunk:          0 kB
Percpu:             8000 kB
AnonHugePages:    663552 kB
ShmemHugePages:        0 kB
ShmemPmdMapped:        0 kB
FileHugePages:         0 kB
FilePmdMapped:         0 kB
HugePages_Total:       0
HugePages_Free:        0
HugePages_Rsvd:        0
HugePages_Surp:        0
Hugepagesize:       2048 kB
Hugetlb:               0 kB
DirectMap4k:       48128 kB
DirectMap2M:     5900288 kB
DirectMap1G:    10485760 kB

Current date and time: Mon May 15 05:17:07 UTC 2023
Current memory usage:
MemTotal:        7797868 kB
MemFree:         3023400 kB
MemAvailable:    5942840 kB
Buffers:           43184 kB
Cached:          2993584 kB
SwapCached:          428 kB
Active:           546684 kB
Inactive:        3637272 kB
Active(anon):      17264 kB
Inactive(anon):  1134140 kB
Active(file):     529420 kB
Inactive(file):  2503132 kB
Unevictable:           0 kB
Mlocked:               0 kB
SwapTotal:       2097152 kB
SwapFree:        2088644 kB
Dirty:                 0 kB
Writeback:             0 kB
AnonPages:       1045864 kB
Mapped:           313996 kB
Shmem:              4348 kB
KReclaimable:     186352 kB
Slab:             278852 kB
SReclaimable:     186352 kB
SUnreclaim:        92500 kB
KernelStack:       15328 kB
PageTables:        11264 kB
NFS_Unstable:          0 kB
Bounce:                0 kB
WritebackTmp:          0 kB
CommitLimit:     5996084 kB
Committed_AS:    4779424 kB
VmallocTotal:   34359738367 kB
VmallocUsed:       37256 kB
VmallocChunk:          0 kB
Percpu:             8000 kB
AnonHugePages:    663552 kB
ShmemHugePages:        0 kB
ShmemPmdMapped:        0 kB
FileHugePages:         0 kB
FilePmdMapped:         0 kB
HugePages_Total:       0
HugePages_Free:        0
HugePages_Rsvd:        0
HugePages_Surp:        0
Hugepagesize:       2048 kB
Hugetlb:               0 kB
DirectMap4k:       48128 kB
DirectMap2M:     5900288 kB
DirectMap1G:    10485760 kB

Current date and time: Mon May 15 05:18:08 UTC 2023
Current memory usage:
MemTotal:        7797868 kB
MemFree:         3020328 kB
MemAvailable:    5939792 kB
Buffers:           43192 kB
Cached:          2993588 kB
SwapCached:          428 kB
Active:           546724 kB
Inactive:        3637316 kB
Active(anon):      17268 kB
Inactive(anon):  1134212 kB
Active(file):     529456 kB
Inactive(file):  2503104 kB
Unevictable:           0 kB
Mlocked:               0 kB
SwapTotal:       2097152 kB
SwapFree:        2088644 kB
Dirty:                 0 kB
Writeback:             0 kB
AnonPages:       1045916 kB
Mapped:           313168 kB
Shmem:              4352 kB
KReclaimable:     186368 kB
Slab:             278956 kB
SReclaimable:     186368 kB
SUnreclaim:        92588 kB
KernelStack:       15376 kB
PageTables:        11344 kB
NFS_Unstable:          0 kB
Bounce:                0 kB
WritebackTmp:          0 kB
CommitLimit:     5996084 kB
Committed_AS:    4779556 kB
VmallocTotal:   34359738367 kB
VmallocUsed:       37336 kB
VmallocChunk:          0 kB
Percpu:             8000 kB
AnonHugePages:    663552 kB
ShmemHugePages:        0 kB
ShmemPmdMapped:        0 kB
FileHugePages:         0 kB
FilePmdMapped:         0 kB
HugePages_Total:       0
HugePages_Free:        0
HugePages_Rsvd:        0
HugePages_Surp:        0
Hugepagesize:       2048 kB
Hugetlb:               0 kB
DirectMap4k:       48128 kB
DirectMap2M:     5900288 kB
DirectMap1G:    10485760 kB

Current date and time: Mon May 15 05:19:08 UTC 2023
Current memory usage:
MemTotal:        7797868 kB
MemFree:         3019120 kB
MemAvailable:    5938592 kB
Buffers:           43200 kB
Cached:          2993592 kB
SwapCached:          428 kB
Active:           546740 kB
Inactive:        3637176 kB
Active(anon):      17272 kB
Inactive(anon):  1134076 kB
Active(file):     529468 kB
Inactive(file):  2503100 kB
Unevictable:           0 kB
Mlocked:               0 kB
SwapTotal:       2097152 kB
SwapFree:        2088644 kB
Dirty:                 0 kB
Writeback:             0 kB
AnonPages:       1045804 kB
Mapped:           313960 kB
Shmem:              4356 kB
KReclaimable:     186368 kB
Slab:             278876 kB
SReclaimable:     186368 kB
SUnreclaim:        92508 kB
KernelStack:       15344 kB
PageTables:        11460 kB
NFS_Unstable:          0 kB
Bounce:                0 kB
WritebackTmp:          0 kB
CommitLimit:     5996084 kB
Committed_AS:    4779560 kB
VmallocTotal:   34359738367 kB
VmallocUsed:       37336 kB
VmallocChunk:          0 kB
Percpu:             8000 kB
AnonHugePages:    663552 kB
ShmemHugePages:        0 kB
ShmemPmdMapped:        0 kB
FileHugePages:         0 kB
FilePmdMapped:         0 kB
HugePages_Total:       0
HugePages_Free:        0
HugePages_Rsvd:        0
HugePages_Surp:        0
Hugepagesize:       2048 kB
Hugetlb:               0 kB
DirectMap4k:       48128 kB
DirectMap2M:     5900288 kB
DirectMap1G:    10485760 kB

Current date and time: Mon May 15 05:20:08 UTC 2023
Current memory usage:
MemTotal:        7797868 kB
MemFree:         3022216 kB
MemAvailable:    5941680 kB
Buffers:           43208 kB
Cached:          2993596 kB
SwapCached:          428 kB
Active:           546752 kB
Inactive:        3637160 kB
Active(anon):      17276 kB
Inactive(anon):  1134060 kB
Active(file):     529476 kB
Inactive(file):  2503100 kB
Unevictable:           0 kB
Mlocked:               0 kB
SwapTotal:       2097152 kB
SwapFree:        2088644 kB
Dirty:                 0 kB
Writeback:             0 kB
AnonPages:       1045672 kB
Mapped:           313928 kB
Shmem:              4360 kB
KReclaimable:     186352 kB
Slab:             278956 kB
SReclaimable:     186352 kB
SUnreclaim:        92604 kB
KernelStack:       15376 kB
PageTables:        11352 kB
NFS_Unstable:          0 kB
Bounce:                0 kB
WritebackTmp:          0 kB
CommitLimit:     5996084 kB
Committed_AS:    4779564 kB
VmallocTotal:   34359738367 kB
VmallocUsed:       37240 kB
VmallocChunk:          0 kB
Percpu:             8000 kB
AnonHugePages:    663552 kB
ShmemHugePages:        0 kB
ShmemPmdMapped:        0 kB
FileHugePages:         0 kB
FilePmdMapped:         0 kB
HugePages_Total:       0
HugePages_Free:        0
HugePages_Rsvd:        0
HugePages_Surp:        0
Hugepagesize:       2048 kB
Hugetlb:               0 kB
DirectMap4k:       48128 kB
DirectMap2M:     5900288 kB
DirectMap1G:    10485760 kB

Current date and time: Mon May 15 05:21:09 UTC 2023
Current memory usage:
MemTotal:        7797868 kB
MemFree:         3014312 kB
MemAvailable:    5933800 kB
Buffers:           43216 kB
Cached:          2993600 kB
SwapCached:          428 kB
Active:           546764 kB
Inactive:        3637672 kB
Active(anon):      17280 kB
Inactive(anon):  1134572 kB
Active(file):     529484 kB
Inactive(file):  2503100 kB
Unevictable:           0 kB
Mlocked:               0 kB
SwapTotal:       2097152 kB
SwapFree:        2088644 kB
Dirty:                 0 kB
Writeback:             0 kB
AnonPages:       1046280 kB
Mapped:           313944 kB
Shmem:              4364 kB
KReclaimable:     186368 kB
Slab:             279020 kB
SReclaimable:     186368 kB
SUnreclaim:        92652 kB
KernelStack:       15408 kB
PageTables:        11292 kB
NFS_Unstable:          0 kB
Bounce:                0 kB
WritebackTmp:          0 kB
CommitLimit:     5996084 kB
Committed_AS:    4779568 kB
VmallocTotal:   34359738367 kB
VmallocUsed:       37320 kB
VmallocChunk:          0 kB
Percpu:             8000 kB
AnonHugePages:    663552 kB
ShmemHugePages:        0 kB
ShmemPmdMapped:        0 kB
FileHugePages:         0 kB
FilePmdMapped:         0 kB
HugePages_Total:       0
HugePages_Free:        0
HugePages_Rsvd:        0
HugePages_Surp:        0
Hugepagesize:       2048 kB
Hugetlb:               0 kB
DirectMap4k:       48128 kB
DirectMap2M:     5900288 kB
DirectMap1G:    10485760 kB

Current date and time: Mon May 15 05:22:08 UTC 2023
Current memory usage:
MemTotal:        7797868 kB
MemFree:         2988520 kB
MemAvailable:    5920524 kB
Buffers:           45252 kB
Cached:          3003876 kB
SwapCached:          428 kB
Active:           553720 kB
Inactive:        3657916 kB
Active(anon):      17292 kB
Inactive(anon):  1149456 kB
Active(file):     536428 kB
Inactive(file):  2508460 kB
Unevictable:           0 kB
Mlocked:               0 kB
SwapTotal:       2097152 kB
SwapFree:        2088644 kB
Dirty:                 0 kB
Writeback:             0 kB
AnonPages:       1061132 kB
Mapped:           317240 kB
Shmem:              4372 kB
KReclaimable:     186580 kB
Slab:             279212 kB
SReclaimable:     186580 kB
SUnreclaim:        92632 kB
KernelStack:       15440 kB
PageTables:        11684 kB
NFS_Unstable:          0 kB
Bounce:                0 kB
WritebackTmp:          0 kB
CommitLimit:     5996084 kB
Committed_AS:    4799992 kB
VmallocTotal:   34359738367 kB
VmallocUsed:       37360 kB
VmallocChunk:          0 kB
Percpu:             8000 kB
AnonHugePages:    669696 kB
ShmemHugePages:        0 kB
ShmemPmdMapped:        0 kB
FileHugePages:         0 kB
FilePmdMapped:         0 kB
HugePages_Total:       0
HugePages_Free:        0
HugePages_Rsvd:        0
HugePages_Surp:        0
Hugepagesize:       2048 kB
Hugetlb:               0 kB
DirectMap4k:       48128 kB
DirectMap2M:     5900288 kB
DirectMap1G:    10485760 kB

Current date and time: Mon May 15 05:23:09 UTC 2023
Current memory usage:
MemTotal:        7797868 kB
MemFree:         2987288 kB
MemAvailable:    5919316 kB
Buffers:           45260 kB
Cached:          3003880 kB
SwapCached:          428 kB
Active:           553736 kB
Inactive:        3657832 kB
Active(anon):      17300 kB
Inactive(anon):  1149372 kB
Active(file):     536436 kB
Inactive(file):  2508460 kB
Unevictable:           0 kB
Mlocked:               0 kB
SwapTotal:       2097152 kB
SwapFree:        2088644 kB
Dirty:                 0 kB
Writeback:             0 kB
AnonPages:       1061000 kB
Mapped:           316732 kB
Shmem:              4376 kB
KReclaimable:     186596 kB
Slab:             279264 kB
SReclaimable:     186596 kB
SUnreclaim:        92668 kB
KernelStack:       15456 kB
PageTables:        11524 kB
NFS_Unstable:          0 kB
Bounce:                0 kB
WritebackTmp:          0 kB
CommitLimit:     5996084 kB
Committed_AS:    4799996 kB
VmallocTotal:   34359738367 kB
VmallocUsed:       37408 kB
VmallocChunk:          0 kB
Percpu:             8000 kB
AnonHugePages:    669696 kB
ShmemHugePages:        0 kB
ShmemPmdMapped:        0 kB
FileHugePages:         0 kB
FilePmdMapped:         0 kB
HugePages_Total:       0
HugePages_Free:        0
HugePages_Rsvd:        0
HugePages_Surp:        0
Hugepagesize:       2048 kB
Hugetlb:               0 kB
DirectMap4k:       48128 kB
DirectMap2M:     5900288 kB
DirectMap1G:    10485760 kB

Current date and time: Mon May 15 05:24:08 UTC 2023
Current memory usage:
MemTotal:        7797868 kB
MemFree:         2989908 kB
MemAvailable:    5921956 kB
Buffers:           45276 kB
Cached:          3003888 kB
SwapCached:          428 kB
Active:           553752 kB
Inactive:        3655744 kB
Active(anon):      17300 kB
Inactive(anon):  1147280 kB
Active(file):     536452 kB
Inactive(file):  2508464 kB
Unevictable:           0 kB
Mlocked:               0 kB
SwapTotal:       2097152 kB
SwapFree:        2088644 kB
Dirty:                 0 kB
Writeback:             0 kB
AnonPages:       1059072 kB
Mapped:           316924 kB
Shmem:              4380 kB
KReclaimable:     186596 kB
Slab:             279264 kB
SReclaimable:     186596 kB
SUnreclaim:        92668 kB
KernelStack:       15440 kB
PageTables:        11472 kB
NFS_Unstable:          0 kB
Bounce:                0 kB
WritebackTmp:          0 kB
CommitLimit:     5996084 kB
Committed_AS:    4795900 kB
VmallocTotal:   34359738367 kB
VmallocUsed:       37360 kB
VmallocChunk:          0 kB
Percpu:             8000 kB
AnonHugePages:    667648 kB
ShmemHugePages:        0 kB
ShmemPmdMapped:        0 kB
FileHugePages:         0 kB
FilePmdMapped:         0 kB
HugePages_Total:       0
HugePages_Free:        0
HugePages_Rsvd:        0
HugePages_Surp:        0
Hugepagesize:       2048 kB
Hugetlb:               0 kB
DirectMap4k:       48128 kB
DirectMap2M:     5900288 kB
DirectMap1G:    10485760 kB

Current date and time: Mon May 15 05:25:09 UTC 2023
Current memory usage:
MemTotal:        7797868 kB
MemFree:         2987344 kB
MemAvailable:    5919384 kB
Buffers:           45284 kB
Cached:          3003892 kB
SwapCached:          428 kB
Active:           553764 kB
Inactive:        3656076 kB
Active(anon):      17304 kB
Inactive(anon):  1147612 kB
Active(file):     536460 kB
Inactive(file):  2508464 kB
Unevictable:           0 kB
Mlocked:               0 kB
SwapTotal:       2097152 kB
SwapFree:        2088644 kB
Dirty:                 0 kB
Writeback:             0 kB
AnonPages:       1059268 kB
Mapped:           316668 kB
Shmem:              4384 kB
KReclaimable:     186580 kB
Slab:             279236 kB
SReclaimable:     186580 kB
SUnreclaim:        92656 kB
KernelStack:       15440 kB
PageTables:        11668 kB
NFS_Unstable:          0 kB
Bounce:                0 kB
WritebackTmp:          0 kB
CommitLimit:     5996084 kB
Committed_AS:    4795904 kB
VmallocTotal:   34359738367 kB
VmallocUsed:       37360 kB
VmallocChunk:          0 kB
Percpu:             8000 kB
AnonHugePages:    667648 kB
ShmemHugePages:        0 kB
ShmemPmdMapped:        0 kB
FileHugePages:         0 kB
FilePmdMapped:         0 kB
HugePages_Total:       0
HugePages_Free:        0
HugePages_Rsvd:        0
HugePages_Surp:        0
Hugepagesize:       2048 kB
Hugetlb:               0 kB
DirectMap4k:       48128 kB
DirectMap2M:     5900288 kB
DirectMap1G:    10485760 kB

Current date and time: Mon May 15 05:26:07 UTC 2023
Current memory usage:
MemTotal:        7797868 kB
MemFree:         2993548 kB
MemAvailable:    5925612 kB
Buffers:           45292 kB
Cached:          3003896 kB
SwapCached:          428 kB
Active:           553776 kB
Inactive:        3656436 kB
Active(anon):      17308 kB
Inactive(anon):  1147972 kB
Active(file):     536468 kB
Inactive(file):  2508464 kB
Unevictable:           0 kB
Mlocked:               0 kB
SwapTotal:       2097152 kB
SwapFree:        2088644 kB
Dirty:                 0 kB
Writeback:             0 kB
AnonPages:       1059396 kB
Mapped:           316564 kB
Shmem:              4388 kB
KReclaimable:     186596 kB
Slab:             279324 kB
SReclaimable:     186596 kB
SUnreclaim:        92728 kB
KernelStack:       15476 kB
PageTables:        11492 kB
NFS_Unstable:          0 kB
Bounce:                0 kB
WritebackTmp:          0 kB
CommitLimit:     5996084 kB
Committed_AS:    4795908 kB
VmallocTotal:   34359738367 kB
VmallocUsed:       37376 kB
VmallocChunk:          0 kB
Percpu:             8000 kB
AnonHugePages:    667648 kB
ShmemHugePages:        0 kB
ShmemPmdMapped:        0 kB
FileHugePages:         0 kB
FilePmdMapped:         0 kB
HugePages_Total:       0
HugePages_Free:        0
HugePages_Rsvd:        0
HugePages_Surp:        0
Hugepagesize:       2048 kB
Hugetlb:               0 kB
DirectMap4k:       48128 kB
DirectMap2M:     5900288 kB
DirectMap1G:    10485760 kB

Current date and time: Mon May 15 05:27:08 UTC 2023
Current memory usage:
MemTotal:        7797868 kB
MemFree:         2988880 kB
MemAvailable:    5920936 kB
Buffers:           45300 kB
Cached:          3003900 kB
SwapCached:          428 kB
Active:           553788 kB
Inactive:        3656268 kB
Active(anon):      17312 kB
Inactive(anon):  1147804 kB
Active(file):     536476 kB
Inactive(file):  2508464 kB
Unevictable:           0 kB
Mlocked:               0 kB
SwapTotal:       2097152 kB
SwapFree:        2088644 kB
Dirty:                 0 kB
Writeback:             0 kB
AnonPages:       1059348 kB
Mapped:           316976 kB
Shmem:              4392 kB
KReclaimable:     186580 kB
Slab:             279240 kB
SReclaimable:     186580 kB
SUnreclaim:        92660 kB
KernelStack:       15424 kB
PageTables:        11476 kB
NFS_Unstable:          0 kB
Bounce:                0 kB
WritebackTmp:          0 kB
CommitLimit:     5996084 kB
Committed_AS:    4795912 kB
VmallocTotal:   34359738367 kB
VmallocUsed:       37360 kB
VmallocChunk:          0 kB
Percpu:             8000 kB
AnonHugePages:    667648 kB
ShmemHugePages:        0 kB
ShmemPmdMapped:        0 kB
FileHugePages:         0 kB
FilePmdMapped:         0 kB
HugePages_Total:       0
HugePages_Free:        0
HugePages_Rsvd:        0
HugePages_Surp:        0
Hugepagesize:       2048 kB
Hugetlb:               0 kB
DirectMap4k:       48128 kB
DirectMap2M:     5900288 kB
DirectMap1G:    10485760 kB

Current date and time: Mon May 15 05:28:08 UTC 2023
Current memory usage:
MemTotal:        7797868 kB
MemFree:         2993236 kB
MemAvailable:    5925316 kB
Buffers:           45308 kB
Cached:          3003904 kB
SwapCached:          428 kB
Active:           553800 kB
Inactive:        3656100 kB
Active(anon):      17316 kB
Inactive(anon):  1147636 kB
Active(file):     536484 kB
Inactive(file):  2508464 kB
Unevictable:           0 kB
Mlocked:               0 kB
SwapTotal:       2097152 kB
SwapFree:        2088644 kB
Dirty:                 0 kB
Writeback:             0 kB
AnonPages:       1059116 kB
Mapped:           316448 kB
Shmem:              4396 kB
KReclaimable:     186596 kB
Slab:             279252 kB
SReclaimable:     186596 kB
SUnreclaim:        92656 kB
KernelStack:       15424 kB
PageTables:        11484 kB
NFS_Unstable:          0 kB
Bounce:                0 kB
WritebackTmp:          0 kB
CommitLimit:     5996084 kB
Committed_AS:    4795916 kB
VmallocTotal:   34359738367 kB
VmallocUsed:       37392 kB
VmallocChunk:          0 kB
Percpu:             8000 kB
AnonHugePages:    667648 kB
ShmemHugePages:        0 kB
ShmemPmdMapped:        0 kB
FileHugePages:         0 kB
FilePmdMapped:         0 kB
HugePages_Total:       0
HugePages_Free:        0
HugePages_Rsvd:        0
HugePages_Surp:        0
Hugepagesize:       2048 kB
Hugetlb:               0 kB
DirectMap4k:       48128 kB
DirectMap2M:     5900288 kB
DirectMap1G:    10485760 kB

Current date and time: Mon May 15 05:29:08 UTC 2023
Current memory usage:
MemTotal:        7797868 kB
MemFree:         2990320 kB
MemAvailable:    5922408 kB
Buffers:           45316 kB
Cached:          3003908 kB
SwapCached:          428 kB
Active:           553812 kB
Inactive:        3656056 kB
Active(anon):      17320 kB
Inactive(anon):  1147592 kB
Active(file):     536492 kB
Inactive(file):  2508464 kB
Unevictable:           0 kB
Mlocked:               0 kB
SwapTotal:       2097152 kB
SwapFree:        2088644 kB
Dirty:                 0 kB
Writeback:             0 kB
AnonPages:       1059084 kB
Mapped:           317096 kB
Shmem:              4400 kB
KReclaimable:     186596 kB
Slab:             279260 kB
SReclaimable:     186596 kB
SUnreclaim:        92664 kB
KernelStack:       15440 kB
PageTables:        11472 kB
NFS_Unstable:          0 kB
Bounce:                0 kB
WritebackTmp:          0 kB
CommitLimit:     5996084 kB
Committed_AS:    4795920 kB
VmallocTotal:   34359738367 kB
VmallocUsed:       37392 kB
VmallocChunk:          0 kB
Percpu:             8000 kB
AnonHugePages:    667648 kB
ShmemHugePages:        0 kB
ShmemPmdMapped:        0 kB
FileHugePages:         0 kB
FilePmdMapped:         0 kB
HugePages_Total:       0
HugePages_Free:        0
HugePages_Rsvd:        0
HugePages_Surp:        0
Hugepagesize:       2048 kB
Hugetlb:               0 kB
DirectMap4k:       48128 kB
DirectMap2M:     5900288 kB
DirectMap1G:    10485760 kB

Current date and time: Mon May 15 05:30:07 UTC 2023
Current memory usage:
MemTotal:        7797868 kB
MemFree:         2992052 kB
MemAvailable:    5924284 kB
Buffers:           45324 kB
Cached:          3004032 kB
SwapCached:          428 kB
Active:           553828 kB
Inactive:        3656008 kB
Active(anon):      17324 kB
Inactive(anon):  1147428 kB
Active(file):     536504 kB
Inactive(file):  2508580 kB
Unevictable:           0 kB
Mlocked:               0 kB
SwapTotal:       2097152 kB
SwapFree:        2088644 kB
Dirty:                 0 kB
Writeback:             0 kB
AnonPages:       1059160 kB
Mapped:           317128 kB
Shmem:              4404 kB
KReclaimable:     186612 kB
Slab:             279280 kB
SReclaimable:     186612 kB
SUnreclaim:        92668 kB
KernelStack:       15440 kB
PageTables:        11472 kB
NFS_Unstable:          0 kB
Bounce:                0 kB
WritebackTmp:          0 kB
CommitLimit:     5996084 kB
Committed_AS:    4795924 kB
VmallocTotal:   34359738367 kB
VmallocUsed:       37424 kB
VmallocChunk:          0 kB
Percpu:             8000 kB
AnonHugePages:    667648 kB
ShmemHugePages:        0 kB
ShmemPmdMapped:        0 kB
FileHugePages:         0 kB
FilePmdMapped:         0 kB
HugePages_Total:       0
HugePages_Free:        0
HugePages_Rsvd:        0
HugePages_Surp:        0
Hugepagesize:       2048 kB
Hugetlb:               0 kB
DirectMap4k:       48128 kB
DirectMap2M:     5900288 kB
DirectMap1G:    10485760 kB

Current date and time: Mon May 15 05:31:09 UTC 2023
Current memory usage:
MemTotal:        7797868 kB
MemFree:         2990148 kB
MemAvailable:    5922384 kB
Buffers:           45340 kB
Cached:          3004040 kB
SwapCached:          428 kB
Active:           553848 kB
Inactive:        3656060 kB
