
Current date and time: Fri May 12 02:27:08 UTC 2023
Current memory usage:
MemTotal:        7797868 kB
MemFree:         3284256 kB
MemAvailable:    6206448 kB
Buffers:           37860 kB
Cached:          3001156 kB
SwapCached:         3380 kB
Active:           517860 kB
Inactive:        3406500 kB
Active(anon):      12288 kB
Inactive(anon):   877208 kB
Active(file):     505572 kB
Inactive(file):  2529292 kB
Unevictable:           0 kB
Mlocked:               0 kB
SwapTotal:       2097152 kB
SwapFree:        2086328 kB
Dirty:                 0 kB
Writeback:             0 kB
AnonPages:        805896 kB
Mapped:           305168 kB
Shmem:              4276 kB
KReclaimable:     186792 kB
Slab:             279728 kB
SReclaimable:     186792 kB
SUnreclaim:        92936 kB
KernelStack:       15632 kB
PageTables:        11776 kB
NFS_Unstable:          0 kB
Bounce:                0 kB
WritebackTmp:          0 kB
CommitLimit:     5996084 kB
Committed_AS:    4871680 kB
VmallocTotal:   34359738367 kB
VmallocUsed:       37548 kB
VmallocChunk:          0 kB
Percpu:             8000 kB
AnonHugePages:    348160 kB
ShmemHugePages:        0 kB
ShmemPmdMapped:        0 kB
FileHugePages:         0 kB
FilePmdMapped:         0 kB
HugePages_Total:       0
HugePages_Free:        0
HugePages_Rsvd:        0
HugePages_Surp:        0
Hugepagesize:       2048 kB
Hugetlb:               0 kB
DirectMap4k:       48128 kB
DirectMap2M:     5900288 kB
DirectMap1G:    10485760 kB

Current date and time: Fri May 12 02:28:15 UTC 2023
Current memory usage:
MemTotal:        7797868 kB
MemFree:         2781372 kB
MemAvailable:    5751624 kB
Buffers:           38780 kB
Cached:          3047724 kB
SwapCached:         3380 kB
Active:           579564 kB
Inactive:        3842232 kB
Active(anon):      12376 kB
Inactive(anon):  1327228 kB
Active(file):     567188 kB
Inactive(file):  2515004 kB
Unevictable:           0 kB
Mlocked:               0 kB
SwapTotal:       2097152 kB
SwapFree:        2086328 kB
Dirty:                 0 kB
Writeback:             0 kB
AnonPages:       1243736 kB
Mapped:           346732 kB
Shmem:              4436 kB
KReclaimable:     187524 kB
Slab:             282624 kB
SReclaimable:     187524 kB
SUnreclaim:        95100 kB
KernelStack:       16720 kB
PageTables:        13416 kB
NFS_Unstable:          0 kB
Bounce:                0 kB
WritebackTmp:          0 kB
CommitLimit:     5996084 kB
Committed_AS:    5702116 kB
VmallocTotal:   34359738367 kB
VmallocUsed:       38784 kB
VmallocChunk:          0 kB
Percpu:             8576 kB
AnonHugePages:    561152 kB
ShmemHugePages:        0 kB
ShmemPmdMapped:        0 kB
FileHugePages:         0 kB
FilePmdMapped:         0 kB
HugePages_Total:       0
HugePages_Free:        0
HugePages_Rsvd:        0
HugePages_Surp:        0
Hugepagesize:       2048 kB
Hugetlb:               0 kB
DirectMap4k:       64512 kB
DirectMap2M:     7981056 kB
DirectMap1G:     8388608 kB

Current date and time: Fri May 12 02:29:08 UTC 2023
Current memory usage:
MemTotal:        7797868 kB
MemFree:         2768940 kB
MemAvailable:    5739220 kB
Buffers:           38788 kB
Cached:          3047732 kB
SwapCached:         3380 kB
Active:           579972 kB
Inactive:        3851956 kB
Active(anon):      12380 kB
Inactive(anon):  1337344 kB
Active(file):     567592 kB
Inactive(file):  2514612 kB
Unevictable:           0 kB
Mlocked:               0 kB
SwapTotal:       2097152 kB
SwapFree:        2086328 kB
Dirty:                 0 kB
Writeback:             0 kB
AnonPages:       1234328 kB
Mapped:           346668 kB
Shmem:              4440 kB
KReclaimable:     187540 kB
Slab:             282656 kB
SReclaimable:     187540 kB
SUnreclaim:        95116 kB
KernelStack:       16720 kB
PageTables:        13416 kB
NFS_Unstable:          0 kB
Bounce:                0 kB
WritebackTmp:          0 kB
CommitLimit:     5996084 kB
Committed_AS:    5702376 kB
VmallocTotal:   34359738367 kB
VmallocUsed:       38752 kB
VmallocChunk:          0 kB
Percpu:             8576 kB
AnonHugePages:    544768 kB
ShmemHugePages:        0 kB
ShmemPmdMapped:        0 kB
FileHugePages:         0 kB
FilePmdMapped:         0 kB
HugePages_Total:       0
HugePages_Free:        0
HugePages_Rsvd:        0
HugePages_Surp:        0
Hugepagesize:       2048 kB
Hugetlb:               0 kB
DirectMap4k:       64512 kB
DirectMap2M:     7981056 kB
DirectMap1G:     8388608 kB

Current date and time: Fri May 12 02:30:08 UTC 2023
Current memory usage:
MemTotal:        7797868 kB
MemFree:         2741704 kB
MemAvailable:    5717804 kB
Buffers:           38848 kB
Cached:          3053460 kB
SwapCached:         3380 kB
Active:           580280 kB
Inactive:        3873784 kB
Active(anon):      12384 kB
Inactive(anon):  1353692 kB
Active(file):     567896 kB
Inactive(file):  2520092 kB
Unevictable:           0 kB
Mlocked:               0 kB
SwapTotal:       2097152 kB
SwapFree:        2086328 kB
Dirty:                 0 kB
Writeback:             0 kB
AnonPages:       1249800 kB
Mapped:           350212 kB
Shmem:              4444 kB
KReclaimable:     187576 kB
Slab:             282596 kB
SReclaimable:     187576 kB
SUnreclaim:        95020 kB
KernelStack:       16688 kB
PageTables:        13328 kB
NFS_Unstable:          0 kB
Bounce:                0 kB
WritebackTmp:          0 kB
CommitLimit:     5996084 kB
Committed_AS:    5702380 kB
VmallocTotal:   34359738367 kB
VmallocUsed:       38752 kB
VmallocChunk:          0 kB
Percpu:             8576 kB
AnonHugePages:    563200 kB
ShmemHugePages:        0 kB
ShmemPmdMapped:        0 kB
FileHugePages:         0 kB
FilePmdMapped:         0 kB
HugePages_Total:       0
HugePages_Free:        0
HugePages_Rsvd:        0
HugePages_Surp:        0
Hugepagesize:       2048 kB
Hugetlb:               0 kB
DirectMap4k:       64512 kB
DirectMap2M:     7981056 kB
DirectMap1G:     8388608 kB

Current date and time: Fri May 12 02:31:07 UTC 2023
Current memory usage:
MemTotal:        7797868 kB
MemFree:         2718512 kB
MemAvailable:    5695056 kB
Buffers:           38996 kB
Cached:          3053744 kB
SwapCached:         3380 kB
Active:           581172 kB
Inactive:        3892976 kB
Active(anon):      12912 kB
Inactive(anon):  1372820 kB
Active(file):     568260 kB
Inactive(file):  2520156 kB
Unevictable:           0 kB
Mlocked:               0 kB
SwapTotal:       2097152 kB
SwapFree:        2086328 kB
Dirty:                 4 kB
Writeback:             0 kB
AnonPages:       1265728 kB
Mapped:           350504 kB
Shmem:              4448 kB
KReclaimable:     187592 kB
Slab:             283088 kB
SReclaimable:     187592 kB
SUnreclaim:        95496 kB
KernelStack:       16752 kB
PageTables:        13416 kB
NFS_Unstable:          0 kB
Bounce:                0 kB
WritebackTmp:          0 kB
CommitLimit:     5996084 kB
Committed_AS:    5704524 kB
VmallocTotal:   34359738367 kB
VmallocUsed:       38784 kB
VmallocChunk:          0 kB
Percpu:             8576 kB
AnonHugePages:    575488 kB
ShmemHugePages:        0 kB
ShmemPmdMapped:        0 kB
FileHugePages:         0 kB
FilePmdMapped:         0 kB
HugePages_Total:       0
HugePages_Free:        0
HugePages_Rsvd:        0
HugePages_Surp:        0
Hugepagesize:       2048 kB
Hugetlb:               0 kB
DirectMap4k:       64512 kB
DirectMap2M:     7981056 kB
DirectMap1G:     8388608 kB

Current date and time: Fri May 12 02:32:08 UTC 2023
Current memory usage:
MemTotal:        7797868 kB
MemFree:         2718764 kB
MemAvailable:    5695364 kB
Buffers:           39028 kB
Cached:          3053752 kB
SwapCached:         3380 kB
Active:           582868 kB
Inactive:        3894728 kB
Active(anon):      12916 kB
Inactive(anon):  1376228 kB
Active(file):     569952 kB
Inactive(file):  2518500 kB
Unevictable:           0 kB
Mlocked:               0 kB
SwapTotal:       2097152 kB
SwapFree:        2086328 kB
Dirty:                 0 kB
Writeback:             0 kB
AnonPages:       1267892 kB
Mapped:           350504 kB
Shmem:              4452 kB
KReclaimable:     187612 kB
Slab:             283044 kB
SReclaimable:     187612 kB
SUnreclaim:        95432 kB
KernelStack:       16624 kB
PageTables:        13468 kB
NFS_Unstable:          0 kB
Bounce:                0 kB
WritebackTmp:          0 kB
CommitLimit:     5996084 kB
Committed_AS:    5704528 kB
VmallocTotal:   34359738367 kB
VmallocUsed:       38656 kB
VmallocChunk:          0 kB
Percpu:             8576 kB
AnonHugePages:    581632 kB
ShmemHugePages:        0 kB
ShmemPmdMapped:        0 kB
FileHugePages:         0 kB
FilePmdMapped:         0 kB
HugePages_Total:       0
HugePages_Free:        0
HugePages_Rsvd:        0
HugePages_Surp:        0
Hugepagesize:       2048 kB
Hugetlb:               0 kB
DirectMap4k:       64512 kB
DirectMap2M:     7981056 kB
DirectMap1G:     8388608 kB

Current date and time: Fri May 12 02:33:08 UTC 2023
Current memory usage:
MemTotal:        7797868 kB
MemFree:         2701608 kB
MemAvailable:    5678288 kB
Buffers:           39036 kB
Cached:          3053796 kB
SwapCached:         3380 kB
Active:           582888 kB
Inactive:        3904180 kB
Active(anon):      12920 kB
Inactive(anon):  1385648 kB
Active(file):     569968 kB
Inactive(file):  2518532 kB
Unevictable:           0 kB
Mlocked:               0 kB
SwapTotal:       2097152 kB
SwapFree:        2086328 kB
Dirty:                 0 kB
Writeback:             0 kB
AnonPages:       1276908 kB
Mapped:           350564 kB
Shmem:              4456 kB
KReclaimable:     187644 kB
Slab:             283144 kB
SReclaimable:     187644 kB
SUnreclaim:        95500 kB
KernelStack:       16640 kB
PageTables:        13416 kB
NFS_Unstable:          0 kB
Bounce:                0 kB
WritebackTmp:          0 kB
CommitLimit:     5996084 kB
Committed_AS:    5704532 kB
VmallocTotal:   34359738367 kB
VmallocUsed:       38672 kB
VmallocChunk:          0 kB
Percpu:             8576 kB
AnonHugePages:    595968 kB
ShmemHugePages:        0 kB
ShmemPmdMapped:        0 kB
FileHugePages:         0 kB
FilePmdMapped:         0 kB
HugePages_Total:       0
HugePages_Free:        0
HugePages_Rsvd:        0
HugePages_Surp:        0
Hugepagesize:       2048 kB
Hugetlb:               0 kB
DirectMap4k:       64512 kB
DirectMap2M:     7981056 kB
DirectMap1G:     8388608 kB

Current date and time: Fri May 12 02:34:08 UTC 2023
Current memory usage:
MemTotal:        7797868 kB
MemFree:         2704260 kB
MemAvailable:    5680900 kB
Buffers:           39044 kB
Cached:          3053800 kB
SwapCached:         3380 kB
Active:           582916 kB
Inactive:        3904868 kB
Active(anon):      12920 kB
Inactive(anon):  1386356 kB
Active(file):     569996 kB
Inactive(file):  2518512 kB
Unevictable:           0 kB
Mlocked:               0 kB
SwapTotal:       2097152 kB
SwapFree:        2086328 kB
Dirty:                 0 kB
Writeback:             0 kB
AnonPages:       1277024 kB
Mapped:           350604 kB
Shmem:              4460 kB
KReclaimable:     187596 kB
Slab:             283088 kB
SReclaimable:     187596 kB
SUnreclaim:        95492 kB
KernelStack:       16640 kB
PageTables:        13596 kB
NFS_Unstable:          0 kB
Bounce:                0 kB
WritebackTmp:          0 kB
CommitLimit:     5996084 kB
Committed_AS:    5704536 kB
VmallocTotal:   34359738367 kB
VmallocUsed:       38672 kB
VmallocChunk:          0 kB
Percpu:             8576 kB
AnonHugePages:    624640 kB
ShmemHugePages:        0 kB
ShmemPmdMapped:        0 kB
FileHugePages:         0 kB
FilePmdMapped:         0 kB
HugePages_Total:       0
HugePages_Free:        0
HugePages_Rsvd:        0
HugePages_Surp:        0
Hugepagesize:       2048 kB
Hugetlb:               0 kB
DirectMap4k:       64512 kB
DirectMap2M:     7981056 kB
DirectMap1G:     8388608 kB

Current date and time: Fri May 12 02:35:08 UTC 2023
Current memory usage:
MemTotal:        7797868 kB
MemFree:         2687028 kB
MemAvailable:    5663692 kB
Buffers:           39052 kB
Cached:          3053804 kB
SwapCached:         3380 kB
Active:           583020 kB
Inactive:        3921992 kB
Active(anon):      12916 kB
Inactive(anon):  1403580 kB
Active(file):     570104 kB
Inactive(file):  2518412 kB
Unevictable:           0 kB
Mlocked:               0 kB
SwapTotal:       2097152 kB
SwapFree:        2086328 kB
Dirty:                 0 kB
Writeback:             0 kB
AnonPages:       1293560 kB
Mapped:           350596 kB
Shmem:              4464 kB
KReclaimable:     187612 kB
Slab:             283020 kB
SReclaimable:     187612 kB
SUnreclaim:        95408 kB
KernelStack:       16660 kB
PageTables:        13336 kB
NFS_Unstable:          0 kB
Bounce:                0 kB
WritebackTmp:          0 kB
CommitLimit:     5996084 kB
Committed_AS:    5704540 kB
VmallocTotal:   34359738367 kB
VmallocUsed:       38704 kB
VmallocChunk:          0 kB
Percpu:             8576 kB
AnonHugePages:    647168 kB
ShmemHugePages:        0 kB
ShmemPmdMapped:        0 kB
FileHugePages:         0 kB
FilePmdMapped:         0 kB
HugePages_Total:       0
HugePages_Free:        0
HugePages_Rsvd:        0
HugePages_Surp:        0
Hugepagesize:       2048 kB
Hugetlb:               0 kB
DirectMap4k:       64512 kB
DirectMap2M:     7981056 kB
DirectMap1G:     8388608 kB

Current date and time: Fri May 12 02:36:07 UTC 2023
Current memory usage:
MemTotal:        7797868 kB
MemFree:         2668080 kB
MemAvailable:    5644752 kB
Buffers:           39060 kB
Cached:          3053804 kB
SwapCached:         3380 kB
Active:           583084 kB
Inactive:        3938424 kB
Active(anon):      12920 kB
Inactive(anon):  1420064 kB
Active(file):     570164 kB
Inactive(file):  2518360 kB
Unevictable:           0 kB
Mlocked:               0 kB
SwapTotal:       2097152 kB
SwapFree:        2086328 kB
Dirty:                 0 kB
Writeback:             0 kB
AnonPages:       1309852 kB
Mapped:           350564 kB
Shmem:              4464 kB
KReclaimable:     187612 kB
Slab:             283188 kB
SReclaimable:     187612 kB
SUnreclaim:        95576 kB
KernelStack:       16656 kB
PageTables:        13488 kB
NFS_Unstable:          0 kB
Bounce:                0 kB
WritebackTmp:          0 kB
CommitLimit:     5996084 kB
Committed_AS:    5704540 kB
VmallocTotal:   34359738367 kB
VmallocUsed:       38640 kB
VmallocChunk:          0 kB
Percpu:             8576 kB
AnonHugePages:    665600 kB
ShmemHugePages:        0 kB
ShmemPmdMapped:        0 kB
FileHugePages:         0 kB
FilePmdMapped:         0 kB
HugePages_Total:       0
HugePages_Free:        0
HugePages_Rsvd:        0
HugePages_Surp:        0
Hugepagesize:       2048 kB
Hugetlb:               0 kB
DirectMap4k:       64512 kB
DirectMap2M:     7981056 kB
DirectMap1G:     8388608 kB

Current date and time: Fri May 12 02:37:08 UTC 2023
Current memory usage:
MemTotal:        7797868 kB
MemFree:         2655800 kB
MemAvailable:    5632492 kB
Buffers:           39076 kB
Cached:          3053816 kB
SwapCached:         3380 kB
Active:           583200 kB
Inactive:        3954416 kB
Active(anon):      12928 kB
Inactive(anon):  1436144 kB
Active(file):     570272 kB
Inactive(file):  2518272 kB
Unevictable:           0 kB
Mlocked:               0 kB
SwapTotal:       2097152 kB
SwapFree:        2086328 kB
Dirty:                 0 kB
Writeback:             0 kB
AnonPages:       1325116 kB
Mapped:           350568 kB
Shmem:              4472 kB
KReclaimable:     187612 kB
Slab:             283108 kB
SReclaimable:     187612 kB
SUnreclaim:        95496 kB
KernelStack:       16624 kB
PageTables:        13420 kB
NFS_Unstable:          0 kB
Bounce:                0 kB
WritebackTmp:          0 kB
CommitLimit:     5996084 kB
Committed_AS:    5704548 kB
VmallocTotal:   34359738367 kB
VmallocUsed:       38656 kB
VmallocChunk:          0 kB
Percpu:             8576 kB
AnonHugePages:    684032 kB
ShmemHugePages:        0 kB
ShmemPmdMapped:        0 kB
FileHugePages:         0 kB
FilePmdMapped:         0 kB
HugePages_Total:       0
HugePages_Free:        0
HugePages_Rsvd:        0
HugePages_Surp:        0
Hugepagesize:       2048 kB
Hugetlb:               0 kB
DirectMap4k:       64512 kB
DirectMap2M:     7981056 kB
DirectMap1G:     8388608 kB

Current date and time: Fri May 12 02:38:08 UTC 2023
Current memory usage:
MemTotal:        7797868 kB
MemFree:         2643436 kB
MemAvailable:    5620136 kB
Buffers:           39084 kB
Cached:          3053820 kB
SwapCached:         3380 kB
Active:           583256 kB
Inactive:        3966108 kB
Active(anon):      12932 kB
Inactive(anon):  1447880 kB
Active(file):     570324 kB
Inactive(file):  2518228 kB
Unevictable:           0 kB
Mlocked:               0 kB
SwapTotal:       2097152 kB
SwapFree:        2086328 kB
Dirty:                 0 kB
Writeback:             0 kB
AnonPages:       1336376 kB
Mapped:           350560 kB
Shmem:              4476 kB
KReclaimable:     187612 kB
Slab:             283092 kB
SReclaimable:     187612 kB
SUnreclaim:        95480 kB
KernelStack:       16624 kB
PageTables:        13596 kB
NFS_Unstable:          0 kB
Bounce:                0 kB
WritebackTmp:          0 kB
CommitLimit:     5996084 kB
Committed_AS:    5704552 kB
VmallocTotal:   34359738367 kB
VmallocUsed:       38656 kB
VmallocChunk:          0 kB
Percpu:             8576 kB
AnonHugePages:    698368 kB
ShmemHugePages:        0 kB
ShmemPmdMapped:        0 kB
FileHugePages:         0 kB
FilePmdMapped:         0 kB
HugePages_Total:       0
HugePages_Free:        0
HugePages_Rsvd:        0
HugePages_Surp:        0
Hugepagesize:       2048 kB
Hugetlb:               0 kB
DirectMap4k:       64512 kB
DirectMap2M:     7981056 kB
DirectMap1G:     8388608 kB

Current date and time: Fri May 12 02:39:08 UTC 2023
Current memory usage:
MemTotal:        7797868 kB
MemFree:         2623280 kB
MemAvailable:    5599988 kB
Buffers:           39092 kB
Cached:          3053824 kB
SwapCached:         3380 kB
Active:           583288 kB
Inactive:        3984056 kB
Active(anon):      12936 kB
Inactive(anon):  1465848 kB
Active(file):     570352 kB
Inactive(file):  2518208 kB
Unevictable:           0 kB
Mlocked:               0 kB
SwapTotal:       2097152 kB
SwapFree:        2086328 kB
Dirty:                 0 kB
Writeback:             0 kB
AnonPages:       1353912 kB
Mapped:           350616 kB
Shmem:              4480 kB
KReclaimable:     187612 kB
Slab:             283208 kB
SReclaimable:     187612 kB
SUnreclaim:        95596 kB
KernelStack:       16656 kB
PageTables:        13488 kB
NFS_Unstable:          0 kB
Bounce:                0 kB
WritebackTmp:          0 kB
CommitLimit:     5996084 kB
Committed_AS:    5704556 kB
VmallocTotal:   34359738367 kB
VmallocUsed:       38656 kB
VmallocChunk:          0 kB
Percpu:             8576 kB
AnonHugePages:    716800 kB
ShmemHugePages:        0 kB
ShmemPmdMapped:        0 kB
FileHugePages:         0 kB
FilePmdMapped:         0 kB
HugePages_Total:       0
HugePages_Free:        0
HugePages_Rsvd:        0
HugePages_Surp:        0
Hugepagesize:       2048 kB
Hugetlb:               0 kB
DirectMap4k:       64512 kB
DirectMap2M:     7981056 kB
DirectMap1G:     8388608 kB

Current date and time: Fri May 12 02:40:07 UTC 2023
Current memory usage:
MemTotal:        7797868 kB
MemFree:         2613012 kB
MemAvailable:    5589744 kB
Buffers:           39100 kB
Cached:          3053828 kB
SwapCached:         3380 kB
Active:           583300 kB
Inactive:        3992064 kB
Active(anon):      12940 kB
Inactive(anon):  1473856 kB
Active(file):     570360 kB
Inactive(file):  2518208 kB
Unevictable:           0 kB
Mlocked:               0 kB
SwapTotal:       2097152 kB
SwapFree:        2086328 kB
Dirty:                 0 kB
Writeback:             0 kB
AnonPages:       1361848 kB
Mapped:           350564 kB
Shmem:              4484 kB
KReclaimable:     187628 kB
Slab:             283032 kB
SReclaimable:     187628 kB
SUnreclaim:        95404 kB
KernelStack:       16592 kB
PageTables:        13340 kB
NFS_Unstable:          0 kB
Bounce:                0 kB
WritebackTmp:          0 kB
CommitLimit:     5996084 kB
Committed_AS:    5704560 kB
VmallocTotal:   34359738367 kB
VmallocUsed:       38640 kB
VmallocChunk:          0 kB
Percpu:             8576 kB
AnonHugePages:    724992 kB
ShmemHugePages:        0 kB
ShmemPmdMapped:        0 kB
FileHugePages:         0 kB
FilePmdMapped:         0 kB
HugePages_Total:       0
HugePages_Free:        0
HugePages_Rsvd:        0
HugePages_Surp:        0
Hugepagesize:       2048 kB
Hugetlb:               0 kB
DirectMap4k:       64512 kB
DirectMap2M:     7981056 kB
DirectMap1G:     8388608 kB

Current date and time: Fri May 12 02:41:08 UTC 2023
Current memory usage:
MemTotal:        7797868 kB
MemFree:         2606276 kB
MemAvailable:    5583000 kB
Buffers:           39108 kB
Cached:          3053832 kB
SwapCached:         3380 kB
Active:           583356 kB
Inactive:        3997984 kB
Active(anon):      12944 kB
Inactive(anon):  1479820 kB
Active(file):     570412 kB
Inactive(file):  2518164 kB
Unevictable:           0 kB
Mlocked:               0 kB
SwapTotal:       2097152 kB
SwapFree:        2086328 kB
Dirty:                 0 kB
Writeback:             0 kB
AnonPages:       1367380 kB
Mapped:           350628 kB
Shmem:              4488 kB
KReclaimable:     187612 kB
Slab:             283208 kB
SReclaimable:     187612 kB
SUnreclaim:        95596 kB
KernelStack:       16672 kB
PageTables:        13504 kB
NFS_Unstable:          0 kB
Bounce:                0 kB
WritebackTmp:          0 kB
CommitLimit:     5996084 kB
Committed_AS:    5704564 kB
VmallocTotal:   34359738367 kB
VmallocUsed:       38592 kB
VmallocChunk:          0 kB
Percpu:             8576 kB
AnonHugePages:    731136 kB
ShmemHugePages:        0 kB
ShmemPmdMapped:        0 kB
FileHugePages:         0 kB
FilePmdMapped:         0 kB
HugePages_Total:       0
HugePages_Free:        0
HugePages_Rsvd:        0
HugePages_Surp:        0
Hugepagesize:       2048 kB
Hugetlb:               0 kB
DirectMap4k:       64512 kB
DirectMap2M:     7981056 kB
DirectMap1G:     8388608 kB

Current date and time: Fri May 12 02:42:07 UTC 2023
Current memory usage:
MemTotal:        7797868 kB
MemFree:         2609172 kB
MemAvailable:    5585904 kB
Buffers:           39116 kB
Cached:          3053836 kB
SwapCached:         3380 kB
Active:           583368 kB
Inactive:        4002064 kB
Active(anon):      12948 kB
Inactive(anon):  1483900 kB
Active(file):     570420 kB
Inactive(file):  2518164 kB
Unevictable:           0 kB
Mlocked:               0 kB
SwapTotal:       2097152 kB
SwapFree:        2086328 kB
Dirty:                 0 kB
Writeback:             0 kB
AnonPages:       1370996 kB
Mapped:           350580 kB
Shmem:              4492 kB
KReclaimable:     187612 kB
Slab:             283140 kB
SReclaimable:     187612 kB
SUnreclaim:        95528 kB
KernelStack:       16640 kB
PageTables:        13416 kB
NFS_Unstable:          0 kB
Bounce:                0 kB
WritebackTmp:          0 kB
CommitLimit:     5996084 kB
Committed_AS:    5704568 kB
VmallocTotal:   34359738367 kB
VmallocUsed:       38688 kB
VmallocChunk:          0 kB
Percpu:             8576 kB
AnonHugePages:    735232 kB
ShmemHugePages:        0 kB
ShmemPmdMapped:        0 kB
FileHugePages:         0 kB
FilePmdMapped:         0 kB
HugePages_Total:       0
HugePages_Free:        0
HugePages_Rsvd:        0
HugePages_Surp:        0
Hugepagesize:       2048 kB
Hugetlb:               0 kB
DirectMap4k:       64512 kB
DirectMap2M:     7981056 kB
DirectMap1G:     8388608 kB

Current date and time: Fri May 12 02:43:08 UTC 2023
Current memory usage:
MemTotal:        7797868 kB
MemFree:         2588428 kB
MemAvailable:    5565188 kB
Buffers:           39124 kB
Cached:          3053844 kB
SwapCached:         3380 kB
Active:           583388 kB
Inactive:        4019788 kB
Active(anon):      12952 kB
Inactive(anon):  1501628 kB
Active(file):     570436 kB
Inactive(file):  2518160 kB
Unevictable:           0 kB
Mlocked:               0 kB
SwapTotal:       2097152 kB
SwapFree:        2086328 kB
Dirty:                 0 kB
Writeback:             0 kB
AnonPages:       1388364 kB
Mapped:           350544 kB
Shmem:              4496 kB
KReclaimable:     187628 kB
Slab:             283108 kB
SReclaimable:     187628 kB
SUnreclaim:        95480 kB
KernelStack:       16640 kB
PageTables:        13664 kB
NFS_Unstable:          0 kB
Bounce:                0 kB
WritebackTmp:          0 kB
CommitLimit:     5996084 kB
Committed_AS:    5704572 kB
VmallocTotal:   34359738367 kB
VmallocUsed:       38672 kB
VmallocChunk:          0 kB
Percpu:             8576 kB
AnonHugePages:    753664 kB
ShmemHugePages:        0 kB
ShmemPmdMapped:        0 kB
FileHugePages:         0 kB
FilePmdMapped:         0 kB
HugePages_Total:       0
HugePages_Free:        0
HugePages_Rsvd:        0
HugePages_Surp:        0
Hugepagesize:       2048 kB
Hugetlb:               0 kB
DirectMap4k:       64512 kB
DirectMap2M:     7981056 kB
DirectMap1G:     8388608 kB

Current date and time: Fri May 12 02:44:09 UTC 2023
Current memory usage:
MemTotal:        7797868 kB
MemFree:         2585848 kB
MemAvailable:    5562584 kB
Buffers:           39132 kB
Cached:          3053848 kB
SwapCached:         3380 kB
Active:           583400 kB
Inactive:        4025196 kB
Active(anon):      12956 kB
Inactive(anon):  1507036 kB
Active(file):     570444 kB
Inactive(file):  2518160 kB
Unevictable:           0 kB
Mlocked:               0 kB
SwapTotal:       2097152 kB
SwapFree:        2086328 kB
Dirty:                 0 kB
Writeback:             0 kB
AnonPages:       1393660 kB
Mapped:           350560 kB
Shmem:              4500 kB
KReclaimable:     187596 kB
Slab:             283132 kB
SReclaimable:     187596 kB
SUnreclaim:        95536 kB
KernelStack:       16672 kB
PageTables:        13412 kB
NFS_Unstable:          0 kB
Bounce:                0 kB
WritebackTmp:          0 kB
CommitLimit:     5996084 kB
Committed_AS:    5704576 kB
VmallocTotal:   34359738367 kB
VmallocUsed:       38720 kB
VmallocChunk:          0 kB
Percpu:             8576 kB
AnonHugePages:    759808 kB
ShmemHugePages:        0 kB
ShmemPmdMapped:        0 kB
FileHugePages:         0 kB
FilePmdMapped:         0 kB
HugePages_Total:       0
HugePages_Free:        0
HugePages_Rsvd:        0
HugePages_Surp:        0
Hugepagesize:       2048 kB
Hugetlb:               0 kB
DirectMap4k:       64512 kB
DirectMap2M:     7981056 kB
DirectMap1G:     8388608 kB

Current date and time: Fri May 12 02:45:08 UTC 2023
Current memory usage:
MemTotal:        7797868 kB
MemFree:         2569376 kB
MemAvailable:    5546148 kB
Buffers:           39148 kB
Cached:          3053856 kB
SwapCached:         3380 kB
Active:           583428 kB
Inactive:        4039680 kB
Active(anon):      12960 kB
Inactive(anon):  1521524 kB
Active(file):     570468 kB
Inactive(file):  2518156 kB
Unevictable:           0 kB
Mlocked:               0 kB
SwapTotal:       2097152 kB
SwapFree:        2086328 kB
Dirty:                 0 kB
Writeback:             0 kB
AnonPages:       1407808 kB
Mapped:           350588 kB
Shmem:              4504 kB
KReclaimable:     187612 kB
Slab:             283148 kB
SReclaimable:     187612 kB
SUnreclaim:        95536 kB
KernelStack:       16672 kB
PageTables:        13416 kB
NFS_Unstable:          0 kB
Bounce:                0 kB
WritebackTmp:          0 kB
CommitLimit:     5996084 kB
Committed_AS:    5704580 kB
VmallocTotal:   34359738367 kB
VmallocUsed:       38736 kB
VmallocChunk:          0 kB
Percpu:             8576 kB
AnonHugePages:    776192 kB
ShmemHugePages:        0 kB
ShmemPmdMapped:        0 kB
FileHugePages:         0 kB
FilePmdMapped:         0 kB
HugePages_Total:       0
HugePages_Free:        0
HugePages_Rsvd:        0
HugePages_Surp:        0
Hugepagesize:       2048 kB
Hugetlb:               0 kB
DirectMap4k:       64512 kB
DirectMap2M:     7981056 kB
DirectMap1G:     8388608 kB

Current date and time: Fri May 12 02:46:08 UTC 2023
Current memory usage:
MemTotal:        7797868 kB
MemFree:         2558300 kB
MemAvailable:    5535080 kB
Buffers:           39156 kB
Cached:          3053860 kB
SwapCached:         3380 kB
Active:           583440 kB
Inactive:        4053612 kB
Active(anon):      12964 kB
Inactive(anon):  1535456 kB
Active(file):     570476 kB
Inactive(file):  2518156 kB
Unevictable:           0 kB
Mlocked:               0 kB
SwapTotal:       2097152 kB
SwapFree:        2086328 kB
Dirty:                 0 kB
Writeback:             0 kB
AnonPages:       1421548 kB
Mapped:           350668 kB
Shmem:              4508 kB
KReclaimable:     187612 kB
Slab:             283156 kB
SReclaimable:     187612 kB
SUnreclaim:        95544 kB
KernelStack:       16688 kB
PageTables:        13420 kB
NFS_Unstable:          0 kB
Bounce:                0 kB
WritebackTmp:          0 kB
CommitLimit:     5996084 kB
Committed_AS:    5704584 kB
VmallocTotal:   34359738367 kB
VmallocUsed:       38720 kB
VmallocChunk:          0 kB
Percpu:             8576 kB
AnonHugePages:    790528 kB
ShmemHugePages:        0 kB
ShmemPmdMapped:        0 kB
FileHugePages:         0 kB
FilePmdMapped:         0 kB
HugePages_Total:       0
HugePages_Free:        0
HugePages_Rsvd:        0
HugePages_Surp:        0
Hugepagesize:       2048 kB
Hugetlb:               0 kB
DirectMap4k:       64512 kB
DirectMap2M:     7981056 kB
DirectMap1G:     8388608 kB

Current date and time: Fri May 12 02:47:07 UTC 2023
Current memory usage:
MemTotal:        7797868 kB
MemFree:         2541972 kB
MemAvailable:    5518744 kB
Buffers:           39164 kB
Cached:          3053864 kB
SwapCached:         3380 kB
Active:           583456 kB
Inactive:        4067552 kB
Active(anon):      12968 kB
Inactive(anon):  1549400 kB
Active(file):     570488 kB
Inactive(file):  2518152 kB
Unevictable:           0 kB
Mlocked:               0 kB
SwapTotal:       2097152 kB
SwapFree:        2086328 kB
Dirty:                 0 kB
Writeback:             0 kB
AnonPages:       1435228 kB
Mapped:           350588 kB
Shmem:              4512 kB
KReclaimable:     187596 kB
Slab:             283132 kB
SReclaimable:     187596 kB
SUnreclaim:        95536 kB
KernelStack:       16704 kB
PageTables:        13416 kB
NFS_Unstable:          0 kB
Bounce:                0 kB
WritebackTmp:          0 kB
CommitLimit:     5996084 kB
Committed_AS:    5704588 kB
VmallocTotal:   34359738367 kB
VmallocUsed:       38736 kB
VmallocChunk:          0 kB
Percpu:             8576 kB
AnonHugePages:    804864 kB
ShmemHugePages:        0 kB
ShmemPmdMapped:        0 kB
FileHugePages:         0 kB
FilePmdMapped:         0 kB
HugePages_Total:       0
HugePages_Free:        0
HugePages_Rsvd:        0
HugePages_Surp:        0
Hugepagesize:       2048 kB
Hugetlb:               0 kB
DirectMap4k:       64512 kB
DirectMap2M:     7981056 kB
DirectMap1G:     8388608 kB

Current date and time: Fri May 12 02:48:08 UTC 2023
Current memory usage:
MemTotal:        7797868 kB
MemFree:         2534056 kB
MemAvailable:    5510836 kB
Buffers:           39172 kB
Cached:          3053868 kB
SwapCached:         3380 kB
Active:           583476 kB
Inactive:        4073700 kB
Active(anon):      12972 kB
Inactive(anon):  1555556 kB
Active(file):     570504 kB
Inactive(file):  2518144 kB
Unevictable:           0 kB
Mlocked:               0 kB
SwapTotal:       2097152 kB
SwapFree:        2086328 kB
Dirty:                 0 kB
Writeback:             0 kB
AnonPages:       1441184 kB
Mapped:           350616 kB
Shmem:              4516 kB
KReclaimable:     187596 kB
Slab:             283224 kB
SReclaimable:     187596 kB
SUnreclaim:        95628 kB
KernelStack:       16752 kB
PageTables:        13500 kB
NFS_Unstable:          0 kB
Bounce:                0 kB
WritebackTmp:          0 kB
CommitLimit:     5996084 kB
Committed_AS:    5704592 kB
VmallocTotal:   34359738367 kB
VmallocUsed:       38752 kB
VmallocChunk:          0 kB
Percpu:             8576 kB
AnonHugePages:    811008 kB
ShmemHugePages:        0 kB
ShmemPmdMapped:        0 kB
FileHugePages:         0 kB
FilePmdMapped:         0 kB
HugePages_Total:       0
HugePages_Free:        0
HugePages_Rsvd:        0
HugePages_Surp:        0
Hugepagesize:       2048 kB
Hugetlb:               0 kB
DirectMap4k:       64512 kB
DirectMap2M:     7981056 kB
DirectMap1G:     8388608 kB

Current date and time: Fri May 12 02:49:08 UTC 2023
Current memory usage:
MemTotal:        7797868 kB
MemFree:         2526980 kB
MemAvailable:    5503800 kB
Buffers:           39180 kB
Cached:          3053872 kB
SwapCached:         3380 kB
Active:           583488 kB
Inactive:        4089304 kB
Active(anon):      12976 kB
Inactive(anon):  1571160 kB
Active(file):     570512 kB
Inactive(file):  2518144 kB
Unevictable:           0 kB
Mlocked:               0 kB
SwapTotal:       2097152 kB
SwapFree:        2086328 kB
Dirty:                 0 kB
Writeback:             0 kB
AnonPages:       1456356 kB
Mapped:           350672 kB
Shmem:              4520 kB
KReclaimable:     187628 kB
Slab:             283264 kB
SReclaimable:     187628 kB
SUnreclaim:        95636 kB
KernelStack:       16752 kB
PageTables:        13492 kB
NFS_Unstable:          0 kB
Bounce:                0 kB
WritebackTmp:          0 kB
CommitLimit:     5996084 kB
Committed_AS:    5704596 kB
VmallocTotal:   34359738367 kB
VmallocUsed:       38720 kB
VmallocChunk:          0 kB
Percpu:             8576 kB
AnonHugePages:    827392 kB
ShmemHugePages:        0 kB
ShmemPmdMapped:        0 kB
FileHugePages:         0 kB
FilePmdMapped:         0 kB
HugePages_Total:       0
HugePages_Free:        0
HugePages_Rsvd:        0
HugePages_Surp:        0
Hugepagesize:       2048 kB
Hugetlb:               0 kB
DirectMap4k:       64512 kB
DirectMap2M:     7981056 kB
DirectMap1G:     8388608 kB

Current date and time: Fri May 12 02:50:07 UTC 2023
Current memory usage:
MemTotal:        7797868 kB
MemFree:         2505992 kB
MemAvailable:    5482924 kB
Buffers:           39292 kB
Cached:          3053884 kB
SwapCached:         3380 kB
Active:           583612 kB
Inactive:        4099412 kB
Active(anon):      12984 kB
Inactive(anon):  1581272 kB
Active(file):     570628 kB
Inactive(file):  2518140 kB
Unevictable:           0 kB
Mlocked:               0 kB
SwapTotal:       2097152 kB
SwapFree:        2086328 kB
Dirty:                 0 kB
Writeback:             0 kB
AnonPages:       1466432 kB
Mapped:           350608 kB
Shmem:              4532 kB
KReclaimable:     187628 kB
Slab:             283120 kB
SReclaimable:     187628 kB
SUnreclaim:        95492 kB
KernelStack:       16704 kB
PageTables:        13544 kB
NFS_Unstable:          0 kB
Bounce:                0 kB
WritebackTmp:          0 kB
CommitLimit:     5996084 kB
Committed_AS:    5710816 kB
VmallocTotal:   34359738367 kB
VmallocUsed:       38784 kB
VmallocChunk:          0 kB
Percpu:             8576 kB
AnonHugePages:    837632 kB
ShmemHugePages:        0 kB
ShmemPmdMapped:        0 kB
FileHugePages:         0 kB
FilePmdMapped:         0 kB
HugePages_Total:       0
HugePages_Free:        0
HugePages_Rsvd:        0
HugePages_Surp:        0
Hugepagesize:       2048 kB
Hugetlb:               0 kB
DirectMap4k:       64512 kB
DirectMap2M:     7981056 kB
DirectMap1G:     8388608 kB

Current date and time: Fri May 12 02:51:08 UTC 2023
Current memory usage:
MemTotal:        7797868 kB
MemFree:         2488808 kB
MemAvailable:    5465852 kB
Buffers:           39404 kB
Cached:          3053888 kB
SwapCached:         3380 kB
Active:           583764 kB
Inactive:        4115788 kB
Active(anon):      13008 kB
Inactive(anon):  1597664 kB
Active(file):     570756 kB
Inactive(file):  2518124 kB
Unevictable:           0 kB
Mlocked:               0 kB
SwapTotal:       2097152 kB
SwapFree:        2086328 kB
Dirty:                 0 kB
Writeback:             0 kB
AnonPages:       1482612 kB
Mapped:           350732 kB
Shmem:              4536 kB
KReclaimable:     187628 kB
Slab:             283236 kB
SReclaimable:     187628 kB
SUnreclaim:        95608 kB
KernelStack:       16736 kB
PageTables:        13428 kB
NFS_Unstable:          0 kB
Bounce:                0 kB
WritebackTmp:          0 kB
CommitLimit:     5996084 kB
Committed_AS:    5710820 kB
VmallocTotal:   34359738367 kB
VmallocUsed:       38752 kB
VmallocChunk:          0 kB
Percpu:             8576 kB
AnonHugePages:    854016 kB
ShmemHugePages:        0 kB
ShmemPmdMapped:        0 kB
FileHugePages:         0 kB
FilePmdMapped:         0 kB
HugePages_Total:       0
HugePages_Free:        0
HugePages_Rsvd:        0
HugePages_Surp:        0
Hugepagesize:       2048 kB
Hugetlb:               0 kB
DirectMap4k:       64512 kB
DirectMap2M:     7981056 kB
DirectMap1G:     8388608 kB

Current date and time: Fri May 12 02:52:08 UTC 2023
Current memory usage:
MemTotal:        7797868 kB
MemFree:         2490592 kB
MemAvailable:    5467764 kB
Buffers:           39420 kB
Cached:          3054020 kB
SwapCached:         3380 kB
Active:           583796 kB
Inactive:        4115916 kB
Active(anon):      13012 kB
Inactive(anon):  1597676 kB
Active(file):     570784 kB
Inactive(file):  2518240 kB
Unevictable:           0 kB
Mlocked:               0 kB
SwapTotal:       2097152 kB
SwapFree:        2086328 kB
Dirty:                 0 kB
Writeback:             0 kB
AnonPages:       1482816 kB
Mapped:           350736 kB
Shmem:              4540 kB
KReclaimable:     187612 kB
Slab:             283216 kB
SReclaimable:     187612 kB
SUnreclaim:        95604 kB
KernelStack:       16736 kB
PageTables:        13620 kB
NFS_Unstable:          0 kB
Bounce:                0 kB
WritebackTmp:          0 kB
CommitLimit:     5996084 kB
Committed_AS:    5710824 kB
VmallocTotal:   34359738367 kB
VmallocUsed:       38784 kB
VmallocChunk:          0 kB
Percpu:             8576 kB
AnonHugePages:    856064 kB
ShmemHugePages:        0 kB
ShmemPmdMapped:        0 kB
FileHugePages:         0 kB
FilePmdMapped:         0 kB
HugePages_Total:       0
HugePages_Free:        0
HugePages_Rsvd:        0
HugePages_Surp:        0
Hugepagesize:       2048 kB
Hugetlb:               0 kB
DirectMap4k:       64512 kB
DirectMap2M:     7981056 kB
DirectMap1G:     8388608 kB

Current date and time: Fri May 12 02:53:07 UTC 2023
Current memory usage:
MemTotal:        7797868 kB
MemFree:         2472780 kB
MemAvailable:    5450256 kB
Buffers:           39716 kB
Cached:          3054032 kB
SwapCached:         3380 kB
Active:           584096 kB
Inactive:        4129888 kB
Active(anon):      13016 kB
Inactive(anon):  1611640 kB
Active(file):     571080 kB
Inactive(file):  2518248 kB
Unevictable:           0 kB
Mlocked:               0 kB
SwapTotal:       2097152 kB
SwapFree:        2086328 kB
Dirty:                28 kB
Writeback:             0 kB
AnonPages:       1496196 kB
Mapped:           350772 kB
Shmem:              4544 kB
KReclaimable:     187612 kB
Slab:             283276 kB
SReclaimable:     187612 kB
SUnreclaim:        95664 kB
KernelStack:       16752 kB
PageTables:        13432 kB
NFS_Unstable:          0 kB
Bounce:                0 kB
WritebackTmp:          0 kB
CommitLimit:     5996084 kB
Committed_AS:    5711348 kB
VmallocTotal:   34359738367 kB
VmallocUsed:       38800 kB
VmallocChunk:          0 kB
Percpu:             8576 kB
AnonHugePages:    872448 kB
ShmemHugePages:        0 kB
ShmemPmdMapped:        0 kB
FileHugePages:         0 kB
FilePmdMapped:         0 kB
HugePages_Total:       0
HugePages_Free:        0
HugePages_Rsvd:        0
HugePages_Surp:        0
Hugepagesize:       2048 kB
Hugetlb:               0 kB
DirectMap4k:       64512 kB
DirectMap2M:     7981056 kB
DirectMap1G:     8388608 kB

Current date and time: Fri May 12 02:54:09 UTC 2023
Current memory usage:
MemTotal:        7797868 kB
MemFree:         2455884 kB
MemAvailable:    5434120 kB
Buffers:           39884 kB
Cached:          3054612 kB
SwapCached:         3380 kB
Active:           584340 kB
Inactive:        4146488 kB
Active(anon):      13052 kB
Inactive(anon):  1627704 kB
Active(file):     571288 kB
Inactive(file):  2518784 kB
Unevictable:           0 kB
Mlocked:               0 kB
SwapTotal:       2097152 kB
SwapFree:        2086328 kB
Dirty:                 0 kB
Writeback:             0 kB
AnonPages:       1507676 kB
Mapped:           351324 kB
Shmem:              4548 kB
KReclaimable:     187628 kB
Slab:             283404 kB
SReclaimable:     187628 kB
SUnreclaim:        95776 kB
KernelStack:       16768 kB
PageTables:        13580 kB
NFS_Unstable:          0 kB
Bounce:                0 kB
WritebackTmp:          0 kB
CommitLimit:     5996084 kB
Committed_AS:    5720072 kB
VmallocTotal:   34359738367 kB
VmallocUsed:       38816 kB
VmallocChunk:          0 kB
Percpu:             8576 kB
AnonHugePages:    876544 kB
ShmemHugePages:        0 kB
ShmemPmdMapped:        0 kB
FileHugePages:         0 kB
FilePmdMapped:         0 kB
HugePages_Total:       0
HugePages_Free:        0
HugePages_Rsvd:        0
HugePages_Surp:        0
Hugepagesize:       2048 kB
Hugetlb:               0 kB
DirectMap4k:       64512 kB
DirectMap2M:     7981056 kB
DirectMap1G:     8388608 kB

Current date and time: Fri May 12 02:55:06 UTC 2023
Current memory usage:
MemTotal:        7797868 kB
MemFree:         2428368 kB
MemAvailable:    5406644 kB
Buffers:           39924 kB
Cached:          3054616 kB
SwapCached:         3380 kB
Active:           584836 kB
Inactive:        4173060 kB
Active(anon):      13508 kB
Inactive(anon):  1654276 kB
Active(file):     571328 kB
Inactive(file):  2518784 kB
Unevictable:           0 kB
Mlocked:               0 kB
SwapTotal:       2097152 kB
SwapFree:        2086328 kB
Dirty:                 8 kB
Writeback:             0 kB
AnonPages:       1531052 kB
Mapped:           351264 kB
Shmem:              4552 kB
KReclaimable:     187628 kB
Slab:             283452 kB
SReclaimable:     187628 kB
SUnreclaim:        95824 kB
KernelStack:       16800 kB
PageTables:        13604 kB
NFS_Unstable:          0 kB
Bounce:                0 kB
WritebackTmp:          0 kB
CommitLimit:     5996084 kB
Committed_AS:    5730844 kB
VmallocTotal:   34359738367 kB
VmallocUsed:       38848 kB
VmallocChunk:          0 kB
Percpu:             8576 kB
AnonHugePages:    901120 kB
ShmemHugePages:        0 kB
ShmemPmdMapped:        0 kB
FileHugePages:         0 kB
FilePmdMapped:         0 kB
HugePages_Total:       0
HugePages_Free:        0
HugePages_Rsvd:        0
HugePages_Surp:        0
Hugepagesize:       2048 kB
Hugetlb:               0 kB
DirectMap4k:       64512 kB
DirectMap2M:     7981056 kB
DirectMap1G:     8388608 kB

Current date and time: Fri May 12 02:56:08 UTC 2023
Current memory usage:
MemTotal:        7797868 kB
MemFree:         2451284 kB
MemAvailable:    5429912 kB
Buffers:           40276 kB
Cached:          3054636 kB
SwapCached:         3380 kB
Active:           585512 kB
Inactive:        4149348 kB
Active(anon):      13580 kB
Inactive(anon):  1630800 kB
Active(file):     571932 kB
Inactive(file):  2518548 kB
Unevictable:           0 kB
Mlocked:               0 kB
SwapTotal:       2097152 kB
SwapFree:        2086328 kB
Dirty:                 0 kB
Writeback:             0 kB
AnonPages:       1525912 kB
Mapped:           351364 kB
Shmem:              4556 kB
KReclaimable:     187612 kB
Slab:             283552 kB
SReclaimable:     187612 kB
SUnreclaim:        95940 kB
KernelStack:       16800 kB
PageTables:        13524 kB
NFS_Unstable:          0 kB
Bounce:                0 kB
WritebackTmp:          0 kB
CommitLimit:     5996084 kB
Committed_AS:    5720236 kB
VmallocTotal:   34359738367 kB
VmallocUsed:       38800 kB
VmallocChunk:          0 kB
Percpu:             8576 kB
AnonHugePages:    933888 kB
ShmemHugePages:        0 kB
ShmemPmdMapped:        0 kB
FileHugePages:         0 kB
FilePmdMapped:         0 kB
HugePages_Total:       0
HugePages_Free:        0
HugePages_Rsvd:        0
HugePages_Surp:        0
Hugepagesize:       2048 kB
Hugetlb:               0 kB
DirectMap4k:       64512 kB
DirectMap2M:     7981056 kB
DirectMap1G:     8388608 kB

Current date and time: Fri May 12 02:57:08 UTC 2023
Current memory usage:
MemTotal:        7797868 kB
MemFree:         2444292 kB
MemAvailable:    5422928 kB
Buffers:           40284 kB
Cached:          3054640 kB
SwapCached:         3380 kB
Active:           585524 kB
Inactive:        4158228 kB
Active(anon):      13584 kB
Inactive(anon):  1639680 kB
Active(file):     571940 kB
Inactive(file):  2518548 kB
Unevictable:           0 kB
Mlocked:               0 kB
SwapTotal:       2097152 kB
SwapFree:        2086328 kB
Dirty:                 0 kB
Writeback:             0 kB
AnonPages:       1534600 kB
Mapped:           351312 kB
Shmem:              4560 kB
KReclaimable:     187612 kB
Slab:             283472 kB
SReclaimable:     187612 kB
SUnreclaim:        95860 kB
KernelStack:       16768 kB
PageTables:        13440 kB
NFS_Unstable:          0 kB
Bounce:                0 kB
WritebackTmp:          0 kB
CommitLimit:     5996084 kB
Committed_AS:    5720240 kB
VmallocTotal:   34359738367 kB
VmallocUsed:       38752 kB
VmallocChunk:          0 kB
Percpu:             8576 kB
AnonHugePages:    962560 kB
ShmemHugePages:        0 kB
ShmemPmdMapped:        0 kB
FileHugePages:         0 kB
FilePmdMapped:         0 kB
HugePages_Total:       0
HugePages_Free:        0
HugePages_Rsvd:        0
HugePages_Surp:        0
Hugepagesize:       2048 kB
Hugetlb:               0 kB
DirectMap4k:       64512 kB
DirectMap2M:     7981056 kB
DirectMap1G:     8388608 kB

Current date and time: Fri May 12 02:58:08 UTC 2023
Current memory usage:
MemTotal:        7797868 kB
MemFree:         2441812 kB
MemAvailable:    5420580 kB
Buffers:           40412 kB
Cached:          3054648 kB
SwapCached:         3380 kB
Active:           585704 kB
Inactive:        4157372 kB
Active(anon):      13632 kB
Inactive(anon):  1638824 kB
Active(file):     572072 kB
Inactive(file):  2518548 kB
Unevictable:           0 kB
Mlocked:               0 kB
SwapTotal:       2097152 kB
SwapFree:        2086328 kB
Dirty:                28 kB
Writeback:             0 kB
AnonPages:       1533748 kB
Mapped:           351364 kB
Shmem:              4564 kB
KReclaimable:     187612 kB
Slab:             283544 kB
SReclaimable:     187612 kB
SUnreclaim:        95932 kB
KernelStack:       16800 kB
PageTables:        13700 kB
NFS_Unstable:          0 kB
Bounce:                0 kB
WritebackTmp:          0 kB
CommitLimit:     5996084 kB
Committed_AS:    5720244 kB
VmallocTotal:   34359738367 kB
VmallocUsed:       38784 kB
VmallocChunk:          0 kB
Percpu:             8576 kB
AnonHugePages:    972800 kB
ShmemHugePages:        0 kB
ShmemPmdMapped:        0 kB
FileHugePages:         0 kB
FilePmdMapped:         0 kB
HugePages_Total:       0
HugePages_Free:        0
HugePages_Rsvd:        0
HugePages_Surp:        0
Hugepagesize:       2048 kB
Hugetlb:               0 kB
DirectMap4k:       64512 kB
DirectMap2M:     7981056 kB
DirectMap1G:     8388608 kB

Current date and time: Fri May 12 02:59:07 UTC 2023
Current memory usage:
MemTotal:        7797868 kB
MemFree:         2434688 kB
MemAvailable:    5413584 kB
Buffers:           40516 kB
Cached:          3054660 kB
SwapCached:         3380 kB
Active:           585816 kB
Inactive:        4160768 kB
Active(anon):      13636 kB
Inactive(anon):  1642216 kB
Active(file):     572180 kB
Inactive(file):  2518552 kB
Unevictable:           0 kB
Mlocked:               0 kB
SwapTotal:       2097152 kB
SwapFree:        2086328 kB
Dirty:                36 kB
Writeback:             0 kB
AnonPages:       1534880 kB
Mapped:           351332 kB
Shmem:              4568 kB
KReclaimable:     187628 kB
Slab:             283444 kB
SReclaimable:     187628 kB
SUnreclaim:        95816 kB
KernelStack:       16864 kB
PageTables:        13508 kB
NFS_Unstable:          0 kB
Bounce:                0 kB
WritebackTmp:          0 kB
CommitLimit:     5996084 kB
Committed_AS:    5721336 kB
VmallocTotal:   34359738367 kB
VmallocUsed:       38912 kB
VmallocChunk:          0 kB
Percpu:             8576 kB
AnonHugePages:    972800 kB
ShmemHugePages:        0 kB
ShmemPmdMapped:        0 kB
FileHugePages:         0 kB
FilePmdMapped:         0 kB
HugePages_Total:       0
HugePages_Free:        0
HugePages_Rsvd:        0
HugePages_Surp:        0
Hugepagesize:       2048 kB
Hugetlb:               0 kB
DirectMap4k:       64512 kB
DirectMap2M:     7981056 kB
DirectMap1G:     8388608 kB

Current date and time: Fri May 12 03:00:06 UTC 2023
Current memory usage:
MemTotal:        7797868 kB
MemFree:         2428472 kB
MemAvailable:    5407560 kB
Buffers:           40660 kB
Cached:          3054672 kB
SwapCached:         3380 kB
Active:           586244 kB
Inactive:        4177004 kB
Active(anon):      13892 kB
Inactive(anon):  1658496 kB
Active(file):     572352 kB
Inactive(file):  2518508 kB
Unevictable:           0 kB
Mlocked:               0 kB
SwapTotal:       2097152 kB
SwapFree:        2086328 kB
Dirty:                40 kB
Writeback:             0 kB
AnonPages:       1549004 kB
Mapped:           351332 kB
Shmem:              4572 kB
KReclaimable:     187692 kB
Slab:             283580 kB
SReclaimable:     187692 kB
SUnreclaim:        95888 kB
KernelStack:       16896 kB
PageTables:        13472 kB
NFS_Unstable:          0 kB
Bounce:                0 kB
WritebackTmp:          0 kB
CommitLimit:     5996084 kB
Committed_AS:    5734156 kB
VmallocTotal:   34359738367 kB
VmallocUsed:       38912 kB
VmallocChunk:          0 kB
Percpu:             8576 kB
AnonHugePages:    985088 kB
ShmemHugePages:        0 kB
ShmemPmdMapped:        0 kB
FileHugePages:         0 kB
FilePmdMapped:         0 kB
HugePages_Total:       0
HugePages_Free:        0
HugePages_Rsvd:        0
HugePages_Surp:        0
Hugepagesize:       2048 kB
Hugetlb:               0 kB
DirectMap4k:       64512 kB
DirectMap2M:     7981056 kB
DirectMap1G:     8388608 kB

Current date and time: Fri May 12 03:01:08 UTC 2023
Current memory usage:
MemTotal:        7797868 kB
MemFree:         2427680 kB
MemAvailable:    5406800 kB
Buffers:           40732 kB
Cached:          3054672 kB
SwapCached:         3380 kB
Active:           586096 kB
Inactive:        4170848 kB
Active(anon):      13640 kB
Inactive(anon):  1652348 kB
Active(file):     572456 kB
Inactive(file):  2518500 kB
Unevictable:           0 kB
Mlocked:               0 kB
SwapTotal:       2097152 kB
SwapFree:        2086328 kB
Dirty:                 0 kB
Writeback:             0 kB
AnonPages:       1544908 kB
Mapped:           351336 kB
Shmem:              4572 kB
KReclaimable:     187628 kB
Slab:             283556 kB
SReclaimable:     187628 kB
SUnreclaim:        95928 kB
KernelStack:       16896 kB
PageTables:        13600 kB
NFS_Unstable:          0 kB
Bounce:                0 kB
WritebackTmp:          0 kB
CommitLimit:     5996084 kB
Committed_AS:    5721340 kB
VmallocTotal:   34359738367 kB
VmallocUsed:       38928 kB
VmallocChunk:          0 kB
Percpu:             8576 kB
AnonHugePages:    991232 kB
ShmemHugePages:        0 kB
ShmemPmdMapped:        0 kB
FileHugePages:         0 kB
FilePmdMapped:         0 kB
HugePages_Total:       0
HugePages_Free:        0
HugePages_Rsvd:        0
HugePages_Surp:        0
Hugepagesize:       2048 kB
Hugetlb:               0 kB
DirectMap4k:       64512 kB
DirectMap2M:     7981056 kB
DirectMap1G:     8388608 kB

Current date and time: Fri May 12 03:02:08 UTC 2023
Current memory usage:
MemTotal:        7797868 kB
MemFree:         2418248 kB
MemAvailable:    5397376 kB
Buffers:           40772 kB
Cached:          3054676 kB
SwapCached:         3380 kB
Active:           586140 kB
Inactive:        4183328 kB
Active(anon):      13644 kB
Inactive(anon):  1664828 kB
Active(file):     572496 kB
Inactive(file):  2518500 kB
Unevictable:           0 kB
Mlocked:               0 kB
SwapTotal:       2097152 kB
SwapFree:        2086328 kB
Dirty:                 0 kB
Writeback:             0 kB
AnonPages:       1555660 kB
Mapped:           351368 kB
Shmem:              4576 kB
KReclaimable:     187596 kB
Slab:             283504 kB
SReclaimable:     187596 kB
SUnreclaim:        95908 kB
KernelStack:       16880 kB
PageTables:        13460 kB
NFS_Unstable:          0 kB
Bounce:                0 kB
WritebackTmp:          0 kB
CommitLimit:     5996084 kB
Committed_AS:    5721664 kB
VmallocTotal:   34359738367 kB
VmallocUsed:       38912 kB
VmallocChunk:          0 kB
Percpu:             8576 kB
AnonHugePages:   1048576 kB
ShmemHugePages:        0 kB
ShmemPmdMapped:        0 kB
FileHugePages:         0 kB
FilePmdMapped:         0 kB
HugePages_Total:       0
HugePages_Free:        0
HugePages_Rsvd:        0
HugePages_Surp:        0
Hugepagesize:       2048 kB
Hugetlb:               0 kB
DirectMap4k:       64512 kB
DirectMap2M:     7981056 kB
DirectMap1G:     8388608 kB

Current date and time: Fri May 12 03:03:08 UTC 2023
Current memory usage:
MemTotal:        7797868 kB
MemFree:         2422148 kB
MemAvailable:    5401452 kB
Buffers:           40900 kB
Cached:          3054680 kB
SwapCached:         3380 kB
Active:           586272 kB
Inactive:        4183752 kB
Active(anon):      13648 kB
Inactive(anon):  1665252 kB
Active(file):     572624 kB
Inactive(file):  2518500 kB
Unevictable:           0 kB
Mlocked:               0 kB
SwapTotal:       2097152 kB
SwapFree:        2086328 kB
Dirty:                24 kB
Writeback:             0 kB
AnonPages:       1555512 kB
Mapped:           351328 kB
Shmem:              4580 kB
KReclaimable:     187644 kB
Slab:             283556 kB
SReclaimable:     187644 kB
SUnreclaim:        95912 kB
KernelStack:       16896 kB
PageTables:        13464 kB
NFS_Unstable:          0 kB
Bounce:                0 kB
WritebackTmp:          0 kB
CommitLimit:     5996084 kB
Committed_AS:    5721668 kB
VmallocTotal:   34359738367 kB
VmallocUsed:       38912 kB
VmallocChunk:          0 kB
Percpu:             8576 kB
AnonHugePages:   1079296 kB
ShmemHugePages:        0 kB
ShmemPmdMapped:        0 kB
FileHugePages:         0 kB
FilePmdMapped:         0 kB
HugePages_Total:       0
HugePages_Free:        0
HugePages_Rsvd:        0
HugePages_Surp:        0
Hugepagesize:       2048 kB
Hugetlb:               0 kB
DirectMap4k:       64512 kB
DirectMap2M:     7981056 kB
DirectMap1G:     8388608 kB

Current date and time: Fri May 12 03:04:08 UTC 2023
Current memory usage:
MemTotal:        7797868 kB
MemFree:         2422852 kB
MemAvailable:    5402308 kB
Buffers:           41004 kB
Cached:          3054716 kB
SwapCached:         3380 kB
Active:           586380 kB
Inactive:        4177120 kB
Active(anon):      13648 kB
Inactive(anon):  1658592 kB
Active(file):     572732 kB
Inactive(file):  2518528 kB
Unevictable:           0 kB
Mlocked:               0 kB
SwapTotal:       2097152 kB
SwapFree:        2086328 kB
Dirty:                28 kB
Writeback:             0 kB
AnonPages:       1555576 kB
Mapped:           351488 kB
Shmem:              4584 kB
KReclaimable:     187660 kB
Slab:             283568 kB
SReclaimable:     187660 kB
SUnreclaim:        95908 kB
KernelStack:       16896 kB
PageTables:        13460 kB
NFS_Unstable:          0 kB
Bounce:                0 kB
WritebackTmp:          0 kB
CommitLimit:     5996084 kB
Committed_AS:    5721672 kB
VmallocTotal:   34359738367 kB
VmallocUsed:       38912 kB
VmallocChunk:          0 kB
Percpu:             8576 kB
AnonHugePages:   1107968 kB
ShmemHugePages:        0 kB
ShmemPmdMapped:        0 kB
FileHugePages:         0 kB
FilePmdMapped:         0 kB
HugePages_Total:       0
HugePages_Free:        0
HugePages_Rsvd:        0
HugePages_Surp:        0
Hugepagesize:       2048 kB
Hugetlb:               0 kB
DirectMap4k:       64512 kB
DirectMap2M:     7981056 kB
DirectMap1G:     8388608 kB

Current date and time: Fri May 12 03:05:08 UTC 2023
Current memory usage:
MemTotal:        7797868 kB
MemFree:         2427932 kB
MemAvailable:    5407620 kB
Buffers:           41300 kB
Cached:          3054724 kB
SwapCached:         3380 kB
Active:           586012 kB
Inactive:        4178224 kB
Active(anon):      13004 kB
Inactive(anon):  1659692 kB
Active(file):     573008 kB
Inactive(file):  2518532 kB
Unevictable:           0 kB
Mlocked:               0 kB
SwapTotal:       2097152 kB
SwapFree:        2086328 kB
Dirty:                12 kB
Writeback:             0 kB
AnonPages:       1556332 kB
Mapped:           351512 kB
Shmem:              4588 kB
KReclaimable:     187612 kB
Slab:             283540 kB
SReclaimable:     187612 kB
SUnreclaim:        95928 kB
KernelStack:       16896 kB
PageTables:        13456 kB
NFS_Unstable:          0 kB
Bounce:                0 kB
WritebackTmp:          0 kB
CommitLimit:     5996084 kB
Committed_AS:    5721672 kB
VmallocTotal:   34359738367 kB
VmallocUsed:       38928 kB
VmallocChunk:          0 kB
Percpu:             8576 kB
AnonHugePages:   1107968 kB
ShmemHugePages:        0 kB
ShmemPmdMapped:        0 kB
FileHugePages:         0 kB
FilePmdMapped:         0 kB
HugePages_Total:       0
HugePages_Free:        0
HugePages_Rsvd:        0
HugePages_Surp:        0
Hugepagesize:       2048 kB
Hugetlb:               0 kB
DirectMap4k:       64512 kB
DirectMap2M:     7981056 kB
DirectMap1G:     8388608 kB

Current date and time: Fri May 12 03:06:07 UTC 2023
Current memory usage:
MemTotal:        7797868 kB
MemFree:         2429628 kB
MemAvailable:    5409636 kB
Buffers:           41612 kB
Cached:          3054756 kB
SwapCached:         3380 kB
Active:           586380 kB
Inactive:        4178836 kB
Active(anon):      13008 kB
Inactive(anon):  1660348 kB
Active(file):     573372 kB
Inactive(file):  2518488 kB
Unevictable:           0 kB
Mlocked:               0 kB
SwapTotal:       2097152 kB
SwapFree:        2086328 kB
Dirty:                32 kB
Writeback:             0 kB
AnonPages:       1557008 kB
Mapped:           351440 kB
Shmem:              4592 kB
KReclaimable:     187612 kB
Slab:             283544 kB
SReclaimable:     187612 kB
SUnreclaim:        95932 kB
KernelStack:       16880 kB
PageTables:        13460 kB
NFS_Unstable:          0 kB
Bounce:                0 kB
WritebackTmp:          0 kB
CommitLimit:     5996084 kB
Committed_AS:    5721680 kB
VmallocTotal:   34359738367 kB
VmallocUsed:       38960 kB
VmallocChunk:          0 kB
Percpu:             8576 kB
AnonHugePages:   1107968 kB
ShmemHugePages:        0 kB
ShmemPmdMapped:        0 kB
FileHugePages:         0 kB
FilePmdMapped:         0 kB
HugePages_Total:       0
HugePages_Free:        0
HugePages_Rsvd:        0
HugePages_Surp:        0
Hugepagesize:       2048 kB
Hugetlb:               0 kB
DirectMap4k:       64512 kB
DirectMap2M:     7981056 kB
DirectMap1G:     8388608 kB

Current date and time: Fri May 12 03:07:07 UTC 2023
Current memory usage:
MemTotal:        7797868 kB
MemFree:         2433420 kB
MemAvailable:    5413664 kB
Buffers:           41716 kB
Cached:          3054820 kB
SwapCached:         3380 kB
Active:           586532 kB
Inactive:        4179076 kB
Active(anon):      13012 kB
Inactive(anon):  1660532 kB
Active(file):     573520 kB
Inactive(file):  2518544 kB
Unevictable:           0 kB
Mlocked:               0 kB
SwapTotal:       2097152 kB
SwapFree:        2086328 kB
Dirty:                 0 kB
Writeback:             0 kB
AnonPages:       1557164 kB
Mapped:           351596 kB
Shmem:              4596 kB
KReclaimable:     187644 kB
Slab:             283576 kB
SReclaimable:     187644 kB
SUnreclaim:        95932 kB
KernelStack:       16880 kB
PageTables:        13448 kB
NFS_Unstable:          0 kB
Bounce:                0 kB
WritebackTmp:          0 kB
CommitLimit:     5996084 kB
Committed_AS:    5721684 kB
VmallocTotal:   34359738367 kB
VmallocUsed:       38928 kB
VmallocChunk:          0 kB
Percpu:             8576 kB
AnonHugePages:   1107968 kB
ShmemHugePages:        0 kB
ShmemPmdMapped:        0 kB
FileHugePages:         0 kB
FilePmdMapped:         0 kB
HugePages_Total:       0
HugePages_Free:        0
HugePages_Rsvd:        0
HugePages_Surp:        0
Hugepagesize:       2048 kB
Hugetlb:               0 kB
DirectMap4k:       64512 kB
DirectMap2M:     7981056 kB
DirectMap1G:     8388608 kB

Current date and time: Fri May 12 03:08:08 UTC 2023
Current memory usage:
MemTotal:        7797868 kB
MemFree:         2421932 kB
MemAvailable:    5402288 kB
Buffers:           41836 kB
Cached:          3054832 kB
SwapCached:         3380 kB
Active:           586656 kB
Inactive:        4181232 kB
Active(anon):      13016 kB
Inactive(anon):  1662680 kB
Active(file):     573640 kB
Inactive(file):  2518552 kB
Unevictable:           0 kB
Mlocked:               0 kB
SwapTotal:       2097152 kB
SwapFree:        2086328 kB
Dirty:                16 kB
Writeback:             0 kB
AnonPages:       1559292 kB
Mapped:           351560 kB
Shmem:              4600 kB
KReclaimable:     187628 kB
Slab:             283604 kB
SReclaimable:     187628 kB
SUnreclaim:        95976 kB
KernelStack:       16880 kB
PageTables:        13608 kB
NFS_Unstable:          0 kB
Bounce:                0 kB
WritebackTmp:          0 kB
CommitLimit:     5996084 kB
Committed_AS:    5723736 kB
VmallocTotal:   34359738367 kB
VmallocUsed:       38832 kB
VmallocChunk:          0 kB
Percpu:             8576 kB
AnonHugePages:   1110016 kB
ShmemHugePages:        0 kB
ShmemPmdMapped:        0 kB
FileHugePages:         0 kB
FilePmdMapped:         0 kB
HugePages_Total:       0
HugePages_Free:        0
HugePages_Rsvd:        0
HugePages_Surp:        0
Hugepagesize:       2048 kB
Hugetlb:               0 kB
DirectMap4k:       64512 kB
DirectMap2M:     7981056 kB
DirectMap1G:     8388608 kB

Current date and time: Fri May 12 03:09:08 UTC 2023
Current memory usage:
MemTotal:        7797868 kB
MemFree:         2426768 kB
MemAvailable:    5407156 kB
Buffers:           41844 kB
Cached:          3054860 kB
SwapCached:         3380 kB
Active:           586672 kB
Inactive:        4181668 kB
Active(anon):      13020 kB
Inactive(anon):  1663096 kB
Active(file):     573652 kB
Inactive(file):  2518572 kB
Unevictable:           0 kB
Mlocked:               0 kB
SwapTotal:       2097152 kB
SwapFree:        2086328 kB
Dirty:                 0 kB
Writeback:             0 kB
AnonPages:       1559652 kB
Mapped:           351600 kB
Shmem:              4604 kB
KReclaimable:     187628 kB
Slab:             283640 kB
SReclaimable:     187628 kB
SUnreclaim:        96012 kB
KernelStack:       16896 kB
PageTables:        13744 kB
NFS_Unstable:          0 kB
Bounce:                0 kB
WritebackTmp:          0 kB
CommitLimit:     5996084 kB
Committed_AS:    5723740 kB
VmallocTotal:   34359738367 kB
VmallocUsed:       38896 kB
VmallocChunk:          0 kB
Percpu:             8576 kB
AnonHugePages:   1110016 kB
ShmemHugePages:        0 kB
ShmemPmdMapped:        0 kB
FileHugePages:         0 kB
FilePmdMapped:         0 kB
HugePages_Total:       0
HugePages_Free:        0
HugePages_Rsvd:        0
HugePages_Surp:        0
Hugepagesize:       2048 kB
Hugetlb:               0 kB
DirectMap4k:       64512 kB
DirectMap2M:     7981056 kB
DirectMap1G:     8388608 kB

Current date and time: Fri May 12 03:10:08 UTC 2023
Current memory usage:
MemTotal:        7797868 kB
MemFree:         2421176 kB
MemAvailable:    5401556 kB
Buffers:           41852 kB
Cached:          3054864 kB
SwapCached:         3380 kB
Active:           586684 kB
Inactive:        4181132 kB
Active(anon):      13024 kB
Inactive(anon):  1662560 kB
Active(file):     573660 kB
Inactive(file):  2518572 kB
Unevictable:           0 kB
Mlocked:               0 kB
SwapTotal:       2097152 kB
SwapFree:        2086328 kB
Dirty:                 0 kB
Writeback:             0 kB
AnonPages:       1558816 kB
Mapped:           351576 kB
Shmem:              4608 kB
KReclaimable:     187612 kB
Slab:             283560 kB
SReclaimable:     187612 kB
SUnreclaim:        95948 kB
KernelStack:       16864 kB
PageTables:        13456 kB
NFS_Unstable:          0 kB
Bounce:                0 kB
WritebackTmp:          0 kB
CommitLimit:     5996084 kB
Committed_AS:    5723744 kB
VmallocTotal:   34359738367 kB
VmallocUsed:       38944 kB
VmallocChunk:          0 kB
Percpu:             8576 kB
AnonHugePages:   1110016 kB
ShmemHugePages:        0 kB
ShmemPmdMapped:        0 kB
FileHugePages:         0 kB
FilePmdMapped:         0 kB
HugePages_Total:       0
HugePages_Free:        0
HugePages_Rsvd:        0
HugePages_Surp:        0
Hugepagesize:       2048 kB
Hugetlb:               0 kB
DirectMap4k:       64512 kB
DirectMap2M:     7981056 kB
DirectMap1G:     8388608 kB

Current date and time: Fri May 12 03:11:09 UTC 2023
Current memory usage:
MemTotal:        7797868 kB
MemFree:         2423072 kB
MemAvailable:    5403492 kB
Buffers:           41860 kB
Cached:          3054868 kB
SwapCached:         3380 kB
Active:           586704 kB
Inactive:        4179360 kB
Active(anon):      13028 kB
Inactive(anon):  1660796 kB
Active(file):     573676 kB
Inactive(file):  2518564 kB
Unevictable:           0 kB
Mlocked:               0 kB
SwapTotal:       2097152 kB
SwapFree:        2086328 kB
Dirty:                 0 kB
Writeback:             0 kB
AnonPages:       1557000 kB
Mapped:           351604 kB
Shmem:              4612 kB
KReclaimable:     187644 kB
Slab:             283648 kB
SReclaimable:     187644 kB
SUnreclaim:        96004 kB
KernelStack:       16880 kB
PageTables:        13604 kB
NFS_Unstable:          0 kB
Bounce:                0 kB
WritebackTmp:          0 kB
CommitLimit:     5996084 kB
Committed_AS:    5723748 kB
VmallocTotal:   34359738367 kB
VmallocUsed:       38928 kB
VmallocChunk:          0 kB
Percpu:             8576 kB
AnonHugePages:   1110016 kB
ShmemHugePages:        0 kB
ShmemPmdMapped:        0 kB
FileHugePages:         0 kB
FilePmdMapped:         0 kB
HugePages_Total:       0
HugePages_Free:        0
HugePages_Rsvd:        0
HugePages_Surp:        0
Hugepagesize:       2048 kB
Hugetlb:               0 kB
DirectMap4k:       64512 kB
DirectMap2M:     7981056 kB
DirectMap1G:     8388608 kB

Current date and time: Fri May 12 03:12:07 UTC 2023
Current memory usage:
MemTotal:        7797868 kB
MemFree:         2425640 kB
MemAvailable:    5406100 kB
Buffers:           41868 kB
Cached:          3054872 kB
SwapCached:         3380 kB
Active:           586724 kB
Inactive:        4179564 kB
Active(anon):      13032 kB
Inactive(anon):  1661008 kB
Active(file):     573692 kB
Inactive(file):  2518556 kB
Unevictable:           0 kB
Mlocked:               0 kB
SwapTotal:       2097152 kB
SwapFree:        2086328 kB
Dirty:                 0 kB
Writeback:             0 kB
AnonPages:       1556772 kB
Mapped:           351576 kB
Shmem:              4616 kB
KReclaimable:     187676 kB
Slab:             283636 kB
SReclaimable:     187676 kB
SUnreclaim:        95960 kB
KernelStack:       16864 kB
PageTables:        13460 kB
NFS_Unstable:          0 kB
Bounce:                0 kB
WritebackTmp:          0 kB
CommitLimit:     5996084 kB
Committed_AS:    5723752 kB
VmallocTotal:   34359738367 kB
VmallocUsed:       38928 kB
VmallocChunk:          0 kB
Percpu:             8576 kB
AnonHugePages:   1110016 kB
ShmemHugePages:        0 kB
ShmemPmdMapped:        0 kB
FileHugePages:         0 kB
FilePmdMapped:         0 kB
HugePages_Total:       0
HugePages_Free:        0
HugePages_Rsvd:        0
HugePages_Surp:        0
Hugepagesize:       2048 kB
Hugetlb:               0 kB
DirectMap4k:       64512 kB
DirectMap2M:     7981056 kB
DirectMap1G:     8388608 kB

Current date and time: Fri May 12 03:13:07 UTC 2023
Current memory usage:
MemTotal:        7797868 kB
MemFree:         2427280 kB
MemAvailable:    5407800 kB
Buffers:           41876 kB
Cached:          3054960 kB
SwapCached:         3380 kB
Active:           586740 kB
Inactive:        4179700 kB
Active(anon):      13036 kB
Inactive(anon):  1661064 kB
Active(file):     573704 kB
Inactive(file):  2518636 kB
Unevictable:           0 kB
Mlocked:               0 kB
SwapTotal:       2097152 kB
SwapFree:        2086328 kB
Dirty:                 0 kB
Writeback:             0 kB
AnonPages:       1556848 kB
Mapped:           351632 kB
Shmem:              4620 kB
KReclaimable:     187644 kB
Slab:             283680 kB
SReclaimable:     187644 kB
SUnreclaim:        96036 kB
KernelStack:       16896 kB
PageTables:        13732 kB
NFS_Unstable:          0 kB
Bounce:                0 kB
WritebackTmp:          0 kB
CommitLimit:     5996084 kB
Committed_AS:    5723756 kB
VmallocTotal:   34359738367 kB
VmallocUsed:       38848 kB
VmallocChunk:          0 kB
Percpu:             8576 kB
AnonHugePages:   1110016 kB
ShmemHugePages:        0 kB
ShmemPmdMapped:        0 kB
FileHugePages:         0 kB
FilePmdMapped:         0 kB
HugePages_Total:       0
HugePages_Free:        0
HugePages_Rsvd:        0
HugePages_Surp:        0
Hugepagesize:       2048 kB
Hugetlb:               0 kB
DirectMap4k:       64512 kB
DirectMap2M:     7981056 kB
DirectMap1G:     8388608 kB

Current date and time: Fri May 12 03:14:07 UTC 2023
Current memory usage:
MemTotal:        7797868 kB
MemFree:         2425156 kB
MemAvailable:    5405668 kB
Buffers:           41884 kB
Cached:          3054964 kB
SwapCached:         3380 kB
Active:           586764 kB
Inactive:        4179912 kB
Active(anon):      13040 kB
Inactive(anon):  1661288 kB
Active(file):     573724 kB
Inactive(file):  2518624 kB
Unevictable:           0 kB
Mlocked:               0 kB
SwapTotal:       2097152 kB
SwapFree:        2086328 kB
Dirty:                 0 kB
Writeback:             0 kB
AnonPages:       1557056 kB
Mapped:           351700 kB
Shmem:              4624 kB
KReclaimable:     187628 kB
Slab:             283672 kB
SReclaimable:     187628 kB
SUnreclaim:        96044 kB
KernelStack:       16964 kB
PageTables:        13324 kB
NFS_Unstable:          0 kB
Bounce:                0 kB
WritebackTmp:          0 kB
CommitLimit:     5996084 kB
Committed_AS:    5723756 kB
VmallocTotal:   34359738367 kB
VmallocUsed:       38880 kB
VmallocChunk:          0 kB
Percpu:             8576 kB
AnonHugePages:   1110016 kB
ShmemHugePages:        0 kB
ShmemPmdMapped:        0 kB
FileHugePages:         0 kB
FilePmdMapped:         0 kB
HugePages_Total:       0
HugePages_Free:        0
HugePages_Rsvd:        0
HugePages_Surp:        0
Hugepagesize:       2048 kB
Hugetlb:               0 kB
DirectMap4k:       64512 kB
DirectMap2M:     7981056 kB
DirectMap1G:     8388608 kB

Current date and time: Fri May 12 03:15:08 UTC 2023
Current memory usage:
MemTotal:        7797868 kB
MemFree:         2422336 kB
MemAvailable:    5402852 kB
Buffers:           41900 kB
Cached:          3054972 kB
SwapCached:         3380 kB
Active:           586788 kB
Inactive:        4179364 kB
Active(anon):      13044 kB
Inactive(anon):  1660740 kB
Active(file):     573744 kB
Inactive(file):  2518624 kB
Unevictable:           0 kB
Mlocked:               0 kB
SwapTotal:       2097152 kB
SwapFree:        2086328 kB
Dirty:                16 kB
Writeback:             0 kB
AnonPages:       1556640 kB
Mapped:           351664 kB
Shmem:              4628 kB
KReclaimable:     187612 kB
Slab:             283636 kB
SReclaimable:     187612 kB
SUnreclaim:        96024 kB
KernelStack:       16932 kB
PageTables:        13340 kB
NFS_Unstable:          0 kB
Bounce:                0 kB
WritebackTmp:          0 kB
CommitLimit:     5996084 kB
Committed_AS:    5723764 kB
VmallocTotal:   34359738367 kB
VmallocUsed:       38880 kB
VmallocChunk:          0 kB
Percpu:             8576 kB
AnonHugePages:   1110016 kB
ShmemHugePages:        0 kB
ShmemPmdMapped:        0 kB
FileHugePages:         0 kB
FilePmdMapped:         0 kB
HugePages_Total:       0
HugePages_Free:        0
HugePages_Rsvd:        0
HugePages_Surp:        0
Hugepagesize:       2048 kB
Hugetlb:               0 kB
DirectMap4k:       64512 kB
DirectMap2M:     7981056 kB
DirectMap1G:     8388608 kB

Current date and time: Fri May 12 03:16:08 UTC 2023
Current memory usage:
MemTotal:        7797868 kB
MemFree:         2422632 kB
MemAvailable:    5403172 kB
Buffers:           41908 kB
Cached:          3054976 kB
SwapCached:         3380 kB
Active:           586800 kB
Inactive:        4179312 kB
Active(anon):      13048 kB
Inactive(anon):  1660688 kB
Active(file):     573752 kB
Inactive(file):  2518624 kB
Unevictable:           0 kB
Mlocked:               0 kB
SwapTotal:       2097152 kB
SwapFree:        2086328 kB
Dirty:                 0 kB
Writeback:             0 kB
AnonPages:       1556344 kB
Mapped:           351664 kB
Shmem:              4632 kB
KReclaimable:     187628 kB
Slab:             283612 kB
SReclaimable:     187628 kB
SUnreclaim:        95984 kB
KernelStack:       16896 kB
PageTables:        13460 kB
NFS_Unstable:          0 kB
Bounce:                0 kB
WritebackTmp:          0 kB
CommitLimit:     5996084 kB
Committed_AS:    5723768 kB
VmallocTotal:   34359738367 kB
VmallocUsed:       38912 kB
VmallocChunk:          0 kB
Percpu:             8576 kB
AnonHugePages:   1110016 kB
ShmemHugePages:        0 kB
ShmemPmdMapped:        0 kB
FileHugePages:         0 kB
FilePmdMapped:         0 kB
HugePages_Total:       0
HugePages_Free:        0
HugePages_Rsvd:        0
HugePages_Surp:        0
Hugepagesize:       2048 kB
Hugetlb:               0 kB
DirectMap4k:       64512 kB
DirectMap2M:     7981056 kB
DirectMap1G:     8388608 kB

Current date and time: Fri May 12 03:17:08 UTC 2023
Current memory usage:
MemTotal:        7797868 kB
MemFree:         2425384 kB
MemAvailable:    5405912 kB
Buffers:           41916 kB
Cached:          3054980 kB
SwapCached:         3380 kB
Active:           586800 kB
Inactive:        4179420 kB
Active(anon):      13052 kB
Inactive(anon):  1660804 kB
Active(file):     573748 kB
Inactive(file):  2518616 kB
Unevictable:           0 kB
Mlocked:               0 kB
SwapTotal:       2097152 kB
SwapFree:        2086328 kB
Dirty:                 0 kB
Writeback:             0 kB
AnonPages:       1556656 kB
Mapped:           351628 kB
Shmem:              4636 kB
KReclaimable:     187628 kB
Slab:             283616 kB
SReclaimable:     187628 kB
SUnreclaim:        95988 kB
KernelStack:       16896 kB
PageTables:        13460 kB
NFS_Unstable:          0 kB
Bounce:                0 kB
WritebackTmp:          0 kB
CommitLimit:     5996084 kB
Committed_AS:    5723772 kB
VmallocTotal:   34359738367 kB
VmallocUsed:       38976 kB
VmallocChunk:          0 kB
Percpu:             8576 kB
AnonHugePages:   1110016 kB
ShmemHugePages:        0 kB
ShmemPmdMapped:        0 kB
FileHugePages:         0 kB
FilePmdMapped:         0 kB
HugePages_Total:       0
HugePages_Free:        0
HugePages_Rsvd:        0
HugePages_Surp:        0
Hugepagesize:       2048 kB
Hugetlb:               0 kB
DirectMap4k:       64512 kB
DirectMap2M:     7981056 kB
DirectMap1G:     8388608 kB

Current date and time: Fri May 12 03:18:08 UTC 2023
Current memory usage:
MemTotal:        7797868 kB
MemFree:         2425800 kB
MemAvailable:    5406648 kB
Buffers:           41924 kB
Cached:          3055292 kB
SwapCached:         3380 kB
Active:           586836 kB
Inactive:        4179636 kB
Active(anon):      13056 kB
Inactive(anon):  1660716 kB
Active(file):     573780 kB
Inactive(file):  2518920 kB
Unevictable:           0 kB
Mlocked:               0 kB
SwapTotal:       2097152 kB
SwapFree:        2086328 kB
Dirty:                 0 kB
Writeback:             0 kB
AnonPages:       1556320 kB
Mapped:           351752 kB
Shmem:              4640 kB
KReclaimable:     187612 kB
Slab:             283588 kB
SReclaimable:     187612 kB
SUnreclaim:        95976 kB
KernelStack:       16896 kB
PageTables:        13460 kB
NFS_Unstable:          0 kB
Bounce:                0 kB
WritebackTmp:          0 kB
CommitLimit:     5996084 kB
Committed_AS:    5723776 kB
VmallocTotal:   34359738367 kB
VmallocUsed:       38944 kB
VmallocChunk:          0 kB
Percpu:             8576 kB
AnonHugePages:   1110016 kB
ShmemHugePages:        0 kB
ShmemPmdMapped:        0 kB
FileHugePages:         0 kB
FilePmdMapped:         0 kB
HugePages_Total:       0
HugePages_Free:        0
HugePages_Rsvd:        0
HugePages_Surp:        0
Hugepagesize:       2048 kB
Hugetlb:               0 kB
DirectMap4k:       64512 kB
DirectMap2M:     7981056 kB
DirectMap1G:     8388608 kB

Current date and time: Fri May 12 03:19:07 UTC 2023
Current memory usage:
MemTotal:        7797868 kB
MemFree:         2427664 kB
MemAvailable:    5408612 kB
Buffers:           41932 kB
Cached:          3055344 kB
SwapCached:         3380 kB
Active:           586848 kB
Inactive:        4180220 kB
Active(anon):      13060 kB
Inactive(anon):  1661256 kB
Active(file):     573788 kB
Inactive(file):  2518964 kB
Unevictable:           0 kB
Mlocked:               0 kB
SwapTotal:       2097152 kB
SwapFree:        2086328 kB
Dirty:                 0 kB
Writeback:             0 kB
AnonPages:       1556864 kB
Mapped:           351684 kB
Shmem:              4648 kB
KReclaimable:     187660 kB
Slab:             283632 kB
SReclaimable:     187660 kB
SUnreclaim:        95972 kB
KernelStack:       16896 kB
PageTables:        13464 kB
NFS_Unstable:          0 kB
Bounce:                0 kB
WritebackTmp:          0 kB
CommitLimit:     5996084 kB
Committed_AS:    5723784 kB
VmallocTotal:   34359738367 kB
VmallocUsed:       38912 kB
VmallocChunk:          0 kB
Percpu:             8576 kB
AnonHugePages:   1110016 kB
ShmemHugePages:        0 kB
ShmemPmdMapped:        0 kB
FileHugePages:         0 kB
FilePmdMapped:         0 kB
HugePages_Total:       0
HugePages_Free:        0
HugePages_Rsvd:        0
HugePages_Surp:        0
Hugepagesize:       2048 kB
Hugetlb:               0 kB
DirectMap4k:       64512 kB
DirectMap2M:     7981056 kB
DirectMap1G:     8388608 kB

Current date and time: Fri May 12 03:20:07 UTC 2023
Current memory usage:
MemTotal:        7797868 kB
MemFree:         2426104 kB
MemAvailable:    5407012 kB
Buffers:           41940 kB
Cached:          3055348 kB
SwapCached:         3380 kB
Active:           586868 kB
Inactive:        4180096 kB
Active(anon):      13064 kB
Inactive(anon):  1661140 kB
Active(file):     573804 kB
Inactive(file):  2518956 kB
Unevictable:           0 kB
Mlocked:               0 kB
SwapTotal:       2097152 kB
SwapFree:        2086328 kB
Dirty:                 0 kB
Writeback:             0 kB
AnonPages:       1556712 kB
Mapped:           351684 kB
Shmem:              4652 kB
KReclaimable:     187612 kB
Slab:             283600 kB
SReclaimable:     187612 kB
SUnreclaim:        95988 kB
KernelStack:       16880 kB
PageTables:        13456 kB
NFS_Unstable:          0 kB
Bounce:                0 kB
WritebackTmp:          0 kB
CommitLimit:     5996084 kB
Committed_AS:    5723788 kB
VmallocTotal:   34359738367 kB
VmallocUsed:       38896 kB
VmallocChunk:          0 kB
Percpu:             8576 kB
AnonHugePages:   1110016 kB
ShmemHugePages:        0 kB
ShmemPmdMapped:        0 kB
FileHugePages:         0 kB
FilePmdMapped:         0 kB
HugePages_Total:       0
HugePages_Free:        0
HugePages_Rsvd:        0
HugePages_Surp:        0
Hugepagesize:       2048 kB
Hugetlb:               0 kB
DirectMap4k:       64512 kB
DirectMap2M:     7981056 kB
DirectMap1G:     8388608 kB

Current date and time: Fri May 12 03:21:07 UTC 2023
Current memory usage:
MemTotal:        7797868 kB
MemFree:         2421304 kB
MemAvailable:    5402220 kB
Buffers:           41948 kB
Cached:          3055352 kB
SwapCached:         3380 kB
Active:           586884 kB
Inactive:        4179868 kB
Active(anon):      13068 kB
Inactive(anon):  1660916 kB
Active(file):     573816 kB
Inactive(file):  2518952 kB
Unevictable:           0 kB
Mlocked:               0 kB
SwapTotal:       2097152 kB
SwapFree:        2086328 kB
Dirty:                 0 kB
Writeback:             0 kB
AnonPages:       1556452 kB
Mapped:           351672 kB
Shmem:              4656 kB
KReclaimable:     187612 kB
Slab:             283600 kB
SReclaimable:     187612 kB
SUnreclaim:        95988 kB
KernelStack:       16880 kB
PageTables:        13460 kB
NFS_Unstable:          0 kB
Bounce:                0 kB
WritebackTmp:          0 kB
CommitLimit:     5996084 kB
Committed_AS:    5723792 kB
VmallocTotal:   34359738367 kB
VmallocUsed:       38912 kB
VmallocChunk:          0 kB
Percpu:             8576 kB
AnonHugePages:   1110016 kB
ShmemHugePages:        0 kB
ShmemPmdMapped:        0 kB
FileHugePages:         0 kB
FilePmdMapped:         0 kB
HugePages_Total:       0
HugePages_Free:        0
HugePages_Rsvd:        0
HugePages_Surp:        0
Hugepagesize:       2048 kB
Hugetlb:               0 kB
DirectMap4k:       64512 kB
DirectMap2M:     7981056 kB
DirectMap1G:     8388608 kB

Current date and time: Fri May 12 03:22:07 UTC 2023
Current memory usage:
MemTotal:        7797868 kB
MemFree:         2422136 kB
MemAvailable:    5403060 kB
Buffers:           41956 kB
Cached:          3055356 kB
SwapCached:         3380 kB
Active:           586892 kB
Inactive:        4179708 kB
Active(anon):      13068 kB
Inactive(anon):  1660756 kB
Active(file):     573824 kB
Inactive(file):  2518952 kB
Unevictable:           0 kB
Mlocked:               0 kB
SwapTotal:       2097152 kB
SwapFree:        2086328 kB
Dirty:                 0 kB
Writeback:             0 kB
AnonPages:       1556376 kB
Mapped:           351672 kB
Shmem:              4660 kB
KReclaimable:     187612 kB
Slab:             283600 kB
SReclaimable:     187612 kB
SUnreclaim:        95988 kB
KernelStack:       16880 kB
PageTables:        13456 kB
NFS_Unstable:          0 kB
Bounce:                0 kB
WritebackTmp:          0 kB
CommitLimit:     5996084 kB
Committed_AS:    5723796 kB
VmallocTotal:   34359738367 kB
VmallocUsed:       38928 kB
VmallocChunk:          0 kB
Percpu:             8576 kB
AnonHugePages:   1110016 kB
ShmemHugePages:        0 kB
ShmemPmdMapped:        0 kB
FileHugePages:         0 kB
FilePmdMapped:         0 kB
HugePages_Total:       0
HugePages_Free:        0
HugePages_Rsvd:        0
HugePages_Surp:        0
Hugepagesize:       2048 kB
Hugetlb:               0 kB
DirectMap4k:       64512 kB
DirectMap2M:     7981056 kB
DirectMap1G:     8388608 kB

Current date and time: Fri May 12 03:23:07 UTC 2023
Current memory usage:
MemTotal:        7797868 kB
MemFree:         2422792 kB
MemAvailable:    5403776 kB
Buffers:           41980 kB
Cached:          3055360 kB
SwapCached:         3380 kB
Active:           586920 kB
Inactive:        4179832 kB
Active(anon):      13072 kB
Inactive(anon):  1660876 kB
Active(file):     573848 kB
Inactive(file):  2518956 kB
Unevictable:           0 kB
Mlocked:               0 kB
SwapTotal:       2097152 kB
SwapFree:        2086328 kB
Dirty:                 4 kB
Writeback:             0 kB
AnonPages:       1556340 kB
Mapped:           351672 kB
Shmem:              4660 kB
KReclaimable:     187644 kB
Slab:             283540 kB
SReclaimable:     187644 kB
SUnreclaim:        95896 kB
KernelStack:       16848 kB
PageTables:        13376 kB
NFS_Unstable:          0 kB
Bounce:                0 kB
WritebackTmp:          0 kB
CommitLimit:     5996084 kB
Committed_AS:    5723796 kB
VmallocTotal:   34359738367 kB
VmallocUsed:       38864 kB
VmallocChunk:          0 kB
Percpu:             8576 kB
AnonHugePages:   1110016 kB
ShmemHugePages:        0 kB
ShmemPmdMapped:        0 kB
FileHugePages:         0 kB
FilePmdMapped:         0 kB
HugePages_Total:       0
HugePages_Free:        0
HugePages_Rsvd:        0
HugePages_Surp:        0
Hugepagesize:       2048 kB
Hugetlb:               0 kB
DirectMap4k:       64512 kB
DirectMap2M:     7981056 kB
DirectMap1G:     8388608 kB

Current date and time: Fri May 12 03:24:07 UTC 2023
Current memory usage:
MemTotal:        7797868 kB
MemFree:         2419200 kB
MemAvailable:    5400208 kB
Buffers:           41988 kB
Cached:          3055364 kB
SwapCached:         3380 kB
Active:           586932 kB
Inactive:        4179688 kB
Active(anon):      13076 kB
Inactive(anon):  1660732 kB
Active(file):     573856 kB
Inactive(file):  2518956 kB
Unevictable:           0 kB
Mlocked:               0 kB
SwapTotal:       2097152 kB
SwapFree:        2086328 kB
Dirty:                 0 kB
Writeback:             0 kB
AnonPages:       1556248 kB
Mapped:           351648 kB
Shmem:              4664 kB
KReclaimable:     187660 kB
Slab:             283568 kB
SReclaimable:     187660 kB
SUnreclaim:        95908 kB
KernelStack:       16848 kB
PageTables:        13580 kB
NFS_Unstable:          0 kB
Bounce:                0 kB
WritebackTmp:          0 kB
CommitLimit:     5996084 kB
Committed_AS:    5723800 kB
VmallocTotal:   34359738367 kB
VmallocUsed:       38912 kB
VmallocChunk:          0 kB
Percpu:             8576 kB
AnonHugePages:   1110016 kB
ShmemHugePages:        0 kB
ShmemPmdMapped:        0 kB
FileHugePages:         0 kB
FilePmdMapped:         0 kB
HugePages_Total:       0
HugePages_Free:        0
HugePages_Rsvd:        0
HugePages_Surp:        0
Hugepagesize:       2048 kB
Hugetlb:               0 kB
DirectMap4k:       64512 kB
DirectMap2M:     7981056 kB
DirectMap1G:     8388608 kB

Current date and time: Fri May 12 03:25:08 UTC 2023
Current memory usage:
MemTotal:        7797868 kB
MemFree:         2425600 kB
MemAvailable:    5406616 kB
Buffers:           41996 kB
Cached:          3055368 kB
SwapCached:         3380 kB
Active:           586944 kB
Inactive:        4179716 kB
Active(anon):      13080 kB
Inactive(anon):  1660760 kB
Active(file):     573864 kB
Inactive(file):  2518956 kB
Unevictable:           0 kB
Mlocked:               0 kB
SwapTotal:       2097152 kB
SwapFree:        2086328 kB
Dirty:                 0 kB
Writeback:             0 kB
AnonPages:       1556408 kB
Mapped:           351708 kB
Shmem:              4668 kB
KReclaimable:     187660 kB
Slab:             283624 kB
SReclaimable:     187660 kB
SUnreclaim:        95964 kB
KernelStack:       16864 kB
PageTables:        13520 kB
NFS_Unstable:          0 kB
Bounce:                0 kB
WritebackTmp:          0 kB
CommitLimit:     5996084 kB
Committed_AS:    5723804 kB
VmallocTotal:   34359738367 kB
VmallocUsed:       38896 kB
VmallocChunk:          0 kB
Percpu:             8576 kB
AnonHugePages:   1110016 kB
ShmemHugePages:        0 kB
ShmemPmdMapped:        0 kB
FileHugePages:         0 kB
FilePmdMapped:         0 kB
HugePages_Total:       0
HugePages_Free:        0
HugePages_Rsvd:        0
HugePages_Surp:        0
Hugepagesize:       2048 kB
Hugetlb:               0 kB
DirectMap4k:       64512 kB
DirectMap2M:     7981056 kB
DirectMap1G:     8388608 kB

Current date and time: Fri May 12 03:26:07 UTC 2023
Current memory usage:
MemTotal:        7797868 kB
MemFree:         2420712 kB
MemAvailable:    5401704 kB
Buffers:           42004 kB
Cached:          3055372 kB
SwapCached:         3380 kB
Active:           586956 kB
Inactive:        4179908 kB
Active(anon):      13084 kB
Inactive(anon):  1660952 kB
Active(file):     573872 kB
Inactive(file):  2518956 kB
Unevictable:           0 kB
Mlocked:               0 kB
SwapTotal:       2097152 kB
SwapFree:        2086328 kB
Dirty:                 0 kB
Writeback:             0 kB
AnonPages:       1556368 kB
Mapped:           351744 kB
Shmem:              4672 kB
KReclaimable:     187628 kB
Slab:             283632 kB
SReclaimable:     187628 kB
SUnreclaim:        96004 kB
KernelStack:       16880 kB
PageTables:        13452 kB
NFS_Unstable:          0 kB
Bounce:                0 kB
WritebackTmp:          0 kB
CommitLimit:     5996084 kB
Committed_AS:    5723808 kB
VmallocTotal:   34359738367 kB
VmallocUsed:       38896 kB
VmallocChunk:          0 kB
Percpu:             8576 kB
AnonHugePages:   1110016 kB
ShmemHugePages:        0 kB
ShmemPmdMapped:        0 kB
FileHugePages:         0 kB
FilePmdMapped:         0 kB
HugePages_Total:       0
HugePages_Free:        0
HugePages_Rsvd:        0
HugePages_Surp:        0
Hugepagesize:       2048 kB
Hugetlb:               0 kB
DirectMap4k:       64512 kB
DirectMap2M:     7981056 kB
DirectMap1G:     8388608 kB

Current date and time: Fri May 12 03:27:07 UTC 2023
Current memory usage:
MemTotal:        7797868 kB
MemFree:         2418684 kB
MemAvailable:    5399684 kB
Buffers:           42012 kB
Cached:          3055376 kB
SwapCached:         3380 kB
Active:           586968 kB
Inactive:        4180072 kB
Active(anon):      13088 kB
Inactive(anon):  1661116 kB
Active(file):     573880 kB
Inactive(file):  2518956 kB
Unevictable:           0 kB
Mlocked:               0 kB
SwapTotal:       2097152 kB
SwapFree:        2086328 kB
Dirty:                 0 kB
Writeback:             0 kB
AnonPages:       1556468 kB
Mapped:           351740 kB
Shmem:              4676 kB
KReclaimable:     187628 kB
Slab:             283556 kB
SReclaimable:     187628 kB
SUnreclaim:        95928 kB
KernelStack:       16864 kB
PageTables:        13576 kB
NFS_Unstable:          0 kB
Bounce:                0 kB
WritebackTmp:          0 kB
CommitLimit:     5996084 kB
Committed_AS:    5723812 kB
VmallocTotal:   34359738367 kB
VmallocUsed:       38896 kB
VmallocChunk:          0 kB
Percpu:             8576 kB
AnonHugePages:   1110016 kB
ShmemHugePages:        0 kB
ShmemPmdMapped:        0 kB
FileHugePages:         0 kB
FilePmdMapped:         0 kB
HugePages_Total:       0
HugePages_Free:        0
HugePages_Rsvd:        0
HugePages_Surp:        0
Hugepagesize:       2048 kB
Hugetlb:               0 kB
DirectMap4k:       64512 kB
DirectMap2M:     7981056 kB
DirectMap1G:     8388608 kB

Current date and time: Fri May 12 03:28:07 UTC 2023
Current memory usage:
MemTotal:        7797868 kB
MemFree:         2423988 kB
MemAvailable:    5405012 kB
Buffers:           42020 kB
Cached:          3055380 kB
SwapCached:         3380 kB
Active:           586980 kB
Inactive:        4179988 kB
Active(anon):      13092 kB
Inactive(anon):  1661032 kB
Active(file):     573888 kB
Inactive(file):  2518956 kB
Unevictable:           0 kB
Mlocked:               0 kB
SwapTotal:       2097152 kB
SwapFree:        2086328 kB
Dirty:                 0 kB
Writeback:             0 kB
AnonPages:       1556428 kB
Mapped:           351716 kB
Shmem:              4680 kB
KReclaimable:     187644 kB
Slab:             283632 kB
SReclaimable:     187644 kB
SUnreclaim:        95988 kB
KernelStack:       16880 kB
PageTables:        13520 kB
NFS_Unstable:          0 kB
Bounce:                0 kB
WritebackTmp:          0 kB
CommitLimit:     5996084 kB
Committed_AS:    5723816 kB
VmallocTotal:   34359738367 kB
VmallocUsed:       38880 kB
VmallocChunk:          0 kB
Percpu:             8576 kB
AnonHugePages:   1110016 kB
ShmemHugePages:        0 kB
ShmemPmdMapped:        0 kB
FileHugePages:         0 kB
FilePmdMapped:         0 kB
HugePages_Total:       0
HugePages_Free:        0
HugePages_Rsvd:        0
HugePages_Surp:        0
Hugepagesize:       2048 kB
Hugetlb:               0 kB
DirectMap4k:       64512 kB
DirectMap2M:     7981056 kB
DirectMap1G:     8388608 kB

Current date and time: Fri May 12 03:29:08 UTC 2023
Current memory usage:
MemTotal:        7797868 kB
MemFree:         2420032 kB
MemAvailable:    5401064 kB
Buffers:           42028 kB
Cached:          3055384 kB
SwapCached:         3380 kB
Active:           586992 kB
Inactive:        4179928 kB
Active(anon):      13096 kB
Inactive(anon):  1660972 kB
Active(file):     573896 kB
Inactive(file):  2518956 kB
Unevictable:           0 kB
Mlocked:               0 kB
SwapTotal:       2097152 kB
SwapFree:        2086328 kB
Dirty:                 0 kB
Writeback:             0 kB
AnonPages:       1556348 kB
Mapped:           351676 kB
Shmem:              4684 kB
KReclaimable:     187644 kB
Slab:             283772 kB
SReclaimable:     187644 kB
SUnreclaim:        96128 kB
KernelStack:       16928 kB
PageTables:        13724 kB
NFS_Unstable:          0 kB
Bounce:                0 kB
WritebackTmp:          0 kB
CommitLimit:     5996084 kB
Committed_AS:    5723820 kB
VmallocTotal:   34359738367 kB
VmallocUsed:       38848 kB
VmallocChunk:          0 kB
Percpu:             8576 kB
AnonHugePages:   1110016 kB
ShmemHugePages:        0 kB
ShmemPmdMapped:        0 kB
FileHugePages:         0 kB
FilePmdMapped:         0 kB
HugePages_Total:       0
HugePages_Free:        0
HugePages_Rsvd:        0
HugePages_Surp:        0
Hugepagesize:       2048 kB
Hugetlb:               0 kB
DirectMap4k:       64512 kB
DirectMap2M:     7981056 kB
DirectMap1G:     8388608 kB

Current date and time: Fri May 12 03:30:07 UTC 2023
Current memory usage:
MemTotal:        7797868 kB
MemFree:         2422932 kB
MemAvailable:    5404044 kB
Buffers:           42044 kB
Cached:          3055468 kB
SwapCached:         3380 kB
Active:           587012 kB
Inactive:        4179708 kB
Active(anon):      13100 kB
Inactive(anon):  1660672 kB
Active(file):     573912 kB
Inactive(file):  2519036 kB
Unevictable:           0 kB
Mlocked:               0 kB
SwapTotal:       2097152 kB
SwapFree:        2086328 kB
Dirty:                 0 kB
Writeback:             0 kB
AnonPages:       1556176 kB
Mapped:           351744 kB
Shmem:              4688 kB
KReclaimable:     187628 kB
Slab:             283668 kB
SReclaimable:     187628 kB
SUnreclaim:        96040 kB
KernelStack:       16948 kB
PageTables:        13656 kB
NFS_Unstable:          0 kB
Bounce:                0 kB
WritebackTmp:          0 kB
CommitLimit:     5996084 kB
Committed_AS:    5723824 kB
VmallocTotal:   34359738367 kB
VmallocUsed:       38928 kB
VmallocChunk:          0 kB
Percpu:             8576 kB
AnonHugePages:   1110016 kB
ShmemHugePages:        0 kB
ShmemPmdMapped:        0 kB
FileHugePages:         0 kB
FilePmdMapped:         0 kB
HugePages_Total:       0
HugePages_Free:        0
HugePages_Rsvd:        0
HugePages_Surp:        0
Hugepagesize:       2048 kB
Hugetlb:               0 kB
DirectMap4k:       64512 kB
DirectMap2M:     7981056 kB
DirectMap1G:     8388608 kB

Current date and time: Fri May 12 03:31:07 UTC 2023
Current memory usage:
MemTotal:        7797868 kB
MemFree:         2427112 kB
MemAvailable:    5408232 kB
Buffers:           42052 kB
Cached:          3055472 kB
SwapCached:         3380 kB
Active:           587024 kB
Inactive:        4179808 kB
Active(anon):      13104 kB
Inactive(anon):  1660772 kB
Active(file):     573920 kB
Inactive(file):  2519036 kB
Unevictable:           0 kB
Mlocked:               0 kB
SwapTotal:       2097152 kB
SwapFree:        2086328 kB
Dirty:                 0 kB
Writeback:             0 kB
AnonPages:       1556240 kB
Mapped:           351788 kB
Shmem:              4692 kB
KReclaimable:     187628 kB
Slab:             283676 kB
SReclaimable:     187628 kB
SUnreclaim:        96048 kB
KernelStack:       16896 kB
PageTables:        13468 kB
NFS_Unstable:          0 kB
Bounce:                0 kB
WritebackTmp:          0 kB
CommitLimit:     5996084 kB
Committed_AS:    5723828 kB
VmallocTotal:   34359738367 kB
VmallocUsed:       38912 kB
VmallocChunk:          0 kB
Percpu:             8576 kB
AnonHugePages:   1110016 kB
ShmemHugePages:        0 kB
ShmemPmdMapped:        0 kB
FileHugePages:         0 kB
FilePmdMapped:         0 kB
HugePages_Total:       0
HugePages_Free:        0
HugePages_Rsvd:        0
HugePages_Surp:        0
Hugepagesize:       2048 kB
Hugetlb:               0 kB
DirectMap4k:       64512 kB
DirectMap2M:     7981056 kB
DirectMap1G:     8388608 kB

Current date and time: Fri May 12 03:32:08 UTC 2023
Current memory usage:
MemTotal:        7797868 kB
MemFree:         2422568 kB
MemAvailable:    5403724 kB
Buffers:           42084 kB
Cached:          3055480 kB
SwapCached:         3380 kB
Active:           587064 kB
Inactive:        4179768 kB
Active(anon):      13108 kB
Inactive(anon):  1660732 kB
Active(file):     573956 kB
Inactive(file):  2519036 kB
Unevictable:           0 kB
Mlocked:               0 kB
SwapTotal:       2097152 kB
SwapFree:        2086328 kB
Dirty:                12 kB
Writeback:             0 kB
AnonPages:       1556176 kB
Mapped:           351776 kB
Shmem:              4696 kB
KReclaimable:     187628 kB
Slab:             283624 kB
SReclaimable:     187628 kB
SUnreclaim:        95996 kB
KernelStack:       16864 kB
PageTables:        13524 kB
NFS_Unstable:          0 kB
Bounce:                0 kB
WritebackTmp:          0 kB
CommitLimit:     5996084 kB
Committed_AS:    5723832 kB
VmallocTotal:   34359738367 kB
VmallocUsed:       38928 kB
VmallocChunk:          0 kB
Percpu:             8576 kB
AnonHugePages:   1110016 kB
ShmemHugePages:        0 kB
ShmemPmdMapped:        0 kB
FileHugePages:         0 kB
FilePmdMapped:         0 kB
HugePages_Total:       0
HugePages_Free:        0
HugePages_Rsvd:        0
HugePages_Surp:        0
Hugepagesize:       2048 kB
Hugetlb:               0 kB
DirectMap4k:       64512 kB
DirectMap2M:     7981056 kB
DirectMap1G:     8388608 kB

Current date and time: Fri May 12 03:33:08 UTC 2023
Current memory usage:
MemTotal:        7797868 kB
MemFree:         2422672 kB
MemAvailable:    5403828 kB
Buffers:           42100 kB
Cached:          3055484 kB
SwapCached:         3380 kB
Active:           587092 kB
Inactive:        4179968 kB
Active(anon):      13112 kB
Inactive(anon):  1660940 kB
Active(file):     573980 kB
Inactive(file):  2519028 kB
Unevictable:           0 kB
Mlocked:               0 kB
SwapTotal:       2097152 kB
SwapFree:        2086328 kB
Dirty:                 0 kB
Writeback:             0 kB
AnonPages:       1556396 kB
Mapped:           351844 kB
Shmem:              4700 kB
KReclaimable:     187612 kB
Slab:             283740 kB
SReclaimable:     187612 kB
SUnreclaim:        96128 kB
KernelStack:       16944 kB
PageTables:        13732 kB
NFS_Unstable:          0 kB
Bounce:                0 kB
WritebackTmp:          0 kB
CommitLimit:     5996084 kB
Committed_AS:    5723836 kB
VmallocTotal:   34359738367 kB
VmallocUsed:       38912 kB
VmallocChunk:          0 kB
Percpu:             8576 kB
AnonHugePages:   1110016 kB
ShmemHugePages:        0 kB
ShmemPmdMapped:        0 kB
FileHugePages:         0 kB
FilePmdMapped:         0 kB
HugePages_Total:       0
HugePages_Free:        0
HugePages_Rsvd:        0
HugePages_Surp:        0
Hugepagesize:       2048 kB
Hugetlb:               0 kB
DirectMap4k:       64512 kB
DirectMap2M:     7981056 kB
DirectMap1G:     8388608 kB

Current date and time: Fri May 12 03:34:07 UTC 2023
Current memory usage:
MemTotal:        7797868 kB
MemFree:         2422764 kB
MemAvailable:    5403960 kB
Buffers:           42108 kB
Cached:          3055488 kB
SwapCached:         3380 kB
Active:           587104 kB
Inactive:        4179892 kB
Active(anon):      13116 kB
Inactive(anon):  1660864 kB
Active(file):     573988 kB
Inactive(file):  2519028 kB
Unevictable:           0 kB
Mlocked:               0 kB
SwapTotal:       2097152 kB
SwapFree:        2086328 kB
Dirty:                 0 kB
Writeback:             0 kB
AnonPages:       1556244 kB
Mapped:           351764 kB
Shmem:              4704 kB
KReclaimable:     187644 kB
Slab:             283692 kB
SReclaimable:     187644 kB
SUnreclaim:        96048 kB
KernelStack:       16912 kB
PageTables:        13464 kB
NFS_Unstable:          0 kB
Bounce:                0 kB
WritebackTmp:          0 kB
CommitLimit:     5996084 kB
Committed_AS:    5723840 kB
VmallocTotal:   34359738367 kB
VmallocUsed:       38992 kB
VmallocChunk:          0 kB
Percpu:             8576 kB
AnonHugePages:   1110016 kB
ShmemHugePages:        0 kB
ShmemPmdMapped:        0 kB
FileHugePages:         0 kB
FilePmdMapped:         0 kB
HugePages_Total:       0
HugePages_Free:        0
HugePages_Rsvd:        0
HugePages_Surp:        0
Hugepagesize:       2048 kB
Hugetlb:               0 kB
DirectMap4k:       64512 kB
DirectMap2M:     7981056 kB
DirectMap1G:     8388608 kB

Current date and time: Fri May 12 03:35:07 UTC 2023
Current memory usage:
MemTotal:        7797868 kB
MemFree:         2419600 kB
MemAvailable:    5400892 kB
Buffers:           42116 kB
Cached:          3055596 kB
SwapCached:         3380 kB
Active:           587120 kB
Inactive:        4183764 kB
