
Current date and time: Thu May 25 10:28:17 UTC 2023
Current memory usage:
MemTotal:        7797868 kB
MemFree:         2502632 kB
MemAvailable:    5470628 kB
Buffers:           38996 kB
Cached:          3045700 kB
SwapCached:          740 kB
Active:           584520 kB
Inactive:        4116908 kB
Active(anon):      21228 kB
Inactive(anon):  1600448 kB
Active(file):     563292 kB
Inactive(file):  2516460 kB
Unevictable:           0 kB
Mlocked:               0 kB
SwapTotal:       2097152 kB
SwapFree:        2088388 kB
Dirty:                 4 kB
Writeback:             0 kB
AnonPages:       1500800 kB
Mapped:           353080 kB
Shmem:              4996 kB
KReclaimable:     187708 kB
Slab:             283028 kB
SReclaimable:     187708 kB
SUnreclaim:        95320 kB
KernelStack:       16992 kB
PageTables:        13296 kB
NFS_Unstable:          0 kB
Bounce:                0 kB
WritebackTmp:          0 kB
CommitLimit:     5996084 kB
Committed_AS:    5706860 kB
VmallocTotal:   34359738367 kB
VmallocUsed:       38976 kB
VmallocChunk:          0 kB
Percpu:             8512 kB
AnonHugePages:    888832 kB
ShmemHugePages:        0 kB
ShmemPmdMapped:        0 kB
FileHugePages:         0 kB
FilePmdMapped:         0 kB
HugePages_Total:       0
HugePages_Free:        0
HugePages_Rsvd:        0
HugePages_Surp:        0
Hugepagesize:       2048 kB
Hugetlb:               0 kB
DirectMap4k:       58368 kB
DirectMap2M:     5890048 kB
DirectMap1G:    10485760 kB

Current date and time: Thu May 25 10:29:22 UTC 2023
Current memory usage:
MemTotal:        7797868 kB
MemFree:         2472092 kB
MemAvailable:    5440404 kB
Buffers:           39028 kB
Cached:          3045972 kB
SwapCached:          740 kB
Active:           586240 kB
Inactive:        4135464 kB
Active(anon):      21236 kB
Inactive(anon):  1620400 kB
Active(file):     565004 kB
Inactive(file):  2515064 kB
Unevictable:           0 kB
Mlocked:               0 kB
SwapTotal:       2097152 kB
SwapFree:        2088388 kB
Dirty:                 0 kB
Writeback:             0 kB
AnonPages:       1518032 kB
Mapped:           353096 kB
Shmem:              5000 kB
KReclaimable:     187708 kB
Slab:             283140 kB
SReclaimable:     187708 kB
SUnreclaim:        95432 kB
KernelStack:       16992 kB
PageTables:        13432 kB
NFS_Unstable:          0 kB
Bounce:                0 kB
WritebackTmp:          0 kB
CommitLimit:     5996084 kB
Committed_AS:    5727024 kB
VmallocTotal:   34359738367 kB
VmallocUsed:       39024 kB
VmallocChunk:          0 kB
Percpu:             8512 kB
AnonHugePages:    888832 kB
ShmemHugePages:        0 kB
ShmemPmdMapped:        0 kB
FileHugePages:         0 kB
FilePmdMapped:         0 kB
HugePages_Total:       0
HugePages_Free:        0
HugePages_Rsvd:        0
HugePages_Surp:        0
Hugepagesize:       2048 kB
Hugetlb:               0 kB
DirectMap4k:       58368 kB
DirectMap2M:     5890048 kB
DirectMap1G:    10485760 kB

Current date and time: Thu May 25 10:30:22 UTC 2023
Current memory usage:
MemTotal:        7797868 kB
MemFree:         2474084 kB
MemAvailable:    5442452 kB
Buffers:           39084 kB
Cached:          3045976 kB
SwapCached:          740 kB
Active:           586696 kB
Inactive:        4133908 kB
Active(anon):      21240 kB
Inactive(anon):  1619240 kB
Active(file):     565456 kB
Inactive(file):  2514668 kB
Unevictable:           0 kB
Mlocked:               0 kB
SwapTotal:       2097152 kB
SwapFree:        2088388 kB
Dirty:                 0 kB
Writeback:             0 kB
AnonPages:       1516588 kB
Mapped:           353092 kB
Shmem:              5004 kB
KReclaimable:     187708 kB
Slab:             283136 kB
SReclaimable:     187708 kB
SUnreclaim:        95428 kB
KernelStack:       16992 kB
PageTables:        13424 kB
NFS_Unstable:          0 kB
Bounce:                0 kB
WritebackTmp:          0 kB
CommitLimit:     5996084 kB
Committed_AS:    5727028 kB
VmallocTotal:   34359738367 kB
VmallocUsed:       39040 kB
VmallocChunk:          0 kB
Percpu:             8512 kB
AnonHugePages:    886784 kB
ShmemHugePages:        0 kB
ShmemPmdMapped:        0 kB
FileHugePages:         0 kB
FilePmdMapped:         0 kB
HugePages_Total:       0
HugePages_Free:        0
HugePages_Rsvd:        0
HugePages_Surp:        0
Hugepagesize:       2048 kB
Hugetlb:               0 kB
DirectMap4k:       58368 kB
DirectMap2M:     5890048 kB
DirectMap1G:    10485760 kB

Current date and time: Thu May 25 10:31:22 UTC 2023
Current memory usage:
MemTotal:        7797868 kB
MemFree:         2477292 kB
MemAvailable:    5445668 kB
Buffers:           39092 kB
Cached:          3045980 kB
SwapCached:          740 kB
Active:           586844 kB
Inactive:        4132556 kB
Active(anon):      21248 kB
Inactive(anon):  1618020 kB
Active(file):     565596 kB
Inactive(file):  2514536 kB
Unevictable:           0 kB
Mlocked:               0 kB
SwapTotal:       2097152 kB
SwapFree:        2088388 kB
Dirty:                 0 kB
Writeback:             0 kB
AnonPages:       1513912 kB
Mapped:           353160 kB
Shmem:              5008 kB
KReclaimable:     187708 kB
Slab:             283112 kB
SReclaimable:     187708 kB
SUnreclaim:        95404 kB
KernelStack:       17008 kB
PageTables:        13324 kB
NFS_Unstable:          0 kB
Bounce:                0 kB
WritebackTmp:          0 kB
CommitLimit:     5996084 kB
Committed_AS:    5727032 kB
VmallocTotal:   34359738367 kB
VmallocUsed:       39024 kB
VmallocChunk:          0 kB
Percpu:             8512 kB
AnonHugePages:    884736 kB
ShmemHugePages:        0 kB
ShmemPmdMapped:        0 kB
FileHugePages:         0 kB
FilePmdMapped:         0 kB
HugePages_Total:       0
HugePages_Free:        0
HugePages_Rsvd:        0
HugePages_Surp:        0
Hugepagesize:       2048 kB
Hugetlb:               0 kB
DirectMap4k:       58368 kB
DirectMap2M:     5890048 kB
DirectMap1G:    10485760 kB

Current date and time: Thu May 25 10:32:20 UTC 2023
Current memory usage:
MemTotal:        7797868 kB
MemFree:         2465268 kB
MemAvailable:    5434400 kB
Buffers:           39312 kB
Cached:          3046468 kB
SwapCached:          740 kB
Active:           587352 kB
Inactive:        4146576 kB
Active(anon):      21424 kB
Inactive(anon):  1631668 kB
Active(file):     565928 kB
Inactive(file):  2514908 kB
Unevictable:           0 kB
Mlocked:               0 kB
SwapTotal:       2097152 kB
SwapFree:        2088388 kB
Dirty:                 0 kB
Writeback:             0 kB
AnonPages:       1522084 kB
Mapped:           353308 kB
Shmem:              5012 kB
KReclaimable:     187760 kB
Slab:             283400 kB
SReclaimable:     187760 kB
SUnreclaim:        95640 kB
KernelStack:       17176 kB
PageTables:        13632 kB
NFS_Unstable:          0 kB
Bounce:                0 kB
WritebackTmp:          0 kB
CommitLimit:     5996084 kB
Committed_AS:    5736684 kB
VmallocTotal:   34359738367 kB
VmallocUsed:       39088 kB
VmallocChunk:          0 kB
Percpu:             8512 kB
AnonHugePages:    884736 kB
ShmemHugePages:        0 kB
ShmemPmdMapped:        0 kB
FileHugePages:         0 kB
FilePmdMapped:         0 kB
HugePages_Total:       0
HugePages_Free:        0
HugePages_Rsvd:        0
HugePages_Surp:        0
Hugepagesize:       2048 kB
Hugetlb:               0 kB
DirectMap4k:       58368 kB
DirectMap2M:     5890048 kB
DirectMap1G:    10485760 kB

Current date and time: Thu May 25 10:33:22 UTC 2023
Current memory usage:
MemTotal:        7797868 kB
MemFree:         2460880 kB
MemAvailable:    5432048 kB
Buffers:           39640 kB
Cached:          3048212 kB
SwapCached:          740 kB
Active:           589372 kB
Inactive:        4145508 kB
Active(anon):      21556 kB
Inactive(anon):  1630420 kB
Active(file):     567816 kB
Inactive(file):  2515088 kB
Unevictable:           0 kB
Mlocked:               0 kB
SwapTotal:       2097152 kB
SwapFree:        2088388 kB
Dirty:                 0 kB
Writeback:             0 kB
AnonPages:       1520732 kB
Mapped:           355176 kB
Shmem:              5016 kB
KReclaimable:     187728 kB
Slab:             283480 kB
SReclaimable:     187728 kB
SUnreclaim:        95752 kB
KernelStack:       16912 kB
PageTables:        13456 kB
NFS_Unstable:          0 kB
Bounce:                0 kB
WritebackTmp:          0 kB
CommitLimit:     5996084 kB
Committed_AS:    5744664 kB
VmallocTotal:   34359738367 kB
VmallocUsed:       38960 kB
VmallocChunk:          0 kB
Percpu:             8512 kB
AnonHugePages:    884736 kB
ShmemHugePages:        0 kB
ShmemPmdMapped:        0 kB
FileHugePages:         0 kB
FilePmdMapped:         0 kB
HugePages_Total:       0
HugePages_Free:        0
HugePages_Rsvd:        0
HugePages_Surp:        0
Hugepagesize:       2048 kB
Hugetlb:               0 kB
DirectMap4k:       58368 kB
DirectMap2M:     5890048 kB
DirectMap1G:    10485760 kB

Current date and time: Thu May 25 10:34:23 UTC 2023
Current memory usage:
MemTotal:        7797868 kB
MemFree:         2465660 kB
MemAvailable:    5436852 kB
Buffers:           39648 kB
Cached:          3048216 kB
SwapCached:          740 kB
Active:           589444 kB
Inactive:        4145792 kB
Active(anon):      21560 kB
Inactive(anon):  1630764 kB
Active(file):     567884 kB
Inactive(file):  2515028 kB
Unevictable:           0 kB
Mlocked:               0 kB
SwapTotal:       2097152 kB
SwapFree:        2088388 kB
Dirty:                 0 kB
Writeback:             0 kB
AnonPages:       1520996 kB
Mapped:           355328 kB
Shmem:              5020 kB
KReclaimable:     187744 kB
Slab:             283516 kB
SReclaimable:     187744 kB
SUnreclaim:        95772 kB
KernelStack:       16912 kB
PageTables:        13448 kB
NFS_Unstable:          0 kB
Bounce:                0 kB
WritebackTmp:          0 kB
CommitLimit:     5996084 kB
Committed_AS:    5744668 kB
VmallocTotal:   34359738367 kB
VmallocUsed:       39008 kB
VmallocChunk:          0 kB
Percpu:             8512 kB
AnonHugePages:    884736 kB
ShmemHugePages:        0 kB
ShmemPmdMapped:        0 kB
FileHugePages:         0 kB
FilePmdMapped:         0 kB
HugePages_Total:       0
HugePages_Free:        0
HugePages_Rsvd:        0
HugePages_Surp:        0
Hugepagesize:       2048 kB
Hugetlb:               0 kB
DirectMap4k:       58368 kB
DirectMap2M:     5890048 kB
DirectMap1G:    10485760 kB

Current date and time: Thu May 25 10:35:22 UTC 2023
Current memory usage:
MemTotal:        7797868 kB
MemFree:         2462156 kB
MemAvailable:    5433388 kB
Buffers:           39688 kB
Cached:          3048220 kB
SwapCached:          740 kB
Active:           589740 kB
Inactive:        4145408 kB
Active(anon):      21564 kB
Inactive(anon):  1630632 kB
Active(file):     568176 kB
Inactive(file):  2514776 kB
Unevictable:           0 kB
Mlocked:               0 kB
SwapTotal:       2097152 kB
SwapFree:        2088388 kB
Dirty:                 0 kB
Writeback:             0 kB
AnonPages:       1520552 kB
Mapped:           355280 kB
Shmem:              5024 kB
KReclaimable:     187744 kB
Slab:             283520 kB
SReclaimable:     187744 kB
SUnreclaim:        95776 kB
KernelStack:       16912 kB
PageTables:        13456 kB
NFS_Unstable:          0 kB
Bounce:                0 kB
WritebackTmp:          0 kB
CommitLimit:     5996084 kB
Committed_AS:    5744672 kB
VmallocTotal:   34359738367 kB
VmallocUsed:       38960 kB
VmallocChunk:          0 kB
Percpu:             8512 kB
AnonHugePages:    884736 kB
ShmemHugePages:        0 kB
ShmemPmdMapped:        0 kB
FileHugePages:         0 kB
FilePmdMapped:         0 kB
HugePages_Total:       0
HugePages_Free:        0
HugePages_Rsvd:        0
HugePages_Surp:        0
Hugepagesize:       2048 kB
Hugetlb:               0 kB
DirectMap4k:       58368 kB
DirectMap2M:     5890048 kB
DirectMap1G:    10485760 kB

Current date and time: Thu May 25 10:36:22 UTC 2023
Current memory usage:
MemTotal:        7797868 kB
MemFree:         2462880 kB
MemAvailable:    5434120 kB
Buffers:           39696 kB
Cached:          3048224 kB
SwapCached:          740 kB
Active:           589840 kB
Inactive:        4144912 kB
Active(anon):      21568 kB
Inactive(anon):  1630224 kB
Active(file):     568272 kB
Inactive(file):  2514688 kB
Unevictable:           0 kB
Mlocked:               0 kB
SwapTotal:       2097152 kB
SwapFree:        2088388 kB
Dirty:                 0 kB
Writeback:             0 kB
AnonPages:       1520024 kB
Mapped:           355280 kB
Shmem:              5028 kB
KReclaimable:     187744 kB
Slab:             283500 kB
SReclaimable:     187744 kB
SUnreclaim:        95756 kB
KernelStack:       16912 kB
PageTables:        13456 kB
NFS_Unstable:          0 kB
Bounce:                0 kB
WritebackTmp:          0 kB
CommitLimit:     5996084 kB
Committed_AS:    5744676 kB
VmallocTotal:   34359738367 kB
VmallocUsed:       38944 kB
VmallocChunk:          0 kB
Percpu:             8512 kB
AnonHugePages:    884736 kB
ShmemHugePages:        0 kB
ShmemPmdMapped:        0 kB
FileHugePages:         0 kB
FilePmdMapped:         0 kB
HugePages_Total:       0
HugePages_Free:        0
HugePages_Rsvd:        0
HugePages_Surp:        0
Hugepagesize:       2048 kB
Hugetlb:               0 kB
DirectMap4k:       58368 kB
DirectMap2M:     5890048 kB
DirectMap1G:    10485760 kB

Current date and time: Thu May 25 10:37:21 UTC 2023
Current memory usage:
MemTotal:        7797868 kB
MemFree:         2457012 kB
MemAvailable:    5428260 kB
Buffers:           39704 kB
Cached:          3048228 kB
SwapCached:          740 kB
Active:           589892 kB
Inactive:        4145876 kB
Active(anon):      21572 kB
Inactive(anon):  1631228 kB
Active(file):     568320 kB
Inactive(file):  2514648 kB
Unevictable:           0 kB
Mlocked:               0 kB
SwapTotal:       2097152 kB
SwapFree:        2088388 kB
Dirty:                 0 kB
Writeback:             0 kB
AnonPages:       1520728 kB
Mapped:           355284 kB
Shmem:              5032 kB
KReclaimable:     187744 kB
Slab:             283500 kB
SReclaimable:     187744 kB
SUnreclaim:        95756 kB
KernelStack:       16964 kB
PageTables:        13464 kB
NFS_Unstable:          0 kB
Bounce:                0 kB
WritebackTmp:          0 kB
CommitLimit:     5996084 kB
Committed_AS:    5745764 kB
VmallocTotal:   34359738367 kB
VmallocUsed:       38992 kB
VmallocChunk:          0 kB
Percpu:             8512 kB
AnonHugePages:    884736 kB
ShmemHugePages:        0 kB
ShmemPmdMapped:        0 kB
FileHugePages:         0 kB
FilePmdMapped:         0 kB
HugePages_Total:       0
HugePages_Free:        0
HugePages_Rsvd:        0
HugePages_Surp:        0
Hugepagesize:       2048 kB
Hugetlb:               0 kB
DirectMap4k:       58368 kB
DirectMap2M:     5890048 kB
DirectMap1G:    10485760 kB

Current date and time: Thu May 25 10:38:22 UTC 2023
Current memory usage:
MemTotal:        7797868 kB
MemFree:         2460568 kB
MemAvailable:    5431824 kB
Buffers:           39712 kB
Cached:          3048232 kB
SwapCached:          740 kB
Active:           589952 kB
Inactive:        4144432 kB
Active(anon):      21576 kB
Inactive(anon):  1629832 kB
Active(file):     568376 kB
Inactive(file):  2514600 kB
Unevictable:           0 kB
Mlocked:               0 kB
SwapTotal:       2097152 kB
SwapFree:        2088388 kB
Dirty:                 0 kB
Writeback:             0 kB
AnonPages:       1519088 kB
Mapped:           355220 kB
Shmem:              5036 kB
KReclaimable:     187744 kB
Slab:             283492 kB
SReclaimable:     187744 kB
SUnreclaim:        95748 kB
KernelStack:       16944 kB
PageTables:        13548 kB
NFS_Unstable:          0 kB
Bounce:                0 kB
WritebackTmp:          0 kB
CommitLimit:     5996084 kB
Committed_AS:    5744684 kB
VmallocTotal:   34359738367 kB
VmallocUsed:       38912 kB
VmallocChunk:          0 kB
Percpu:             8512 kB
AnonHugePages:    884736 kB
ShmemHugePages:        0 kB
ShmemPmdMapped:        0 kB
FileHugePages:         0 kB
FilePmdMapped:         0 kB
HugePages_Total:       0
HugePages_Free:        0
HugePages_Rsvd:        0
HugePages_Surp:        0
Hugepagesize:       2048 kB
Hugetlb:               0 kB
DirectMap4k:       58368 kB
DirectMap2M:     5890048 kB
DirectMap1G:    10485760 kB

Current date and time: Thu May 25 10:39:22 UTC 2023
Current memory usage:
MemTotal:        7797868 kB
MemFree:         2458300 kB
MemAvailable:    5429564 kB
Buffers:           39720 kB
Cached:          3048236 kB
SwapCached:          740 kB
Active:           590008 kB
Inactive:        4146704 kB
Active(anon):      21580 kB
Inactive(anon):  1632148 kB
Active(file):     568428 kB
Inactive(file):  2514556 kB
Unevictable:           0 kB
Mlocked:               0 kB
SwapTotal:       2097152 kB
SwapFree:        2088388 kB
Dirty:                 0 kB
Writeback:             0 kB
AnonPages:       1521428 kB
Mapped:           355176 kB
Shmem:              5040 kB
KReclaimable:     187744 kB
Slab:             283488 kB
SReclaimable:     187744 kB
SUnreclaim:        95744 kB
KernelStack:       16996 kB
PageTables:        13688 kB
NFS_Unstable:          0 kB
Bounce:                0 kB
WritebackTmp:          0 kB
CommitLimit:     5996084 kB
Committed_AS:    5744688 kB
VmallocTotal:   34359738367 kB
VmallocUsed:       38944 kB
VmallocChunk:          0 kB
Percpu:             8512 kB
AnonHugePages:    886784 kB
ShmemHugePages:        0 kB
ShmemPmdMapped:        0 kB
FileHugePages:         0 kB
FilePmdMapped:         0 kB
HugePages_Total:       0
HugePages_Free:        0
HugePages_Rsvd:        0
HugePages_Surp:        0
Hugepagesize:       2048 kB
Hugetlb:               0 kB
DirectMap4k:       58368 kB
DirectMap2M:     5890048 kB
DirectMap1G:    10485760 kB

Current date and time: Thu May 25 10:40:22 UTC 2023
Current memory usage:
MemTotal:        7797868 kB
MemFree:         2459484 kB
MemAvailable:    5430768 kB
Buffers:           39736 kB
Cached:          3048244 kB
SwapCached:          740 kB
Active:           590052 kB
Inactive:        4146472 kB
Active(anon):      21584 kB
Inactive(anon):  1631936 kB
Active(file):     568468 kB
Inactive(file):  2514536 kB
Unevictable:           0 kB
Mlocked:               0 kB
SwapTotal:       2097152 kB
SwapFree:        2088388 kB
Dirty:                 0 kB
Writeback:             0 kB
AnonPages:       1520864 kB
Mapped:           355280 kB
Shmem:              5044 kB
KReclaimable:     187744 kB
Slab:             283504 kB
SReclaimable:     187744 kB
SUnreclaim:        95760 kB
KernelStack:       16912 kB
PageTables:        13452 kB
NFS_Unstable:          0 kB
Bounce:                0 kB
WritebackTmp:          0 kB
CommitLimit:     5996084 kB
Committed_AS:    5744692 kB
VmallocTotal:   34359738367 kB
VmallocUsed:       38992 kB
VmallocChunk:          0 kB
Percpu:             8512 kB
AnonHugePages:    886784 kB
ShmemHugePages:        0 kB
ShmemPmdMapped:        0 kB
FileHugePages:         0 kB
FilePmdMapped:         0 kB
HugePages_Total:       0
HugePages_Free:        0
HugePages_Rsvd:        0
HugePages_Surp:        0
Hugepagesize:       2048 kB
Hugetlb:               0 kB
DirectMap4k:       58368 kB
DirectMap2M:     5890048 kB
DirectMap1G:    10485760 kB

Current date and time: Thu May 25 10:41:22 UTC 2023
Current memory usage:
MemTotal:        7797868 kB
MemFree:         2457588 kB
MemAvailable:    5428880 kB
Buffers:           39744 kB
Cached:          3048248 kB
SwapCached:          740 kB
Active:           590072 kB
Inactive:        4146552 kB
Active(anon):      21588 kB
Inactive(anon):  1632024 kB
Active(file):     568484 kB
Inactive(file):  2514528 kB
Unevictable:           0 kB
Mlocked:               0 kB
SwapTotal:       2097152 kB
SwapFree:        2088388 kB
Dirty:                 0 kB
Writeback:             0 kB
AnonPages:       1520804 kB
Mapped:           355256 kB
Shmem:              5048 kB
KReclaimable:     187744 kB
Slab:             283500 kB
SReclaimable:     187744 kB
SUnreclaim:        95756 kB
KernelStack:       16912 kB
PageTables:        13460 kB
NFS_Unstable:          0 kB
Bounce:                0 kB
WritebackTmp:          0 kB
CommitLimit:     5996084 kB
Committed_AS:    5744696 kB
VmallocTotal:   34359738367 kB
VmallocUsed:       38960 kB
VmallocChunk:          0 kB
Percpu:             8512 kB
AnonHugePages:    886784 kB
ShmemHugePages:        0 kB
ShmemPmdMapped:        0 kB
FileHugePages:         0 kB
FilePmdMapped:         0 kB
HugePages_Total:       0
HugePages_Free:        0
HugePages_Rsvd:        0
HugePages_Surp:        0
Hugepagesize:       2048 kB
Hugetlb:               0 kB
DirectMap4k:       58368 kB
DirectMap2M:     5890048 kB
DirectMap1G:    10485760 kB

Current date and time: Thu May 25 10:42:23 UTC 2023
Current memory usage:
MemTotal:        7797868 kB
MemFree:         2459644 kB
MemAvailable:    5430948 kB
Buffers:           39752 kB
Cached:          3048256 kB
SwapCached:          740 kB
Active:           590100 kB
Inactive:        4146612 kB
Active(anon):      21592 kB
Inactive(anon):  1632096 kB
Active(file):     568508 kB
Inactive(file):  2514516 kB
Unevictable:           0 kB
Mlocked:               0 kB
SwapTotal:       2097152 kB
SwapFree:        2088388 kB
Dirty:                 0 kB
Writeback:             0 kB
AnonPages:       1520836 kB
Mapped:           355188 kB
Shmem:              5052 kB
KReclaimable:     187744 kB
Slab:             283504 kB
SReclaimable:     187744 kB
SUnreclaim:        95760 kB
KernelStack:       16944 kB
PageTables:        13592 kB
NFS_Unstable:          0 kB
Bounce:                0 kB
WritebackTmp:          0 kB
CommitLimit:     5996084 kB
Committed_AS:    5744700 kB
VmallocTotal:   34359738367 kB
VmallocUsed:       38960 kB
VmallocChunk:          0 kB
Percpu:             8512 kB
AnonHugePages:    886784 kB
ShmemHugePages:        0 kB
ShmemPmdMapped:        0 kB
FileHugePages:         0 kB
FilePmdMapped:         0 kB
HugePages_Total:       0
HugePages_Free:        0
HugePages_Rsvd:        0
HugePages_Surp:        0
Hugepagesize:       2048 kB
Hugetlb:               0 kB
DirectMap4k:       58368 kB
DirectMap2M:     5890048 kB
DirectMap1G:    10485760 kB

Current date and time: Thu May 25 10:43:26 UTC 2023
Current memory usage:
MemTotal:        7797868 kB
MemFree:         2450944 kB
MemAvailable:    5422256 kB
Buffers:           39760 kB
Cached:          3048260 kB
SwapCached:          740 kB
Active:           590116 kB
Inactive:        4151928 kB
Active(anon):      21596 kB
Inactive(anon):  1637416 kB
Active(file):     568520 kB
Inactive(file):  2514512 kB
Unevictable:           0 kB
Mlocked:               0 kB
SwapTotal:       2097152 kB
SwapFree:        2088388 kB
Dirty:                 0 kB
Writeback:             0 kB
AnonPages:       1526128 kB
Mapped:           355224 kB
Shmem:              5056 kB
KReclaimable:     187744 kB
Slab:             283504 kB
SReclaimable:     187744 kB
SUnreclaim:        95760 kB
KernelStack:       16912 kB
PageTables:        13456 kB
NFS_Unstable:          0 kB
Bounce:                0 kB
WritebackTmp:          0 kB
CommitLimit:     5996084 kB
Committed_AS:    5744704 kB
VmallocTotal:   34359738367 kB
VmallocUsed:       38960 kB
VmallocChunk:          0 kB
Percpu:             8512 kB
AnonHugePages:    892928 kB
ShmemHugePages:        0 kB
ShmemPmdMapped:        0 kB
FileHugePages:         0 kB
FilePmdMapped:         0 kB
HugePages_Total:       0
HugePages_Free:        0
HugePages_Rsvd:        0
HugePages_Surp:        0
Hugepagesize:       2048 kB
Hugetlb:               0 kB
DirectMap4k:       58368 kB
DirectMap2M:     5890048 kB
DirectMap1G:    10485760 kB

Current date and time: Thu May 25 10:44:23 UTC 2023
Current memory usage:
MemTotal:        7797868 kB
MemFree:         2442132 kB
MemAvailable:    5413436 kB
Buffers:           39768 kB
Cached:          3048264 kB
SwapCached:          740 kB
Active:           590152 kB
Inactive:        4165044 kB
Active(anon):      21600 kB
Inactive(anon):  1650556 kB
Active(file):     568552 kB
Inactive(file):  2514488 kB
Unevictable:           0 kB
Mlocked:               0 kB
SwapTotal:       2097152 kB
SwapFree:        2088388 kB
Dirty:                 0 kB
Writeback:             0 kB
AnonPages:       1539180 kB
Mapped:           355240 kB
Shmem:              5060 kB
KReclaimable:     187728 kB
Slab:             283480 kB
SReclaimable:     187728 kB
SUnreclaim:        95752 kB
KernelStack:       16912 kB
PageTables:        13452 kB
NFS_Unstable:          0 kB
Bounce:                0 kB
WritebackTmp:          0 kB
CommitLimit:     5996084 kB
Committed_AS:    5744708 kB
VmallocTotal:   34359738367 kB
VmallocUsed:       38944 kB
VmallocChunk:          0 kB
Percpu:             8512 kB
AnonHugePages:    907264 kB
ShmemHugePages:        0 kB
ShmemPmdMapped:        0 kB
FileHugePages:         0 kB
FilePmdMapped:         0 kB
HugePages_Total:       0
HugePages_Free:        0
HugePages_Rsvd:        0
HugePages_Surp:        0
Hugepagesize:       2048 kB
Hugetlb:               0 kB
DirectMap4k:       58368 kB
DirectMap2M:     5890048 kB
DirectMap1G:    10485760 kB

Current date and time: Thu May 25 10:45:22 UTC 2023
Current memory usage:
MemTotal:        7797868 kB
MemFree:         2431052 kB
MemAvailable:    5402380 kB
Buffers:           39776 kB
Cached:          3048268 kB
SwapCached:          740 kB
Active:           590164 kB
Inactive:        4181572 kB
Active(anon):      21604 kB
Inactive(anon):  1667084 kB
Active(file):     568560 kB
Inactive(file):  2514488 kB
Unevictable:           0 kB
Mlocked:               0 kB
SwapTotal:       2097152 kB
SwapFree:        2088388 kB
Dirty:                 0 kB
Writeback:             0 kB
AnonPages:       1555644 kB
Mapped:           355208 kB
Shmem:              5064 kB
KReclaimable:     187744 kB
Slab:             283500 kB
SReclaimable:     187744 kB
SUnreclaim:        95756 kB
KernelStack:       16912 kB
PageTables:        13456 kB
NFS_Unstable:          0 kB
Bounce:                0 kB
WritebackTmp:          0 kB
CommitLimit:     5996084 kB
Committed_AS:    5744712 kB
VmallocTotal:   34359738367 kB
VmallocUsed:       38928 kB
VmallocChunk:          0 kB
Percpu:             8512 kB
AnonHugePages:    925696 kB
ShmemHugePages:        0 kB
ShmemPmdMapped:        0 kB
FileHugePages:         0 kB
FilePmdMapped:         0 kB
HugePages_Total:       0
HugePages_Free:        0
HugePages_Rsvd:        0
HugePages_Surp:        0
Hugepagesize:       2048 kB
Hugetlb:               0 kB
DirectMap4k:       58368 kB
DirectMap2M:     5890048 kB
DirectMap1G:    10485760 kB

Current date and time: Thu May 25 10:46:25 UTC 2023
Current memory usage:
MemTotal:        7797868 kB
MemFree:         2432396 kB
MemAvailable:    5403748 kB
Buffers:           39784 kB
Cached:          3048272 kB
SwapCached:          740 kB
Active:           590192 kB
Inactive:        4169112 kB
Active(anon):      21608 kB
Inactive(anon):  1654640 kB
Active(file):     568584 kB
Inactive(file):  2514472 kB
Unevictable:           0 kB
Mlocked:               0 kB
SwapTotal:       2097152 kB
SwapFree:        2088388 kB
Dirty:                 0 kB
Writeback:             0 kB
AnonPages:       1555652 kB
Mapped:           355204 kB
Shmem:              5068 kB
KReclaimable:     187760 kB
Slab:             283532 kB
SReclaimable:     187760 kB
SUnreclaim:        95772 kB
KernelStack:       16948 kB
PageTables:        13328 kB
NFS_Unstable:          0 kB
Bounce:                0 kB
WritebackTmp:          0 kB
CommitLimit:     5996084 kB
Committed_AS:    5744716 kB
VmallocTotal:   34359738367 kB
VmallocUsed:       38928 kB
VmallocChunk:          0 kB
Percpu:             8512 kB
AnonHugePages:    983040 kB
ShmemHugePages:        0 kB
ShmemPmdMapped:        0 kB
FileHugePages:         0 kB
FilePmdMapped:         0 kB
HugePages_Total:       0
HugePages_Free:        0
HugePages_Rsvd:        0
HugePages_Surp:        0
Hugepagesize:       2048 kB
Hugetlb:               0 kB
DirectMap4k:       58368 kB
DirectMap2M:     5890048 kB
DirectMap1G:    10485760 kB

Current date and time: Thu May 25 10:47:22 UTC 2023
Current memory usage:
MemTotal:        7797868 kB
MemFree:         2435092 kB
MemAvailable:    5406464 kB
Buffers:           39800 kB
Cached:          3048280 kB
SwapCached:          740 kB
Active:           590212 kB
Inactive:        4168856 kB
Active(anon):      21612 kB
Inactive(anon):  1654380 kB
Active(file):     568600 kB
Inactive(file):  2514476 kB
Unevictable:           0 kB
Mlocked:               0 kB
SwapTotal:       2097152 kB
SwapFree:        2088388 kB
Dirty:                 0 kB
Writeback:             0 kB
AnonPages:       1555452 kB
Mapped:           355256 kB
Shmem:              5072 kB
KReclaimable:     187760 kB
Slab:             283536 kB
SReclaimable:     187760 kB
SUnreclaim:        95776 kB
KernelStack:       16944 kB
PageTables:        13452 kB
NFS_Unstable:          0 kB
Bounce:                0 kB
WritebackTmp:          0 kB
CommitLimit:     5996084 kB
Committed_AS:    5744720 kB
VmallocTotal:   34359738367 kB
VmallocUsed:       38912 kB
VmallocChunk:          0 kB
Percpu:             8512 kB
AnonHugePages:    987136 kB
ShmemHugePages:        0 kB
ShmemPmdMapped:        0 kB
FileHugePages:         0 kB
FilePmdMapped:         0 kB
HugePages_Total:       0
HugePages_Free:        0
HugePages_Rsvd:        0
HugePages_Surp:        0
Hugepagesize:       2048 kB
Hugetlb:               0 kB
DirectMap4k:       58368 kB
DirectMap2M:     5890048 kB
DirectMap1G:    10485760 kB

Current date and time: Thu May 25 10:48:22 UTC 2023
Current memory usage:
MemTotal:        7797868 kB
MemFree:         2432940 kB
MemAvailable:    5404320 kB
Buffers:           39808 kB
Cached:          3048284 kB
SwapCached:          740 kB
Active:           590224 kB
Inactive:        4170912 kB
Active(anon):      21616 kB
Inactive(anon):  1656436 kB
Active(file):     568608 kB
Inactive(file):  2514476 kB
Unevictable:           0 kB
Mlocked:               0 kB
SwapTotal:       2097152 kB
SwapFree:        2088388 kB
Dirty:                 0 kB
Writeback:             0 kB
AnonPages:       1557616 kB
Mapped:           355244 kB
Shmem:              5076 kB
KReclaimable:     187760 kB
Slab:             283512 kB
SReclaimable:     187760 kB
SUnreclaim:        95752 kB
KernelStack:       16944 kB
PageTables:        13456 kB
NFS_Unstable:          0 kB
Bounce:                0 kB
WritebackTmp:          0 kB
CommitLimit:     5996084 kB
Committed_AS:    5744724 kB
VmallocTotal:   34359738367 kB
VmallocUsed:       38960 kB
VmallocChunk:          0 kB
Percpu:             8512 kB
AnonHugePages:    993280 kB
ShmemHugePages:        0 kB
ShmemPmdMapped:        0 kB
FileHugePages:         0 kB
FilePmdMapped:         0 kB
HugePages_Total:       0
HugePages_Free:        0
HugePages_Rsvd:        0
HugePages_Surp:        0
Hugepagesize:       2048 kB
Hugetlb:               0 kB
DirectMap4k:       58368 kB
DirectMap2M:     5890048 kB
DirectMap1G:    10485760 kB

Current date and time: Thu May 25 10:49:22 UTC 2023
Current memory usage:
MemTotal:        7797868 kB
MemFree:         2430524 kB
MemAvailable:    5401912 kB
Buffers:           39816 kB
Cached:          3048288 kB
SwapCached:          740 kB
Active:           590236 kB
Inactive:        4171048 kB
Active(anon):      21620 kB
Inactive(anon):  1656572 kB
Active(file):     568616 kB
Inactive(file):  2514476 kB
Unevictable:           0 kB
Mlocked:               0 kB
SwapTotal:       2097152 kB
SwapFree:        2088388 kB
Dirty:                 0 kB
Writeback:             0 kB
AnonPages:       1557448 kB
Mapped:           355204 kB
Shmem:              5080 kB
KReclaimable:     187760 kB
Slab:             283444 kB
SReclaimable:     187760 kB
SUnreclaim:        95684 kB
KernelStack:       16928 kB
PageTables:        13708 kB
NFS_Unstable:          0 kB
Bounce:                0 kB
WritebackTmp:          0 kB
CommitLimit:     5996084 kB
Committed_AS:    5744728 kB
VmallocTotal:   34359738367 kB
VmallocUsed:       38928 kB
VmallocChunk:          0 kB
Percpu:             8512 kB
AnonHugePages:    993280 kB
ShmemHugePages:        0 kB
ShmemPmdMapped:        0 kB
FileHugePages:         0 kB
FilePmdMapped:         0 kB
HugePages_Total:       0
HugePages_Free:        0
HugePages_Rsvd:        0
HugePages_Surp:        0
Hugepagesize:       2048 kB
Hugetlb:               0 kB
DirectMap4k:       58368 kB
DirectMap2M:     5890048 kB
DirectMap1G:    10485760 kB

Current date and time: Thu May 25 10:50:23 UTC 2023
Current memory usage:
MemTotal:        7797868 kB
MemFree:         2421200 kB
MemAvailable:    5392596 kB
Buffers:           39824 kB
Cached:          3048292 kB
SwapCached:          740 kB
Active:           590248 kB
Inactive:        4181132 kB
Active(anon):      21624 kB
Inactive(anon):  1666656 kB
Active(file):     568624 kB
Inactive(file):  2514476 kB
Unevictable:           0 kB
Mlocked:               0 kB
SwapTotal:       2097152 kB
SwapFree:        2088388 kB
Dirty:                 0 kB
Writeback:             0 kB
AnonPages:       1567312 kB
Mapped:           355244 kB
Shmem:              5084 kB
KReclaimable:     187760 kB
Slab:             283544 kB
SReclaimable:     187760 kB
SUnreclaim:        95784 kB
KernelStack:       16944 kB
PageTables:        13452 kB
NFS_Unstable:          0 kB
Bounce:                0 kB
WritebackTmp:          0 kB
CommitLimit:     5996084 kB
Committed_AS:    5744732 kB
VmallocTotal:   34359738367 kB
VmallocUsed:       38992 kB
VmallocChunk:          0 kB
Percpu:             8512 kB
AnonHugePages:   1036288 kB
ShmemHugePages:        0 kB
ShmemPmdMapped:        0 kB
FileHugePages:         0 kB
FilePmdMapped:         0 kB
HugePages_Total:       0
HugePages_Free:        0
HugePages_Rsvd:        0
HugePages_Surp:        0
Hugepagesize:       2048 kB
Hugetlb:               0 kB
DirectMap4k:       58368 kB
DirectMap2M:     5890048 kB
DirectMap1G:    10485760 kB

Current date and time: Thu May 25 10:51:22 UTC 2023
Current memory usage:
MemTotal:        7797868 kB
MemFree:         2409340 kB
MemAvailable:    5380744 kB
Buffers:           39832 kB
Cached:          3048296 kB
SwapCached:          740 kB
Active:           590260 kB
Inactive:        4189216 kB
Active(anon):      21628 kB
Inactive(anon):  1674740 kB
Active(file):     568632 kB
Inactive(file):  2514476 kB
Unevictable:           0 kB
Mlocked:               0 kB
SwapTotal:       2097152 kB
SwapFree:        2088388 kB
Dirty:                 0 kB
Writeback:             0 kB
AnonPages:       1575516 kB
Mapped:           355180 kB
Shmem:              5088 kB
KReclaimable:     187760 kB
Slab:             283508 kB
SReclaimable:     187760 kB
SUnreclaim:        95748 kB
KernelStack:       16944 kB
PageTables:        13456 kB
NFS_Unstable:          0 kB
Bounce:                0 kB
WritebackTmp:          0 kB
CommitLimit:     5996084 kB
Committed_AS:    5744736 kB
VmallocTotal:   34359738367 kB
VmallocUsed:       39008 kB
VmallocChunk:          0 kB
Percpu:             8512 kB
AnonHugePages:   1069056 kB
ShmemHugePages:        0 kB
ShmemPmdMapped:        0 kB
FileHugePages:         0 kB
FilePmdMapped:         0 kB
HugePages_Total:       0
HugePages_Free:        0
HugePages_Rsvd:        0
HugePages_Surp:        0
Hugepagesize:       2048 kB
Hugetlb:               0 kB
DirectMap4k:       58368 kB
DirectMap2M:     5890048 kB
DirectMap1G:    10485760 kB

Current date and time: Thu May 25 10:52:23 UTC 2023
Current memory usage:
MemTotal:        7797868 kB
MemFree:         2412956 kB
MemAvailable:    5384368 kB
Buffers:           39840 kB
Cached:          3048300 kB
SwapCached:          740 kB
Active:           590296 kB
Inactive:        4189532 kB
Active(anon):      21632 kB
Inactive(anon):  1675080 kB
Active(file):     568664 kB
Inactive(file):  2514452 kB
Unevictable:           0 kB
Mlocked:               0 kB
SwapTotal:       2097152 kB
SwapFree:        2088388 kB
Dirty:                 0 kB
Writeback:             0 kB
AnonPages:       1575760 kB
Mapped:           355244 kB
Shmem:              5092 kB
KReclaimable:     187760 kB
Slab:             283528 kB
SReclaimable:     187760 kB
SUnreclaim:        95768 kB
KernelStack:       16944 kB
PageTables:        13456 kB
NFS_Unstable:          0 kB
Bounce:                0 kB
WritebackTmp:          0 kB
CommitLimit:     5996084 kB
Committed_AS:    5744740 kB
VmallocTotal:   34359738367 kB
VmallocUsed:       38992 kB
VmallocChunk:          0 kB
Percpu:             8512 kB
AnonHugePages:   1105920 kB
ShmemHugePages:        0 kB
ShmemPmdMapped:        0 kB
FileHugePages:         0 kB
FilePmdMapped:         0 kB
HugePages_Total:       0
HugePages_Free:        0
HugePages_Rsvd:        0
HugePages_Surp:        0
Hugepagesize:       2048 kB
Hugetlb:               0 kB
DirectMap4k:       58368 kB
DirectMap2M:     5890048 kB
DirectMap1G:    10485760 kB

Current date and time: Thu May 25 10:53:23 UTC 2023
Current memory usage:
MemTotal:        7797868 kB
MemFree:         2418748 kB
MemAvailable:    5390168 kB
Buffers:           39848 kB
Cached:          3048304 kB
SwapCached:          740 kB
Active:           590308 kB
Inactive:        4182284 kB
Active(anon):      21636 kB
Inactive(anon):  1667832 kB
Active(file):     568672 kB
Inactive(file):  2514452 kB
Unevictable:           0 kB
Mlocked:               0 kB
SwapTotal:       2097152 kB
SwapFree:        2088388 kB
Dirty:                 0 kB
Writeback:             0 kB
AnonPages:       1575640 kB
Mapped:           355292 kB
Shmem:              5096 kB
KReclaimable:     187760 kB
Slab:             283532 kB
SReclaimable:     187760 kB
SUnreclaim:        95772 kB
KernelStack:       16944 kB
PageTables:        13452 kB
NFS_Unstable:          0 kB
Bounce:                0 kB
WritebackTmp:          0 kB
CommitLimit:     5996084 kB
Committed_AS:    5744744 kB
VmallocTotal:   34359738367 kB
VmallocUsed:       38944 kB
VmallocChunk:          0 kB
Percpu:             8512 kB
AnonHugePages:   1136640 kB
ShmemHugePages:        0 kB
ShmemPmdMapped:        0 kB
FileHugePages:         0 kB
FilePmdMapped:         0 kB
HugePages_Total:       0
HugePages_Free:        0
HugePages_Rsvd:        0
HugePages_Surp:        0
Hugepagesize:       2048 kB
Hugetlb:               0 kB
DirectMap4k:       58368 kB
DirectMap2M:     5890048 kB
DirectMap1G:    10485760 kB

Current date and time: Thu May 25 10:54:23 UTC 2023
Current memory usage:
MemTotal:        7797868 kB
MemFree:         2423532 kB
MemAvailable:    5395092 kB
Buffers:           39856 kB
Cached:          3048440 kB
SwapCached:          740 kB
Active:           590016 kB
Inactive:        4181064 kB
Active(anon):      21336 kB
Inactive(anon):  1666480 kB
Active(file):     568680 kB
Inactive(file):  2514584 kB
Unevictable:           0 kB
Mlocked:               0 kB
SwapTotal:       2097152 kB
SwapFree:        2088388 kB
Dirty:                 0 kB
Writeback:             0 kB
AnonPages:       1575720 kB
Mapped:           355248 kB
Shmem:              5100 kB
KReclaimable:     187760 kB
Slab:             283524 kB
SReclaimable:     187760 kB
SUnreclaim:        95764 kB
KernelStack:       16944 kB
PageTables:        13452 kB
NFS_Unstable:          0 kB
Bounce:                0 kB
WritebackTmp:          0 kB
CommitLimit:     5996084 kB
Committed_AS:    5744748 kB
VmallocTotal:   34359738367 kB
VmallocUsed:       39008 kB
VmallocChunk:          0 kB
Percpu:             8512 kB
AnonHugePages:   1138688 kB
ShmemHugePages:        0 kB
ShmemPmdMapped:        0 kB
FileHugePages:         0 kB
FilePmdMapped:         0 kB
HugePages_Total:       0
HugePages_Free:        0
HugePages_Rsvd:        0
HugePages_Surp:        0
Hugepagesize:       2048 kB
Hugetlb:               0 kB
DirectMap4k:       58368 kB
DirectMap2M:     5890048 kB
DirectMap1G:    10485760 kB

Current date and time: Thu May 25 10:55:22 UTC 2023
Current memory usage:
MemTotal:        7797868 kB
MemFree:         2416564 kB
MemAvailable:    5388576 kB
Buffers:           39872 kB
Cached:          3048880 kB
SwapCached:          740 kB
Active:           590308 kB
Inactive:        4181172 kB
Active(anon):      21340 kB
Inactive(anon):  1666424 kB
Active(file):     568968 kB
Inactive(file):  2514748 kB
Unevictable:           0 kB
Mlocked:               0 kB
SwapTotal:       2097152 kB
SwapFree:        2088388 kB
Dirty:                 0 kB
Writeback:             0 kB
AnonPages:       1575680 kB
Mapped:           355388 kB
Shmem:              5104 kB
KReclaimable:     187760 kB
Slab:             283524 kB
SReclaimable:     187760 kB
SUnreclaim:        95764 kB
KernelStack:       16944 kB
PageTables:        13452 kB
NFS_Unstable:          0 kB
Bounce:                0 kB
WritebackTmp:          0 kB
CommitLimit:     5996084 kB
Committed_AS:    5744752 kB
VmallocTotal:   34359738367 kB
VmallocUsed:       38992 kB
VmallocChunk:          0 kB
Percpu:             8512 kB
AnonHugePages:   1138688 kB
ShmemHugePages:        0 kB
ShmemPmdMapped:        0 kB
FileHugePages:         0 kB
FilePmdMapped:         0 kB
HugePages_Total:       0
HugePages_Free:        0
HugePages_Rsvd:        0
HugePages_Surp:        0
Hugepagesize:       2048 kB
Hugetlb:               0 kB
DirectMap4k:       58368 kB
DirectMap2M:     5890048 kB
DirectMap1G:    10485760 kB

Current date and time: Thu May 25 10:56:24 UTC 2023
Current memory usage:
MemTotal:        7797868 kB
MemFree:         2413620 kB
MemAvailable:    5385640 kB
Buffers:           39880 kB
Cached:          3048884 kB
SwapCached:          740 kB
Active:           590324 kB
Inactive:        4181304 kB
Active(anon):      21344 kB
Inactive(anon):  1666560 kB
Active(file):     568980 kB
Inactive(file):  2514744 kB
Unevictable:           0 kB
Mlocked:               0 kB
SwapTotal:       2097152 kB
SwapFree:        2088388 kB
Dirty:                 0 kB
Writeback:             0 kB
AnonPages:       1575708 kB
Mapped:           355432 kB
Shmem:              5108 kB
KReclaimable:     187760 kB
Slab:             283508 kB
SReclaimable:     187760 kB
SUnreclaim:        95748 kB
KernelStack:       16928 kB
PageTables:        13448 kB
NFS_Unstable:          0 kB
Bounce:                0 kB
WritebackTmp:          0 kB
CommitLimit:     5996084 kB
Committed_AS:    5744756 kB
VmallocTotal:   34359738367 kB
VmallocUsed:       38976 kB
VmallocChunk:          0 kB
Percpu:             8512 kB
AnonHugePages:   1138688 kB
ShmemHugePages:        0 kB
ShmemPmdMapped:        0 kB
FileHugePages:         0 kB
FilePmdMapped:         0 kB
HugePages_Total:       0
HugePages_Free:        0
HugePages_Rsvd:        0
HugePages_Surp:        0
Hugepagesize:       2048 kB
Hugetlb:               0 kB
DirectMap4k:       58368 kB
DirectMap2M:     5890048 kB
DirectMap1G:    10485760 kB

Current date and time: Thu May 25 10:57:22 UTC 2023
Current memory usage:
MemTotal:        7797868 kB
MemFree:         2415792 kB
MemAvailable:    5387820 kB
Buffers:           39888 kB
Cached:          3048888 kB
SwapCached:          740 kB
Active:           590340 kB
Inactive:        4181448 kB
Active(anon):      21348 kB
Inactive(anon):  1666708 kB
Active(file):     568992 kB
Inactive(file):  2514740 kB
Unevictable:           0 kB
Mlocked:               0 kB
SwapTotal:       2097152 kB
SwapFree:        2088388 kB
Dirty:                 0 kB
Writeback:             0 kB
AnonPages:       1575800 kB
Mapped:           355456 kB
Shmem:              5112 kB
KReclaimable:     187760 kB
Slab:             283520 kB
SReclaimable:     187760 kB
SUnreclaim:        95760 kB
KernelStack:       16928 kB
PageTables:        13448 kB
NFS_Unstable:          0 kB
Bounce:                0 kB
WritebackTmp:          0 kB
CommitLimit:     5996084 kB
Committed_AS:    5744760 kB
VmallocTotal:   34359738367 kB
VmallocUsed:       38944 kB
VmallocChunk:          0 kB
Percpu:             8512 kB
AnonHugePages:   1138688 kB
ShmemHugePages:        0 kB
ShmemPmdMapped:        0 kB
FileHugePages:         0 kB
FilePmdMapped:         0 kB
HugePages_Total:       0
HugePages_Free:        0
HugePages_Rsvd:        0
HugePages_Surp:        0
Hugepagesize:       2048 kB
Hugetlb:               0 kB
DirectMap4k:       58368 kB
DirectMap2M:     5890048 kB
DirectMap1G:    10485760 kB

Current date and time: Thu May 25 10:58:20 UTC 2023
Current memory usage:
MemTotal:        7797868 kB
MemFree:         2419888 kB
MemAvailable:    5391924 kB
Buffers:           39896 kB
Cached:          3048892 kB
SwapCached:          740 kB
Active:           590348 kB
Inactive:        4181272 kB
Active(anon):      21348 kB
Inactive(anon):  1666532 kB
Active(file):     569000 kB
Inactive(file):  2514740 kB
Unevictable:           0 kB
Mlocked:               0 kB
SwapTotal:       2097152 kB
SwapFree:        2088388 kB
Dirty:                 0 kB
Writeback:             0 kB
AnonPages:       1575636 kB
Mapped:           355380 kB
Shmem:              5116 kB
KReclaimable:     187760 kB
Slab:             283500 kB
SReclaimable:     187760 kB
SUnreclaim:        95740 kB
KernelStack:       16928 kB
PageTables:        13440 kB
NFS_Unstable:          0 kB
Bounce:                0 kB
WritebackTmp:          0 kB
CommitLimit:     5996084 kB
Committed_AS:    5744764 kB
VmallocTotal:   34359738367 kB
VmallocUsed:       38944 kB
VmallocChunk:          0 kB
Percpu:             8512 kB
AnonHugePages:   1138688 kB
ShmemHugePages:        0 kB
ShmemPmdMapped:        0 kB
FileHugePages:         0 kB
FilePmdMapped:         0 kB
HugePages_Total:       0
HugePages_Free:        0
HugePages_Rsvd:        0
HugePages_Surp:        0
Hugepagesize:       2048 kB
Hugetlb:               0 kB
DirectMap4k:       58368 kB
DirectMap2M:     5890048 kB
DirectMap1G:    10485760 kB

Current date and time: Thu May 25 10:59:22 UTC 2023
Current memory usage:
MemTotal:        7797868 kB
MemFree:         2417324 kB
MemAvailable:    5389368 kB
Buffers:           39904 kB
Cached:          3048896 kB
SwapCached:          740 kB
Active:           590364 kB
Inactive:        4181220 kB
Active(anon):      21356 kB
Inactive(anon):  1666480 kB
Active(file):     569008 kB
Inactive(file):  2514740 kB
Unevictable:           0 kB
Mlocked:               0 kB
SwapTotal:       2097152 kB
SwapFree:        2088388 kB
Dirty:                 0 kB
Writeback:             0 kB
AnonPages:       1575624 kB
Mapped:           355372 kB
Shmem:              5120 kB
KReclaimable:     187760 kB
Slab:             283472 kB
SReclaimable:     187760 kB
SUnreclaim:        95712 kB
KernelStack:       16928 kB
PageTables:        13348 kB
NFS_Unstable:          0 kB
Bounce:                0 kB
WritebackTmp:          0 kB
CommitLimit:     5996084 kB
Committed_AS:    5744768 kB
VmallocTotal:   34359738367 kB
VmallocUsed:       38928 kB
VmallocChunk:          0 kB
Percpu:             8512 kB
AnonHugePages:   1138688 kB
ShmemHugePages:        0 kB
ShmemPmdMapped:        0 kB
FileHugePages:         0 kB
FilePmdMapped:         0 kB
HugePages_Total:       0
HugePages_Free:        0
HugePages_Rsvd:        0
HugePages_Surp:        0
Hugepagesize:       2048 kB
Hugetlb:               0 kB
DirectMap4k:       58368 kB
DirectMap2M:     5890048 kB
DirectMap1G:    10485760 kB

Current date and time: Thu May 25 11:00:22 UTC 2023
Current memory usage:
MemTotal:        7797868 kB
MemFree:         2414256 kB
MemAvailable:    5386308 kB
Buffers:           39912 kB
Cached:          3048900 kB
SwapCached:          740 kB
Active:           590376 kB
Inactive:        4181136 kB
Active(anon):      21360 kB
Inactive(anon):  1666396 kB
Active(file):     569016 kB
Inactive(file):  2514740 kB
Unevictable:           0 kB
Mlocked:               0 kB
SwapTotal:       2097152 kB
SwapFree:        2088388 kB
Dirty:                 0 kB
Writeback:             0 kB
AnonPages:       1575304 kB
Mapped:           355416 kB
Shmem:              5124 kB
KReclaimable:     187760 kB
Slab:             283524 kB
SReclaimable:     187760 kB
SUnreclaim:        95764 kB
KernelStack:       16928 kB
PageTables:        13456 kB
NFS_Unstable:          0 kB
Bounce:                0 kB
WritebackTmp:          0 kB
CommitLimit:     5996084 kB
Committed_AS:    5744772 kB
VmallocTotal:   34359738367 kB
VmallocUsed:       38960 kB
VmallocChunk:          0 kB
Percpu:             8512 kB
AnonHugePages:   1138688 kB
ShmemHugePages:        0 kB
ShmemPmdMapped:        0 kB
FileHugePages:         0 kB
FilePmdMapped:         0 kB
HugePages_Total:       0
HugePages_Free:        0
HugePages_Rsvd:        0
HugePages_Surp:        0
Hugepagesize:       2048 kB
Hugetlb:               0 kB
DirectMap4k:       58368 kB
DirectMap2M:     5890048 kB
DirectMap1G:    10485760 kB

Current date and time: Thu May 25 11:01:22 UTC 2023
Current memory usage:
MemTotal:        7797868 kB
MemFree:         2423688 kB
MemAvailable:    5395748 kB
Buffers:           39920 kB
Cached:          3048904 kB
SwapCached:          740 kB
Active:           590432 kB
Inactive:        4181332 kB
Active(anon):      21360 kB
Inactive(anon):  1666640 kB
Active(file):     569072 kB
Inactive(file):  2514692 kB
Unevictable:           0 kB
Mlocked:               0 kB
SwapTotal:       2097152 kB
SwapFree:        2088388 kB
Dirty:                 0 kB
Writeback:             0 kB
AnonPages:       1575444 kB
Mapped:           355408 kB
Shmem:              5128 kB
KReclaimable:     187760 kB
Slab:             283528 kB
SReclaimable:     187760 kB
SUnreclaim:        95768 kB
KernelStack:       16944 kB
PageTables:        13456 kB
NFS_Unstable:          0 kB
Bounce:                0 kB
WritebackTmp:          0 kB
CommitLimit:     5996084 kB
Committed_AS:    5744756 kB
VmallocTotal:   34359738367 kB
VmallocUsed:       38992 kB
VmallocChunk:          0 kB
Percpu:             8512 kB
AnonHugePages:   1138688 kB
ShmemHugePages:        0 kB
ShmemPmdMapped:        0 kB
FileHugePages:         0 kB
FilePmdMapped:         0 kB
HugePages_Total:       0
HugePages_Free:        0
HugePages_Rsvd:        0
HugePages_Surp:        0
Hugepagesize:       2048 kB
Hugetlb:               0 kB
DirectMap4k:       58368 kB
DirectMap2M:     5890048 kB
DirectMap1G:    10485760 kB

Current date and time: Thu May 25 11:02:22 UTC 2023
Current memory usage:
MemTotal:        7797868 kB
MemFree:         2416272 kB
MemAvailable:    5388352 kB
Buffers:           39936 kB
Cached:          3048912 kB
SwapCached:          740 kB
Active:           590480 kB
Inactive:        4181484 kB
Active(anon):      21364 kB
Inactive(anon):  1666816 kB
Active(file):     569116 kB
Inactive(file):  2514668 kB
Unevictable:           0 kB
Mlocked:               0 kB
SwapTotal:       2097152 kB
SwapFree:        2088388 kB
Dirty:                 0 kB
Writeback:             0 kB
AnonPages:       1575496 kB
Mapped:           355432 kB
Shmem:              5132 kB
KReclaimable:     187760 kB
Slab:             283512 kB
SReclaimable:     187760 kB
SUnreclaim:        95752 kB
KernelStack:       16944 kB
PageTables:        13448 kB
NFS_Unstable:          0 kB
Bounce:                0 kB
WritebackTmp:          0 kB
CommitLimit:     5996084 kB
Committed_AS:    5744760 kB
VmallocTotal:   34359738367 kB
VmallocUsed:       39008 kB
VmallocChunk:          0 kB
Percpu:             8512 kB
AnonHugePages:   1138688 kB
ShmemHugePages:        0 kB
ShmemPmdMapped:        0 kB
FileHugePages:         0 kB
FilePmdMapped:         0 kB
HugePages_Total:       0
HugePages_Free:        0
HugePages_Rsvd:        0
HugePages_Surp:        0
Hugepagesize:       2048 kB
Hugetlb:               0 kB
DirectMap4k:       58368 kB
DirectMap2M:     5890048 kB
DirectMap1G:    10485760 kB

Current date and time: Thu May 25 11:03:21 UTC 2023
Current memory usage:
MemTotal:        7797868 kB
MemFree:         2413436 kB
MemAvailable:    5385532 kB
Buffers:           39952 kB
Cached:          3048912 kB
SwapCached:          740 kB
Active:           590500 kB
Inactive:        4181464 kB
Active(anon):      21368 kB
Inactive(anon):  1666796 kB
Active(file):     569132 kB
Inactive(file):  2514668 kB
Unevictable:           0 kB
Mlocked:               0 kB
SwapTotal:       2097152 kB
SwapFree:        2088388 kB
Dirty:                 0 kB
Writeback:             0 kB
AnonPages:       1575424 kB
Mapped:           355324 kB
Shmem:              5132 kB
KReclaimable:     187760 kB
Slab:             283512 kB
SReclaimable:     187760 kB
SUnreclaim:        95752 kB
KernelStack:       16944 kB
PageTables:        13460 kB
NFS_Unstable:          0 kB
Bounce:                0 kB
WritebackTmp:          0 kB
CommitLimit:     5996084 kB
Committed_AS:    5744760 kB
VmallocTotal:   34359738367 kB
VmallocUsed:       38992 kB
VmallocChunk:          0 kB
Percpu:             8512 kB
AnonHugePages:   1138688 kB
ShmemHugePages:        0 kB
ShmemPmdMapped:        0 kB
FileHugePages:         0 kB
FilePmdMapped:         0 kB
HugePages_Total:       0
HugePages_Free:        0
HugePages_Rsvd:        0
HugePages_Surp:        0
Hugepagesize:       2048 kB
Hugetlb:               0 kB
DirectMap4k:       58368 kB
DirectMap2M:     5890048 kB
DirectMap1G:    10485760 kB

Current date and time: Thu May 25 11:04:22 UTC 2023
Current memory usage:
MemTotal:        7797868 kB
MemFree:         2413952 kB
MemAvailable:    5386056 kB
Buffers:           39960 kB
Cached:          3048916 kB
SwapCached:          740 kB
Active:           590512 kB
Inactive:        4181456 kB
Active(anon):      21372 kB
Inactive(anon):  1666788 kB
Active(file):     569140 kB
Inactive(file):  2514668 kB
Unevictable:           0 kB
Mlocked:               0 kB
SwapTotal:       2097152 kB
SwapFree:        2088388 kB
Dirty:                 0 kB
Writeback:             0 kB
AnonPages:       1575468 kB
Mapped:           355388 kB
Shmem:              5136 kB
KReclaimable:     187760 kB
Slab:             283516 kB
SReclaimable:     187760 kB
SUnreclaim:        95756 kB
KernelStack:       16944 kB
PageTables:        13452 kB
NFS_Unstable:          0 kB
Bounce:                0 kB
WritebackTmp:          0 kB
CommitLimit:     5996084 kB
Committed_AS:    5744764 kB
VmallocTotal:   34359738367 kB
VmallocUsed:       38960 kB
VmallocChunk:          0 kB
Percpu:             8512 kB
AnonHugePages:   1138688 kB
ShmemHugePages:        0 kB
ShmemPmdMapped:        0 kB
FileHugePages:         0 kB
FilePmdMapped:         0 kB
HugePages_Total:       0
HugePages_Free:        0
HugePages_Rsvd:        0
HugePages_Surp:        0
Hugepagesize:       2048 kB
Hugetlb:               0 kB
DirectMap4k:       58368 kB
DirectMap2M:     5890048 kB
DirectMap1G:    10485760 kB

Current date and time: Thu May 25 11:05:20 UTC 2023
Current memory usage:
MemTotal:        7797868 kB
MemFree:         2411460 kB
MemAvailable:    5383588 kB
Buffers:           39968 kB
Cached:          3048920 kB
SwapCached:          740 kB
Active:           590528 kB
Inactive:        4185400 kB
Active(anon):      21376 kB
Inactive(anon):  1670736 kB
Active(file):     569152 kB
Inactive(file):  2514664 kB
Unevictable:           0 kB
Mlocked:               0 kB
SwapTotal:       2097152 kB
SwapFree:        2088388 kB
Dirty:                 0 kB
Writeback:             0 kB
AnonPages:       1575832 kB
Mapped:           355416 kB
Shmem:              5140 kB
KReclaimable:     187776 kB
Slab:             283540 kB
SReclaimable:     187776 kB
SUnreclaim:        95764 kB
KernelStack:       16992 kB
PageTables:        13456 kB
NFS_Unstable:          0 kB
Bounce:                0 kB
WritebackTmp:          0 kB
CommitLimit:     5996084 kB
Committed_AS:    5745316 kB
VmallocTotal:   34359738367 kB
VmallocUsed:       38960 kB
VmallocChunk:          0 kB
Percpu:             8512 kB
AnonHugePages:   1132544 kB
ShmemHugePages:        0 kB
ShmemPmdMapped:        0 kB
FileHugePages:         0 kB
FilePmdMapped:         0 kB
HugePages_Total:       0
HugePages_Free:        0
HugePages_Rsvd:        0
HugePages_Surp:        0
Hugepagesize:       2048 kB
Hugetlb:               0 kB
DirectMap4k:       58368 kB
DirectMap2M:     5890048 kB
DirectMap1G:    10485760 kB

Current date and time: Thu May 25 11:06:24 UTC 2023
Current memory usage:
MemTotal:        7797868 kB
MemFree:         2412028 kB
MemAvailable:    5384172 kB
Buffers:           40000 kB
Cached:          3048924 kB
SwapCached:          740 kB
Active:           590840 kB
Inactive:        4183232 kB
Active(anon):      21656 kB
Inactive(anon):  1668568 kB
Active(file):     569184 kB
Inactive(file):  2514664 kB
Unevictable:           0 kB
Mlocked:               0 kB
SwapTotal:       2097152 kB
SwapFree:        2088388 kB
Dirty:                 0 kB
Writeback:             0 kB
AnonPages:       1575740 kB
Mapped:           355296 kB
Shmem:              5144 kB
KReclaimable:     187760 kB
Slab:             283524 kB
SReclaimable:     187760 kB
SUnreclaim:        95764 kB
KernelStack:       16960 kB
PageTables:        13456 kB
NFS_Unstable:          0 kB
Bounce:                0 kB
WritebackTmp:          0 kB
CommitLimit:     5996084 kB
Committed_AS:    5744856 kB
VmallocTotal:   34359738367 kB
VmallocUsed:       38976 kB
VmallocChunk:          0 kB
Percpu:             8512 kB
AnonHugePages:   1136640 kB
ShmemHugePages:        0 kB
ShmemPmdMapped:        0 kB
FileHugePages:         0 kB
FilePmdMapped:         0 kB
HugePages_Total:       0
HugePages_Free:        0
HugePages_Rsvd:        0
HugePages_Surp:        0
Hugepagesize:       2048 kB
Hugetlb:               0 kB
DirectMap4k:       58368 kB
DirectMap2M:     5890048 kB
DirectMap1G:    10485760 kB

Current date and time: Thu May 25 11:07:22 UTC 2023
Current memory usage:
MemTotal:        7797868 kB
MemFree:         2405924 kB
MemAvailable:    5378076 kB
Buffers:           40008 kB
Cached:          3048928 kB
SwapCached:          740 kB
Active:           590852 kB
Inactive:        4183260 kB
Active(anon):      21660 kB
Inactive(anon):  1668596 kB
Active(file):     569192 kB
Inactive(file):  2514664 kB
Unevictable:           0 kB
Mlocked:               0 kB
SwapTotal:       2097152 kB
SwapFree:        2088388 kB
Dirty:                 0 kB
Writeback:             0 kB
AnonPages:       1575684 kB
Mapped:           355328 kB
Shmem:              5148 kB
KReclaimable:     187760 kB
Slab:             283536 kB
SReclaimable:     187760 kB
SUnreclaim:        95776 kB
KernelStack:       16960 kB
PageTables:        13428 kB
NFS_Unstable:          0 kB
Bounce:                0 kB
WritebackTmp:          0 kB
CommitLimit:     5996084 kB
Committed_AS:    5744860 kB
VmallocTotal:   34359738367 kB
VmallocUsed:       38976 kB
VmallocChunk:          0 kB
Percpu:             8512 kB
AnonHugePages:   1136640 kB
ShmemHugePages:        0 kB
ShmemPmdMapped:        0 kB
FileHugePages:         0 kB
FilePmdMapped:         0 kB
HugePages_Total:       0
HugePages_Free:        0
HugePages_Rsvd:        0
HugePages_Surp:        0
Hugepagesize:       2048 kB
Hugetlb:               0 kB
DirectMap4k:       58368 kB
DirectMap2M:     5890048 kB
DirectMap1G:    10485760 kB

Current date and time: Thu May 25 11:08:25 UTC 2023
Current memory usage:
MemTotal:        7797868 kB
MemFree:         2413024 kB
MemAvailable:    5385184 kB
Buffers:           40016 kB
Cached:          3048932 kB
SwapCached:          740 kB
Active:           590872 kB
Inactive:        4183180 kB
Active(anon):      21664 kB
Inactive(anon):  1668524 kB
Active(file):     569208 kB
Inactive(file):  2514656 kB
Unevictable:           0 kB
Mlocked:               0 kB
SwapTotal:       2097152 kB
SwapFree:        2088388 kB
Dirty:                 0 kB
Writeback:             0 kB
AnonPages:       1575752 kB
Mapped:           355388 kB
Shmem:              5152 kB
KReclaimable:     187760 kB
Slab:             283544 kB
SReclaimable:     187760 kB
SUnreclaim:        95784 kB
KernelStack:       16976 kB
PageTables:        13452 kB
NFS_Unstable:          0 kB
Bounce:                0 kB
WritebackTmp:          0 kB
CommitLimit:     5996084 kB
Committed_AS:    5744864 kB
VmallocTotal:   34359738367 kB
VmallocUsed:       39008 kB
VmallocChunk:          0 kB
Percpu:             8512 kB
AnonHugePages:   1136640 kB
ShmemHugePages:        0 kB
ShmemPmdMapped:        0 kB
FileHugePages:         0 kB
FilePmdMapped:         0 kB
HugePages_Total:       0
HugePages_Free:        0
HugePages_Rsvd:        0
HugePages_Surp:        0
Hugepagesize:       2048 kB
Hugetlb:               0 kB
DirectMap4k:       58368 kB
DirectMap2M:     5890048 kB
DirectMap1G:    10485760 kB

Current date and time: Thu May 25 11:09:22 UTC 2023
Current memory usage:
MemTotal:        7797868 kB
MemFree:         2417364 kB
MemAvailable:    5389532 kB
Buffers:           40024 kB
Cached:          3048936 kB
SwapCached:          740 kB
Active:           590884 kB
Inactive:        4183432 kB
Active(anon):      21668 kB
Inactive(anon):  1668776 kB
Active(file):     569216 kB
Inactive(file):  2514656 kB
Unevictable:           0 kB
Mlocked:               0 kB
SwapTotal:       2097152 kB
SwapFree:        2088388 kB
Dirty:                 0 kB
Writeback:             0 kB
AnonPages:       1575792 kB
Mapped:           355296 kB
Shmem:              5156 kB
KReclaimable:     187760 kB
Slab:             283532 kB
SReclaimable:     187760 kB
SUnreclaim:        95772 kB
KernelStack:       16976 kB
PageTables:        13456 kB
NFS_Unstable:          0 kB
Bounce:                0 kB
WritebackTmp:          0 kB
CommitLimit:     5996084 kB
Committed_AS:    5744868 kB
VmallocTotal:   34359738367 kB
VmallocUsed:       39040 kB
VmallocChunk:          0 kB
Percpu:             8512 kB
AnonHugePages:   1136640 kB
ShmemHugePages:        0 kB
ShmemPmdMapped:        0 kB
FileHugePages:         0 kB
FilePmdMapped:         0 kB
HugePages_Total:       0
HugePages_Free:        0
HugePages_Rsvd:        0
HugePages_Surp:        0
Hugepagesize:       2048 kB
Hugetlb:               0 kB
DirectMap4k:       58368 kB
DirectMap2M:     5890048 kB
DirectMap1G:    10485760 kB

Current date and time: Thu May 25 11:10:22 UTC 2023
Current memory usage:
MemTotal:        7797868 kB
MemFree:         2412944 kB
MemAvailable:    5385132 kB
Buffers:           40040 kB
Cached:          3048944 kB
SwapCached:          740 kB
Active:           590916 kB
Inactive:        4183364 kB
Active(anon):      21672 kB
Inactive(anon):  1668716 kB
Active(file):     569244 kB
Inactive(file):  2514648 kB
Unevictable:           0 kB
Mlocked:               0 kB
SwapTotal:       2097152 kB
SwapFree:        2088388 kB
Dirty:                 0 kB
Writeback:             0 kB
AnonPages:       1575768 kB
Mapped:           355360 kB
Shmem:              5160 kB
KReclaimable:     187760 kB
Slab:             283540 kB
SReclaimable:     187760 kB
SUnreclaim:        95780 kB
KernelStack:       16960 kB
PageTables:        13456 kB
NFS_Unstable:          0 kB
Bounce:                0 kB
WritebackTmp:          0 kB
CommitLimit:     5996084 kB
Committed_AS:    5744872 kB
VmallocTotal:   34359738367 kB
VmallocUsed:       38960 kB
VmallocChunk:          0 kB
Percpu:             8512 kB
AnonHugePages:   1136640 kB
ShmemHugePages:        0 kB
ShmemPmdMapped:        0 kB
FileHugePages:         0 kB
FilePmdMapped:         0 kB
HugePages_Total:       0
HugePages_Free:        0
HugePages_Rsvd:        0
HugePages_Surp:        0
Hugepagesize:       2048 kB
Hugetlb:               0 kB
DirectMap4k:       58368 kB
DirectMap2M:     5890048 kB
DirectMap1G:    10485760 kB

Current date and time: Thu May 25 11:11:22 UTC 2023
Current memory usage:
MemTotal:        7797868 kB
MemFree:         2412308 kB
MemAvailable:    5384504 kB
Buffers:           40048 kB
Cached:          3048948 kB
SwapCached:          740 kB
Active:           590928 kB
Inactive:        4183176 kB
Active(anon):      21676 kB
Inactive(anon):  1668528 kB
Active(file):     569252 kB
Inactive(file):  2514648 kB
Unevictable:           0 kB
Mlocked:               0 kB
SwapTotal:       2097152 kB
SwapFree:        2088388 kB
Dirty:                 0 kB
Writeback:             0 kB
AnonPages:       1575592 kB
Mapped:           355412 kB
Shmem:              5164 kB
KReclaimable:     187760 kB
Slab:             283532 kB
SReclaimable:     187760 kB
SUnreclaim:        95772 kB
KernelStack:       16960 kB
PageTables:        13456 kB
NFS_Unstable:          0 kB
Bounce:                0 kB
WritebackTmp:          0 kB
CommitLimit:     5996084 kB
Committed_AS:    5744876 kB
VmallocTotal:   34359738367 kB
VmallocUsed:       38976 kB
VmallocChunk:          0 kB
Percpu:             8512 kB
AnonHugePages:   1136640 kB
ShmemHugePages:        0 kB
ShmemPmdMapped:        0 kB
FileHugePages:         0 kB
FilePmdMapped:         0 kB
HugePages_Total:       0
HugePages_Free:        0
HugePages_Rsvd:        0
HugePages_Surp:        0
Hugepagesize:       2048 kB
Hugetlb:               0 kB
DirectMap4k:       58368 kB
DirectMap2M:     5890048 kB
DirectMap1G:    10485760 kB

Current date and time: Thu May 25 11:12:22 UTC 2023
Current memory usage:
MemTotal:        7797868 kB
MemFree:         2416436 kB
MemAvailable:    5388640 kB
Buffers:           40056 kB
Cached:          3048952 kB
SwapCached:          740 kB
Active:           590944 kB
Inactive:        4182848 kB
Active(anon):      21680 kB
Inactive(anon):  1668204 kB
Active(file):     569264 kB
Inactive(file):  2514644 kB
Unevictable:           0 kB
Mlocked:               0 kB
SwapTotal:       2097152 kB
SwapFree:        2088388 kB
Dirty:                 0 kB
Writeback:             0 kB
AnonPages:       1575284 kB
Mapped:           355348 kB
Shmem:              5168 kB
KReclaimable:     187760 kB
Slab:             283532 kB
SReclaimable:     187760 kB
SUnreclaim:        95772 kB
KernelStack:       16944 kB
PageTables:        13448 kB
NFS_Unstable:          0 kB
Bounce:                0 kB
WritebackTmp:          0 kB
CommitLimit:     5996084 kB
Committed_AS:    5744880 kB
VmallocTotal:   34359738367 kB
VmallocUsed:       39008 kB
VmallocChunk:          0 kB
Percpu:             8512 kB
AnonHugePages:   1136640 kB
ShmemHugePages:        0 kB
ShmemPmdMapped:        0 kB
FileHugePages:         0 kB
FilePmdMapped:         0 kB
HugePages_Total:       0
HugePages_Free:        0
HugePages_Rsvd:        0
HugePages_Surp:        0
Hugepagesize:       2048 kB
Hugetlb:               0 kB
DirectMap4k:       58368 kB
DirectMap2M:     5890048 kB
DirectMap1G:    10485760 kB

Current date and time: Thu May 25 11:13:21 UTC 2023
Current memory usage:
MemTotal:        7797868 kB
MemFree:         2419504 kB
MemAvailable:    5391716 kB
Buffers:           40064 kB
Cached:          3048956 kB
SwapCached:          740 kB
Active:           590956 kB
Inactive:        4182792 kB
Active(anon):      21684 kB
Inactive(anon):  1668148 kB
Active(file):     569272 kB
Inactive(file):  2514644 kB
Unevictable:           0 kB
Mlocked:               0 kB
SwapTotal:       2097152 kB
SwapFree:        2088388 kB
Dirty:                 0 kB
Writeback:             0 kB
AnonPages:       1575184 kB
Mapped:           355324 kB
Shmem:              5172 kB
KReclaimable:     187760 kB
Slab:             283532 kB
SReclaimable:     187760 kB
SUnreclaim:        95772 kB
KernelStack:       16944 kB
PageTables:        13452 kB
NFS_Unstable:          0 kB
Bounce:                0 kB
WritebackTmp:          0 kB
CommitLimit:     5996084 kB
Committed_AS:    5744884 kB
VmallocTotal:   34359738367 kB
VmallocUsed:       39008 kB
VmallocChunk:          0 kB
Percpu:             8512 kB
AnonHugePages:   1136640 kB
ShmemHugePages:        0 kB
ShmemPmdMapped:        0 kB
FileHugePages:         0 kB
FilePmdMapped:         0 kB
HugePages_Total:       0
HugePages_Free:        0
HugePages_Rsvd:        0
HugePages_Surp:        0
Hugepagesize:       2048 kB
Hugetlb:               0 kB
DirectMap4k:       58368 kB
DirectMap2M:     5890048 kB
DirectMap1G:    10485760 kB

Current date and time: Thu May 25 11:14:24 UTC 2023
Current memory usage:
MemTotal:        7797868 kB
MemFree:         2416332 kB
MemAvailable:    5388552 kB
Buffers:           40072 kB
Cached:          3048960 kB
SwapCached:          740 kB
Active:           591036 kB
Inactive:        4185340 kB
Active(anon):      21756 kB
Inactive(anon):  1670696 kB
Active(file):     569280 kB
Inactive(file):  2514644 kB
Unevictable:           0 kB
Mlocked:               0 kB
SwapTotal:       2097152 kB
SwapFree:        2088388 kB
Dirty:                 0 kB
Writeback:             0 kB
AnonPages:       1575380 kB
Mapped:           355300 kB
Shmem:              5176 kB
KReclaimable:     187760 kB
Slab:             283552 kB
SReclaimable:     187760 kB
SUnreclaim:        95792 kB
KernelStack:       16992 kB
PageTables:        13452 kB
NFS_Unstable:          0 kB
Bounce:                0 kB
WritebackTmp:          0 kB
CommitLimit:     5996084 kB
Committed_AS:    5745416 kB
VmallocTotal:   34359738367 kB
VmallocUsed:       39008 kB
VmallocChunk:          0 kB
Percpu:             8512 kB
AnonHugePages:   1132544 kB
ShmemHugePages:        0 kB
ShmemPmdMapped:        0 kB
FileHugePages:         0 kB
FilePmdMapped:         0 kB
HugePages_Total:       0
HugePages_Free:        0
HugePages_Rsvd:        0
HugePages_Surp:        0
Hugepagesize:       2048 kB
Hugetlb:               0 kB
DirectMap4k:       58368 kB
DirectMap2M:     5890048 kB
DirectMap1G:    10485760 kB

Current date and time: Thu May 25 11:15:16 UTC 2023
Current memory usage:
MemTotal:        7797868 kB
MemFree:         2406600 kB
MemAvailable:    5379836 kB
Buffers:           40288 kB
Cached:          3049768 kB
SwapCached:          740 kB
Active:           591636 kB
Inactive:        4192656 kB
Active(anon):      21788 kB
Inactive(anon):  1677564 kB
Active(file):     569848 kB
Inactive(file):  2515092 kB
Unevictable:           0 kB
Mlocked:               0 kB
SwapTotal:       2097152 kB
SwapFree:        2088388 kB
Dirty:                44 kB
Writeback:            16 kB
AnonPages:       1582092 kB
Mapped:           355412 kB
Shmem:              5180 kB
KReclaimable:     187760 kB
Slab:             283544 kB
SReclaimable:     187760 kB
SUnreclaim:        95784 kB
KernelStack:       16976 kB
PageTables:        13460 kB
NFS_Unstable:          0 kB
Bounce:                0 kB
WritebackTmp:          0 kB
CommitLimit:     5996084 kB
Committed_AS:    5751300 kB
VmallocTotal:   34359738367 kB
VmallocUsed:       39040 kB
VmallocChunk:          0 kB
Percpu:             8512 kB
AnonHugePages:   1138688 kB
ShmemHugePages:        0 kB
ShmemPmdMapped:        0 kB
FileHugePages:         0 kB
FilePmdMapped:         0 kB
HugePages_Total:       0
HugePages_Free:        0
HugePages_Rsvd:        0
HugePages_Surp:        0
Hugepagesize:       2048 kB
Hugetlb:               0 kB
DirectMap4k:       58368 kB
DirectMap2M:     5890048 kB
DirectMap1G:    10485760 kB

Current date and time: Thu May 25 11:16:25 UTC 2023
Current memory usage:
MemTotal:        7797868 kB
MemFree:         2408376 kB
MemAvailable:    5381656 kB
Buffers:           40304 kB
Cached:          3049796 kB
SwapCached:          740 kB
Active:           591692 kB
Inactive:        4183972 kB
Active(anon):      21792 kB
Inactive(anon):  1668888 kB
Active(file):     569900 kB
Inactive(file):  2515084 kB
Unevictable:           0 kB
Mlocked:               0 kB
SwapTotal:       2097152 kB
SwapFree:        2088388 kB
Dirty:                 0 kB
Writeback:             0 kB
AnonPages:       1575956 kB
Mapped:           355548 kB
Shmem:              5184 kB
KReclaimable:     187760 kB
Slab:             283564 kB
SReclaimable:     187760 kB
SUnreclaim:        95804 kB
KernelStack:       16960 kB
PageTables:        13456 kB
NFS_Unstable:          0 kB
Bounce:                0 kB
WritebackTmp:          0 kB
CommitLimit:     5996084 kB
Committed_AS:    5744896 kB
VmallocTotal:   34359738367 kB
VmallocUsed:       39008 kB
VmallocChunk:          0 kB
Percpu:             8512 kB
AnonHugePages:   1136640 kB
ShmemHugePages:        0 kB
ShmemPmdMapped:        0 kB
FileHugePages:         0 kB
FilePmdMapped:         0 kB
HugePages_Total:       0
HugePages_Free:        0
HugePages_Rsvd:        0
HugePages_Surp:        0
Hugepagesize:       2048 kB
Hugetlb:               0 kB
DirectMap4k:       58368 kB
DirectMap2M:     5890048 kB
DirectMap1G:    10485760 kB

Current date and time: Thu May 25 11:17:25 UTC 2023
Current memory usage:
MemTotal:        7797868 kB
MemFree:         2416860 kB
MemAvailable:    5390180 kB
Buffers:           40344 kB
Cached:          3049800 kB
SwapCached:          740 kB
Active:           591736 kB
Inactive:        4183876 kB
Active(anon):      21796 kB
Inactive(anon):  1668792 kB
Active(file):     569940 kB
Inactive(file):  2515084 kB
Unevictable:           0 kB
Mlocked:               0 kB
SwapTotal:       2097152 kB
SwapFree:        2088388 kB
Dirty:                 0 kB
Writeback:             0 kB
AnonPages:       1575944 kB
Mapped:           355524 kB
Shmem:              5188 kB
KReclaimable:     187760 kB
Slab:             283536 kB
SReclaimable:     187760 kB
SUnreclaim:        95776 kB
KernelStack:       16960 kB
PageTables:        13460 kB
NFS_Unstable:          0 kB
Bounce:                0 kB
WritebackTmp:          0 kB
CommitLimit:     5996084 kB
Committed_AS:    5744900 kB
VmallocTotal:   34359738367 kB
VmallocUsed:       38976 kB
VmallocChunk:          0 kB
Percpu:             8512 kB
AnonHugePages:   1136640 kB
ShmemHugePages:        0 kB
ShmemPmdMapped:        0 kB
FileHugePages:         0 kB
FilePmdMapped:         0 kB
HugePages_Total:       0
HugePages_Free:        0
HugePages_Rsvd:        0
HugePages_Surp:        0
Hugepagesize:       2048 kB
Hugetlb:               0 kB
DirectMap4k:       58368 kB
DirectMap2M:     5890048 kB
DirectMap1G:    10485760 kB

Current date and time: Thu May 25 11:18:22 UTC 2023
Current memory usage:
MemTotal:        7797868 kB
MemFree:         2416496 kB
MemAvailable:    5389836 kB
Buffers:           40360 kB
Cached:          3049808 kB
SwapCached:          740 kB
Active:           591756 kB
Inactive:        4183836 kB
Active(anon):      21800 kB
Inactive(anon):  1668748 kB
Active(file):     569956 kB
Inactive(file):  2515088 kB
Unevictable:           0 kB
Mlocked:               0 kB
SwapTotal:       2097152 kB
SwapFree:        2088388 kB
Dirty:                 0 kB
Writeback:             0 kB
AnonPages:       1576184 kB
Mapped:           355528 kB
Shmem:              5192 kB
KReclaimable:     187760 kB
Slab:             283552 kB
SReclaimable:     187760 kB
SUnreclaim:        95792 kB
KernelStack:       16960 kB
PageTables:        13460 kB
NFS_Unstable:          0 kB
Bounce:                0 kB
WritebackTmp:          0 kB
CommitLimit:     5996084 kB
Committed_AS:    5744904 kB
VmallocTotal:   34359738367 kB
VmallocUsed:       38976 kB
VmallocChunk:          0 kB
Percpu:             8512 kB
AnonHugePages:   1136640 kB
ShmemHugePages:        0 kB
ShmemPmdMapped:        0 kB
FileHugePages:         0 kB
FilePmdMapped:         0 kB
HugePages_Total:       0
HugePages_Free:        0
HugePages_Rsvd:        0
HugePages_Surp:        0
Hugepagesize:       2048 kB
Hugetlb:               0 kB
DirectMap4k:       58368 kB
DirectMap2M:     5890048 kB
DirectMap1G:    10485760 kB

Current date and time: Thu May 25 11:19:23 UTC 2023
Current memory usage:
MemTotal:        7797868 kB
MemFree:         2413508 kB
MemAvailable:    5386856 kB
Buffers:           40368 kB
Cached:          3049812 kB
SwapCached:          740 kB
Active:           591768 kB
Inactive:        4183516 kB
Active(anon):      21804 kB
Inactive(anon):  1668428 kB
Active(file):     569964 kB
Inactive(file):  2515088 kB
Unevictable:           0 kB
Mlocked:               0 kB
SwapTotal:       2097152 kB
SwapFree:        2088388 kB
Dirty:                 0 kB
Writeback:             0 kB
AnonPages:       1575472 kB
Mapped:           355504 kB
Shmem:              5196 kB
KReclaimable:     187760 kB
Slab:             283552 kB
SReclaimable:     187760 kB
SUnreclaim:        95792 kB
KernelStack:       17024 kB
PageTables:        13560 kB
NFS_Unstable:          0 kB
Bounce:                0 kB
WritebackTmp:          0 kB
CommitLimit:     5996084 kB
Committed_AS:    5744908 kB
VmallocTotal:   34359738367 kB
VmallocUsed:       38960 kB
VmallocChunk:          0 kB
Percpu:             8512 kB
AnonHugePages:   1136640 kB
ShmemHugePages:        0 kB
ShmemPmdMapped:        0 kB
FileHugePages:         0 kB
FilePmdMapped:         0 kB
HugePages_Total:       0
HugePages_Free:        0
HugePages_Rsvd:        0
HugePages_Surp:        0
Hugepagesize:       2048 kB
Hugetlb:               0 kB
DirectMap4k:       58368 kB
DirectMap2M:     5890048 kB
DirectMap1G:    10485760 kB

Current date and time: Thu May 25 11:20:22 UTC 2023
Current memory usage:
MemTotal:        7797868 kB
MemFree:         2410684 kB
MemAvailable:    5384040 kB
Buffers:           40376 kB
Cached:          3049816 kB
SwapCached:          740 kB
Active:           591780 kB
Inactive:        4183216 kB
Active(anon):      21808 kB
Inactive(anon):  1668128 kB
Active(file):     569972 kB
Inactive(file):  2515088 kB
Unevictable:           0 kB
Mlocked:               0 kB
SwapTotal:       2097152 kB
SwapFree:        2088388 kB
Dirty:                 0 kB
Writeback:             0 kB
AnonPages:       1575264 kB
Mapped:           355584 kB
Shmem:              5200 kB
KReclaimable:     187760 kB
Slab:             283576 kB
SReclaimable:     187760 kB
SUnreclaim:        95816 kB
KernelStack:       16960 kB
PageTables:        13456 kB
NFS_Unstable:          0 kB
Bounce:                0 kB
WritebackTmp:          0 kB
CommitLimit:     5996084 kB
Committed_AS:    5744912 kB
VmallocTotal:   34359738367 kB
VmallocUsed:       38992 kB
VmallocChunk:          0 kB
Percpu:             8512 kB
AnonHugePages:   1136640 kB
ShmemHugePages:        0 kB
ShmemPmdMapped:        0 kB
FileHugePages:         0 kB
FilePmdMapped:         0 kB
HugePages_Total:       0
HugePages_Free:        0
HugePages_Rsvd:        0
HugePages_Surp:        0
Hugepagesize:       2048 kB
Hugetlb:               0 kB
DirectMap4k:       58368 kB
DirectMap2M:     5890048 kB
DirectMap1G:    10485760 kB

Current date and time: Thu May 25 11:21:24 UTC 2023
Current memory usage:
MemTotal:        7797868 kB
MemFree:         2415328 kB
MemAvailable:    5389008 kB
Buffers:           40384 kB
Cached:          3050136 kB
SwapCached:          740 kB
Active:           591948 kB
Inactive:        4183852 kB
Active(anon):      21812 kB
Inactive(anon):  1668604 kB
Active(file):     570136 kB
Inactive(file):  2515248 kB
Unevictable:           0 kB
Mlocked:               0 kB
SwapTotal:       2097152 kB
SwapFree:        2088388 kB
Dirty:                 0 kB
Writeback:             0 kB
AnonPages:       1575688 kB
Mapped:           355556 kB
Shmem:              5204 kB
KReclaimable:     187760 kB
Slab:             283580 kB
SReclaimable:     187760 kB
SUnreclaim:        95820 kB
KernelStack:       16960 kB
PageTables:        13460 kB
NFS_Unstable:          0 kB
Bounce:                0 kB
WritebackTmp:          0 kB
CommitLimit:     5996084 kB
Committed_AS:    5744916 kB
VmallocTotal:   34359738367 kB
VmallocUsed:       38992 kB
VmallocChunk:          0 kB
Percpu:             8512 kB
AnonHugePages:   1136640 kB
ShmemHugePages:        0 kB
ShmemPmdMapped:        0 kB
FileHugePages:         0 kB
FilePmdMapped:         0 kB
HugePages_Total:       0
HugePages_Free:        0
HugePages_Rsvd:        0
HugePages_Surp:        0
Hugepagesize:       2048 kB
Hugetlb:               0 kB
DirectMap4k:       58368 kB
DirectMap2M:     5890048 kB
DirectMap1G:    10485760 kB

Current date and time: Thu May 25 11:22:24 UTC 2023
Current memory usage:
MemTotal:        7797868 kB
MemFree:         2412480 kB
MemAvailable:    5386168 kB
Buffers:           40392 kB
Cached:          3050140 kB
SwapCached:          740 kB
Active:           591960 kB
Inactive:        4184200 kB
Active(anon):      21816 kB
Inactive(anon):  1668952 kB
Active(file):     570144 kB
Inactive(file):  2515248 kB
Unevictable:           0 kB
Mlocked:               0 kB
SwapTotal:       2097152 kB
SwapFree:        2088388 kB
Dirty:                 0 kB
Writeback:             0 kB
AnonPages:       1576140 kB
Mapped:           355596 kB
Shmem:              5208 kB
KReclaimable:     187760 kB
Slab:             283584 kB
SReclaimable:     187760 kB
SUnreclaim:        95824 kB
KernelStack:       17032 kB
PageTables:        13388 kB
NFS_Unstable:          0 kB
Bounce:                0 kB
WritebackTmp:          0 kB
CommitLimit:     5996084 kB
Committed_AS:    5744920 kB
VmallocTotal:   34359738367 kB
VmallocUsed:       38976 kB
VmallocChunk:          0 kB
Percpu:             8512 kB
AnonHugePages:   1136640 kB
ShmemHugePages:        0 kB
ShmemPmdMapped:        0 kB
FileHugePages:         0 kB
FilePmdMapped:         0 kB
HugePages_Total:       0
HugePages_Free:        0
HugePages_Rsvd:        0
HugePages_Surp:        0
Hugepagesize:       2048 kB
Hugetlb:               0 kB
DirectMap4k:       58368 kB
DirectMap2M:     5890048 kB
DirectMap1G:    10485760 kB

Current date and time: Thu May 25 11:23:22 UTC 2023
Current memory usage:
MemTotal:        7797868 kB
MemFree:         2412472 kB
MemAvailable:    5386184 kB
Buffers:           40400 kB
Cached:          3050144 kB
SwapCached:          740 kB
Active:           591972 kB
Inactive:        4183700 kB
Active(anon):      21820 kB
Inactive(anon):  1668452 kB
Active(file):     570152 kB
Inactive(file):  2515248 kB
Unevictable:           0 kB
Mlocked:               0 kB
SwapTotal:       2097152 kB
SwapFree:        2088388 kB
Dirty:                 0 kB
Writeback:             0 kB
AnonPages:       1575396 kB
Mapped:           355492 kB
Shmem:              5212 kB
KReclaimable:     187776 kB
Slab:             283616 kB
SReclaimable:     187776 kB
SUnreclaim:        95840 kB
KernelStack:       16960 kB
PageTables:        13464 kB
NFS_Unstable:          0 kB
Bounce:                0 kB
WritebackTmp:          0 kB
CommitLimit:     5996084 kB
Committed_AS:    5744924 kB
VmallocTotal:   34359738367 kB
VmallocUsed:       39008 kB
VmallocChunk:          0 kB
Percpu:             8512 kB
AnonHugePages:   1136640 kB
ShmemHugePages:        0 kB
ShmemPmdMapped:        0 kB
FileHugePages:         0 kB
FilePmdMapped:         0 kB
HugePages_Total:       0
HugePages_Free:        0
HugePages_Rsvd:        0
HugePages_Surp:        0
Hugepagesize:       2048 kB
Hugetlb:               0 kB
DirectMap4k:       58368 kB
DirectMap2M:     5890048 kB
DirectMap1G:    10485760 kB

Current date and time: Thu May 25 11:24:22 UTC 2023
Current memory usage:
MemTotal:        7797868 kB
MemFree:         2409676 kB
MemAvailable:    5383380 kB
Buffers:           40408 kB
Cached:          3050152 kB
SwapCached:          740 kB
Active:           591988 kB
Inactive:        4183488 kB
Active(anon):      21828 kB
Inactive(anon):  1668240 kB
Active(file):     570160 kB
Inactive(file):  2515248 kB
Unevictable:           0 kB
Mlocked:               0 kB
SwapTotal:       2097152 kB
SwapFree:        2088388 kB
Dirty:                 0 kB
Writeback:             0 kB
AnonPages:       1575524 kB
Mapped:           355480 kB
Shmem:              5220 kB
KReclaimable:     187760 kB
Slab:             283596 kB
SReclaimable:     187760 kB
SUnreclaim:        95836 kB
KernelStack:       16960 kB
PageTables:        13452 kB
NFS_Unstable:          0 kB
Bounce:                0 kB
WritebackTmp:          0 kB
CommitLimit:     5996084 kB
Committed_AS:    5744932 kB
VmallocTotal:   34359738367 kB
VmallocUsed:       39008 kB
VmallocChunk:          0 kB
Percpu:             8512 kB
AnonHugePages:   1136640 kB
ShmemHugePages:        0 kB
ShmemPmdMapped:        0 kB
FileHugePages:         0 kB
FilePmdMapped:         0 kB
HugePages_Total:       0
HugePages_Free:        0
HugePages_Rsvd:        0
HugePages_Surp:        0
Hugepagesize:       2048 kB
Hugetlb:               0 kB
DirectMap4k:       58368 kB
DirectMap2M:     5890048 kB
DirectMap1G:    10485760 kB

Current date and time: Thu May 25 11:25:23 UTC 2023
Current memory usage:
MemTotal:        7797868 kB
MemFree:         2410848 kB
MemAvailable:    5384572 kB
Buffers:           40424 kB
Cached:          3050168 kB
SwapCached:          740 kB
Active:           592016 kB
Inactive:        4183396 kB
Active(anon):      21840 kB
Inactive(anon):  1668144 kB
Active(file):     570176 kB
Inactive(file):  2515252 kB
Unevictable:           0 kB
Mlocked:               0 kB
SwapTotal:       2097152 kB
SwapFree:        2088388 kB
Dirty:                 0 kB
Writeback:             0 kB
AnonPages:       1575140 kB
Mapped:           355612 kB
Shmem:              5232 kB
KReclaimable:     187760 kB
Slab:             283604 kB
SReclaimable:     187760 kB
SUnreclaim:        95844 kB
KernelStack:       16944 kB
PageTables:        13452 kB
NFS_Unstable:          0 kB
Bounce:                0 kB
WritebackTmp:          0 kB
CommitLimit:     5996084 kB
Committed_AS:    5744944 kB
VmallocTotal:   34359738367 kB
VmallocUsed:       38976 kB
VmallocChunk:          0 kB
Percpu:             8512 kB
AnonHugePages:   1136640 kB
ShmemHugePages:        0 kB
ShmemPmdMapped:        0 kB
FileHugePages:         0 kB
FilePmdMapped:         0 kB
HugePages_Total:       0
HugePages_Free:        0
HugePages_Rsvd:        0
HugePages_Surp:        0
Hugepagesize:       2048 kB
Hugetlb:               0 kB
DirectMap4k:       58368 kB
DirectMap2M:     5890048 kB
DirectMap1G:    10485760 kB

Current date and time: Thu May 25 11:26:23 UTC 2023
Current memory usage:
MemTotal:        7797868 kB
MemFree:         2411736 kB
MemAvailable:    5385444 kB
Buffers:           40432 kB
Cached:          3050172 kB
SwapCached:          740 kB
Active:           592004 kB
Inactive:        4183420 kB
Active(anon):      21844 kB
Inactive(anon):  1668168 kB
Active(file):     570160 kB
Inactive(file):  2515252 kB
Unevictable:           0 kB
Mlocked:               0 kB
SwapTotal:       2097152 kB
SwapFree:        2088388 kB
Dirty:                 0 kB
Writeback:             0 kB
AnonPages:       1575224 kB
Mapped:           355596 kB
Shmem:              5236 kB
KReclaimable:     187760 kB
Slab:             283588 kB
SReclaimable:     187760 kB
SUnreclaim:        95828 kB
KernelStack:       16944 kB
PageTables:        13452 kB
NFS_Unstable:          0 kB
Bounce:                0 kB
WritebackTmp:          0 kB
CommitLimit:     5996084 kB
Committed_AS:    5744948 kB
VmallocTotal:   34359738367 kB
VmallocUsed:       38976 kB
VmallocChunk:          0 kB
Percpu:             8512 kB
AnonHugePages:   1136640 kB
ShmemHugePages:        0 kB
ShmemPmdMapped:        0 kB
FileHugePages:         0 kB
FilePmdMapped:         0 kB
HugePages_Total:       0
HugePages_Free:        0
HugePages_Rsvd:        0
HugePages_Surp:        0
Hugepagesize:       2048 kB
Hugetlb:               0 kB
DirectMap4k:       58368 kB
DirectMap2M:     5890048 kB
DirectMap1G:    10485760 kB

Current date and time: Thu May 25 11:27:21 UTC 2023
Current memory usage:
MemTotal:        7797868 kB
MemFree:         2414100 kB
MemAvailable:    5387952 kB
Buffers:           40552 kB
Cached:          3050176 kB
SwapCached:          740 kB
Active:           592144 kB
Inactive:        4184016 kB
Active(anon):      21848 kB
Inactive(anon):  1668756 kB
Active(file):     570296 kB
Inactive(file):  2515260 kB
Unevictable:           0 kB
Mlocked:               0 kB
SwapTotal:       2097152 kB
SwapFree:        2088388 kB
Dirty:                 8 kB
Writeback:             0 kB
AnonPages:       1575836 kB
Mapped:           355492 kB
Shmem:              5240 kB
KReclaimable:     187760 kB
Slab:             283612 kB
SReclaimable:     187760 kB
SUnreclaim:        95852 kB
KernelStack:       16960 kB
PageTables:        13460 kB
NFS_Unstable:          0 kB
Bounce:                0 kB
WritebackTmp:          0 kB
CommitLimit:     5996084 kB
Committed_AS:    5742904 kB
VmallocTotal:   34359738367 kB
VmallocUsed:       39024 kB
VmallocChunk:          0 kB
Percpu:             8512 kB
AnonHugePages:   1136640 kB
ShmemHugePages:        0 kB
ShmemPmdMapped:        0 kB
FileHugePages:         0 kB
FilePmdMapped:         0 kB
HugePages_Total:       0
HugePages_Free:        0
HugePages_Rsvd:        0
HugePages_Surp:        0
Hugepagesize:       2048 kB
Hugetlb:               0 kB
DirectMap4k:       58368 kB
DirectMap2M:     5890048 kB
DirectMap1G:    10485760 kB

Current date and time: Thu May 25 11:28:26 UTC 2023
Current memory usage:
MemTotal:        7797868 kB
MemFree:         2412356 kB
MemAvailable:    5386224 kB
Buffers:           40560 kB
Cached:          3050188 kB
SwapCached:          740 kB
Active:           592164 kB
Inactive:        4183920 kB
Active(anon):      21852 kB
Inactive(anon):  1668660 kB
Active(file):     570312 kB
Inactive(file):  2515260 kB
Unevictable:           0 kB
Mlocked:               0 kB
SwapTotal:       2097152 kB
SwapFree:        2088388 kB
Dirty:                 0 kB
Writeback:             0 kB
AnonPages:       1575652 kB
Mapped:           355572 kB
Shmem:              5244 kB
KReclaimable:     187760 kB
Slab:             283624 kB
SReclaimable:     187760 kB
SUnreclaim:        95864 kB
KernelStack:       16960 kB
PageTables:        13452 kB
NFS_Unstable:          0 kB
Bounce:                0 kB
WritebackTmp:          0 kB
CommitLimit:     5996084 kB
Committed_AS:    5742908 kB
VmallocTotal:   34359738367 kB
VmallocUsed:       39040 kB
VmallocChunk:          0 kB
Percpu:             8512 kB
AnonHugePages:   1136640 kB
ShmemHugePages:        0 kB
ShmemPmdMapped:        0 kB
FileHugePages:         0 kB
FilePmdMapped:         0 kB
HugePages_Total:       0
HugePages_Free:        0
HugePages_Rsvd:        0
HugePages_Surp:        0
Hugepagesize:       2048 kB
Hugetlb:               0 kB
DirectMap4k:       58368 kB
DirectMap2M:     5890048 kB
DirectMap1G:    10485760 kB

Current date and time: Thu May 25 11:29:23 UTC 2023
Current memory usage:
MemTotal:        7797868 kB
MemFree:         2412604 kB
MemAvailable:    5386480 kB
Buffers:           40568 kB
Cached:          3050192 kB
SwapCached:          740 kB
Active:           592180 kB
Inactive:        4183980 kB
Active(anon):      21860 kB
Inactive(anon):  1668720 kB
Active(file):     570320 kB
Inactive(file):  2515260 kB
Unevictable:           0 kB
Mlocked:               0 kB
SwapTotal:       2097152 kB
SwapFree:        2088388 kB
Dirty:                 0 kB
Writeback:             0 kB
AnonPages:       1575780 kB
Mapped:           355564 kB
Shmem:              5248 kB
KReclaimable:     187760 kB
Slab:             283628 kB
SReclaimable:     187760 kB
SUnreclaim:        95868 kB
KernelStack:       16960 kB
PageTables:        13468 kB
NFS_Unstable:          0 kB
Bounce:                0 kB
WritebackTmp:          0 kB
CommitLimit:     5996084 kB
Committed_AS:    5742912 kB
VmallocTotal:   34359738367 kB
VmallocUsed:       39008 kB
VmallocChunk:          0 kB
Percpu:             8512 kB
AnonHugePages:   1136640 kB
ShmemHugePages:        0 kB
ShmemPmdMapped:        0 kB
FileHugePages:         0 kB
FilePmdMapped:         0 kB
HugePages_Total:       0
HugePages_Free:        0
HugePages_Rsvd:        0
HugePages_Surp:        0
Hugepagesize:       2048 kB
Hugetlb:               0 kB
DirectMap4k:       58368 kB
DirectMap2M:     5890048 kB
DirectMap1G:    10485760 kB

Current date and time: Thu May 25 11:30:23 UTC 2023
Current memory usage:
MemTotal:        7797868 kB
MemFree:         2413192 kB
MemAvailable:    5387076 kB
Buffers:           40576 kB
Cached:          3050196 kB
SwapCached:          740 kB
Active:           592196 kB
Inactive:        4184064 kB
Active(anon):      21860 kB
Inactive(anon):  1668812 kB
Active(file):     570336 kB
Inactive(file):  2515252 kB
Unevictable:           0 kB
Mlocked:               0 kB
SwapTotal:       2097152 kB
SwapFree:        2088388 kB
Dirty:                 0 kB
Writeback:             0 kB
AnonPages:       1575772 kB
Mapped:           355480 kB
Shmem:              5252 kB
KReclaimable:     187760 kB
Slab:             283628 kB
SReclaimable:     187760 kB
SUnreclaim:        95868 kB
KernelStack:       16960 kB
PageTables:        13456 kB
NFS_Unstable:          0 kB
Bounce:                0 kB
WritebackTmp:          0 kB
CommitLimit:     5996084 kB
Committed_AS:    5742916 kB
VmallocTotal:   34359738367 kB
VmallocUsed:       39024 kB
VmallocChunk:          0 kB
Percpu:             8512 kB
AnonHugePages:   1136640 kB
ShmemHugePages:        0 kB
ShmemPmdMapped:        0 kB
FileHugePages:         0 kB
FilePmdMapped:         0 kB
HugePages_Total:       0
HugePages_Free:        0
HugePages_Rsvd:        0
HugePages_Surp:        0
Hugepagesize:       2048 kB
Hugetlb:               0 kB
DirectMap4k:       58368 kB
DirectMap2M:     5890048 kB
DirectMap1G:    10485760 kB

Current date and time: Thu May 25 11:31:22 UTC 2023
Current memory usage:
MemTotal:        7797868 kB
MemFree:         2411812 kB
MemAvailable:    5385704 kB
Buffers:           40584 kB
Cached:          3050200 kB
SwapCached:          740 kB
Active:           592208 kB
Inactive:        4183900 kB
Active(anon):      21864 kB
Inactive(anon):  1668648 kB
Active(file):     570344 kB
Inactive(file):  2515252 kB
Unevictable:           0 kB
Mlocked:               0 kB
SwapTotal:       2097152 kB
SwapFree:        2088388 kB
Dirty:                 0 kB
Writeback:             0 kB
AnonPages:       1575748 kB
Mapped:           355532 kB
Shmem:              5256 kB
KReclaimable:     187760 kB
Slab:             283632 kB
SReclaimable:     187760 kB
SUnreclaim:        95872 kB
KernelStack:       16960 kB
PageTables:        13452 kB
NFS_Unstable:          0 kB
Bounce:                0 kB
WritebackTmp:          0 kB
CommitLimit:     5996084 kB
Committed_AS:    5742920 kB
VmallocTotal:   34359738367 kB
VmallocUsed:       38992 kB
VmallocChunk:          0 kB
Percpu:             8512 kB
AnonHugePages:   1140736 kB
ShmemHugePages:        0 kB
ShmemPmdMapped:        0 kB
FileHugePages:         0 kB
FilePmdMapped:         0 kB
HugePages_Total:       0
HugePages_Free:        0
HugePages_Rsvd:        0
HugePages_Surp:        0
Hugepagesize:       2048 kB
Hugetlb:               0 kB
DirectMap4k:       58368 kB
DirectMap2M:     5890048 kB
DirectMap1G:    10485760 kB

Current date and time: Thu May 25 11:32:23 UTC 2023
Current memory usage:
MemTotal:        7797868 kB
MemFree:         2413212 kB
MemAvailable:    5387112 kB
Buffers:           40592 kB
Cached:          3050204 kB
SwapCached:          740 kB
Active:           592232 kB
Inactive:        4183352 kB
Active(anon):      21868 kB
Inactive(anon):  1668112 kB
Active(file):     570364 kB
Inactive(file):  2515240 kB
Unevictable:           0 kB
Mlocked:               0 kB
SwapTotal:       2097152 kB
SwapFree:        2088388 kB
Dirty:                 0 kB
Writeback:             0 kB
AnonPages:       1575076 kB
Mapped:           355508 kB
Shmem:              5260 kB
KReclaimable:     187760 kB
Slab:             283624 kB
SReclaimable:     187760 kB
SUnreclaim:        95864 kB
KernelStack:       16944 kB
PageTables:        13456 kB
NFS_Unstable:          0 kB
Bounce:                0 kB
WritebackTmp:          0 kB
CommitLimit:     5996084 kB
Committed_AS:    5742924 kB
VmallocTotal:   34359738367 kB
VmallocUsed:       38992 kB
VmallocChunk:          0 kB
Percpu:             8512 kB
AnonHugePages:   1136640 kB
ShmemHugePages:        0 kB
ShmemPmdMapped:        0 kB
FileHugePages:         0 kB
FilePmdMapped:         0 kB
HugePages_Total:       0
HugePages_Free:        0
HugePages_Rsvd:        0
HugePages_Surp:        0
Hugepagesize:       2048 kB
Hugetlb:               0 kB
DirectMap4k:       58368 kB
DirectMap2M:     5890048 kB
DirectMap1G:    10485760 kB

Current date and time: Thu May 25 11:33:22 UTC 2023
Current memory usage:
MemTotal:        7797868 kB
MemFree:         2414248 kB
MemAvailable:    5388192 kB
Buffers:           40632 kB
Cached:          3050212 kB
SwapCached:          740 kB
Active:           592276 kB
Inactive:        4183656 kB
Active(anon):      21872 kB
Inactive(anon):  1668412 kB
Active(file):     570404 kB
Inactive(file):  2515244 kB
Unevictable:           0 kB
Mlocked:               0 kB
SwapTotal:       2097152 kB
SwapFree:        2088388 kB
Dirty:                16 kB
Writeback:             0 kB
AnonPages:       1575464 kB
Mapped:           355552 kB
Shmem:              5264 kB
KReclaimable:     187760 kB
Slab:             283640 kB
SReclaimable:     187760 kB
SUnreclaim:        95880 kB
KernelStack:       16944 kB
PageTables:        13456 kB
NFS_Unstable:          0 kB
Bounce:                0 kB
WritebackTmp:          0 kB
CommitLimit:     5996084 kB
Committed_AS:    5742928 kB
VmallocTotal:   34359738367 kB
VmallocUsed:       38960 kB
VmallocChunk:          0 kB
Percpu:             8512 kB
AnonHugePages:   1136640 kB
ShmemHugePages:        0 kB
ShmemPmdMapped:        0 kB
FileHugePages:         0 kB
FilePmdMapped:         0 kB
HugePages_Total:       0
HugePages_Free:        0
HugePages_Rsvd:        0
HugePages_Surp:        0
Hugepagesize:       2048 kB
Hugetlb:               0 kB
DirectMap4k:       58368 kB
DirectMap2M:     5890048 kB
DirectMap1G:    10485760 kB

Current date and time: Thu May 25 11:34:14 UTC 2023
Current memory usage:
MemTotal:        7797868 kB
MemFree:         2403052 kB
MemAvailable:    5377388 kB
Buffers:           40800 kB
Cached:          3050436 kB
SwapCached:          740 kB
Active:           592428 kB
Inactive:        4197032 kB
Active(anon):      21872 kB
Inactive(anon):  1681564 kB
Active(file):     570556 kB
Inactive(file):  2515468 kB
Unevictable:           0 kB
Mlocked:               0 kB
SwapTotal:       2097152 kB
SwapFree:        2088388 kB
Dirty:                24 kB
Writeback:             0 kB
AnonPages:       1585964 kB
Mapped:           355644 kB
Shmem:              5268 kB
KReclaimable:     187776 kB
Slab:             283664 kB
SReclaimable:     187776 kB
SUnreclaim:        95888 kB
KernelStack:       16976 kB
PageTables:        13476 kB
NFS_Unstable:          0 kB
Bounce:                0 kB
WritebackTmp:          0 kB
CommitLimit:     5996084 kB
Committed_AS:    5753436 kB
VmallocTotal:   34359738367 kB
VmallocUsed:       38912 kB
VmallocChunk:          0 kB
Percpu:             8512 kB
AnonHugePages:   1142784 kB
ShmemHugePages:        0 kB
ShmemPmdMapped:        0 kB
FileHugePages:         0 kB
FilePmdMapped:         0 kB
HugePages_Total:       0
HugePages_Free:        0
HugePages_Rsvd:        0
HugePages_Surp:        0
Hugepagesize:       2048 kB
Hugetlb:               0 kB
DirectMap4k:       58368 kB
DirectMap2M:     5890048 kB
DirectMap1G:    10485760 kB

Current date and time: Thu May 25 11:35:22 UTC 2023
Current memory usage:
MemTotal:        7797868 kB
MemFree:         2388532 kB
MemAvailable:    5362896 kB
Buffers:           40832 kB
Cached:          3050440 kB
SwapCached:          740 kB
Active:           592484 kB
Inactive:        4215040 kB
Active(anon):      21876 kB
Inactive(anon):  1699580 kB
Active(file):     570608 kB
Inactive(file):  2515460 kB
Unevictable:           0 kB
Mlocked:               0 kB
SwapTotal:       2097152 kB
SwapFree:        2088388 kB
Dirty:                 0 kB
Writeback:             0 kB
AnonPages:       1606800 kB
Mapped:           355676 kB
Shmem:              5272 kB
KReclaimable:     187760 kB
Slab:             283668 kB
SReclaimable:     187760 kB
SUnreclaim:        95908 kB
KernelStack:       16960 kB
PageTables:        13532 kB
NFS_Unstable:          0 kB
Bounce:                0 kB
WritebackTmp:          0 kB
CommitLimit:     5996084 kB
Committed_AS:    5780132 kB
VmallocTotal:   34359738367 kB
VmallocUsed:       38912 kB
VmallocChunk:          0 kB
Percpu:             8512 kB
AnonHugePages:   1155072 kB
ShmemHugePages:        0 kB
ShmemPmdMapped:        0 kB
FileHugePages:         0 kB
FilePmdMapped:         0 kB
HugePages_Total:       0
HugePages_Free:        0
HugePages_Rsvd:        0
HugePages_Surp:        0
Hugepagesize:       2048 kB
Hugetlb:               0 kB
DirectMap4k:       58368 kB
DirectMap2M:     5890048 kB
DirectMap1G:    10485760 kB

Current date and time: Thu May 25 11:36:21 UTC 2023
Current memory usage:
MemTotal:        7797868 kB
MemFree:         2361472 kB
MemAvailable:    5335844 kB
Buffers:           40840 kB
Cached:          3050444 kB
SwapCached:          740 kB
Active:           592504 kB
Inactive:        4237952 kB
