
Current date and time: Wed May 10 16:28:08 UTC 2023
Current memory usage:
MemTotal:        7797868 kB
MemFree:         2537088 kB
MemAvailable:    5440688 kB
Buffers:           41948 kB
Cached:          2978868 kB
SwapCached:         1760 kB
Active:           539888 kB
Inactive:        4110656 kB
Active(anon):      19568 kB
Inactive(anon):  1614316 kB
Active(file):     520320 kB
Inactive(file):  2496340 kB
Unevictable:           0 kB
Mlocked:               0 kB
SwapTotal:       2097152 kB
SwapFree:        2081440 kB
Dirty:                 0 kB
Writeback:             0 kB
AnonPages:       1491980 kB
Mapped:           356632 kB
Shmem:              4256 kB
KReclaimable:     186404 kB
Slab:             282592 kB
SReclaimable:     186404 kB
SUnreclaim:        96188 kB
KernelStack:       16672 kB
PageTables:        13480 kB
NFS_Unstable:          0 kB
Bounce:                0 kB
WritebackTmp:          0 kB
CommitLimit:     5996084 kB
Committed_AS:    5713336 kB
VmallocTotal:   34359738367 kB
VmallocUsed:       38688 kB
VmallocChunk:          0 kB
Percpu:             8576 kB
AnonHugePages:    849920 kB
ShmemHugePages:        0 kB
ShmemPmdMapped:        0 kB
FileHugePages:         0 kB
FilePmdMapped:         0 kB
HugePages_Total:       0
HugePages_Free:        0
HugePages_Rsvd:        0
HugePages_Surp:        0
Hugepagesize:       2048 kB
Hugetlb:               0 kB
DirectMap4k:       68608 kB
DirectMap2M:     6928384 kB
DirectMap1G:     9437184 kB

Current date and time: Wed May 10 16:29:08 UTC 2023
Current memory usage:
MemTotal:        7797868 kB
MemFree:         2538020 kB
MemAvailable:    5441640 kB
Buffers:           41964 kB
Cached:          2978876 kB
SwapCached:         1760 kB
Active:           539908 kB
Inactive:        4110592 kB
Active(anon):      19572 kB
Inactive(anon):  1614248 kB
Active(file):     520336 kB
Inactive(file):  2496344 kB
Unevictable:           0 kB
Mlocked:               0 kB
SwapTotal:       2097152 kB
SwapFree:        2081440 kB
Dirty:                 0 kB
Writeback:             0 kB
AnonPages:       1491860 kB
Mapped:           356660 kB
Shmem:              4260 kB
KReclaimable:     186404 kB
Slab:             282636 kB
SReclaimable:     186404 kB
SUnreclaim:        96232 kB
KernelStack:       16688 kB
PageTables:        13612 kB
NFS_Unstable:          0 kB
Bounce:                0 kB
WritebackTmp:          0 kB
CommitLimit:     5996084 kB
Committed_AS:    5713340 kB
VmallocTotal:   34359738367 kB
VmallocUsed:       38672 kB
VmallocChunk:          0 kB
Percpu:             8576 kB
AnonHugePages:    849920 kB
ShmemHugePages:        0 kB
ShmemPmdMapped:        0 kB
FileHugePages:         0 kB
FilePmdMapped:         0 kB
HugePages_Total:       0
HugePages_Free:        0
HugePages_Rsvd:        0
HugePages_Surp:        0
Hugepagesize:       2048 kB
Hugetlb:               0 kB
DirectMap4k:       68608 kB
DirectMap2M:     6928384 kB
DirectMap1G:     9437184 kB

Current date and time: Wed May 10 16:30:08 UTC 2023
Current memory usage:
MemTotal:        7797868 kB
MemFree:         2535704 kB
MemAvailable:    5439316 kB
Buffers:           41972 kB
Cached:          2978880 kB
SwapCached:         1760 kB
Active:           539920 kB
Inactive:        4110488 kB
Active(anon):      19576 kB
Inactive(anon):  1614144 kB
Active(file):     520344 kB
Inactive(file):  2496344 kB
Unevictable:           0 kB
Mlocked:               0 kB
SwapTotal:       2097152 kB
SwapFree:        2081440 kB
Dirty:                 0 kB
Writeback:             0 kB
AnonPages:       1491636 kB
Mapped:           356592 kB
Shmem:              4264 kB
KReclaimable:     186388 kB
Slab:             282568 kB
SReclaimable:     186388 kB
SUnreclaim:        96180 kB
KernelStack:       16688 kB
PageTables:        13484 kB
NFS_Unstable:          0 kB
Bounce:                0 kB
WritebackTmp:          0 kB
CommitLimit:     5996084 kB
Committed_AS:    5713344 kB
VmallocTotal:   34359738367 kB
VmallocUsed:       38704 kB
VmallocChunk:          0 kB
Percpu:             8576 kB
AnonHugePages:    849920 kB
ShmemHugePages:        0 kB
ShmemPmdMapped:        0 kB
FileHugePages:         0 kB
FilePmdMapped:         0 kB
HugePages_Total:       0
HugePages_Free:        0
HugePages_Rsvd:        0
HugePages_Surp:        0
Hugepagesize:       2048 kB
Hugetlb:               0 kB
DirectMap4k:       68608 kB
DirectMap2M:     6928384 kB
DirectMap1G:     9437184 kB
