
current date and time: Sat Apr 29 05:31:08 UTC 2023
Current memory usage:
MemTotal:        7797868 kB
MemFree:         1906572 kB
MemAvailable:    5566148 kB
Buffers:           58048 kB
Cached:          3529556 kB
SwapCached:         7060 kB
Active:          1845132 kB
Inactive:        3246876 kB
Active(anon):      64812 kB
Inactive(anon):  1443828 kB
Active(file):    1780320 kB
Inactive(file):  1803048 kB
Unevictable:           0 kB
Mlocked:               0 kB
SwapTotal:       2097152 kB
SwapFree:        1986936 kB
Dirty:                 0 kB
Writeback:             0 kB
AnonPages:       1375216 kB
Mapped:           305956 kB
Shmem:              4236 kB
KReclaimable:     375672 kB
Slab:             479320 kB
SReclaimable:     375672 kB
SUnreclaim:       103648 kB
KernelStack:       17008 kB
PageTables:        13580 kB
NFS_Unstable:          0 kB
Bounce:                0 kB
WritebackTmp:          0 kB
CommitLimit:     5996084 kB
Committed_AS:    5817036 kB
VmallocTotal:   34359738367 kB
VmallocUsed:       39012 kB
VmallocChunk:          0 kB
Percpu:             8640 kB
AnonHugePages:    770048 kB
ShmemHugePages:        0 kB
ShmemPmdMapped:        0 kB
FileHugePages:         0 kB
FilePmdMapped:         0 kB
HugePages_Total:       0
HugePages_Free:        0
HugePages_Rsvd:        0
HugePages_Surp:        0
Hugepagesize:       2048 kB
Hugetlb:               0 kB
DirectMap4k:       52224 kB
DirectMap2M:     7993344 kB
DirectMap1G:     8388608 kB

current date and time: Sat Apr 29 05:32:08 UTC 2023
Current memory usage:
MemTotal:        7797868 kB
MemFree:         1908216 kB
MemAvailable:    5567856 kB
Buffers:           58056 kB
Cached:          3529616 kB
SwapCached:         7060 kB
Active:          1845148 kB
Inactive:        3246720 kB
Active(anon):      64816 kB
Inactive(anon):  1443620 kB
Active(file):    1780332 kB
Inactive(file):  1803100 kB
Unevictable:           0 kB
Mlocked:               0 kB
SwapTotal:       2097152 kB
SwapFree:        1986936 kB
Dirty:                 0 kB
Writeback:             0 kB
AnonPages:       1374888 kB
Mapped:           306020 kB
Shmem:              4240 kB
KReclaimable:     375672 kB
Slab:             479320 kB
SReclaimable:     375672 kB
SUnreclaim:       103648 kB
KernelStack:       17008 kB
PageTables:        13572 kB
NFS_Unstable:          0 kB
Bounce:                0 kB
WritebackTmp:          0 kB
CommitLimit:     5996084 kB
Committed_AS:    5817040 kB
VmallocTotal:   34359738367 kB
VmallocUsed:       39044 kB
VmallocChunk:          0 kB
Percpu:             8640 kB
AnonHugePages:    772096 kB
ShmemHugePages:        0 kB
ShmemPmdMapped:        0 kB
FileHugePages:         0 kB
FilePmdMapped:         0 kB
HugePages_Total:       0
HugePages_Free:        0
HugePages_Rsvd:        0
HugePages_Surp:        0
Hugepagesize:       2048 kB
Hugetlb:               0 kB
DirectMap4k:       52224 kB
DirectMap2M:     7993344 kB
DirectMap1G:     8388608 kB

current date and time: Sat Apr 29 05:33:07 UTC 2023
Current memory usage:
MemTotal:        7797868 kB
MemFree:         1900076 kB
MemAvailable:    5559868 kB
Buffers:           58064 kB
Cached:          3529748 kB
SwapCached:         7060 kB
Active:          1845352 kB
Inactive:        3255020 kB
Active(anon):      64820 kB
Inactive(anon):  1451984 kB
Active(file):    1780532 kB
Inactive(file):  1803036 kB
Unevictable:           0 kB
Mlocked:               0 kB
SwapTotal:       2097152 kB
SwapFree:        1986936 kB
Dirty:                 0 kB
Writeback:             0 kB
AnonPages:       1383356 kB
Mapped:           306200 kB
Shmem:              4244 kB
KReclaimable:     375688 kB
Slab:             479344 kB
SReclaimable:     375688 kB
SUnreclaim:       103656 kB
KernelStack:       17108 kB
PageTables:        13908 kB
NFS_Unstable:          0 kB
Bounce:                0 kB
WritebackTmp:          0 kB
CommitLimit:     5996084 kB
Committed_AS:    5817044 kB
VmallocTotal:   34359738367 kB
VmallocUsed:       39028 kB
VmallocChunk:          0 kB
Percpu:             8640 kB
AnonHugePages:    806912 kB
ShmemHugePages:        0 kB
ShmemPmdMapped:        0 kB
FileHugePages:         0 kB
FilePmdMapped:         0 kB
HugePages_Total:       0
HugePages_Free:        0
HugePages_Rsvd:        0
HugePages_Surp:        0
Hugepagesize:       2048 kB
Hugetlb:               0 kB
DirectMap4k:       52224 kB
DirectMap2M:     7993344 kB
DirectMap1G:     8388608 kB

current date and time: Sat Apr 29 05:34:08 UTC 2023
Current memory usage:
MemTotal:        7797868 kB
MemFree:         1905704 kB
MemAvailable:    5565520 kB
Buffers:           58072 kB
Cached:          3529752 kB
SwapCached:         7060 kB
Active:          1845364 kB
Inactive:        3254444 kB
Active(anon):      64824 kB
Inactive(anon):  1451408 kB
Active(file):    1780540 kB
Inactive(file):  1803036 kB
Unevictable:           0 kB
Mlocked:               0 kB
SwapTotal:       2097152 kB
SwapFree:        1986936 kB
Dirty:                 0 kB
Writeback:             0 kB
AnonPages:       1382724 kB
Mapped:           306016 kB
Shmem:              4248 kB
KReclaimable:     375704 kB
Slab:             479352 kB
SReclaimable:     375704 kB
SUnreclaim:       103648 kB
KernelStack:       17008 kB
PageTables:        13580 kB
NFS_Unstable:          0 kB
Bounce:                0 kB
WritebackTmp:          0 kB
CommitLimit:     5996084 kB
Committed_AS:    5817304 kB
VmallocTotal:   34359738367 kB
VmallocUsed:       38964 kB
VmallocChunk:          0 kB
Percpu:             8640 kB
AnonHugePages:    837632 kB
ShmemHugePages:        0 kB
ShmemPmdMapped:        0 kB
FileHugePages:         0 kB
FilePmdMapped:         0 kB
HugePages_Total:       0
HugePages_Free:        0
HugePages_Rsvd:        0
HugePages_Surp:        0
Hugepagesize:       2048 kB
Hugetlb:               0 kB
DirectMap4k:       52224 kB
DirectMap2M:     7993344 kB
DirectMap1G:     8388608 kB

current date and time: Sat Apr 29 05:35:08 UTC 2023
Current memory usage:
MemTotal:        7797868 kB
MemFree:         1906728 kB
MemAvailable:    5566520 kB
Buffers:           58080 kB
Cached:          3529756 kB
SwapCached:         7872 kB
Active:          1846164 kB
Inactive:        3253576 kB
Active(anon):      65616 kB
Inactive(anon):  1450540 kB
Active(file):    1780548 kB
Inactive(file):  1803036 kB
Unevictable:           0 kB
Mlocked:               0 kB
SwapTotal:       2097152 kB
SwapFree:        1986936 kB
Dirty:                 0 kB
Writeback:             0 kB
AnonPages:       1383540 kB
Mapped:           306104 kB
Shmem:              4252 kB
KReclaimable:     375672 kB
Slab:             479328 kB
SReclaimable:     375672 kB
SUnreclaim:       103656 kB
KernelStack:       17072 kB
PageTables:        13664 kB
NFS_Unstable:          0 kB
Bounce:                0 kB
WritebackTmp:          0 kB
CommitLimit:     5996084 kB
Committed_AS:    5817308 kB
VmallocTotal:   34359738367 kB
VmallocUsed:       38996 kB
VmallocChunk:          0 kB
Percpu:             8640 kB
AnonHugePages:    843776 kB
ShmemHugePages:        0 kB
ShmemPmdMapped:        0 kB
FileHugePages:         0 kB
FilePmdMapped:         0 kB
HugePages_Total:       0
HugePages_Free:        0
HugePages_Rsvd:        0
HugePages_Surp:        0
Hugepagesize:       2048 kB
Hugetlb:               0 kB
DirectMap4k:       52224 kB
DirectMap2M:     7993344 kB
DirectMap1G:     8388608 kB

current date and time: Sat Apr 29 05:36:08 UTC 2023
Current memory usage:
MemTotal:        7797868 kB
MemFree:         1915080 kB
MemAvailable:    5574892 kB
Buffers:           58096 kB
Cached:          3529764 kB
SwapCached:         7872 kB
Active:          1844136 kB
Inactive:        3250112 kB
Active(anon):      63572 kB
Inactive(anon):  1447072 kB
Active(file):    1780564 kB
Inactive(file):  1803040 kB
Unevictable:           0 kB
Mlocked:               0 kB
SwapTotal:       2097152 kB
SwapFree:        1986936 kB
Dirty:                 0 kB
Writeback:             0 kB
AnonPages:       1383816 kB
Mapped:           306160 kB
Shmem:              4256 kB
KReclaimable:     375672 kB
Slab:             479436 kB
SReclaimable:     375672 kB
SUnreclaim:       103764 kB
KernelStack:       17108 kB
PageTables:        13540 kB
NFS_Unstable:          0 kB
Bounce:                0 kB
WritebackTmp:          0 kB
CommitLimit:     5996084 kB
Committed_AS:    5817312 kB
VmallocTotal:   34359738367 kB
VmallocUsed:       38980 kB
VmallocChunk:          0 kB
Percpu:             8640 kB
AnonHugePages:    862208 kB
ShmemHugePages:        0 kB
ShmemPmdMapped:        0 kB
FileHugePages:         0 kB
FilePmdMapped:         0 kB
HugePages_Total:       0
HugePages_Free:        0
HugePages_Rsvd:        0
HugePages_Surp:        0
Hugepagesize:       2048 kB
Hugetlb:               0 kB
DirectMap4k:       52224 kB
DirectMap2M:     7993344 kB
DirectMap1G:     8388608 kB

current date and time: Sat Apr 29 05:37:08 UTC 2023
Current memory usage:
MemTotal:        7797868 kB
MemFree:         1911768 kB
MemAvailable:    5571588 kB
Buffers:           58104 kB
Cached:          3529768 kB
SwapCached:         7872 kB
Active:          1844148 kB
Inactive:        3247964 kB
Active(anon):      63576 kB
Inactive(anon):  1444924 kB
Active(file):    1780572 kB
Inactive(file):  1803040 kB
Unevictable:           0 kB
Mlocked:               0 kB
SwapTotal:       2097152 kB
SwapFree:        1986936 kB
Dirty:                 0 kB
Writeback:             0 kB
AnonPages:       1383424 kB
Mapped:           306028 kB
Shmem:              4260 kB
KReclaimable:     375672 kB
Slab:             479428 kB
SReclaimable:     375672 kB
SUnreclaim:       103756 kB
KernelStack:       17072 kB
PageTables:        13640 kB
NFS_Unstable:          0 kB
Bounce:                0 kB
WritebackTmp:          0 kB
CommitLimit:     5996084 kB
Committed_AS:    5817316 kB
VmallocTotal:   34359738367 kB
VmallocUsed:       38996 kB
VmallocChunk:          0 kB
Percpu:             8640 kB
AnonHugePages:    862208 kB
ShmemHugePages:        0 kB
ShmemPmdMapped:        0 kB
FileHugePages:         0 kB
FilePmdMapped:         0 kB
HugePages_Total:       0
HugePages_Free:        0
HugePages_Rsvd:        0
HugePages_Surp:        0
Hugepagesize:       2048 kB
Hugetlb:               0 kB
DirectMap4k:       52224 kB
DirectMap2M:     7993344 kB
DirectMap1G:     8388608 kB

current date and time: Sat Apr 29 05:38:08 UTC 2023
Current memory usage:
MemTotal:        7797868 kB
MemFree:         1907572 kB
MemAvailable:    5567400 kB
Buffers:           58112 kB
Cached:          3529772 kB
SwapCached:         7872 kB
Active:          1844160 kB
Inactive:        3249364 kB
Active(anon):      63580 kB
Inactive(anon):  1446324 kB
Active(file):    1780580 kB
Inactive(file):  1803040 kB
Unevictable:           0 kB
Mlocked:               0 kB
SwapTotal:       2097152 kB
SwapFree:        1986936 kB
Dirty:                 0 kB
Writeback:             0 kB
AnonPages:       1384936 kB
Mapped:           306148 kB
Shmem:              4264 kB
KReclaimable:     375672 kB
Slab:             479376 kB
SReclaimable:     375672 kB
SUnreclaim:       103704 kB
KernelStack:       17092 kB
PageTables:        13508 kB
NFS_Unstable:          0 kB
Bounce:                0 kB
WritebackTmp:          0 kB
CommitLimit:     5996084 kB
Committed_AS:    5817320 kB
VmallocTotal:   34359738367 kB
VmallocUsed:       39028 kB
VmallocChunk:          0 kB
Percpu:             8640 kB
AnonHugePages:    872448 kB
ShmemHugePages:        0 kB
ShmemPmdMapped:        0 kB
FileHugePages:         0 kB
FilePmdMapped:         0 kB
HugePages_Total:       0
HugePages_Free:        0
HugePages_Rsvd:        0
HugePages_Surp:        0
Hugepagesize:       2048 kB
Hugetlb:               0 kB
DirectMap4k:       52224 kB
DirectMap2M:     7993344 kB
DirectMap1G:     8388608 kB

current date and time: Sat Apr 29 05:39:07 UTC 2023
Current memory usage:
MemTotal:        7797868 kB
MemFree:         1905044 kB
MemAvailable:    5564992 kB
Buffers:           58120 kB
Cached:          3529888 kB
SwapCached:         7884 kB
Active:          1844304 kB
Inactive:        3249172 kB
Active(anon):      63600 kB
Inactive(anon):  1446136 kB
Active(file):    1780704 kB
Inactive(file):  1803036 kB
Unevictable:           0 kB
Mlocked:               0 kB
SwapTotal:       2097152 kB
SwapFree:        1986936 kB
Dirty:                 0 kB
Writeback:             0 kB
AnonPages:       1384472 kB
Mapped:           306268 kB
Shmem:              4268 kB
KReclaimable:     375672 kB
Slab:             479440 kB
SReclaimable:     375672 kB
SUnreclaim:       103768 kB
KernelStack:       17072 kB
PageTables:        13840 kB
NFS_Unstable:          0 kB
Bounce:                0 kB
WritebackTmp:          0 kB
CommitLimit:     5996084 kB
Committed_AS:    5817324 kB
VmallocTotal:   34359738367 kB
VmallocUsed:       39012 kB
VmallocChunk:          0 kB
Percpu:             8640 kB
AnonHugePages:    872448 kB
ShmemHugePages:        0 kB
ShmemPmdMapped:        0 kB
FileHugePages:         0 kB
FilePmdMapped:         0 kB
HugePages_Total:       0
HugePages_Free:        0
HugePages_Rsvd:        0
HugePages_Surp:        0
Hugepagesize:       2048 kB
Hugetlb:               0 kB
DirectMap4k:       52224 kB
DirectMap2M:     7993344 kB
DirectMap1G:     8388608 kB

current date and time: Sat Apr 29 05:40:07 UTC 2023
Current memory usage:
MemTotal:        7797868 kB
MemFree:         1903884 kB
MemAvailable:    5563872 kB
Buffers:           58128 kB
Cached:          3529892 kB
SwapCached:         7784 kB
Active:          1844216 kB
Inactive:        3249360 kB
Active(anon):      63504 kB
Inactive(anon):  1446324 kB
Active(file):    1780712 kB
Inactive(file):  1803036 kB
Unevictable:           0 kB
Mlocked:               0 kB
SwapTotal:       2097152 kB
SwapFree:        1986936 kB
Dirty:                 0 kB
Writeback:             0 kB
AnonPages:       1384384 kB
Mapped:           306256 kB
Shmem:              4272 kB
KReclaimable:     375704 kB
Slab:             479400 kB
SReclaimable:     375704 kB
SUnreclaim:       103696 kB
KernelStack:       17056 kB
PageTables:        13568 kB
NFS_Unstable:          0 kB
Bounce:                0 kB
WritebackTmp:          0 kB
CommitLimit:     5996084 kB
Committed_AS:    5817328 kB
VmallocTotal:   34359738367 kB
VmallocUsed:       39060 kB
VmallocChunk:          0 kB
Percpu:             8640 kB
AnonHugePages:    874496 kB
ShmemHugePages:        0 kB
ShmemPmdMapped:        0 kB
FileHugePages:         0 kB
FilePmdMapped:         0 kB
HugePages_Total:       0
HugePages_Free:        0
HugePages_Rsvd:        0
HugePages_Surp:        0
Hugepagesize:       2048 kB
Hugetlb:               0 kB
DirectMap4k:       52224 kB
DirectMap2M:     7993344 kB
DirectMap1G:     8388608 kB

current date and time: Sat Apr 29 05:41:08 UTC 2023
Current memory usage:
MemTotal:        7797868 kB
MemFree:         1905080 kB
MemAvailable:    5565724 kB
Buffers:           58136 kB
Cached:          3530576 kB
SwapCached:         7784 kB
Active:          1844280 kB
Inactive:        3250240 kB
Active(anon):      63508 kB
Inactive(anon):  1446576 kB
Active(file):    1780772 kB
Inactive(file):  1803664 kB
Unevictable:           0 kB
Mlocked:               0 kB
SwapTotal:       2097152 kB
SwapFree:        1986936 kB
Dirty:                 0 kB
Writeback:             0 kB
AnonPages:       1384548 kB
Mapped:           306188 kB
Shmem:              4276 kB
KReclaimable:     375672 kB
Slab:             479308 kB
SReclaimable:     375672 kB
SUnreclaim:       103636 kB
KernelStack:       17072 kB
PageTables:        13628 kB
NFS_Unstable:          0 kB
Bounce:                0 kB
WritebackTmp:          0 kB
CommitLimit:     5996084 kB
Committed_AS:    5817464 kB
VmallocTotal:   34359738367 kB
VmallocUsed:       39092 kB
VmallocChunk:          0 kB
Percpu:             8640 kB
AnonHugePages:    874496 kB
ShmemHugePages:        0 kB
ShmemPmdMapped:        0 kB
FileHugePages:         0 kB
FilePmdMapped:         0 kB
HugePages_Total:       0
HugePages_Free:        0
HugePages_Rsvd:        0
HugePages_Surp:        0
Hugepagesize:       2048 kB
Hugetlb:               0 kB
DirectMap4k:       52224 kB
DirectMap2M:     7993344 kB
DirectMap1G:     8388608 kB

current date and time: Sat Apr 29 05:42:08 UTC 2023
Current memory usage:
MemTotal:        7797868 kB
MemFree:         1905568 kB
MemAvailable:    5566220 kB
Buffers:           58144 kB
Cached:          3530580 kB
SwapCached:         7720 kB
Active:          1844212 kB
Inactive:        3250228 kB
Active(anon):      63432 kB
Inactive(anon):  1446564 kB
Active(file):    1780780 kB
Inactive(file):  1803664 kB
Unevictable:           0 kB
Mlocked:               0 kB
SwapTotal:       2097152 kB
SwapFree:        1986936 kB
Dirty:                 0 kB
Writeback:             0 kB
AnonPages:       1384632 kB
Mapped:           306128 kB
Shmem:              4280 kB
KReclaimable:     375672 kB
Slab:             479368 kB
SReclaimable:     375672 kB
SUnreclaim:       103696 kB
KernelStack:       17088 kB
PageTables:        13572 kB
NFS_Unstable:          0 kB
Bounce:                0 kB
WritebackTmp:          0 kB
CommitLimit:     5996084 kB
Committed_AS:    5817468 kB
VmallocTotal:   34359738367 kB
VmallocUsed:       39060 kB
VmallocChunk:          0 kB
Percpu:             8640 kB
AnonHugePages:    876544 kB
ShmemHugePages:        0 kB
ShmemPmdMapped:        0 kB
FileHugePages:         0 kB
FilePmdMapped:         0 kB
HugePages_Total:       0
HugePages_Free:        0
HugePages_Rsvd:        0
HugePages_Surp:        0
Hugepagesize:       2048 kB
Hugetlb:               0 kB
DirectMap4k:       52224 kB
DirectMap2M:     7993344 kB
DirectMap1G:     8388608 kB

current date and time: Sat Apr 29 05:43:08 UTC 2023
Current memory usage:
MemTotal:        7797868 kB
MemFree:         1906696 kB
MemAvailable:    5567372 kB
Buffers:           58152 kB
Cached:          3530584 kB
SwapCached:         7720 kB
Active:          1844224 kB
Inactive:        3250424 kB
Active(anon):      63436 kB
Inactive(anon):  1446760 kB
Active(file):    1780788 kB
Inactive(file):  1803664 kB
Unevictable:           0 kB
Mlocked:               0 kB
SwapTotal:       2097152 kB
SwapFree:        1986936 kB
Dirty:                 0 kB
Writeback:             0 kB
AnonPages:       1384652 kB
Mapped:           306356 kB
Shmem:              4284 kB
KReclaimable:     375688 kB
Slab:             479376 kB
SReclaimable:     375688 kB
SUnreclaim:       103688 kB
KernelStack:       17088 kB
PageTables:        13584 kB
NFS_Unstable:          0 kB
Bounce:                0 kB
WritebackTmp:          0 kB
CommitLimit:     5996084 kB
Committed_AS:    5817472 kB
VmallocTotal:   34359738367 kB
VmallocUsed:       39060 kB
VmallocChunk:          0 kB
Percpu:             8640 kB
AnonHugePages:    876544 kB
ShmemHugePages:        0 kB
ShmemPmdMapped:        0 kB
FileHugePages:         0 kB
FilePmdMapped:         0 kB
HugePages_Total:       0
HugePages_Free:        0
HugePages_Rsvd:        0
HugePages_Surp:        0
Hugepagesize:       2048 kB
Hugetlb:               0 kB
DirectMap4k:       52224 kB
DirectMap2M:     7993344 kB
DirectMap1G:     8388608 kB

Current date and time: Sat Apr 29 05:44:08 UTC 2023
Current memory usage:
MemTotal:        7797868 kB
MemFree:         1900080 kB
MemAvailable:    5560744 kB
Buffers:           58168 kB
Cached:          3530592 kB
SwapCached:         7720 kB
Active:          1844248 kB
Inactive:        3250464 kB
Active(anon):      63444 kB
Inactive(anon):  1446796 kB
Active(file):    1780804 kB
Inactive(file):  1803668 kB
Unevictable:           0 kB
Mlocked:               0 kB
SwapTotal:       2097152 kB
SwapFree:        1986936 kB
Dirty:                 0 kB
Writeback:             0 kB
AnonPages:       1384864 kB
Mapped:           306420 kB
Shmem:              4288 kB
KReclaimable:     375656 kB
Slab:             479300 kB
SReclaimable:     375656 kB
SUnreclaim:       103644 kB
KernelStack:       17072 kB
PageTables:        13628 kB
NFS_Unstable:          0 kB
Bounce:                0 kB
WritebackTmp:          0 kB
CommitLimit:     5996084 kB
Committed_AS:    5817476 kB
VmallocTotal:   34359738367 kB
VmallocUsed:       39060 kB
VmallocChunk:          0 kB
Percpu:             8640 kB
AnonHugePages:    876544 kB
ShmemHugePages:        0 kB
ShmemPmdMapped:        0 kB
FileHugePages:         0 kB
FilePmdMapped:         0 kB
HugePages_Total:       0
HugePages_Free:        0
HugePages_Rsvd:        0
HugePages_Surp:        0
Hugepagesize:       2048 kB
Hugetlb:               0 kB
DirectMap4k:       52224 kB
DirectMap2M:     7993344 kB
DirectMap1G:     8388608 kB

Current date and time: Sat Apr 29 05:45:08 UTC 2023
Current memory usage:
MemTotal:        7797868 kB
MemFree:         1666916 kB
MemAvailable:    5511552 kB
Buffers:          100424 kB
Cached:          3671972 kB
SwapCached:         6132 kB
Active:          2026728 kB
Inactive:        3303800 kB
Active(anon):      58464 kB
Inactive(anon):  1504116 kB
Active(file):    1968264 kB
Inactive(file):  1799684 kB
Unevictable:           0 kB
Mlocked:               0 kB
SwapTotal:       2097152 kB
SwapFree:        2040440 kB
Dirty:                20 kB
Writeback:             0 kB
AnonPages:       1419048 kB
Mapped:           344268 kB
Shmem:              4448 kB
KReclaimable:     376152 kB
Slab:             480096 kB
SReclaimable:     376152 kB
SUnreclaim:       103944 kB
KernelStack:       17920 kB
PageTables:        13640 kB
NFS_Unstable:          0 kB
Bounce:                0 kB
WritebackTmp:          0 kB
CommitLimit:     5996084 kB
Committed_AS:    5830468 kB
VmallocTotal:   34359738367 kB
VmallocUsed:       39876 kB
VmallocChunk:          0 kB
Percpu:             8832 kB
AnonHugePages:    753664 kB
ShmemHugePages:        0 kB
ShmemPmdMapped:        0 kB
FileHugePages:         0 kB
FilePmdMapped:         0 kB
HugePages_Total:       0
HugePages_Free:        0
HugePages_Rsvd:        0
HugePages_Surp:        0
Hugepagesize:       2048 kB
Hugetlb:               0 kB
DirectMap4k:       68608 kB
DirectMap2M:     7976960 kB
DirectMap1G:     8388608 kB

Current date and time: Sat Apr 29 05:46:08 UTC 2023
Current memory usage:
MemTotal:        7797868 kB
MemFree:         1659252 kB
MemAvailable:    5507868 kB
Buffers:          100440 kB
Cached:          3675956 kB
SwapCached:         6144 kB
Active:          2028520 kB
Inactive:        3308880 kB
Active(anon):      58504 kB
Inactive(anon):  1506952 kB
Active(file):    1970016 kB
Inactive(file):  1801928 kB
Unevictable:           0 kB
Mlocked:               0 kB
SwapTotal:       2097152 kB
SwapFree:        2040440 kB
Dirty:                 0 kB
Writeback:             0 kB
AnonPages:       1421684 kB
Mapped:           346608 kB
Shmem:              4452 kB
KReclaimable:     376136 kB
Slab:             480080 kB
SReclaimable:     376136 kB
SUnreclaim:       103944 kB
KernelStack:       17920 kB
PageTables:        13836 kB
NFS_Unstable:          0 kB
Bounce:                0 kB
WritebackTmp:          0 kB
CommitLimit:     5996084 kB
Committed_AS:    5830472 kB
VmallocTotal:   34359738367 kB
VmallocUsed:       39860 kB
VmallocChunk:          0 kB
Percpu:             8832 kB
AnonHugePages:    753664 kB
ShmemHugePages:        0 kB
ShmemPmdMapped:        0 kB
FileHugePages:         0 kB
FilePmdMapped:         0 kB
HugePages_Total:       0
HugePages_Free:        0
HugePages_Rsvd:        0
HugePages_Surp:        0
Hugepagesize:       2048 kB
Hugetlb:               0 kB
DirectMap4k:       68608 kB
DirectMap2M:     7976960 kB
DirectMap1G:     8388608 kB

Current date and time: Sat Apr 29 05:47:08 UTC 2023
Current memory usage:
MemTotal:        7797868 kB
MemFree:         1668136 kB
MemAvailable:    5516816 kB
Buffers:          100488 kB
Cached:          3675960 kB
SwapCached:         6144 kB
Active:          2028584 kB
Inactive:        3300492 kB
Active(anon):      58508 kB
Inactive(anon):  1498576 kB
Active(file):    1970076 kB
Inactive(file):  1801916 kB
Unevictable:           0 kB
Mlocked:               0 kB
SwapTotal:       2097152 kB
SwapFree:        2040440 kB
Dirty:                 0 kB
Writeback:             0 kB
AnonPages:       1411448 kB
Mapped:           346308 kB
Shmem:              4456 kB
KReclaimable:     376152 kB
Slab:             480224 kB
SReclaimable:     376152 kB
SUnreclaim:       104072 kB
KernelStack:       17952 kB
PageTables:        13912 kB
NFS_Unstable:          0 kB
Bounce:                0 kB
WritebackTmp:          0 kB
CommitLimit:     5996084 kB
Committed_AS:    5830476 kB
VmallocTotal:   34359738367 kB
VmallocUsed:       39876 kB
VmallocChunk:          0 kB
Percpu:             8832 kB
AnonHugePages:    751616 kB
ShmemHugePages:        0 kB
ShmemPmdMapped:        0 kB
FileHugePages:         0 kB
FilePmdMapped:         0 kB
HugePages_Total:       0
HugePages_Free:        0
HugePages_Rsvd:        0
HugePages_Surp:        0
Hugepagesize:       2048 kB
Hugetlb:               0 kB
DirectMap4k:       68608 kB
DirectMap2M:     7976960 kB
DirectMap1G:     8388608 kB

Current date and time: Sat Apr 29 05:48:07 UTC 2023
Current memory usage:
MemTotal:        7797868 kB
MemFree:         1671752 kB
MemAvailable:    5520440 kB
Buffers:          100496 kB
Cached:          3675964 kB
SwapCached:         6144 kB
Active:          2028596 kB
Inactive:        3296616 kB
Active(anon):      58512 kB
Inactive(anon):  1494700 kB
Active(file):    1970084 kB
Inactive(file):  1801916 kB
Unevictable:           0 kB
Mlocked:               0 kB
SwapTotal:       2097152 kB
SwapFree:        2040440 kB
Dirty:                 0 kB
Writeback:             0 kB
AnonPages:       1407228 kB
Mapped:           346700 kB
Shmem:              4460 kB
KReclaimable:     376152 kB
Slab:             480132 kB
SReclaimable:     376152 kB
SUnreclaim:       103980 kB
KernelStack:       17920 kB
PageTables:        13644 kB
NFS_Unstable:          0 kB
Bounce:                0 kB
WritebackTmp:          0 kB
CommitLimit:     5996084 kB
Committed_AS:    5830480 kB
VmallocTotal:   34359738367 kB
VmallocUsed:       39860 kB
VmallocChunk:          0 kB
Percpu:             8832 kB
AnonHugePages:    751616 kB
ShmemHugePages:        0 kB
ShmemPmdMapped:        0 kB
FileHugePages:         0 kB
FilePmdMapped:         0 kB
HugePages_Total:       0
HugePages_Free:        0
HugePages_Rsvd:        0
HugePages_Surp:        0
Hugepagesize:       2048 kB
Hugetlb:               0 kB
DirectMap4k:       68608 kB
DirectMap2M:     7976960 kB
DirectMap1G:     8388608 kB

Current date and time: Sat Apr 29 05:49:07 UTC 2023
Current memory usage:
MemTotal:        7797868 kB
MemFree:         1659604 kB
MemAvailable:    5512788 kB
Buffers:          103304 kB
Cached:          3676476 kB
SwapCached:         6180 kB
Active:          2032560 kB
Inactive:        3304132 kB
Active(anon):      58560 kB
Inactive(anon):  1502828 kB
Active(file):    1974000 kB
Inactive(file):  1801304 kB
Unevictable:           0 kB
Mlocked:               0 kB
SwapTotal:       2097152 kB
SwapFree:        2040696 kB
Dirty:                 0 kB
Writeback:             0 kB
AnonPages:       1415140 kB
Mapped:           348632 kB
Shmem:              4476 kB
KReclaimable:     377344 kB
Slab:             481416 kB
SReclaimable:     377344 kB
SUnreclaim:       104072 kB
KernelStack:       17952 kB
PageTables:        13768 kB
NFS_Unstable:          0 kB
Bounce:                0 kB
WritebackTmp:          0 kB
CommitLimit:     5996084 kB
Committed_AS:    5830496 kB
VmallocTotal:   34359738367 kB
VmallocUsed:       39940 kB
VmallocChunk:          0 kB
Percpu:             8832 kB
AnonHugePages:    751616 kB
ShmemHugePages:        0 kB
ShmemPmdMapped:        0 kB
FileHugePages:         0 kB
FilePmdMapped:         0 kB
HugePages_Total:       0
HugePages_Free:        0
HugePages_Rsvd:        0
HugePages_Surp:        0
Hugepagesize:       2048 kB
Hugetlb:               0 kB
DirectMap4k:       68608 kB
DirectMap2M:     7976960 kB
DirectMap1G:     8388608 kB

Current date and time: Sat Apr 29 05:50:08 UTC 2023
Current memory usage:
MemTotal:        7797868 kB
MemFree:         1656476 kB
MemAvailable:    5509684 kB
Buffers:          103320 kB
Cached:          3676484 kB
SwapCached:         6180 kB
Active:          2032584 kB
Inactive:        3302200 kB
Active(anon):      58568 kB
Inactive(anon):  1500892 kB
Active(file):    1974016 kB
Inactive(file):  1801308 kB
Unevictable:           0 kB
Mlocked:               0 kB
SwapTotal:       2097152 kB
SwapFree:        2040696 kB
Dirty:                 0 kB
Writeback:             0 kB
AnonPages:       1412832 kB
Mapped:           348176 kB
Shmem:              4480 kB
KReclaimable:     377348 kB
Slab:             481380 kB
SReclaimable:     377348 kB
SUnreclaim:       104032 kB
KernelStack:       17104 kB
PageTables:        13636 kB
NFS_Unstable:          0 kB
Bounce:                0 kB
WritebackTmp:          0 kB
CommitLimit:     5996084 kB
Committed_AS:    5830500 kB
VmallocTotal:   34359738367 kB
VmallocUsed:       39092 kB
VmallocChunk:          0 kB
Percpu:             8832 kB
AnonHugePages:    751616 kB
ShmemHugePages:        0 kB
ShmemPmdMapped:        0 kB
FileHugePages:         0 kB
FilePmdMapped:         0 kB
HugePages_Total:       0
HugePages_Free:        0
HugePages_Rsvd:        0
HugePages_Surp:        0
Hugepagesize:       2048 kB
Hugetlb:               0 kB
DirectMap4k:       68608 kB
DirectMap2M:     7976960 kB
DirectMap1G:     8388608 kB

Current date and time: Sat Apr 29 05:51:09 UTC 2023
Current memory usage:
MemTotal:        7797868 kB
MemFree:         1657636 kB
MemAvailable:    5510840 kB
Buffers:          103328 kB
Cached:          3676488 kB
SwapCached:         6156 kB
Active:          2032560 kB
Inactive:        3301000 kB
Active(anon):      58536 kB
Inactive(anon):  1499692 kB
Active(file):    1974024 kB
Inactive(file):  1801308 kB
Unevictable:           0 kB
Mlocked:               0 kB
SwapTotal:       2097152 kB
SwapFree:        2040696 kB
Dirty:                 0 kB
Writeback:             0 kB
AnonPages:       1411184 kB
Mapped:           348516 kB
Shmem:              4484 kB
KReclaimable:     377336 kB
Slab:             481444 kB
SReclaimable:     377336 kB
SUnreclaim:       104108 kB
KernelStack:       17120 kB
PageTables:        13916 kB
NFS_Unstable:          0 kB
Bounce:                0 kB
WritebackTmp:          0 kB
CommitLimit:     5996084 kB
Committed_AS:    5830504 kB
VmallocTotal:   34359738367 kB
VmallocUsed:       39060 kB
VmallocChunk:          0 kB
Percpu:             8832 kB
AnonHugePages:    755712 kB
ShmemHugePages:        0 kB
ShmemPmdMapped:        0 kB
FileHugePages:         0 kB
FilePmdMapped:         0 kB
HugePages_Total:       0
HugePages_Free:        0
HugePages_Rsvd:        0
HugePages_Surp:        0
Hugepagesize:       2048 kB
Hugetlb:               0 kB
DirectMap4k:       68608 kB
DirectMap2M:     7976960 kB
DirectMap1G:     8388608 kB

Current date and time: Sat Apr 29 05:52:08 UTC 2023
Current memory usage:
MemTotal:        7797868 kB
MemFree:         1591728 kB
MemAvailable:    5514460 kB
Buffers:          125152 kB
Cached:          3724196 kB
SwapCached:         6156 kB
Active:          2087480 kB
Inactive:        3316816 kB
Active(anon):      58552 kB
Inactive(anon):  1500888 kB
Active(file):    2028928 kB
Inactive(file):  1815928 kB
Unevictable:           0 kB
Mlocked:               0 kB
SwapTotal:       2097152 kB
SwapFree:        2040696 kB
Dirty:                 0 kB
Writeback:             0 kB
AnonPages:       1411632 kB
Mapped:           348736 kB
Shmem:              4492 kB
KReclaimable:     377340 kB
Slab:             481376 kB
SReclaimable:     377340 kB
SUnreclaim:       104036 kB
KernelStack:       17136 kB
PageTables:        13636 kB
NFS_Unstable:          0 kB
Bounce:                0 kB
WritebackTmp:          0 kB
CommitLimit:     5996084 kB
Committed_AS:    5830512 kB
VmallocTotal:   34359738367 kB
VmallocUsed:       39140 kB
VmallocChunk:          0 kB
Percpu:             8832 kB
AnonHugePages:    755712 kB
ShmemHugePages:        0 kB
ShmemPmdMapped:        0 kB
FileHugePages:         0 kB
FilePmdMapped:         0 kB
HugePages_Total:       0
HugePages_Free:        0
HugePages_Rsvd:        0
HugePages_Surp:        0
Hugepagesize:       2048 kB
Hugetlb:               0 kB
DirectMap4k:       68608 kB
DirectMap2M:     7976960 kB
DirectMap1G:     8388608 kB

Current date and time: Sat Apr 29 05:53:08 UTC 2023
Current memory usage:
MemTotal:        7797868 kB
MemFree:         1589540 kB
MemAvailable:    5512324 kB
Buffers:          125160 kB
Cached:          3724244 kB
SwapCached:         6152 kB
Active:          2118216 kB
Inactive:        3282008 kB
Active(anon):      58540 kB
Inactive(anon):  1496776 kB
Active(file):    2059676 kB
Inactive(file):  1785232 kB
Unevictable:           0 kB
Mlocked:               0 kB
SwapTotal:       2097152 kB
SwapFree:        2040696 kB
Dirty:                 0 kB
Writeback:             0 kB
AnonPages:       1407424 kB
Mapped:           348884 kB
Shmem:              4496 kB
KReclaimable:     377340 kB
Slab:             481360 kB
SReclaimable:     377340 kB
SUnreclaim:       104020 kB
KernelStack:       17136 kB
PageTables:        13648 kB
NFS_Unstable:          0 kB
Bounce:                0 kB
WritebackTmp:          0 kB
CommitLimit:     5996084 kB
Committed_AS:    5830516 kB
VmallocTotal:   34359738367 kB
VmallocUsed:       39124 kB
VmallocChunk:          0 kB
Percpu:             8832 kB
AnonHugePages:    757760 kB
ShmemHugePages:        0 kB
ShmemPmdMapped:        0 kB
FileHugePages:         0 kB
FilePmdMapped:         0 kB
HugePages_Total:       0
HugePages_Free:        0
HugePages_Rsvd:        0
HugePages_Surp:        0
Hugepagesize:       2048 kB
Hugetlb:               0 kB
DirectMap4k:       68608 kB
DirectMap2M:     7976960 kB
DirectMap1G:     8388608 kB

Current date and time: Sat Apr 29 05:54:08 UTC 2023
Current memory usage:
MemTotal:        7797868 kB
MemFree:         1415240 kB
MemAvailable:    5511976 kB
Buffers:          390564 kB
Cached:          3728584 kB
SwapCached:         6168 kB
Active:          2389180 kB
Inactive:        3289036 kB
Active(anon):      58560 kB
Inactive(anon):  1505140 kB
Active(file):    2330620 kB
Inactive(file):  1783896 kB
Unevictable:           0 kB
Mlocked:               0 kB
SwapTotal:       2097152 kB
SwapFree:        2040696 kB
Dirty:            111884 kB
Writeback:             0 kB
AnonPages:       1415436 kB
Mapped:           352104 kB
Shmem:              4508 kB
KReclaimable:     281684 kB
Slab:             383248 kB
SReclaimable:     281684 kB
SUnreclaim:       101564 kB
KernelStack:       17136 kB
PageTables:        13648 kB
NFS_Unstable:          0 kB
Bounce:                0 kB
WritebackTmp:          0 kB
CommitLimit:     5996084 kB
Committed_AS:    5830528 kB
VmallocTotal:   34359738367 kB
VmallocUsed:       39108 kB
VmallocChunk:          0 kB
Percpu:             8832 kB
AnonHugePages:    757760 kB
ShmemHugePages:        0 kB
ShmemPmdMapped:        0 kB
FileHugePages:         0 kB
FilePmdMapped:         0 kB
HugePages_Total:       0
HugePages_Free:        0
HugePages_Rsvd:        0
HugePages_Surp:        0
Hugepagesize:       2048 kB
Hugetlb:               0 kB
DirectMap4k:       68608 kB
DirectMap2M:     7976960 kB
DirectMap1G:     8388608 kB

Current date and time: Sat Apr 29 05:55:08 UTC 2023
Current memory usage:
MemTotal:        7797868 kB
MemFree:         1412304 kB
MemAvailable:    5508728 kB
Buffers:          390744 kB
Cached:          3728588 kB
SwapCached:         6168 kB
Active:          2389408 kB
Inactive:        3288636 kB
Active(anon):      58564 kB
Inactive(anon):  1504660 kB
Active(file):    2330844 kB
Inactive(file):  1783976 kB
Unevictable:           0 kB
Mlocked:               0 kB
SwapTotal:       2097152 kB
SwapFree:        2040696 kB
Dirty:                 0 kB
Writeback:             0 kB
AnonPages:       1414580 kB
Mapped:           352004 kB
Shmem:              4512 kB
KReclaimable:     281068 kB
Slab:             382736 kB
SReclaimable:     281068 kB
SUnreclaim:       101668 kB
KernelStack:       17152 kB
PageTables:        13780 kB
NFS_Unstable:          0 kB
Bounce:                0 kB
WritebackTmp:          0 kB
CommitLimit:     5996084 kB
Committed_AS:    5830532 kB
VmallocTotal:   34359738367 kB
VmallocUsed:       39092 kB
VmallocChunk:          0 kB
Percpu:             8832 kB
AnonHugePages:    757760 kB
ShmemHugePages:        0 kB
ShmemPmdMapped:        0 kB
FileHugePages:         0 kB
FilePmdMapped:         0 kB
HugePages_Total:       0
HugePages_Free:        0
HugePages_Rsvd:        0
HugePages_Surp:        0
Hugepagesize:       2048 kB
Hugetlb:               0 kB
DirectMap4k:       68608 kB
DirectMap2M:     7976960 kB
DirectMap1G:     8388608 kB

Current date and time: Sat Apr 29 05:56:07 UTC 2023
Current memory usage:
MemTotal:        7797868 kB
MemFree:         1420348 kB
MemAvailable:    5513188 kB
Buffers:          390752 kB
Cached:          3728592 kB
SwapCached:         6168 kB
Active:          2389388 kB
Inactive:        3283952 kB
Active(anon):      58568 kB
Inactive(anon):  1499976 kB
Active(file):    2330820 kB
Inactive(file):  1783976 kB
Unevictable:           0 kB
Mlocked:               0 kB
SwapTotal:       2097152 kB
SwapFree:        2040696 kB
Dirty:                 0 kB
Writeback:             0 kB
AnonPages:       1409708 kB
Mapped:           352084 kB
Shmem:              4516 kB
KReclaimable:     277508 kB
Slab:             379144 kB
SReclaimable:     277508 kB
SUnreclaim:       101636 kB
KernelStack:       17136 kB
PageTables:        13640 kB
NFS_Unstable:          0 kB
Bounce:                0 kB
WritebackTmp:          0 kB
CommitLimit:     5996084 kB
Committed_AS:    5830536 kB
VmallocTotal:   34359738367 kB
VmallocUsed:       39156 kB
VmallocChunk:          0 kB
Percpu:             8832 kB
AnonHugePages:    757760 kB
ShmemHugePages:        0 kB
ShmemPmdMapped:        0 kB
FileHugePages:         0 kB
FilePmdMapped:         0 kB
HugePages_Total:       0
HugePages_Free:        0
HugePages_Rsvd:        0
HugePages_Surp:        0
Hugepagesize:       2048 kB
Hugetlb:               0 kB
DirectMap4k:       68608 kB
DirectMap2M:     7976960 kB
DirectMap1G:     8388608 kB

Current date and time: Sat Apr 29 05:57:08 UTC 2023
Current memory usage:
MemTotal:        7797868 kB
MemFree:         1423792 kB
MemAvailable:    5516656 kB
Buffers:          390760 kB
Cached:          3728596 kB
SwapCached:         6168 kB
Active:          2389432 kB
Inactive:        3283824 kB
Active(anon):      58572 kB
Inactive(anon):  1499848 kB
Active(file):    2330860 kB
Inactive(file):  1783976 kB
Unevictable:           0 kB
Mlocked:               0 kB
SwapTotal:       2097152 kB
SwapFree:        2040696 kB
Dirty:                 0 kB
Writeback:             0 kB
AnonPages:       1409416 kB
Mapped:           351924 kB
Shmem:              4520 kB
KReclaimable:     277492 kB
Slab:             379212 kB
SReclaimable:     277492 kB
SUnreclaim:       101720 kB
KernelStack:       17152 kB
PageTables:        13728 kB
NFS_Unstable:          0 kB
Bounce:                0 kB
WritebackTmp:          0 kB
CommitLimit:     5996084 kB
Committed_AS:    5830540 kB
VmallocTotal:   34359738367 kB
VmallocUsed:       39124 kB
VmallocChunk:          0 kB
Percpu:             8832 kB
AnonHugePages:    757760 kB
ShmemHugePages:        0 kB
ShmemPmdMapped:        0 kB
FileHugePages:         0 kB
FilePmdMapped:         0 kB
HugePages_Total:       0
HugePages_Free:        0
HugePages_Rsvd:        0
HugePages_Surp:        0
Hugepagesize:       2048 kB
Hugetlb:               0 kB
DirectMap4k:       68608 kB
DirectMap2M:     7976960 kB
DirectMap1G:     8388608 kB

Current date and time: Sat Apr 29 05:58:08 UTC 2023
Current memory usage:
MemTotal:        7797868 kB
MemFree:         1427444 kB
MemAvailable:    5520408 kB
Buffers:          390776 kB
Cached:          3728604 kB
SwapCached:         6168 kB
Active:          2389476 kB
Inactive:        3277152 kB
Active(anon):      58576 kB
Inactive(anon):  1493196 kB
Active(file):    2330900 kB
Inactive(file):  1783956 kB
Unevictable:           0 kB
Mlocked:               0 kB
SwapTotal:       2097152 kB
SwapFree:        2040696 kB
Dirty:                 0 kB
Writeback:             0 kB
AnonPages:       1402624 kB
Mapped:           351976 kB
Shmem:              4524 kB
KReclaimable:     277572 kB
Slab:             379208 kB
SReclaimable:     277572 kB
SUnreclaim:       101636 kB
KernelStack:       17120 kB
PageTables:        13644 kB
NFS_Unstable:          0 kB
Bounce:                0 kB
WritebackTmp:          0 kB
CommitLimit:     5996084 kB
Committed_AS:    5830544 kB
VmallocTotal:   34359738367 kB
VmallocUsed:       39124 kB
VmallocChunk:          0 kB
Percpu:             8832 kB
AnonHugePages:    757760 kB
ShmemHugePages:        0 kB
ShmemPmdMapped:        0 kB
FileHugePages:         0 kB
FilePmdMapped:         0 kB
HugePages_Total:       0
HugePages_Free:        0
HugePages_Rsvd:        0
HugePages_Surp:        0
Hugepagesize:       2048 kB
Hugetlb:               0 kB
DirectMap4k:       68608 kB
DirectMap2M:     7976960 kB
DirectMap1G:     8388608 kB

Current date and time: Sat Apr 29 05:59:07 UTC 2023
Current memory usage:
MemTotal:        7797868 kB
MemFree:         1427036 kB
MemAvailable:    5519976 kB
Buffers:          390784 kB
Cached:          3728608 kB
SwapCached:         6168 kB
Active:          2389488 kB
Inactive:        3277420 kB
Active(anon):      58580 kB
Inactive(anon):  1493464 kB
Active(file):    2330908 kB
Inactive(file):  1783956 kB
Unevictable:           0 kB
Mlocked:               0 kB
SwapTotal:       2097152 kB
SwapFree:        2040696 kB
Dirty:                 0 kB
Writeback:             0 kB
AnonPages:       1402948 kB
Mapped:           351756 kB
Shmem:              4528 kB
KReclaimable:     277540 kB
Slab:             379172 kB
SReclaimable:     277540 kB
SUnreclaim:       101632 kB
KernelStack:       17120 kB
PageTables:        13648 kB
NFS_Unstable:          0 kB
Bounce:                0 kB
WritebackTmp:          0 kB
CommitLimit:     5996084 kB
Committed_AS:    5830548 kB
VmallocTotal:   34359738367 kB
VmallocUsed:       39076 kB
VmallocChunk:          0 kB
Percpu:             8832 kB
AnonHugePages:    757760 kB
ShmemHugePages:        0 kB
ShmemPmdMapped:        0 kB
FileHugePages:         0 kB
FilePmdMapped:         0 kB
HugePages_Total:       0
HugePages_Free:        0
HugePages_Rsvd:        0
HugePages_Surp:        0
Hugepagesize:       2048 kB
Hugetlb:               0 kB
DirectMap4k:       68608 kB
DirectMap2M:     7976960 kB
DirectMap1G:     8388608 kB

Current date and time: Sat Apr 29 06:00:08 UTC 2023
Current memory usage:
MemTotal:        7797868 kB
MemFree:         1420252 kB
MemAvailable:    5513216 kB
Buffers:          390792 kB
Cached:          3728612 kB
SwapCached:         6168 kB
Active:          2389500 kB
Inactive:        3281748 kB
Active(anon):      58584 kB
Inactive(anon):  1497792 kB
Active(file):    2330916 kB
Inactive(file):  1783956 kB
Unevictable:           0 kB
Mlocked:               0 kB
SwapTotal:       2097152 kB
SwapFree:        2040696 kB
Dirty:                 0 kB
Writeback:             0 kB
AnonPages:       1407020 kB
Mapped:           352080 kB
Shmem:              4532 kB
KReclaimable:     277556 kB
Slab:             379188 kB
SReclaimable:     277556 kB
SUnreclaim:       101632 kB
KernelStack:       17120 kB
PageTables:        13644 kB
NFS_Unstable:          0 kB
Bounce:                0 kB
WritebackTmp:          0 kB
CommitLimit:     5996084 kB
Committed_AS:    5830552 kB
VmallocTotal:   34359738367 kB
VmallocUsed:       39124 kB
VmallocChunk:          0 kB
Percpu:             8832 kB
AnonHugePages:    761856 kB
ShmemHugePages:        0 kB
ShmemPmdMapped:        0 kB
FileHugePages:         0 kB
FilePmdMapped:         0 kB
HugePages_Total:       0
HugePages_Free:        0
HugePages_Rsvd:        0
HugePages_Surp:        0
Hugepagesize:       2048 kB
Hugetlb:               0 kB
DirectMap4k:       68608 kB
DirectMap2M:     7976960 kB
DirectMap1G:     8388608 kB

Current date and time: Sat Apr 29 06:01:08 UTC 2023
Current memory usage:
MemTotal:        7797868 kB
MemFree:         1417408 kB
MemAvailable:    5510412 kB
Buffers:          390800 kB
Cached:          3728616 kB
SwapCached:         6168 kB
Active:          2389512 kB
Inactive:        3282380 kB
Active(anon):      58588 kB
Inactive(anon):  1498424 kB
Active(file):    2330924 kB
Inactive(file):  1783956 kB
Unevictable:           0 kB
Mlocked:               0 kB
SwapTotal:       2097152 kB
SwapFree:        2040696 kB
Dirty:                 0 kB
Writeback:             0 kB
AnonPages:       1407400 kB
Mapped:           351932 kB
Shmem:              4536 kB
KReclaimable:     277588 kB
Slab:             379164 kB
SReclaimable:     277588 kB
SUnreclaim:       101576 kB
KernelStack:       17104 kB
PageTables:        13896 kB
NFS_Unstable:          0 kB
Bounce:                0 kB
WritebackTmp:          0 kB
CommitLimit:     5996084 kB
Committed_AS:    5830556 kB
VmallocTotal:   34359738367 kB
VmallocUsed:       39108 kB
VmallocChunk:          0 kB
Percpu:             8832 kB
AnonHugePages:    761856 kB
ShmemHugePages:        0 kB
ShmemPmdMapped:        0 kB
FileHugePages:         0 kB
FilePmdMapped:         0 kB
HugePages_Total:       0
HugePages_Free:        0
HugePages_Rsvd:        0
HugePages_Surp:        0
Hugepagesize:       2048 kB
Hugetlb:               0 kB
DirectMap4k:       68608 kB
DirectMap2M:     7976960 kB
DirectMap1G:     8388608 kB

Current date and time: Sat Apr 29 06:02:08 UTC 2023
Current memory usage:
MemTotal:        7797868 kB
MemFree:         1378540 kB
MemAvailable:    5471664 kB
Buffers:          390808 kB
Cached:          3728620 kB
SwapCached:         6168 kB
Active:          2389524 kB
Inactive:        3332852 kB
Active(anon):      58592 kB
Inactive(anon):  1548896 kB
Active(file):    2330932 kB
Inactive(file):  1783956 kB
Unevictable:           0 kB
Mlocked:               0 kB
SwapTotal:       2097152 kB
SwapFree:        2040696 kB
Dirty:                 0 kB
Writeback:             0 kB
AnonPages:       1457852 kB
Mapped:           351996 kB
Shmem:              4540 kB
KReclaimable:     277700 kB
Slab:             379328 kB
SReclaimable:     277700 kB
SUnreclaim:       101628 kB
KernelStack:       17120 kB
PageTables:        13976 kB
NFS_Unstable:          0 kB
Bounce:                0 kB
WritebackTmp:          0 kB
CommitLimit:     5996084 kB
Committed_AS:    5892584 kB
VmallocTotal:   34359738367 kB
VmallocUsed:       39108 kB
VmallocChunk:          0 kB
Percpu:             8832 kB
AnonHugePages:    788480 kB
ShmemHugePages:        0 kB
ShmemPmdMapped:        0 kB
FileHugePages:         0 kB
FilePmdMapped:         0 kB
HugePages_Total:       0
HugePages_Free:        0
HugePages_Rsvd:        0
HugePages_Surp:        0
Hugepagesize:       2048 kB
Hugetlb:               0 kB
DirectMap4k:       68608 kB
DirectMap2M:     7976960 kB
DirectMap1G:     8388608 kB

Current date and time: Sat Apr 29 06:03:08 UTC 2023
Current memory usage:
MemTotal:        7797868 kB
MemFree:         1379968 kB
MemAvailable:    5472892 kB
Buffers:          390816 kB
Cached:          3728624 kB
SwapCached:         6168 kB
Active:          2389536 kB
Inactive:        3333228 kB
Active(anon):      58596 kB
Inactive(anon):  1549272 kB
Active(file):    2330940 kB
Inactive(file):  1783956 kB
Unevictable:           0 kB
Mlocked:               0 kB
SwapTotal:       2097152 kB
SwapFree:        2040696 kB
Dirty:                 0 kB
Writeback:             0 kB
AnonPages:       1458088 kB
Mapped:           352160 kB
Shmem:              4544 kB
KReclaimable:     277492 kB
Slab:             379136 kB
SReclaimable:     277492 kB
SUnreclaim:       101644 kB
KernelStack:       17120 kB
PageTables:        13776 kB
NFS_Unstable:          0 kB
Bounce:                0 kB
WritebackTmp:          0 kB
CommitLimit:     5996084 kB
Committed_AS:    5892588 kB
VmallocTotal:   34359738367 kB
VmallocUsed:       39156 kB
VmallocChunk:          0 kB
Percpu:             8832 kB
AnonHugePages:    788480 kB
ShmemHugePages:        0 kB
ShmemPmdMapped:        0 kB
FileHugePages:         0 kB
FilePmdMapped:         0 kB
HugePages_Total:       0
HugePages_Free:        0
HugePages_Rsvd:        0
HugePages_Surp:        0
Hugepagesize:       2048 kB
Hugetlb:               0 kB
DirectMap4k:       68608 kB
DirectMap2M:     7976960 kB
DirectMap1G:     8388608 kB

Current date and time: Sat Apr 29 06:04:08 UTC 2023
Current memory usage:
MemTotal:        7797868 kB
MemFree:         1381060 kB
MemAvailable:    5474040 kB
Buffers:          390824 kB
Cached:          3728628 kB
SwapCached:         6168 kB
Active:          2389548 kB
Inactive:        3333896 kB
Active(anon):      58600 kB
Inactive(anon):  1549940 kB
Active(file):    2330948 kB
Inactive(file):  1783956 kB
Unevictable:           0 kB
Mlocked:               0 kB
SwapTotal:       2097152 kB
SwapFree:        2040696 kB
Dirty:                 0 kB
Writeback:             0 kB
AnonPages:       1458656 kB
Mapped:           352060 kB
Shmem:              4548 kB
KReclaimable:     277540 kB
Slab:             379180 kB
SReclaimable:     277540 kB
SUnreclaim:       101640 kB
KernelStack:       17120 kB
PageTables:        13788 kB
NFS_Unstable:          0 kB
Bounce:                0 kB
WritebackTmp:          0 kB
CommitLimit:     5996084 kB
Committed_AS:    5892592 kB
VmallocTotal:   34359738367 kB
VmallocUsed:       39076 kB
VmallocChunk:          0 kB
Percpu:             8832 kB
AnonHugePages:    788480 kB
ShmemHugePages:        0 kB
ShmemPmdMapped:        0 kB
FileHugePages:         0 kB
FilePmdMapped:         0 kB
HugePages_Total:       0
HugePages_Free:        0
HugePages_Rsvd:        0
HugePages_Surp:        0
Hugepagesize:       2048 kB
Hugetlb:               0 kB
DirectMap4k:       68608 kB
DirectMap2M:     7976960 kB
DirectMap1G:     8388608 kB

Current date and time: Sat Apr 29 06:05:07 UTC 2023
Current memory usage:
MemTotal:        7797868 kB
MemFree:         1374212 kB
MemAvailable:    5467328 kB
Buffers:          390832 kB
Cached:          3728632 kB
SwapCached:         6168 kB
Active:          2389556 kB
Inactive:        3340000 kB
Active(anon):      58600 kB
Inactive(anon):  1556044 kB
Active(file):    2330956 kB
Inactive(file):  1783956 kB
Unevictable:           0 kB
Mlocked:               0 kB
SwapTotal:       2097152 kB
SwapFree:        2040696 kB
Dirty:                 0 kB
Writeback:             0 kB
AnonPages:       1464780 kB
Mapped:           352060 kB
Shmem:              4552 kB
KReclaimable:     277668 kB
Slab:             379228 kB
SReclaimable:     277668 kB
SUnreclaim:       101560 kB
KernelStack:       17088 kB
PageTables:        13900 kB
NFS_Unstable:          0 kB
Bounce:                0 kB
WritebackTmp:          0 kB
CommitLimit:     5996084 kB
Committed_AS:    5892596 kB
VmallocTotal:   34359738367 kB
VmallocUsed:       39108 kB
VmallocChunk:          0 kB
Percpu:             8832 kB
AnonHugePages:    794624 kB
ShmemHugePages:        0 kB
ShmemPmdMapped:        0 kB
FileHugePages:         0 kB
FilePmdMapped:         0 kB
HugePages_Total:       0
HugePages_Free:        0
HugePages_Rsvd:        0
HugePages_Surp:        0
Hugepagesize:       2048 kB
Hugetlb:               0 kB
DirectMap4k:       68608 kB
DirectMap2M:     7976960 kB
DirectMap1G:     8388608 kB

Current date and time: Sat Apr 29 06:06:08 UTC 2023
Current memory usage:
MemTotal:        7797868 kB
MemFree:         1367660 kB
MemAvailable:    5460636 kB
Buffers:          390848 kB
Cached:          3728640 kB
SwapCached:         6168 kB
Active:          2389576 kB
Inactive:        3340088 kB
Active(anon):      58604 kB
Inactive(anon):  1556128 kB
Active(file):    2330972 kB
Inactive(file):  1783960 kB
Unevictable:           0 kB
Mlocked:               0 kB
SwapTotal:       2097152 kB
SwapFree:        2040696 kB
Dirty:                 0 kB
Writeback:             0 kB
AnonPages:       1464828 kB
Mapped:           351740 kB
Shmem:              4556 kB
KReclaimable:     277508 kB
Slab:             379192 kB
SReclaimable:     277508 kB
SUnreclaim:       101684 kB
KernelStack:       17152 kB
PageTables:        13912 kB
NFS_Unstable:          0 kB
Bounce:                0 kB
WritebackTmp:          0 kB
CommitLimit:     5996084 kB
Committed_AS:    5892600 kB
VmallocTotal:   34359738367 kB
VmallocUsed:       39108 kB
VmallocChunk:          0 kB
Percpu:             8832 kB
AnonHugePages:    794624 kB
ShmemHugePages:        0 kB
ShmemPmdMapped:        0 kB
FileHugePages:         0 kB
FilePmdMapped:         0 kB
HugePages_Total:       0
HugePages_Free:        0
HugePages_Rsvd:        0
HugePages_Surp:        0
Hugepagesize:       2048 kB
Hugetlb:               0 kB
DirectMap4k:       68608 kB
DirectMap2M:     7976960 kB
DirectMap1G:     8388608 kB

Current date and time: Sat Apr 29 06:07:07 UTC 2023
Current memory usage:
MemTotal:        7797868 kB
MemFree:         1364592 kB
MemAvailable:    5457608 kB
Buffers:          390856 kB
Cached:          3728644 kB
SwapCached:         6168 kB
Active:          2389588 kB
Inactive:        3340376 kB
Active(anon):      58608 kB
Inactive(anon):  1556416 kB
Active(file):    2330980 kB
Inactive(file):  1783960 kB
Unevictable:           0 kB
Mlocked:               0 kB
SwapTotal:       2097152 kB
SwapFree:        2040696 kB
Dirty:                 0 kB
Writeback:             0 kB
AnonPages:       1465156 kB
Mapped:           352120 kB
Shmem:              4560 kB
KReclaimable:     277540 kB
Slab:             379168 kB
SReclaimable:     277540 kB
SUnreclaim:       101628 kB
KernelStack:       17136 kB
PageTables:        13972 kB
NFS_Unstable:          0 kB
Bounce:                0 kB
WritebackTmp:          0 kB
CommitLimit:     5996084 kB
Committed_AS:    5892604 kB
VmallocTotal:   34359738367 kB
VmallocUsed:       39044 kB
VmallocChunk:          0 kB
Percpu:             8832 kB
AnonHugePages:    794624 kB
ShmemHugePages:        0 kB
ShmemPmdMapped:        0 kB
FileHugePages:         0 kB
FilePmdMapped:         0 kB
HugePages_Total:       0
HugePages_Free:        0
HugePages_Rsvd:        0
HugePages_Surp:        0
Hugepagesize:       2048 kB
Hugetlb:               0 kB
DirectMap4k:       68608 kB
DirectMap2M:     7976960 kB
DirectMap1G:     8388608 kB

Current date and time: Sat Apr 29 06:08:07 UTC 2023
Current memory usage:
MemTotal:        7797868 kB
MemFree:         1366264 kB
MemAvailable:    5459400 kB
Buffers:          390864 kB
Cached:          3728644 kB
SwapCached:         6168 kB
Active:          2389604 kB
Inactive:        3339904 kB
Active(anon):      58612 kB
Inactive(anon):  1555948 kB
Active(file):    2330992 kB
Inactive(file):  1783956 kB
Unevictable:           0 kB
Mlocked:               0 kB
SwapTotal:       2097152 kB
SwapFree:        2040696 kB
Dirty:                 0 kB
Writeback:             0 kB
AnonPages:       1464336 kB
Mapped:           352020 kB
Shmem:              4560 kB
KReclaimable:     277652 kB
Slab:             379288 kB
SReclaimable:     277652 kB
SUnreclaim:       101636 kB
KernelStack:       17136 kB
PageTables:        13784 kB
NFS_Unstable:          0 kB
Bounce:                0 kB
WritebackTmp:          0 kB
CommitLimit:     5996084 kB
Committed_AS:    5892604 kB
VmallocTotal:   34359738367 kB
VmallocUsed:       39076 kB
VmallocChunk:          0 kB
Percpu:             8832 kB
AnonHugePages:    794624 kB
ShmemHugePages:        0 kB
ShmemPmdMapped:        0 kB
FileHugePages:         0 kB
FilePmdMapped:         0 kB
HugePages_Total:       0
HugePages_Free:        0
HugePages_Rsvd:        0
HugePages_Surp:        0
Hugepagesize:       2048 kB
Hugetlb:               0 kB
DirectMap4k:       68608 kB
DirectMap2M:     7976960 kB
DirectMap1G:     8388608 kB

Current date and time: Sat Apr 29 06:09:09 UTC 2023
Current memory usage:
MemTotal:        7797868 kB
MemFree:         1368768 kB
MemAvailable:    5461864 kB
Buffers:          390872 kB
Cached:          3728648 kB
SwapCached:         6168 kB
Active:          2389616 kB
Inactive:        3340148 kB
Active(anon):      58616 kB
Inactive(anon):  1556192 kB
Active(file):    2331000 kB
Inactive(file):  1783956 kB
Unevictable:           0 kB
Mlocked:               0 kB
SwapTotal:       2097152 kB
SwapFree:        2040696 kB
Dirty:                 0 kB
Writeback:             0 kB
AnonPages:       1464504 kB
Mapped:           352048 kB
Shmem:              4564 kB
KReclaimable:     277604 kB
Slab:             379244 kB
SReclaimable:     277604 kB
SUnreclaim:       101640 kB
KernelStack:       17136 kB
PageTables:        13788 kB
NFS_Unstable:          0 kB
Bounce:                0 kB
WritebackTmp:          0 kB
CommitLimit:     5996084 kB
Committed_AS:    5892608 kB
VmallocTotal:   34359738367 kB
VmallocUsed:       39092 kB
VmallocChunk:          0 kB
Percpu:             8832 kB
AnonHugePages:    794624 kB
ShmemHugePages:        0 kB
ShmemPmdMapped:        0 kB
FileHugePages:         0 kB
FilePmdMapped:         0 kB
HugePages_Total:       0
HugePages_Free:        0
HugePages_Rsvd:        0
HugePages_Surp:        0
Hugepagesize:       2048 kB
Hugetlb:               0 kB
DirectMap4k:       68608 kB
DirectMap2M:     7976960 kB
DirectMap1G:     8388608 kB

Current date and time: Sat Apr 29 06:10:08 UTC 2023
Current memory usage:
MemTotal:        7797868 kB
MemFree:         1368436 kB
MemAvailable:    5462528 kB
Buffers:          390880 kB
Cached:          3729624 kB
SwapCached:         6168 kB
Active:          2389676 kB
Inactive:        3341280 kB
Active(anon):      58620 kB
Inactive(anon):  1556400 kB
Active(file):    2331056 kB
Inactive(file):  1784880 kB
Unevictable:           0 kB
Mlocked:               0 kB
SwapTotal:       2097152 kB
SwapFree:        2040696 kB
Dirty:                 0 kB
Writeback:             0 kB
AnonPages:       1464736 kB
Mapped:           352308 kB
Shmem:              4568 kB
KReclaimable:     277620 kB
Slab:             379336 kB
SReclaimable:     277620 kB
SUnreclaim:       101716 kB
KernelStack:       17184 kB
PageTables:        13844 kB
NFS_Unstable:          0 kB
Bounce:                0 kB
WritebackTmp:          0 kB
CommitLimit:     5996084 kB
Committed_AS:    5892612 kB
VmallocTotal:   34359738367 kB
VmallocUsed:       39172 kB
VmallocChunk:          0 kB
Percpu:             8832 kB
AnonHugePages:    794624 kB
ShmemHugePages:        0 kB
ShmemPmdMapped:        0 kB
FileHugePages:         0 kB
FilePmdMapped:         0 kB
HugePages_Total:       0
HugePages_Free:        0
HugePages_Rsvd:        0
HugePages_Surp:        0
Hugepagesize:       2048 kB
Hugetlb:               0 kB
DirectMap4k:       68608 kB
DirectMap2M:     7976960 kB
DirectMap1G:     8388608 kB

Current date and time: Sat Apr 29 06:11:08 UTC 2023
Current memory usage:
MemTotal:        7797868 kB
MemFree:         1371804 kB
MemAvailable:    5465740 kB
Buffers:          390888 kB
Cached:          3729628 kB
SwapCached:         6168 kB
Active:          2389652 kB
Inactive:        3341468 kB
Active(anon):      58624 kB
Inactive(anon):  1556588 kB
Active(file):    2331028 kB
Inactive(file):  1784880 kB
Unevictable:           0 kB
Mlocked:               0 kB
SwapTotal:       2097152 kB
SwapFree:        2040696 kB
Dirty:                 0 kB
Writeback:             0 kB
AnonPages:       1464864 kB
Mapped:           352196 kB
Shmem:              4572 kB
KReclaimable:     277492 kB
Slab:             379128 kB
SReclaimable:     277492 kB
SUnreclaim:       101636 kB
KernelStack:       17152 kB
PageTables:        13788 kB
NFS_Unstable:          0 kB
Bounce:                0 kB
WritebackTmp:          0 kB
CommitLimit:     5996084 kB
Committed_AS:    5892616 kB
VmallocTotal:   34359738367 kB
VmallocUsed:       39108 kB
VmallocChunk:          0 kB
Percpu:             8832 kB
AnonHugePages:    796672 kB
ShmemHugePages:        0 kB
ShmemPmdMapped:        0 kB
FileHugePages:         0 kB
FilePmdMapped:         0 kB
HugePages_Total:       0
HugePages_Free:        0
HugePages_Rsvd:        0
HugePages_Surp:        0
Hugepagesize:       2048 kB
Hugetlb:               0 kB
DirectMap4k:       68608 kB
DirectMap2M:     7976960 kB
DirectMap1G:     8388608 kB

Current date and time: Sat Apr 29 06:12:08 UTC 2023
Current memory usage:
MemTotal:        7797868 kB
MemFree:         1375900 kB
MemAvailable:    5469928 kB
Buffers:          390896 kB
Cached:          3729632 kB
SwapCached:         6168 kB
Active:          2389700 kB
Inactive:        3340984 kB
Active(anon):      58628 kB
Inactive(anon):  1556104 kB
Active(file):    2331072 kB
Inactive(file):  1784880 kB
Unevictable:           0 kB
Mlocked:               0 kB
SwapTotal:       2097152 kB
SwapFree:        2040696 kB
Dirty:                 0 kB
Writeback:             0 kB
AnonPages:       1464712 kB
Mapped:           352132 kB
Shmem:              4576 kB
KReclaimable:     277540 kB
Slab:             379268 kB
SReclaimable:     277540 kB
SUnreclaim:       101728 kB
KernelStack:       17184 kB
PageTables:        13836 kB
NFS_Unstable:          0 kB
Bounce:                0 kB
WritebackTmp:          0 kB
CommitLimit:     5996084 kB
Committed_AS:    5884424 kB
VmallocTotal:   34359738367 kB
VmallocUsed:       39140 kB
VmallocChunk:          0 kB
Percpu:             8832 kB
AnonHugePages:    794624 kB
ShmemHugePages:        0 kB
ShmemPmdMapped:        0 kB
FileHugePages:         0 kB
FilePmdMapped:         0 kB
HugePages_Total:       0
HugePages_Free:        0
HugePages_Rsvd:        0
HugePages_Surp:        0
Hugepagesize:       2048 kB
Hugetlb:               0 kB
DirectMap4k:       68608 kB
DirectMap2M:     7976960 kB
DirectMap1G:     8388608 kB

Current date and time: Sat Apr 29 06:13:08 UTC 2023
Current memory usage:
MemTotal:        7797868 kB
MemFree:         1346068 kB
MemAvailable:    5440072 kB
Buffers:          390904 kB
Cached:          3729636 kB
SwapCached:         6168 kB
Active:          2389712 kB
Inactive:        3358832 kB
Active(anon):      58632 kB
Inactive(anon):  1573952 kB
Active(file):    2331080 kB
Inactive(file):  1784880 kB
Unevictable:           0 kB
Mlocked:               0 kB
SwapTotal:       2097152 kB
SwapFree:        2040696 kB
Dirty:                 0 kB
Writeback:             0 kB
AnonPages:       1482312 kB
Mapped:           352212 kB
Shmem:              4580 kB
KReclaimable:     277508 kB
Slab:             379140 kB
SReclaimable:     277508 kB
SUnreclaim:       101632 kB
KernelStack:       17152 kB
PageTables:        13756 kB
NFS_Unstable:          0 kB
Bounce:                0 kB
WritebackTmp:          0 kB
CommitLimit:     5996084 kB
Committed_AS:    5884428 kB
VmallocTotal:   34359738367 kB
VmallocUsed:       39156 kB
VmallocChunk:          0 kB
Percpu:             8832 kB
AnonHugePages:    815104 kB
ShmemHugePages:        0 kB
ShmemPmdMapped:        0 kB
FileHugePages:         0 kB
FilePmdMapped:         0 kB
HugePages_Total:       0
HugePages_Free:        0
HugePages_Rsvd:        0
HugePages_Surp:        0
Hugepagesize:       2048 kB
Hugetlb:               0 kB
DirectMap4k:       68608 kB
DirectMap2M:     7976960 kB
DirectMap1G:     8388608 kB

Current date and time: Sat Apr 29 06:14:08 UTC 2023
Current memory usage:
MemTotal:        7797868 kB
MemFree:         1356560 kB
MemAvailable:    5450584 kB
Buffers:          390920 kB
Cached:          3729644 kB
SwapCached:         6168 kB
Active:          2389732 kB
Inactive:        3355024 kB
Active(anon):      58636 kB
Inactive(anon):  1570140 kB
Active(file):    2331096 kB
Inactive(file):  1784884 kB
Unevictable:           0 kB
Mlocked:               0 kB
SwapTotal:       2097152 kB
SwapFree:        2040696 kB
Dirty:                 0 kB
Writeback:             0 kB
AnonPages:       1491948 kB
Mapped:           352144 kB
Shmem:              4584 kB
KReclaimable:     277508 kB
Slab:             379136 kB
SReclaimable:     277508 kB
SUnreclaim:       101628 kB
KernelStack:       17152 kB
PageTables:        13764 kB
NFS_Unstable:          0 kB
Bounce:                0 kB
WritebackTmp:          0 kB
CommitLimit:     5996084 kB
Committed_AS:    5884432 kB
VmallocTotal:   34359738367 kB
VmallocUsed:       39156 kB
VmallocChunk:          0 kB
Percpu:             8832 kB
AnonHugePages:    845824 kB
ShmemHugePages:        0 kB
ShmemPmdMapped:        0 kB
FileHugePages:         0 kB
FilePmdMapped:         0 kB
HugePages_Total:       0
HugePages_Free:        0
HugePages_Rsvd:        0
HugePages_Surp:        0
Hugepagesize:       2048 kB
Hugetlb:               0 kB
DirectMap4k:       68608 kB
DirectMap2M:     7976960 kB
DirectMap1G:     8388608 kB

Current date and time: Sat Apr 29 06:15:08 UTC 2023
Current memory usage:
MemTotal:        7797868 kB
MemFree:         1343508 kB
MemAvailable:    5437620 kB
Buffers:          390928 kB
Cached:          3729648 kB
SwapCached:         6168 kB
Active:          2389744 kB
Inactive:        3369388 kB
Active(anon):      58640 kB
Inactive(anon):  1584504 kB
Active(file):    2331104 kB
Inactive(file):  1784884 kB
Unevictable:           0 kB
Mlocked:               0 kB
SwapTotal:       2097152 kB
SwapFree:        2040696 kB
Dirty:                 0 kB
Writeback:             0 kB
AnonPages:       1506252 kB
Mapped:           352120 kB
Shmem:              4588 kB
KReclaimable:     277588 kB
Slab:             379228 kB
SReclaimable:     277588 kB
SUnreclaim:       101640 kB
KernelStack:       17136 kB
PageTables:        13796 kB
NFS_Unstable:          0 kB
Bounce:                0 kB
WritebackTmp:          0 kB
CommitLimit:     5996084 kB
Committed_AS:    5892628 kB
VmallocTotal:   34359738367 kB
VmallocUsed:       39140 kB
VmallocChunk:          0 kB
Percpu:             8832 kB
AnonHugePages:    897024 kB
ShmemHugePages:        0 kB
ShmemPmdMapped:        0 kB
FileHugePages:         0 kB
FilePmdMapped:         0 kB
HugePages_Total:       0
HugePages_Free:        0
HugePages_Rsvd:        0
HugePages_Surp:        0
Hugepagesize:       2048 kB
Hugetlb:               0 kB
DirectMap4k:       68608 kB
DirectMap2M:     7976960 kB
DirectMap1G:     8388608 kB

Current date and time: Sat Apr 29 06:16:08 UTC 2023
Current memory usage:
MemTotal:        7797868 kB
MemFree:         1336588 kB
MemAvailable:    5430612 kB
Buffers:          390936 kB
Cached:          3729652 kB
SwapCached:         6168 kB
Active:          2389756 kB
Inactive:        3370680 kB
Active(anon):      58644 kB
Inactive(anon):  1585796 kB
Active(file):    2331112 kB
Inactive(file):  1784884 kB
Unevictable:           0 kB
Mlocked:               0 kB
SwapTotal:       2097152 kB
SwapFree:        2040696 kB
Dirty:                 0 kB
Writeback:             0 kB
AnonPages:       1509556 kB
Mapped:           352208 kB
Shmem:              4592 kB
KReclaimable:     277492 kB
Slab:             379136 kB
SReclaimable:     277492 kB
SUnreclaim:       101644 kB
KernelStack:       17152 kB
PageTables:        13800 kB
NFS_Unstable:          0 kB
Bounce:                0 kB
WritebackTmp:          0 kB
CommitLimit:     5996084 kB
Committed_AS:    5892632 kB
VmallocTotal:   34359738367 kB
VmallocUsed:       39188 kB
VmallocChunk:          0 kB
Percpu:             8832 kB
AnonHugePages:    901120 kB
ShmemHugePages:        0 kB
ShmemPmdMapped:        0 kB
FileHugePages:         0 kB
FilePmdMapped:         0 kB
HugePages_Total:       0
HugePages_Free:        0
HugePages_Rsvd:        0
HugePages_Surp:        0
Hugepagesize:       2048 kB
Hugetlb:               0 kB
DirectMap4k:       68608 kB
DirectMap2M:     7976960 kB
DirectMap1G:     8388608 kB

Current date and time: Sat Apr 29 06:17:07 UTC 2023
Current memory usage:
MemTotal:        7797868 kB
MemFree:         1337460 kB
MemAvailable:    5431588 kB
Buffers:          390944 kB
Cached:          3729656 kB
SwapCached:         6168 kB
Active:          2389768 kB
Inactive:        3369676 kB
Active(anon):      58648 kB
Inactive(anon):  1584792 kB
Active(file):    2331120 kB
Inactive(file):  1784884 kB
Unevictable:           0 kB
Mlocked:               0 kB
SwapTotal:       2097152 kB
SwapFree:        2040696 kB
Dirty:                 0 kB
Writeback:             0 kB
AnonPages:       1507932 kB
Mapped:           351908 kB
Shmem:              4596 kB
KReclaimable:     277588 kB
Slab:             379320 kB
SReclaimable:     277588 kB
SUnreclaim:       101732 kB
KernelStack:       17184 kB
PageTables:        14064 kB
NFS_Unstable:          0 kB
Bounce:                0 kB
WritebackTmp:          0 kB
CommitLimit:     5996084 kB
Committed_AS:    5892636 kB
VmallocTotal:   34359738367 kB
VmallocUsed:       39108 kB
VmallocChunk:          0 kB
Percpu:             8832 kB
AnonHugePages:    894976 kB
ShmemHugePages:        0 kB
ShmemPmdMapped:        0 kB
FileHugePages:         0 kB
FilePmdMapped:         0 kB
HugePages_Total:       0
HugePages_Free:        0
HugePages_Rsvd:        0
HugePages_Surp:        0
Hugepagesize:       2048 kB
Hugetlb:               0 kB
DirectMap4k:       68608 kB
DirectMap2M:     7976960 kB
DirectMap1G:     8388608 kB

Current date and time: Sat Apr 29 06:18:08 UTC 2023
Current memory usage:
MemTotal:        7797868 kB
MemFree:         1330752 kB
MemAvailable:    5424824 kB
Buffers:          390952 kB
Cached:          3729660 kB
SwapCached:         6168 kB
Active:          2389780 kB
Inactive:        3369944 kB
Active(anon):      58652 kB
Inactive(anon):  1585060 kB
Active(file):    2331128 kB
Inactive(file):  1784884 kB
Unevictable:           0 kB
Mlocked:               0 kB
SwapTotal:       2097152 kB
SwapFree:        2040696 kB
Dirty:                 0 kB
Writeback:             0 kB
AnonPages:       1508164 kB
Mapped:           352236 kB
Shmem:              4600 kB
KReclaimable:     277524 kB
Slab:             379164 kB
SReclaimable:     277524 kB
SUnreclaim:       101640 kB
KernelStack:       17168 kB
PageTables:        13796 kB
NFS_Unstable:          0 kB
Bounce:                0 kB
WritebackTmp:          0 kB
CommitLimit:     5996084 kB
Committed_AS:    5892640 kB
VmallocTotal:   34359738367 kB
VmallocUsed:       39204 kB
VmallocChunk:          0 kB
Percpu:             8832 kB
AnonHugePages:    897024 kB
ShmemHugePages:        0 kB
ShmemPmdMapped:        0 kB
FileHugePages:         0 kB
FilePmdMapped:         0 kB
HugePages_Total:       0
HugePages_Free:        0
HugePages_Rsvd:        0
HugePages_Surp:        0
Hugepagesize:       2048 kB
Hugetlb:               0 kB
DirectMap4k:       68608 kB
DirectMap2M:     7976960 kB
DirectMap1G:     8388608 kB

Current date and time: Sat Apr 29 06:19:08 UTC 2023
Current memory usage:
MemTotal:        7797868 kB
MemFree:         1326428 kB
MemAvailable:    5420508 kB
Buffers:          390960 kB
Cached:          3729664 kB
SwapCached:         6168 kB
Active:          2389792 kB
Inactive:        3380616 kB
Active(anon):      58656 kB
Inactive(anon):  1595732 kB
Active(file):    2331136 kB
Inactive(file):  1784884 kB
Unevictable:           0 kB
Mlocked:               0 kB
SwapTotal:       2097152 kB
SwapFree:        2040696 kB
Dirty:                 0 kB
Writeback:             0 kB
AnonPages:       1518808 kB
Mapped:           352284 kB
Shmem:              4604 kB
KReclaimable:     277524 kB
Slab:             379264 kB
SReclaimable:     277524 kB
SUnreclaim:       101740 kB
KernelStack:       17200 kB
PageTables:        14080 kB
NFS_Unstable:          0 kB
Bounce:                0 kB
WritebackTmp:          0 kB
CommitLimit:     5996084 kB
Committed_AS:    5892644 kB
VmallocTotal:   34359738367 kB
VmallocUsed:       39140 kB
VmallocChunk:          0 kB
Percpu:             8832 kB
AnonHugePages:    937984 kB
ShmemHugePages:        0 kB
ShmemPmdMapped:        0 kB
FileHugePages:         0 kB
FilePmdMapped:         0 kB
HugePages_Total:       0
HugePages_Free:        0
HugePages_Rsvd:        0
HugePages_Surp:        0
Hugepagesize:       2048 kB
Hugetlb:               0 kB
DirectMap4k:       68608 kB
DirectMap2M:     7976960 kB
DirectMap1G:     8388608 kB

Current date and time: Sat Apr 29 06:20:08 UTC 2023
Current memory usage:
MemTotal:        7797868 kB
MemFree:         1319012 kB
MemAvailable:    5413196 kB
Buffers:          390968 kB
Cached:          3729668 kB
SwapCached:         6168 kB
Active:          2389804 kB
Inactive:        3387944 kB
Active(anon):      58660 kB
Inactive(anon):  1603060 kB
Active(file):    2331144 kB
Inactive(file):  1784884 kB
Unevictable:           0 kB
Mlocked:               0 kB
SwapTotal:       2097152 kB
SwapFree:        2040696 kB
Dirty:                 0 kB
Writeback:             0 kB
AnonPages:       1526096 kB
Mapped:           351892 kB
Shmem:              4608 kB
KReclaimable:     277620 kB
Slab:             379328 kB
SReclaimable:     277620 kB
SUnreclaim:       101708 kB
KernelStack:       17184 kB
PageTables:        13924 kB
NFS_Unstable:          0 kB
Bounce:                0 kB
WritebackTmp:          0 kB
CommitLimit:     5996084 kB
Committed_AS:    5892648 kB
VmallocTotal:   34359738367 kB
VmallocUsed:       39188 kB
VmallocChunk:          0 kB
Percpu:             8832 kB
AnonHugePages:    985088 kB
ShmemHugePages:        0 kB
ShmemPmdMapped:        0 kB
FileHugePages:         0 kB
FilePmdMapped:         0 kB
HugePages_Total:       0
HugePages_Free:        0
HugePages_Rsvd:        0
HugePages_Surp:        0
Hugepagesize:       2048 kB
Hugetlb:               0 kB
DirectMap4k:       68608 kB
DirectMap2M:     7976960 kB
DirectMap1G:     8388608 kB

Current date and time: Sat Apr 29 06:21:08 UTC 2023
Current memory usage:
MemTotal:        7797868 kB
MemFree:         1332684 kB
MemAvailable:    5426808 kB
Buffers:          390984 kB
Cached:          3729676 kB
SwapCached:         6168 kB
Active:          2389828 kB
Inactive:        3374540 kB
Active(anon):      58664 kB
Inactive(anon):  1589656 kB
Active(file):    2331164 kB
Inactive(file):  1784884 kB
Unevictable:           0 kB
Mlocked:               0 kB
SwapTotal:       2097152 kB
SwapFree:        2040696 kB
Dirty:                 0 kB
Writeback:             0 kB
AnonPages:       1512876 kB
Mapped:           352124 kB
Shmem:              4612 kB
KReclaimable:     277540 kB
Slab:             379200 kB
SReclaimable:     277540 kB
SUnreclaim:       101660 kB
KernelStack:       17168 kB
PageTables:        14180 kB
NFS_Unstable:          0 kB
Bounce:                0 kB
WritebackTmp:          0 kB
CommitLimit:     5996084 kB
Committed_AS:    5872172 kB
VmallocTotal:   34359738367 kB
VmallocUsed:       39188 kB
VmallocChunk:          0 kB
Percpu:             8832 kB
AnonHugePages:    999424 kB
ShmemHugePages:        0 kB
ShmemPmdMapped:        0 kB
FileHugePages:         0 kB
FilePmdMapped:         0 kB
HugePages_Total:       0
HugePages_Free:        0
HugePages_Rsvd:        0
HugePages_Surp:        0
Hugepagesize:       2048 kB
Hugetlb:               0 kB
DirectMap4k:       68608 kB
DirectMap2M:     7976960 kB
DirectMap1G:     8388608 kB

Current date and time: Sat Apr 29 06:22:09 UTC 2023
Current memory usage:
MemTotal:        7797868 kB
MemFree:         1333008 kB
MemAvailable:    5427140 kB
Buffers:          390992 kB
Cached:          3729680 kB
SwapCached:         6172 kB
Active:          2389820 kB
Inactive:        3368136 kB
Active(anon):      58648 kB
Inactive(anon):  1583252 kB
Active(file):    2331172 kB
Inactive(file):  1784884 kB
Unevictable:           0 kB
Mlocked:               0 kB
SwapTotal:       2097152 kB
SwapFree:        2040696 kB
Dirty:                 0 kB
Writeback:             0 kB
AnonPages:       1513052 kB
Mapped:           352112 kB
Shmem:              4616 kB
KReclaimable:     277540 kB
Slab:             379220 kB
SReclaimable:     277540 kB
SUnreclaim:       101680 kB
KernelStack:       17168 kB
PageTables:        13756 kB
NFS_Unstable:          0 kB
Bounce:                0 kB
WritebackTmp:          0 kB
CommitLimit:     5996084 kB
Committed_AS:    5872176 kB
VmallocTotal:   34359738367 kB
VmallocUsed:       39172 kB
VmallocChunk:          0 kB
Percpu:             8832 kB
AnonHugePages:   1036288 kB
ShmemHugePages:        0 kB
ShmemPmdMapped:        0 kB
FileHugePages:         0 kB
FilePmdMapped:         0 kB
HugePages_Total:       0
HugePages_Free:        0
HugePages_Rsvd:        0
HugePages_Surp:        0
Hugepagesize:       2048 kB
Hugetlb:               0 kB
DirectMap4k:       68608 kB
DirectMap2M:     7976960 kB
DirectMap1G:     8388608 kB

Current date and time: Sat Apr 29 06:23:07 UTC 2023
Current memory usage:
MemTotal:        7797868 kB
MemFree:         1329556 kB
MemAvailable:    5423776 kB
Buffers:          391000 kB
Cached:          3729684 kB
SwapCached:         6172 kB
Active:          2389832 kB
Inactive:        3370120 kB
Active(anon):      58652 kB
Inactive(anon):  1585236 kB
Active(file):    2331180 kB
Inactive(file):  1784884 kB
Unevictable:           0 kB
Mlocked:               0 kB
SwapTotal:       2097152 kB
SwapFree:        2040696 kB
Dirty:                 0 kB
Writeback:             0 kB
AnonPages:       1513112 kB
Mapped:           352280 kB
Shmem:              4620 kB
KReclaimable:     277620 kB
Slab:             379392 kB
SReclaimable:     277620 kB
SUnreclaim:       101772 kB
KernelStack:       17200 kB
PageTables:        13620 kB
NFS_Unstable:          0 kB
Bounce:                0 kB
WritebackTmp:          0 kB
CommitLimit:     5996084 kB
Committed_AS:    5872180 kB
VmallocTotal:   34359738367 kB
VmallocUsed:       39140 kB
VmallocChunk:          0 kB
Percpu:             8832 kB
AnonHugePages:   1040384 kB
ShmemHugePages:        0 kB
ShmemPmdMapped:        0 kB
FileHugePages:         0 kB
FilePmdMapped:         0 kB
HugePages_Total:       0
HugePages_Free:        0
HugePages_Rsvd:        0
HugePages_Surp:        0
Hugepagesize:       2048 kB
Hugetlb:               0 kB
DirectMap4k:       68608 kB
DirectMap2M:     7976960 kB
DirectMap1G:     8388608 kB

Current date and time: Sat Apr 29 06:24:08 UTC 2023
Current memory usage:
MemTotal:        7797868 kB
MemFree:         1327576 kB
MemAvailable:    5421740 kB
Buffers:          391008 kB
Cached:          3729688 kB
SwapCached:         6172 kB
Active:          2389844 kB
Inactive:        3370248 kB
Active(anon):      58656 kB
Inactive(anon):  1585364 kB
Active(file):    2331188 kB
Inactive(file):  1784884 kB
Unevictable:           0 kB
Mlocked:               0 kB
SwapTotal:       2097152 kB
SwapFree:        2040696 kB
Dirty:                 0 kB
Writeback:             0 kB
AnonPages:       1513148 kB
Mapped:           352072 kB
Shmem:              4624 kB
KReclaimable:     277556 kB
Slab:             379332 kB
SReclaimable:     277556 kB
SUnreclaim:       101776 kB
KernelStack:       17200 kB
PageTables:        14028 kB
NFS_Unstable:          0 kB
Bounce:                0 kB
WritebackTmp:          0 kB
CommitLimit:     5996084 kB
Committed_AS:    5872184 kB
VmallocTotal:   34359738367 kB
VmallocUsed:       39140 kB
VmallocChunk:          0 kB
Percpu:             8832 kB
AnonHugePages:   1042432 kB
ShmemHugePages:        0 kB
ShmemPmdMapped:        0 kB
FileHugePages:         0 kB
FilePmdMapped:         0 kB
HugePages_Total:       0
HugePages_Free:        0
HugePages_Rsvd:        0
HugePages_Surp:        0
Hugepagesize:       2048 kB
Hugetlb:               0 kB
DirectMap4k:       68608 kB
DirectMap2M:     7976960 kB
DirectMap1G:     8388608 kB

Current date and time: Sat Apr 29 06:25:08 UTC 2023
Current memory usage:
MemTotal:        7797868 kB
MemFree:         1330896 kB
MemAvailable:    5425116 kB
Buffers:          391016 kB
Cached:          3729692 kB
SwapCached:         6172 kB
Active:          2389860 kB
Inactive:        3369800 kB
Active(anon):      58664 kB
Inactive(anon):  1584916 kB
Active(file):    2331196 kB
Inactive(file):  1784884 kB
Unevictable:           0 kB
Mlocked:               0 kB
SwapTotal:       2097152 kB
SwapFree:        2040696 kB
Dirty:                 0 kB
Writeback:             0 kB
AnonPages:       1512724 kB
Mapped:           352240 kB
Shmem:              4628 kB
KReclaimable:     277604 kB
Slab:             379332 kB
SReclaimable:     277604 kB
SUnreclaim:       101728 kB
KernelStack:       17184 kB
PageTables:        13888 kB
NFS_Unstable:          0 kB
Bounce:                0 kB
WritebackTmp:          0 kB
CommitLimit:     5996084 kB
Committed_AS:    5872188 kB
VmallocTotal:   34359738367 kB
VmallocUsed:       39188 kB
VmallocChunk:          0 kB
Percpu:             8832 kB
AnonHugePages:   1042432 kB
ShmemHugePages:        0 kB
ShmemPmdMapped:        0 kB
FileHugePages:         0 kB
FilePmdMapped:         0 kB
HugePages_Total:       0
HugePages_Free:        0
HugePages_Rsvd:        0
HugePages_Surp:        0
Hugepagesize:       2048 kB
Hugetlb:               0 kB
DirectMap4k:       68608 kB
DirectMap2M:     7976960 kB
DirectMap1G:     8388608 kB

Current date and time: Sat Apr 29 06:26:07 UTC 2023
Current memory usage:
MemTotal:        7797868 kB
MemFree:         1327852 kB
MemAvailable:    5422032 kB
Buffers:          391024 kB
Cached:          3729696 kB
SwapCached:         6172 kB
Active:          2389868 kB
Inactive:        3370008 kB
Active(anon):      58664 kB
Inactive(anon):  1585124 kB
Active(file):    2331204 kB
Inactive(file):  1784884 kB
Unevictable:           0 kB
Mlocked:               0 kB
SwapTotal:       2097152 kB
SwapFree:        2040696 kB
Dirty:                 0 kB
Writeback:             0 kB
AnonPages:       1512956 kB
Mapped:           352116 kB
Shmem:              4632 kB
KReclaimable:     277556 kB
Slab:             379292 kB
SReclaimable:     277556 kB
SUnreclaim:       101736 kB
KernelStack:       17184 kB
PageTables:        13696 kB
NFS_Unstable:          0 kB
Bounce:                0 kB
WritebackTmp:          0 kB
CommitLimit:     5996084 kB
Committed_AS:    5872192 kB
VmallocTotal:   34359738367 kB
VmallocUsed:       39156 kB
VmallocChunk:          0 kB
Percpu:             8832 kB
AnonHugePages:   1042432 kB
ShmemHugePages:        0 kB
ShmemPmdMapped:        0 kB
FileHugePages:         0 kB
FilePmdMapped:         0 kB
HugePages_Total:       0
HugePages_Free:        0
HugePages_Rsvd:        0
HugePages_Surp:        0
Hugepagesize:       2048 kB
Hugetlb:               0 kB
DirectMap4k:       68608 kB
DirectMap2M:     7976960 kB
DirectMap1G:     8388608 kB

Current date and time: Sat Apr 29 06:27:08 UTC 2023
Current memory usage:
MemTotal:        7797868 kB
MemFree:         1331824 kB
MemAvailable:    5425980 kB
Buffers:          391032 kB
Cached:          3729700 kB
SwapCached:         6172 kB
Active:          2389884 kB
Inactive:        3372068 kB
Active(anon):      58672 kB
Inactive(anon):  1587184 kB
Active(file):    2331212 kB
Inactive(file):  1784884 kB
Unevictable:           0 kB
Mlocked:               0 kB
SwapTotal:       2097152 kB
SwapFree:        2040696 kB
Dirty:                 0 kB
Writeback:             0 kB
AnonPages:       1515100 kB
Mapped:           352260 kB
Shmem:              4636 kB
KReclaimable:     277524 kB
Slab:             379120 kB
SReclaimable:     277524 kB
SUnreclaim:       101596 kB
KernelStack:       17136 kB
PageTables:        13680 kB
NFS_Unstable:          0 kB
Bounce:                0 kB
WritebackTmp:          0 kB
CommitLimit:     5996084 kB
Committed_AS:    5872196 kB
VmallocTotal:   34359738367 kB
VmallocUsed:       39124 kB
VmallocChunk:          0 kB
Percpu:             8832 kB
AnonHugePages:   1052672 kB
ShmemHugePages:        0 kB
ShmemPmdMapped:        0 kB
FileHugePages:         0 kB
FilePmdMapped:         0 kB
HugePages_Total:       0
HugePages_Free:        0
HugePages_Rsvd:        0
HugePages_Surp:        0
Hugepagesize:       2048 kB
Hugetlb:               0 kB
DirectMap4k:       68608 kB
DirectMap2M:     7976960 kB
DirectMap1G:     8388608 kB

Current date and time: Sat Apr 29 06:28:09 UTC 2023
Current memory usage:
MemTotal:        7797868 kB
MemFree:         1334632 kB
MemAvailable:    5428844 kB
Buffers:          391040 kB
Cached:          3729704 kB
SwapCached:         6172 kB
Active:          2389892 kB
Inactive:        3372048 kB
Active(anon):      58672 kB
Inactive(anon):  1587164 kB
Active(file):    2331220 kB
Inactive(file):  1784884 kB
Unevictable:           0 kB
Mlocked:               0 kB
SwapTotal:       2097152 kB
SwapFree:        2040696 kB
Dirty:                 0 kB
Writeback:             0 kB
AnonPages:       1515048 kB
Mapped:           352256 kB
Shmem:              4640 kB
KReclaimable:     277572 kB
Slab:             379272 kB
SReclaimable:     277572 kB
SUnreclaim:       101700 kB
KernelStack:       17168 kB
PageTables:        13760 kB
NFS_Unstable:          0 kB
Bounce:                0 kB
WritebackTmp:          0 kB
CommitLimit:     5996084 kB
Committed_AS:    5872200 kB
VmallocTotal:   34359738367 kB
VmallocUsed:       39140 kB
VmallocChunk:          0 kB
Percpu:             8832 kB
AnonHugePages:   1052672 kB
ShmemHugePages:        0 kB
ShmemPmdMapped:        0 kB
FileHugePages:         0 kB
FilePmdMapped:         0 kB
HugePages_Total:       0
HugePages_Free:        0
HugePages_Rsvd:        0
HugePages_Surp:        0
Hugepagesize:       2048 kB
Hugetlb:               0 kB
DirectMap4k:       68608 kB
DirectMap2M:     7976960 kB
DirectMap1G:     8388608 kB

Current date and time: Sat Apr 29 06:29:09 UTC 2023
Current memory usage:
MemTotal:        7797868 kB
MemFree:         1333976 kB
MemAvailable:    5428176 kB
Buffers:          391056 kB
Cached:          3729712 kB
SwapCached:         6172 kB
Active:          2389912 kB
Inactive:        3372500 kB
Active(anon):      58676 kB
Inactive(anon):  1587612 kB
Active(file):    2331236 kB
Inactive(file):  1784888 kB
Unevictable:           0 kB
Mlocked:               0 kB
SwapTotal:       2097152 kB
SwapFree:        2040696 kB
Dirty:                 0 kB
Writeback:             0 kB
AnonPages:       1515412 kB
Mapped:           352192 kB
Shmem:              4644 kB
KReclaimable:     277540 kB
Slab:             379228 kB
SReclaimable:     277540 kB
SUnreclaim:       101688 kB
KernelStack:       17168 kB
PageTables:        14148 kB
NFS_Unstable:          0 kB
Bounce:                0 kB
WritebackTmp:          0 kB
CommitLimit:     5996084 kB
Committed_AS:    5872204 kB
VmallocTotal:   34359738367 kB
VmallocUsed:       39156 kB
VmallocChunk:          0 kB
Percpu:             8832 kB
AnonHugePages:   1052672 kB
ShmemHugePages:        0 kB
ShmemPmdMapped:        0 kB
FileHugePages:         0 kB
FilePmdMapped:         0 kB
HugePages_Total:       0
HugePages_Free:        0
HugePages_Rsvd:        0
HugePages_Surp:        0
Hugepagesize:       2048 kB
Hugetlb:               0 kB
DirectMap4k:       68608 kB
DirectMap2M:     7976960 kB
DirectMap1G:     8388608 kB

Current date and time: Sat Apr 29 06:30:09 UTC 2023
Current memory usage:
MemTotal:        7797868 kB
MemFree:         1333844 kB
MemAvailable:    5428036 kB
Buffers:          391064 kB
Cached:          3729712 kB
SwapCached:         6172 kB
Active:          2389924 kB
Inactive:        3372560 kB
Active(anon):      58680 kB
Inactive(anon):  1587672 kB
Active(file):    2331244 kB
Inactive(file):  1784888 kB
Unevictable:           0 kB
Mlocked:               0 kB
SwapTotal:       2097152 kB
SwapFree:        2040696 kB
Dirty:                 0 kB
Writeback:             0 kB
AnonPages:       1515524 kB
Mapped:           352368 kB
Shmem:              4644 kB
KReclaimable:     277524 kB
Slab:             379316 kB
SReclaimable:     277524 kB
SUnreclaim:       101792 kB
KernelStack:       17200 kB
PageTables:        13848 kB
NFS_Unstable:          0 kB
Bounce:                0 kB
WritebackTmp:          0 kB
CommitLimit:     5996084 kB
Committed_AS:    5872208 kB
VmallocTotal:   34359738367 kB
VmallocUsed:       39140 kB
VmallocChunk:          0 kB
Percpu:             8832 kB
AnonHugePages:   1052672 kB
ShmemHugePages:        0 kB
ShmemPmdMapped:        0 kB
FileHugePages:         0 kB
FilePmdMapped:         0 kB
HugePages_Total:       0
HugePages_Free:        0
HugePages_Rsvd:        0
HugePages_Surp:        0
Hugepagesize:       2048 kB
Hugetlb:               0 kB
DirectMap4k:       68608 kB
DirectMap2M:     7976960 kB
DirectMap1G:     8388608 kB

Current date and time: Sat Apr 29 06:31:08 UTC 2023
Current memory usage:
MemTotal:        7797868 kB
MemFree:         1336352 kB
MemAvailable:    5430632 kB
Buffers:          391072 kB
Cached:          3729716 kB
SwapCached:         6172 kB
Active:          2389936 kB
Inactive:        3372300 kB
Active(anon):      58684 kB
Inactive(anon):  1587412 kB
Active(file):    2331252 kB
Inactive(file):  1784888 kB
Unevictable:           0 kB
Mlocked:               0 kB
SwapTotal:       2097152 kB
SwapFree:        2040696 kB
Dirty:                 0 kB
Writeback:             0 kB
AnonPages:       1515064 kB
Mapped:           351868 kB
Shmem:              4648 kB
KReclaimable:     277604 kB
Slab:             379320 kB
SReclaimable:     277604 kB
SUnreclaim:       101716 kB
KernelStack:       17168 kB
PageTables:        13752 kB
NFS_Unstable:          0 kB
Bounce:                0 kB
WritebackTmp:          0 kB
CommitLimit:     5996084 kB
Committed_AS:    5872208 kB
VmallocTotal:   34359738367 kB
VmallocUsed:       39156 kB
VmallocChunk:          0 kB
Percpu:             8832 kB
AnonHugePages:   1052672 kB
ShmemHugePages:        0 kB
ShmemPmdMapped:        0 kB
FileHugePages:         0 kB
FilePmdMapped:         0 kB
HugePages_Total:       0
HugePages_Free:        0
HugePages_Rsvd:        0
HugePages_Surp:        0
Hugepagesize:       2048 kB
Hugetlb:               0 kB
DirectMap4k:       68608 kB
DirectMap2M:     7976960 kB
DirectMap1G:     8388608 kB

Current date and time: Sat Apr 29 06:32:09 UTC 2023
Current memory usage:
MemTotal:        7797868 kB
MemFree:         1334764 kB
MemAvailable:    5429004 kB
Buffers:          391080 kB
Cached:          3729720 kB
SwapCached:         6172 kB
Active:          2389948 kB
Inactive:        3372420 kB
Active(anon):      58688 kB
Inactive(anon):  1587532 kB
Active(file):    2331260 kB
Inactive(file):  1784888 kB
Unevictable:           0 kB
Mlocked:               0 kB
SwapTotal:       2097152 kB
SwapFree:        2040696 kB
Dirty:                 0 kB
Writeback:             0 kB
AnonPages:       1515196 kB
Mapped:           352328 kB
Shmem:              4652 kB
KReclaimable:     277556 kB
Slab:             379276 kB
SReclaimable:     277556 kB
SUnreclaim:       101720 kB
KernelStack:       17168 kB
PageTables:        13756 kB
NFS_Unstable:          0 kB
Bounce:                0 kB
WritebackTmp:          0 kB
CommitLimit:     5996084 kB
Committed_AS:    5872212 kB
VmallocTotal:   34359738367 kB
VmallocUsed:       39140 kB
VmallocChunk:          0 kB
Percpu:             8832 kB
AnonHugePages:   1052672 kB
ShmemHugePages:        0 kB
ShmemPmdMapped:        0 kB
FileHugePages:         0 kB
FilePmdMapped:         0 kB
HugePages_Total:       0
HugePages_Free:        0
HugePages_Rsvd:        0
HugePages_Surp:        0
Hugepagesize:       2048 kB
Hugetlb:               0 kB
DirectMap4k:       68608 kB
DirectMap2M:     7976960 kB
DirectMap1G:     8388608 kB

Current date and time: Sat Apr 29 06:33:09 UTC 2023
Current memory usage:
MemTotal:        7797868 kB
MemFree:         1337824 kB
MemAvailable:    5432176 kB
Buffers:          391088 kB
Cached:          3729796 kB
SwapCached:         6172 kB
Active:          2389960 kB
Inactive:        3372392 kB
Active(anon):      58692 kB
Inactive(anon):  1587432 kB
Active(file):    2331268 kB
Inactive(file):  1784960 kB
Unevictable:           0 kB
Mlocked:               0 kB
SwapTotal:       2097152 kB
SwapFree:        2040696 kB
Dirty:                 0 kB
Writeback:             0 kB
AnonPages:       1515020 kB
Mapped:           352320 kB
Shmem:              4656 kB
KReclaimable:     277588 kB
Slab:             379300 kB
SReclaimable:     277588 kB
SUnreclaim:       101712 kB
KernelStack:       17184 kB
PageTables:        13752 kB
NFS_Unstable:          0 kB
Bounce:                0 kB
WritebackTmp:          0 kB
CommitLimit:     5996084 kB
Committed_AS:    5872212 kB
VmallocTotal:   34359738367 kB
VmallocUsed:       39140 kB
VmallocChunk:          0 kB
Percpu:             8832 kB
AnonHugePages:   1052672 kB
ShmemHugePages:        0 kB
ShmemPmdMapped:        0 kB
FileHugePages:         0 kB
FilePmdMapped:         0 kB
HugePages_Total:       0
HugePages_Free:        0
HugePages_Rsvd:        0
HugePages_Surp:        0
Hugepagesize:       2048 kB
Hugetlb:               0 kB
DirectMap4k:       68608 kB
DirectMap2M:     7976960 kB
DirectMap1G:     8388608 kB

Current date and time: Sat Apr 29 06:34:08 UTC 2023
Current memory usage:
MemTotal:        7797868 kB
MemFree:         1339216 kB
MemAvailable:    5433560 kB
Buffers:          391096 kB
Cached:          3729800 kB
SwapCached:         6172 kB
Active:          2389972 kB
Inactive:        3372560 kB
Active(anon):      58696 kB
Inactive(anon):  1587600 kB
Active(file):    2331276 kB
Inactive(file):  1784960 kB
Unevictable:           0 kB
Mlocked:               0 kB
SwapTotal:       2097152 kB
SwapFree:        2040696 kB
Dirty:                 0 kB
Writeback:             0 kB
AnonPages:       1515316 kB
Mapped:           352360 kB
Shmem:              4660 kB
KReclaimable:     277572 kB
Slab:             379288 kB
SReclaimable:     277572 kB
SUnreclaim:       101716 kB
KernelStack:       17184 kB
PageTables:        13956 kB
NFS_Unstable:          0 kB
Bounce:                0 kB
WritebackTmp:          0 kB
CommitLimit:     5996084 kB
Committed_AS:    5872220 kB
VmallocTotal:   34359738367 kB
VmallocUsed:       39124 kB
VmallocChunk:          0 kB
Percpu:             8832 kB
AnonHugePages:   1052672 kB
ShmemHugePages:        0 kB
ShmemPmdMapped:        0 kB
FileHugePages:         0 kB
FilePmdMapped:         0 kB
HugePages_Total:       0
HugePages_Free:        0
HugePages_Rsvd:        0
HugePages_Surp:        0
Hugepagesize:       2048 kB
Hugetlb:               0 kB
DirectMap4k:       68608 kB
DirectMap2M:     7976960 kB
DirectMap1G:     8388608 kB

Current date and time: Sat Apr 29 06:35:08 UTC 2023
Current memory usage:
MemTotal:        7797868 kB
MemFree:         1337144 kB
MemAvailable:    5431448 kB
Buffers:          391104 kB
Cached:          3729804 kB
SwapCached:         6172 kB
Active:          2389984 kB
Inactive:        3372404 kB
Active(anon):      58700 kB
Inactive(anon):  1587444 kB
Active(file):    2331284 kB
Inactive(file):  1784960 kB
Unevictable:           0 kB
Mlocked:               0 kB
SwapTotal:       2097152 kB
SwapFree:        2040696 kB
Dirty:                 0 kB
Writeback:             0 kB
AnonPages:       1515236 kB
Mapped:           352412 kB
Shmem:              4664 kB
KReclaimable:     277524 kB
Slab:             379200 kB
SReclaimable:     277524 kB
SUnreclaim:       101676 kB
KernelStack:       17168 kB
PageTables:        14016 kB
NFS_Unstable:          0 kB
Bounce:                0 kB
WritebackTmp:          0 kB
CommitLimit:     5996084 kB
Committed_AS:    5872224 kB
VmallocTotal:   34359738367 kB
VmallocUsed:       39140 kB
VmallocChunk:          0 kB
Percpu:             8832 kB
AnonHugePages:   1052672 kB
ShmemHugePages:        0 kB
ShmemPmdMapped:        0 kB
FileHugePages:         0 kB
FilePmdMapped:         0 kB
HugePages_Total:       0
HugePages_Free:        0
HugePages_Rsvd:        0
HugePages_Surp:        0
Hugepagesize:       2048 kB
Hugetlb:               0 kB
DirectMap4k:       68608 kB
DirectMap2M:     7976960 kB
DirectMap1G:     8388608 kB

Current date and time: Sat Apr 29 06:36:08 UTC 2023
Current memory usage:
MemTotal:        7797868 kB
MemFree:         1333008 kB
MemAvailable:    5427352 kB
Buffers:          391112 kB
Cached:          3729808 kB
SwapCached:         6172 kB
Active:          2390000 kB
Inactive:        3372396 kB
Active(anon):      58708 kB
Inactive(anon):  1587436 kB
Active(file):    2331292 kB
Inactive(file):  1784960 kB
Unevictable:           0 kB
Mlocked:               0 kB
SwapTotal:       2097152 kB
SwapFree:        2040696 kB
Dirty:                 0 kB
Writeback:             0 kB
AnonPages:       1515264 kB
Mapped:           352440 kB
Shmem:              4668 kB
KReclaimable:     277556 kB
Slab:             379224 kB
SReclaimable:     277556 kB
SUnreclaim:       101668 kB
KernelStack:       17168 kB
PageTables:        14048 kB
NFS_Unstable:          0 kB
Bounce:                0 kB
WritebackTmp:          0 kB
CommitLimit:     5996084 kB
Committed_AS:    5872228 kB
VmallocTotal:   34359738367 kB
VmallocUsed:       39156 kB
VmallocChunk:          0 kB
Percpu:             8832 kB
AnonHugePages:   1052672 kB
ShmemHugePages:        0 kB
ShmemPmdMapped:        0 kB
FileHugePages:         0 kB
FilePmdMapped:         0 kB
HugePages_Total:       0
HugePages_Free:        0
HugePages_Rsvd:        0
HugePages_Surp:        0
Hugepagesize:       2048 kB
Hugetlb:               0 kB
DirectMap4k:       68608 kB
DirectMap2M:     7976960 kB
DirectMap1G:     8388608 kB

Current date and time: Sat Apr 29 06:37:07 UTC 2023
Current memory usage:
MemTotal:        7797868 kB
MemFree:         1340820 kB
MemAvailable:    5435248 kB
Buffers:          391128 kB
Cached:          3729816 kB
SwapCached:         6172 kB
Active:          2390016 kB
Inactive:        3372592 kB
Active(anon):      58708 kB
Inactive(anon):  1587628 kB
Active(file):    2331308 kB
Inactive(file):  1784964 kB
Unevictable:           0 kB
Mlocked:               0 kB
SwapTotal:       2097152 kB
SwapFree:        2040696 kB
Dirty:                 0 kB
Writeback:             0 kB
AnonPages:       1515292 kB
Mapped:           352400 kB
Shmem:              4672 kB
KReclaimable:     277620 kB
Slab:             379360 kB
SReclaimable:     277620 kB
SUnreclaim:       101740 kB
KernelStack:       17184 kB
PageTables:        13752 kB
NFS_Unstable:          0 kB
Bounce:                0 kB
WritebackTmp:          0 kB
CommitLimit:     5996084 kB
Committed_AS:    5872232 kB
VmallocTotal:   34359738367 kB
VmallocUsed:       39140 kB
VmallocChunk:          0 kB
Percpu:             8832 kB
AnonHugePages:   1052672 kB
ShmemHugePages:        0 kB
ShmemPmdMapped:        0 kB
FileHugePages:         0 kB
FilePmdMapped:         0 kB
HugePages_Total:       0
HugePages_Free:        0
HugePages_Rsvd:        0
HugePages_Surp:        0
Hugepagesize:       2048 kB
Hugetlb:               0 kB
DirectMap4k:       68608 kB
DirectMap2M:     7976960 kB
DirectMap1G:     8388608 kB

Current date and time: Sat Apr 29 06:38:08 UTC 2023
Current memory usage:
MemTotal:        7797868 kB
MemFree:         1342248 kB
MemAvailable:    5436668 kB
Buffers:          391136 kB
Cached:          3729820 kB
SwapCached:         6172 kB
Active:          2390028 kB
Inactive:        3372652 kB
Active(anon):      58712 kB
Inactive(anon):  1587688 kB
Active(file):    2331316 kB
Inactive(file):  1784964 kB
Unevictable:           0 kB
Mlocked:               0 kB
SwapTotal:       2097152 kB
SwapFree:        2040696 kB
Dirty:                 0 kB
Writeback:             0 kB
AnonPages:       1515356 kB
Mapped:           352476 kB
Shmem:              4676 kB
KReclaimable:     277604 kB
Slab:             379344 kB
SReclaimable:     277604 kB
SUnreclaim:       101740 kB
KernelStack:       17168 kB
PageTables:        13940 kB
NFS_Unstable:          0 kB
Bounce:                0 kB
WritebackTmp:          0 kB
CommitLimit:     5996084 kB
Committed_AS:    5872236 kB
VmallocTotal:   34359738367 kB
VmallocUsed:       39156 kB
VmallocChunk:          0 kB
Percpu:             8832 kB
AnonHugePages:   1052672 kB
ShmemHugePages:        0 kB
ShmemPmdMapped:        0 kB
FileHugePages:         0 kB
FilePmdMapped:         0 kB
HugePages_Total:       0
HugePages_Free:        0
HugePages_Rsvd:        0
HugePages_Surp:        0
Hugepagesize:       2048 kB
Hugetlb:               0 kB
DirectMap4k:       68608 kB
DirectMap2M:     7976960 kB
DirectMap1G:     8388608 kB

Current date and time: Sat Apr 29 06:39:08 UTC 2023
Current memory usage:
MemTotal:        7797868 kB
MemFree:         1343076 kB
MemAvailable:    5437548 kB
Buffers:          391144 kB
Cached:          3729932 kB
SwapCached:         6172 kB
Active:          2390056 kB
Inactive:        3371992 kB
